  d1q10 greedy desk_b1 (0.65) agree 0.80 token 0.78 truth desk_b1 OK
  d2q04 greedy desk_b1 (0.95) agree 1.00 token 0.71 truth desk_b1 OK
  d2q14 greedy desk_b1 (0.95) agree 1.00 token 0.78 truth desk_b1 OK
  d3q08 greedy desk_b1 (0.95) agree 1.00 token 0.80 truth desk_b1 OK
  d4q02 greedy bed_b1 (0.85) agree 1.00 token 0.70 truth desk_b1 no
  d4q12 greedy desk_b1 (0.95) agree 1.00 token 0.70 truth desk_b1 OK
  d5q06 greedy desk_b1 (0.95) agree 1.00 token 0.70 truth desk_b1 OK
  d5q16 greedy bed_b1 (0.6) agree 0.00 token 0.76 truth nightstand_b1 no
  d6q10 greedy desk_b1 (0.9) agree 1.00 token 0.72 truth desk_b1 OK
  d7q04 greedy desk_b1 (0.85) agree 1.00 token 0.80 truth desk_b1 OK
  d7q14 greedy desk_b1 (0.85) agree 1.00 token 0.63 truth desk_b1 OK
  d8q08 greedy desk_b1 (0.95) agree 1.00 token 0.77 truth desk_b1 OK
  d9q02 greedy nightstand_b1 (0.85) agree 1.00 token 0.78 truth kitchen_table_k1 no
  d9q12 greedy desk_b1 (0.95) agree 1.00 token 0.63 truth desk_b1 OK
  d10q06 greedy desk_b1 (0.95) agree 1.00 token 0.80 truth desk_b1 OK
  d10q16 greedy cupboard_k1 (0.95) agree 0.80 token 0.77 truth cupboard_k1 OK
  d11q10 greedy desk_b1 (0.95) agree 1.00 token 0.77 truth desk_b1 OK
  d12q04 greedy kitchen_table_k1 (0.6) agree 0.20 token 0.76 truth desk_b1 no
  d12q14 greedy kitchen_table_k1 (0.65) agree 0.60 token 0.81 truth kitchen_table_k1 OK
  d13q08 greedy desk_b1 (0.95) agree 1.00 token 0.80 truth desk_b1 OK
  d14q02 greedy desk_b1 (0.65) agree 0.80 token 0.74 truth coffee_table_l1 no
  d14q12 greedy coffee_table_l1 (0.95) agree 1.00 token 0.71 truth coffee_table_l1 OK
  d15q06 greedy coffee_table_l1 (0.6) agree 0.60 token 0.75 truth coffee_table_l1 OK
  d15q16 greedy kitchen_table_k1 (0.6) agree 0.60 token 0.77 truth cupboard_k1 no
  d16q10 greedy coffee_table_l1 (0.65) agree 0.00 token 0.72 truth coffee_table_l1 OK
  d17q04 greedy coffee_table_l1 (0.95) agree 1.00 token 0.84 truth coffee_table_l1 OK
  d17q14 greedy nightstand_b1 (0.85) agree 0.80 token 0.75 truth coffee_table_l1 no
  d18q08 greedy coffee_table_l1 (0.95) agree 1.00 token 0.79 truth coffee_table_l1 OK
  d19q02 greedy couch_l1 (0.65) agree 0.60 token 0.83 truth coffee_table_l1 no
  d19q12 greedy coffee_table_l1 (0.85) agree 1.00 token 0.72 truth coffee_table_l1 OK
  d20q06 greedy coffee_table_l1 (0.95) agree 1.00 token 0.82 truth coffee_table_l1 OK
