  d1q10 greedy bed_b1 (0.95) agree 1.00 token 0.77 truth bed_b1 OK
  d2q06 greedy kitchen_table_k1 (0.95) agree 1.00 token 0.83 truth kitchen_table_k1 OK
  d4q04 greedy kitchen_table_k1 (0.85) agree 0.80 token 0.83 truth kitchen_table_k1 OK
  d5q05 greedy dish_rack_k1 (0.85) agree 0.20 token 0.78 truth kitchen_table_k1 no
  d6q06 greedy coffee_table_l1 (0.45) agree 0.00 token 0.77 truth bed_b1 no
  d7q01 greedy sink_ba_ba1 (0.9) agree 1.00 token 0.71 truth bathroom_shelf_ba1 no
  d7q11 greedy nightstand_b1 (0.65) agree 0.60 token 0.75 truth entry_floor_e1 no
  d8q09 greedy coffee_table_l1 (0.95) agree 1.00 token 0.79 truth coffee_table_l1 OK
  d9q10 greedy entry_hook_e1 (0.85) agree 0.80 token 0.74 truth entry_hook_e1 OK
  d10q09 greedy desk_b1 (0.95) agree 0.40 token 0.74 truth nightstand_b1 no
  d11q09 greedy kitchen_table_k1 (0.95) agree 0.60 token 0.76 truth nightstand_b1 no
  d13q03 greedy kitchen_table_k1 (0.85) agree 0.00 token 0.79 truth kitchen_table_k1 OK
  d13q13 greedy desk_b1 (0.85) agree 0.00 token 0.75 truth nightstand_b1 no
  d14q10 greedy coffee_table_l1 (0.95) agree 1.00 token 0.79 truth coffee_table_l1 OK
  d15q04 greedy desk_b1 (0.95) agree 1.00 token 0.75 truth coffee_table_l1 no
  d15q14 greedy sink_k1 (0.85) agree 0.20 token 0.76 truth kitchen_table_k1 no
  d16q08 greedy coffee_table_l1 (0.95) agree 1.00 token 0.81 truth coffee_table_l1 OK
  d17q02 greedy kitchen_table_k1 (0.85) agree 0.80 token 0.83 truth coffee_table_l1 no
  d17q12 greedy coffee_table_l1 (0.9) agree 1.00 token 0.81 truth coffee_table_l1 OK
  d18q06 greedy coffee_table_l1 (0.85) agree 0.60 token 0.81 truth coffee_table_l1 OK
  d18q16 greedy nightstand_b1 (0.4) agree 0.60 token 0.77 truth nightstand_b1 OK
  d19q10 greedy coffee_table_l1 (0.85) agree 1.00 token 0.81 truth coffee_table_l1 OK
  d20q04 greedy couch_l1 (0.85) agree 0.60 token 0.81 truth coffee_table_l1 no
  d20q14 greedy sink_k1 (0.65) agree 0.00 token 0.78 truth kitchen_table_k1 no
  d21q08 greedy coffee_table_l1 (0.85) agree 1.00 token 0.81 truth coffee_table_l1 OK
  d22q02 greedy cupboard_k1 (0.95) agree 0.80 token 0.83 truth coffee_table_l1 no
  d22q12 greedy coffee_table_l1 (0.95) agree 1.00 token 0.81 truth coffee_table_l1 OK
  d23q06 greedy coffee_table_l1 (0.95) agree 1.00 token 0.71 truth coffee_table_l1 OK
  d23q16 greedy kitchen_table_k1 (0.95) agree 1.00 token 0.74 truth cupboard_k1 no
  d24q10 greedy coffee_table_l1 (0.95) agree 1.00 token 0.83 truth coffee_table_l1 OK
