10 bank jobs, beliefs ('last_observation', 'most_frequent', 'timetable', 'periodic_persistence', 'perpetua_star')
  hh_s4 p0 look=off LastObservation                                    189/496
  hh_s6 p0 look=off LastObservation                                    152/496
  hh_s1 p0 look=off LastObservation                                    130/496
  hh_s7 p0 look=off LastObservation                                    172/496
  hh_s5 p0 look=off LastObservation                                    189/496
  hh_s0 p0 look=off LastObservation                                    241/496
  hh_s8 p0 look=off LastObservation                                    168/496
  hh_s2 p0 look=off LastObservation                                    222/496
  hh_s5 p0 look=off MostFrequentLocation                               269/496
  hh_s3 p0 look=off LastObservation                                    170/496
  hh_s6 p0 look=off MostFrequentLocation                               251/496
  hh_s4 p0 look=off MostFrequentLocation                               244/496
  hh_s1 p0 look=off MostFrequentLocation                               213/496
  hh_s7 p0 look=off MostFrequentLocation                               188/496
  hh_s9 p0 look=off LastObservation                                    208/496
  hh_s8 p0 look=off MostFrequentLocation                               251/496
  hh_s0 p0 look=off MostFrequentLocation                               247/496
  hh_s5 p0 look=off TimetableLookup(bin=2h,days=all)                   409/496
  hh_s2 p0 look=off MostFrequentLocation                               214/496
  hh_s6 p0 look=off TimetableLookup(bin=2h,days=all)                   345/496
  hh_s3 p0 look=off MostFrequentLocation                               248/496
  hh_s1 p0 look=off TimetableLookup(bin=2h,days=all)                   349/496
  hh_s7 p0 look=off TimetableLookup(bin=2h,days=all)                   363/496
  hh_s8 p0 look=off TimetableLookup(bin=2h,days=all)                   345/496
  hh_s9 p0 look=off MostFrequentLocation                               227/496
  hh_s5 p0 look=off PeriodicPersistence(min_dep=2,bin=1h,hl=24h)       311/496
  hh_s0 p0 look=off TimetableLookup(bin=2h,days=all)                   342/496
  hh_s4 p0 look=off TimetableLookup(bin=2h,days=all)                   347/496
  hh_s2 p0 look=off TimetableLookup(bin=2h,days=all)                   376/496
  hh_s6 p0 look=off PeriodicPersistence(min_dep=2,bin=1h,hl=24h)       246/496
  hh_s1 p0 look=off PeriodicPersistence(min_dep=2,bin=1h,hl=24h)       218/496
  hh_s8 p0 look=off PeriodicPersistence(min_dep=2,bin=1h,hl=24h)       251/496
  hh_s7 p0 look=off PeriodicPersistence(min_dep=2,bin=1h,hl=24h)       266/496
  hh_s0 p0 look=off PeriodicPersistence(min_dep=2,bin=1h,hl=24h)       298/496
  hh_s3 p0 look=off TimetableLookup(bin=2h,days=all)                   363/496
  hh_s9 p0 look=off TimetableLookup(bin=2h,days=all)                   364/496
  hh_s4 p0 look=off PeriodicPersistence(min_dep=2,bin=1h,hl=24h)       260/496
  hh_s2 p0 look=off PeriodicPersistence(min_dep=2,bin=1h,hl=24h)       303/496
  hh_s3 p0 look=off PeriodicPersistence(min_dep=2,bin=1h,hl=24h)       260/496
  hh_s9 p0 look=off PeriodicPersistence(min_dep=2,bin=1h,hl=24h)       275/496
  hh_s5 p0 look=off PerpetuaStar(lognormal,K<=3,pm=0.01,a0=0.01/h,g=0.99) 297/496
  hh_s5 p0 look=off TimetableLookup(bin=2h,days=all,hl=72h)            408/496
  hh_s5 p0 look=off MostFrequentLocation(hl=72h)                       286/496
  hh_s5 p0 look=off TimetableLookup(bin=2h,days=all,hl=24h)            408/496
  hh_s5 p0 look=off MostFrequentLocation(hl=24h)                       297/496
[1/10] results/sota_memory/sweeps/gap0/classical/hh_s5_t03.jsonl
  hh_s0 p0 look=off PerpetuaStar(lognormal,K<=3,pm=0.01,a0=0.01/h,g=0.99) 285/496
  hh_s0 p0 look=off TimetableLookup(bin=2h,days=all,hl=72h)            348/496
  hh_s0 p0 look=off MostFrequentLocation(hl=72h)                       267/496
  hh_s0 p0 look=off TimetableLookup(bin=2h,days=all,hl=24h)            362/496
  hh_s0 p0 look=off MostFrequentLocation(hl=24h)                       278/496
[2/10] results/sota_memory/sweeps/gap0/classical/hh_s0_t03.jsonl
  hh_s1 p0 look=off PerpetuaStar(lognormal,K<=3,pm=0.01,a0=0.01/h,g=0.99) 214/496
  hh_s1 p0 look=off TimetableLookup(bin=2h,days=all,hl=72h)            349/496
  hh_s1 p0 look=off MostFrequentLocation(hl=72h)                       215/496
  hh_s1 p0 look=off TimetableLookup(bin=2h,days=all,hl=24h)            321/496
  hh_s1 p0 look=off MostFrequentLocation(hl=24h)                       179/496
[3/10] results/sota_memory/sweeps/gap0/classical/hh_s1_t03.jsonl
  hh_s8 p0 look=off PerpetuaStar(lognormal,K<=3,pm=0.01,a0=0.01/h,g=0.99) 233/496
  hh_s8 p0 look=off TimetableLookup(bin=2h,days=all,hl=72h)            337/496
  hh_s8 p0 look=off MostFrequentLocation(hl=72h)                       237/496
  hh_s8 p0 look=off TimetableLookup(bin=2h,days=all,hl=24h)            332/496
  hh_s8 p0 look=off MostFrequentLocation(hl=24h)                       221/496
[4/10] results/sota_memory/sweeps/gap0/classical/hh_s8_t03.jsonl
  hh_s3 p0 look=off PerpetuaStar(lognormal,K<=3,pm=0.01,a0=0.01/h,g=0.99) 254/496
  hh_s3 p0 look=off TimetableLookup(bin=2h,days=all,hl=72h)            366/496
  hh_s3 p0 look=off MostFrequentLocation(hl=72h)                       279/496
  hh_s3 p0 look=off TimetableLookup(bin=2h,days=all,hl=24h)            356/496
  hh_s3 p0 look=off MostFrequentLocation(hl=24h)                       267/496
[5/10] results/sota_memory/sweeps/gap0/classical/hh_s3_t03.jsonl
  hh_s9 p0 look=off PerpetuaStar(lognormal,K<=3,pm=0.01,a0=0.01/h,g=0.99) 298/496
  hh_s9 p0 look=off TimetableLookup(bin=2h,days=all,hl=72h)            373/496
  hh_s9 p0 look=off MostFrequentLocation(hl=72h)                       255/496
  hh_s9 p0 look=off TimetableLookup(bin=2h,days=all,hl=24h)            364/496
  hh_s9 p0 look=off MostFrequentLocation(hl=24h)                       261/496
[6/10] results/sota_memory/sweeps/gap0/classical/hh_s9_t03.jsonl
  hh_s4 p0 look=off PerpetuaStar(lognormal,K<=3,pm=0.01,a0=0.01/h,g=0.99) 226/496
  hh_s4 p0 look=off TimetableLookup(bin=2h,days=all,hl=72h)            340/496
  hh_s4 p0 look=off MostFrequentLocation(hl=72h)                       239/496
  hh_s4 p0 look=off TimetableLookup(bin=2h,days=all,hl=24h)            331/496
  hh_s4 p0 look=off MostFrequentLocation(hl=24h)                       211/496
[7/10] results/sota_memory/sweeps/gap0/classical/hh_s4_t03.jsonl
  hh_s6 p0 look=off PerpetuaStar(lognormal,K<=3,pm=0.01,a0=0.01/h,g=0.99) 259/496
  hh_s6 p0 look=off TimetableLookup(bin=2h,days=all,hl=72h)            346/496
  hh_s6 p0 look=off MostFrequentLocation(hl=72h)                       236/496
  hh_s6 p0 look=off TimetableLookup(bin=2h,days=all,hl=24h)            331/496
  hh_s6 p0 look=off MostFrequentLocation(hl=24h)                       215/496
[8/10] results/sota_memory/sweeps/gap0/classical/hh_s6_t03.jsonl
  hh_s2 p0 look=off PerpetuaStar(lognormal,K<=3,pm=0.01,a0=0.01/h,g=0.99) 293/496
  hh_s2 p0 look=off TimetableLookup(bin=2h,days=all,hl=72h)            375/496
  hh_s2 p0 look=off MostFrequentLocation(hl=72h)                       231/496
  hh_s2 p0 look=off TimetableLookup(bin=2h,days=all,hl=24h)            389/496
  hh_s2 p0 look=off MostFrequentLocation(hl=24h)                       237/496
[9/10] results/sota_memory/sweeps/gap0/classical/hh_s2_t03.jsonl
  hh_s7 p0 look=off PerpetuaStar(lognormal,K<=3,pm=0.01,a0=0.01/h,g=0.99) 248/496
  hh_s7 p0 look=off TimetableLookup(bin=2h,days=all,hl=72h)            363/496
  hh_s7 p0 look=off MostFrequentLocation(hl=72h)                       192/496
  hh_s7 p0 look=off TimetableLookup(bin=2h,days=all,hl=24h)            368/496
  hh_s7 p0 look=off MostFrequentLocation(hl=24h)                       199/496
[10/10] results/sota_memory/sweeps/gap0/classical/hh_s7_t03.jsonl
