10 bank jobs, beliefs ('last_observation', 'most_frequent', 'timetable', 'periodic_persistence', 'perpetua_star')
  hh_s5 p0 look=off LastObservation                                    210/341
  hh_s1 p0 look=off LastObservation                                    231/442
  hh_s6 p0 look=off LastObservation                                    250/487
  hh_s8 p0 look=off LastObservation                                    264/494
  hh_s4 p0 look=off LastObservation                                    250/413
  hh_s5 p0 look=off MostFrequentLocation                               188/341
  hh_s3 p0 look=off LastObservation                                    205/390
  hh_s1 p0 look=off MostFrequentLocation                               199/442
  hh_s6 p0 look=off MostFrequentLocation                               279/487
  hh_s7 p0 look=off LastObservation                                    311/496
  hh_s8 p0 look=off MostFrequentLocation                               249/494
  hh_s0 p0 look=off LastObservation                                    286/496
  hh_s5 p0 look=off TimetableLookup(bin=2h,days=all)                   282/341
  hh_s4 p0 look=off MostFrequentLocation                               208/413
  hh_s3 p0 look=off MostFrequentLocation                               229/390
  hh_s2 p0 look=off LastObservation                                    307/496
  hh_s1 p0 look=off TimetableLookup(bin=2h,days=all)                   336/442
  hh_s6 p0 look=off TimetableLookup(bin=2h,days=all)                   361/487
  hh_s8 p0 look=off TimetableLookup(bin=2h,days=all)                   349/494
  hh_s5 p0 look=off PeriodicPersistence(min_dep=2,bin=1h,hl=24h)       246/341
  hh_s7 p0 look=off MostFrequentLocation                               298/496
  hh_s9 p0 look=off LastObservation                                    308/483
  hh_s1 p0 look=off PeriodicPersistence(min_dep=2,bin=1h,hl=24h)       285/442
  hh_s6 p0 look=off PeriodicPersistence(min_dep=2,bin=1h,hl=24h)       317/487
  hh_s4 p0 look=off TimetableLookup(bin=2h,days=all)                   304/413
  hh_s0 p0 look=off MostFrequentLocation                               280/496
  hh_s3 p0 look=off TimetableLookup(bin=2h,days=all)                   295/390
  hh_s8 p0 look=off PeriodicPersistence(min_dep=2,bin=1h,hl=24h)       322/494
  hh_s2 p0 look=off MostFrequentLocation                               247/496
  hh_s3 p0 look=off PeriodicPersistence(min_dep=2,bin=1h,hl=24h)       266/390
  hh_s4 p0 look=off PeriodicPersistence(min_dep=2,bin=1h,hl=24h)       295/413
  hh_s7 p0 look=off TimetableLookup(bin=2h,days=all)                   353/496
  hh_s9 p0 look=off MostFrequentLocation                               273/483
  hh_s0 p0 look=off TimetableLookup(bin=2h,days=all)                   343/496
  hh_s2 p0 look=off TimetableLookup(bin=2h,days=all)                   333/496
  hh_s7 p0 look=off PeriodicPersistence(min_dep=2,bin=1h,hl=24h)       372/496
  hh_s0 p0 look=off PeriodicPersistence(min_dep=2,bin=1h,hl=24h)       344/496
  hh_s9 p0 look=off TimetableLookup(bin=2h,days=all)                   389/483
  hh_s2 p0 look=off PeriodicPersistence(min_dep=2,bin=1h,hl=24h)       351/496
  hh_s9 p0 look=off PeriodicPersistence(min_dep=2,bin=1h,hl=24h)       356/483
  hh_s1 p0 look=off PerpetuaStar(lognormal,K<=3,pm=0.01,a0=0.01/h,g=0.99) 275/442
  hh_s1 p0 look=off TimetableLookup(bin=2h,days=all,hl=72h)            343/442
  hh_s1 p0 look=off MostFrequentLocation(hl=72h)                       248/442
  hh_s1 p0 look=off TimetableLookup(bin=2h,days=all,hl=24h)            353/442
  hh_s1 p0 look=off MostFrequentLocation(hl=24h)                       265/442
[1/10] results/sota_memory/sweeps/gap15/classical/hh_s1_t03.jsonl
  hh_s0 p0 look=off PerpetuaStar(lognormal,K<=3,pm=0.01,a0=0.01/h,g=0.99) 297/496
  hh_s0 p0 look=off TimetableLookup(bin=2h,days=all,hl=72h)            360/496
  hh_s0 p0 look=off MostFrequentLocation(hl=72h)                       319/496
  hh_s0 p0 look=off TimetableLookup(bin=2h,days=all,hl=24h)            372/496
  hh_s0 p0 look=off MostFrequentLocation(hl=24h)                       338/496
[2/10] results/sota_memory/sweeps/gap15/classical/hh_s0_t03.jsonl
  hh_s5 p0 look=off PerpetuaStar(lognormal,K<=3,pm=0.01,a0=0.01/h,g=0.99) 231/341
  hh_s5 p0 look=off TimetableLookup(bin=2h,days=all,hl=72h)            284/341
  hh_s5 p0 look=off MostFrequentLocation(hl=72h)                       221/341
  hh_s5 p0 look=off TimetableLookup(bin=2h,days=all,hl=24h)            287/341
  hh_s5 p0 look=off MostFrequentLocation(hl=24h)                       235/341
[3/10] results/sota_memory/sweeps/gap15/classical/hh_s5_t03.jsonl
  hh_s3 p0 look=off PerpetuaStar(lognormal,K<=3,pm=0.01,a0=0.01/h,g=0.99) 261/390
  hh_s3 p0 look=off TimetableLookup(bin=2h,days=all,hl=72h)            297/390
  hh_s3 p0 look=off MostFrequentLocation(hl=72h)                       264/390
  hh_s3 p0 look=off TimetableLookup(bin=2h,days=all,hl=24h)            304/390
  hh_s3 p0 look=off MostFrequentLocation(hl=24h)                       276/390
[4/10] results/sota_memory/sweeps/gap15/classical/hh_s3_t03.jsonl
  hh_s8 p0 look=off PerpetuaStar(lognormal,K<=3,pm=0.01,a0=0.01/h,g=0.99) 309/494
  hh_s8 p0 look=off TimetableLookup(bin=2h,days=all,hl=72h)            371/494
  hh_s8 p0 look=off MostFrequentLocation(hl=72h)                       287/494
  hh_s8 p0 look=off TimetableLookup(bin=2h,days=all,hl=24h)            376/494
  hh_s8 p0 look=off MostFrequentLocation(hl=24h)                       306/494
[5/10] results/sota_memory/sweeps/gap15/classical/hh_s8_t03.jsonl
  hh_s6 p0 look=off PerpetuaStar(lognormal,K<=3,pm=0.01,a0=0.01/h,g=0.99) 303/487
  hh_s6 p0 look=off TimetableLookup(bin=2h,days=all,hl=72h)            374/487
  hh_s6 p0 look=off MostFrequentLocation(hl=72h)                       301/487
  hh_s6 p0 look=off TimetableLookup(bin=2h,days=all,hl=24h)            367/487
  hh_s6 p0 look=off MostFrequentLocation(hl=24h)                       312/487
[6/10] results/sota_memory/sweeps/gap15/classical/hh_s6_t03.jsonl
  hh_s9 p0 look=off PerpetuaStar(lognormal,K<=3,pm=0.01,a0=0.01/h,g=0.99) 355/483
  hh_s9 p0 look=off TimetableLookup(bin=2h,days=all,hl=72h)            400/483
  hh_s9 p0 look=off MostFrequentLocation(hl=72h)                       300/483
  hh_s9 p0 look=off TimetableLookup(bin=2h,days=all,hl=24h)            401/483
  hh_s9 p0 look=off MostFrequentLocation(hl=24h)                       327/483
[7/10] results/sota_memory/sweeps/gap15/classical/hh_s9_t03.jsonl
  hh_s4 p0 look=off PerpetuaStar(lognormal,K<=3,pm=0.01,a0=0.01/h,g=0.99) 285/413
  hh_s4 p0 look=off TimetableLookup(bin=2h,days=all,hl=72h)            311/413
  hh_s4 p0 look=off MostFrequentLocation(hl=72h)                       235/413
  hh_s4 p0 look=off TimetableLookup(bin=2h,days=all,hl=24h)            317/413
  hh_s4 p0 look=off MostFrequentLocation(hl=24h)                       252/413
[8/10] results/sota_memory/sweeps/gap15/classical/hh_s4_t03.jsonl
  hh_s7 p0 look=off PerpetuaStar(lognormal,K<=3,pm=0.01,a0=0.01/h,g=0.99) 339/496
  hh_s7 p0 look=off TimetableLookup(bin=2h,days=all,hl=72h)            378/496
  hh_s7 p0 look=off MostFrequentLocation(hl=72h)                       342/496
  hh_s7 p0 look=off TimetableLookup(bin=2h,days=all,hl=24h)            396/496
  hh_s7 p0 look=off MostFrequentLocation(hl=24h)                       374/496
[9/10] results/sota_memory/sweeps/gap15/classical/hh_s7_t03.jsonl
  hh_s2 p0 look=off PerpetuaStar(lognormal,K<=3,pm=0.01,a0=0.01/h,g=0.99) 339/496
  hh_s2 p0 look=off TimetableLookup(bin=2h,days=all,hl=72h)            382/496
  hh_s2 p0 look=off MostFrequentLocation(hl=72h)                       313/496
  hh_s2 p0 look=off TimetableLookup(bin=2h,days=all,hl=24h)            408/496
  hh_s2 p0 look=off MostFrequentLocation(hl=24h)                       350/496
[10/10] results/sota_memory/sweeps/gap15/classical/hh_s2_t03.jsonl
