10 bank jobs, beliefs ('last_observation', 'most_frequent', 'timetable', 'periodic_persistence', 'perpetua_star')
  hh_s2 p0 look=off LastObservation                                    280/496
  hh_s4 p0 look=off LastObservation                                    276/496
  hh_s7 p0 look=off LastObservation                                    290/496
  hh_s6 p0 look=off LastObservation                                    249/496
  hh_s1 p0 look=off LastObservation                                    236/489
  hh_s5 p0 look=off LastObservation                                    295/485
  hh_s0 p0 look=off LastObservation                                    280/496
  hh_s8 p0 look=off LastObservation                                    239/496
  hh_s2 p0 look=off MostFrequentLocation                               256/496
  hh_s4 p0 look=off MostFrequentLocation                               312/496
  hh_s6 p0 look=off MostFrequentLocation                               304/496
  hh_s3 p0 look=off LastObservation                                    247/496
  hh_s1 p0 look=off MostFrequentLocation                               237/489
  hh_s5 p0 look=off MostFrequentLocation                               304/485
  hh_s7 p0 look=off MostFrequentLocation                               276/496
  hh_s9 p0 look=off LastObservation                                    272/496
  hh_s2 p0 look=off TimetableLookup(bin=2h,days=all)                   361/496
  hh_s8 p0 look=off MostFrequentLocation                               269/496
  hh_s0 p0 look=off MostFrequentLocation                               298/496
  hh_s6 p0 look=off TimetableLookup(bin=2h,days=all)                   369/496
  hh_s4 p0 look=off TimetableLookup(bin=2h,days=all)                   385/496
  hh_s1 p0 look=off TimetableLookup(bin=2h,days=all)                   372/489
  hh_s2 p0 look=off PeriodicPersistence(min_dep=2,bin=1h,hl=24h)       351/496
  hh_s6 p0 look=off PeriodicPersistence(min_dep=2,bin=1h,hl=24h)       331/496
  hh_s5 p0 look=off TimetableLookup(bin=2h,days=all)                   402/485
  hh_s3 p0 look=off MostFrequentLocation                               335/496
  hh_s1 p0 look=off PeriodicPersistence(min_dep=2,bin=1h,hl=24h)       291/489
  hh_s8 p0 look=off TimetableLookup(bin=2h,days=all)                   370/496
  hh_s7 p0 look=off TimetableLookup(bin=2h,days=all)                   350/496
  hh_s9 p0 look=off MostFrequentLocation                               266/496
  hh_s4 p0 look=off PeriodicPersistence(min_dep=2,bin=1h,hl=24h)       340/496
  hh_s0 p0 look=off TimetableLookup(bin=2h,days=all)                   363/496
  hh_s5 p0 look=off PeriodicPersistence(min_dep=2,bin=1h,hl=24h)       354/485
  hh_s8 p0 look=off PeriodicPersistence(min_dep=2,bin=1h,hl=24h)       307/496
  hh_s7 p0 look=off PeriodicPersistence(min_dep=2,bin=1h,hl=24h)       350/496
  hh_s0 p0 look=off PeriodicPersistence(min_dep=2,bin=1h,hl=24h)       330/496
  hh_s3 p0 look=off TimetableLookup(bin=2h,days=all)                   396/496
  hh_s9 p0 look=off TimetableLookup(bin=2h,days=all)                   390/496
  hh_s3 p0 look=off PeriodicPersistence(min_dep=2,bin=1h,hl=24h)       343/496
  hh_s9 p0 look=off PeriodicPersistence(min_dep=2,bin=1h,hl=24h)       325/496
  hh_s1 p0 look=off PerpetuaStar(lognormal,K<=3,pm=0.01,a0=0.01/h,g=0.99) 283/489
  hh_s1 p0 look=off TimetableLookup(bin=2h,days=all,hl=72h)            381/489
  hh_s1 p0 look=off MostFrequentLocation(hl=72h)                       278/489
  hh_s1 p0 look=off TimetableLookup(bin=2h,days=all,hl=24h)            382/489
  hh_s1 p0 look=off MostFrequentLocation(hl=24h)                       286/489
[1/10] results/sota_memory/sweeps/gap5/classical/hh_s1_t03.jsonl
  hh_s0 p0 look=off PerpetuaStar(lognormal,K<=3,pm=0.01,a0=0.01/h,g=0.99) 317/496
  hh_s0 p0 look=off TimetableLookup(bin=2h,days=all,hl=72h)            367/496
  hh_s0 p0 look=off MostFrequentLocation(hl=72h)                       320/496
  hh_s0 p0 look=off TimetableLookup(bin=2h,days=all,hl=24h)            374/496
  hh_s0 p0 look=off MostFrequentLocation(hl=24h)                       332/496
[2/10] results/sota_memory/sweeps/gap5/classical/hh_s0_t03.jsonl
  hh_s5 p0 look=off PerpetuaStar(lognormal,K<=3,pm=0.01,a0=0.01/h,g=0.99) 343/485
  hh_s5 p0 look=off TimetableLookup(bin=2h,days=all,hl=72h)            403/485
  hh_s5 p0 look=off MostFrequentLocation(hl=72h)                       327/485
  hh_s5 p0 look=off TimetableLookup(bin=2h,days=all,hl=24h)            409/485
  hh_s5 p0 look=off MostFrequentLocation(hl=24h)                       343/485
[3/10] results/sota_memory/sweeps/gap5/classical/hh_s5_t03.jsonl
  hh_s3 p0 look=off PerpetuaStar(lognormal,K<=3,pm=0.01,a0=0.01/h,g=0.99) 343/496
  hh_s3 p0 look=off TimetableLookup(bin=2h,days=all,hl=72h)            391/496
  hh_s3 p0 look=off MostFrequentLocation(hl=72h)                       349/496
  hh_s3 p0 look=off TimetableLookup(bin=2h,days=all,hl=24h)            403/496
  hh_s3 p0 look=off MostFrequentLocation(hl=24h)                       341/496
[4/10] results/sota_memory/sweeps/gap5/classical/hh_s3_t03.jsonl
  hh_s8 p0 look=off PerpetuaStar(lognormal,K<=3,pm=0.01,a0=0.01/h,g=0.99) 283/496
  hh_s8 p0 look=off TimetableLookup(bin=2h,days=all,hl=72h)            378/496
  hh_s8 p0 look=off MostFrequentLocation(hl=72h)                       301/496
  hh_s8 p0 look=off TimetableLookup(bin=2h,days=all,hl=24h)            383/496
  hh_s8 p0 look=off MostFrequentLocation(hl=24h)                       300/496
[5/10] results/sota_memory/sweeps/gap5/classical/hh_s8_t03.jsonl
  hh_s2 p0 look=off PerpetuaStar(lognormal,K<=3,pm=0.01,a0=0.01/h,g=0.99) 322/496
  hh_s7 p0 look=off PerpetuaStar(lognormal,K<=3,pm=0.01,a0=0.01/h,g=0.99) 321/496
  hh_s2 p0 look=off TimetableLookup(bin=2h,days=all,hl=72h)            372/496
  hh_s7 p0 look=off TimetableLookup(bin=2h,days=all,hl=72h)            371/496
  hh_s2 p0 look=off MostFrequentLocation(hl=72h)                       301/496
  hh_s7 p0 look=off MostFrequentLocation(hl=72h)                       320/496
  hh_s2 p0 look=off TimetableLookup(bin=2h,days=all,hl=24h)            387/496
  hh_s7 p0 look=off TimetableLookup(bin=2h,days=all,hl=24h)            385/496
  hh_s7 p0 look=off MostFrequentLocation(hl=24h)                       350/496
  hh_s2 p0 look=off MostFrequentLocation(hl=24h)                       323/496
[6/10] results/sota_memory/sweeps/gap5/classical/hh_s7_t03.jsonl
[7/10] results/sota_memory/sweeps/gap5/classical/hh_s2_t03.jsonl
  hh_s9 p0 look=off PerpetuaStar(lognormal,K<=3,pm=0.01,a0=0.01/h,g=0.99) 334/496
  hh_s9 p0 look=off TimetableLookup(bin=2h,days=all,hl=72h)            398/496
  hh_s9 p0 look=off MostFrequentLocation(hl=72h)                       291/496
  hh_s9 p0 look=off TimetableLookup(bin=2h,days=all,hl=24h)            404/496
  hh_s9 p0 look=off MostFrequentLocation(hl=24h)                       308/496
[8/10] results/sota_memory/sweeps/gap5/classical/hh_s9_t03.jsonl
  hh_s4 p0 look=off PerpetuaStar(lognormal,K<=3,pm=0.01,a0=0.01/h,g=0.99) 346/496
  hh_s4 p0 look=off TimetableLookup(bin=2h,days=all,hl=72h)            381/496
  hh_s4 p0 look=off MostFrequentLocation(hl=72h)                       312/496
  hh_s4 p0 look=off TimetableLookup(bin=2h,days=all,hl=24h)            388/496
  hh_s4 p0 look=off MostFrequentLocation(hl=24h)                       323/496
[9/10] results/sota_memory/sweeps/gap5/classical/hh_s4_t03.jsonl
  hh_s6 p0 look=off PerpetuaStar(lognormal,K<=3,pm=0.01,a0=0.01/h,g=0.99) 297/496
  hh_s6 p0 look=off TimetableLookup(bin=2h,days=all,hl=72h)            377/496
  hh_s6 p0 look=off MostFrequentLocation(hl=72h)                       328/496
  hh_s6 p0 look=off TimetableLookup(bin=2h,days=all,hl=24h)            372/496
  hh_s6 p0 look=off MostFrequentLocation(hl=24h)                       319/496
[10/10] results/sota_memory/sweeps/gap5/classical/hh_s6_t03.jsonl
