10 bank jobs, beliefs ('last_observation', 'most_frequent', 'timetable', 'periodic_persistence', 'perpetua_star')
  hh_s1 p0 look=off LastObservation                                     96/254
  hh_s0 p0 look=off LastObservation                                    234/384
  hh_s2 p0 look=off LastObservation                                    234/384
  hh_s0 p0 look=off MostFrequentLocation                               273/384
  hh_s1 p0 look=off MostFrequentLocation                                95/254
  hh_s0 p0 look=off TimetableLookup(bin=2h,days=all)                   307/384
  hh_s1 p0 look=off TimetableLookup(bin=2h,days=all)                   173/254
  hh_s2 p0 look=off MostFrequentLocation                               238/384
  hh_s0 p0 look=off PeriodicPersistence(min_dep=2,bin=1h,hl=24h)       277/384
  hh_s1 p0 look=off PeriodicPersistence(min_dep=2,bin=1h,hl=24h)       140/254
  hh_s2 p0 look=off TimetableLookup(bin=2h,days=all)                   294/384
  hh_s2 p0 look=off PeriodicPersistence(min_dep=2,bin=1h,hl=24h)       275/384
  hh_s0 p0 look=off PerpetuaStar(lognormal,K<=3,pm=0.01,a0=0.01/h,g=0.99) 260/384
  hh_s0 p0 look=off TimetableLookup(bin=2h,days=all,hl=72h)            301/384
  hh_s0 p0 look=off MostFrequentLocation(hl=72h)                       282/384
  hh_s0 p0 look=off TimetableLookup(bin=2h,days=all,hl=24h)            297/384
  hh_s0 p0 look=off MostFrequentLocation(hl=24h)                       283/384
[1/10] results/sota_memory/sweeps/spell3/classical/hh_s0_t03.jsonl
  hh_s3 p0 look=off LastObservation                                     65/190
  hh_s3 p0 look=off MostFrequentLocation                                83/190
  hh_s3 p0 look=off TimetableLookup(bin=2h,days=all)                   119/190
  hh_s3 p0 look=off PeriodicPersistence(min_dep=2,bin=1h,hl=24h)       111/190
  hh_s1 p0 look=off PerpetuaStar(lognormal,K<=3,pm=0.01,a0=0.01/h,g=0.99) 147/254
  hh_s1 p0 look=off TimetableLookup(bin=2h,days=all,hl=72h)            189/254
  hh_s1 p0 look=off MostFrequentLocation(hl=72h)                       112/254
  hh_s1 p0 look=off TimetableLookup(bin=2h,days=all,hl=24h)            184/254
  hh_s1 p0 look=off MostFrequentLocation(hl=24h)                       127/254
[2/10] results/sota_memory/sweeps/spell3/classical/hh_s1_t03.jsonl
  hh_s4 p0 look=off LastObservation                                     95/217
  hh_s4 p0 look=off MostFrequentLocation                               114/217
  hh_s4 p0 look=off TimetableLookup(bin=2h,days=all)                   151/217
  hh_s4 p0 look=off PeriodicPersistence(min_dep=2,bin=1h,hl=24h)       132/217
  hh_s2 p0 look=off PerpetuaStar(lognormal,K<=3,pm=0.01,a0=0.01/h,g=0.99) 269/384
  hh_s2 p0 look=off TimetableLookup(bin=2h,days=all,hl=72h)            299/384
  hh_s2 p0 look=off MostFrequentLocation(hl=72h)                       255/384
  hh_s2 p0 look=off TimetableLookup(bin=2h,days=all,hl=24h)            306/384
  hh_s2 p0 look=off MostFrequentLocation(hl=24h)                       265/384
[3/10] results/sota_memory/sweeps/spell3/classical/hh_s2_t03.jsonl
  hh_s5 p0 look=off LastObservation                                     88/185
  hh_s5 p0 look=off MostFrequentLocation                                63/185
  hh_s5 p0 look=off TimetableLookup(bin=2h,days=all)                   131/185
  hh_s5 p0 look=off PeriodicPersistence(min_dep=2,bin=1h,hl=24h)       125/185
  hh_s3 p0 look=off PerpetuaStar(lognormal,K<=3,pm=0.01,a0=0.01/h,g=0.99)  96/190
  hh_s3 p0 look=off TimetableLookup(bin=2h,days=all,hl=72h)            120/190
  hh_s3 p0 look=off MostFrequentLocation(hl=72h)                        74/190
  hh_s3 p0 look=off TimetableLookup(bin=2h,days=all,hl=24h)            115/190
  hh_s3 p0 look=off MostFrequentLocation(hl=24h)                        77/190
[4/10] results/sota_memory/sweeps/spell3/classical/hh_s3_t03.jsonl
  hh_s6 p0 look=off LastObservation                                    165/358
  hh_s6 p0 look=off MostFrequentLocation                               194/358
  hh_s6 p0 look=off TimetableLookup(bin=2h,days=all)                   231/358
  hh_s6 p0 look=off PeriodicPersistence(min_dep=2,bin=1h,hl=24h)       227/358
  hh_s4 p0 look=off PerpetuaStar(lognormal,K<=3,pm=0.01,a0=0.01/h,g=0.99) 128/217
  hh_s4 p0 look=off TimetableLookup(bin=2h,days=all,hl=72h)            146/217
  hh_s4 p0 look=off MostFrequentLocation(hl=72h)                       117/217
  hh_s4 p0 look=off TimetableLookup(bin=2h,days=all,hl=24h)            147/217
  hh_s4 p0 look=off MostFrequentLocation(hl=24h)                       114/217
[5/10] results/sota_memory/sweeps/spell3/classical/hh_s4_t03.jsonl
  hh_s7 p0 look=off LastObservation                                    227/384
  hh_s7 p0 look=off MostFrequentLocation                               254/384
  hh_s7 p0 look=off TimetableLookup(bin=2h,days=all)                   306/384
  hh_s7 p0 look=off PeriodicPersistence(min_dep=2,bin=1h,hl=24h)       272/384
  hh_s5 p0 look=off PerpetuaStar(lognormal,K<=3,pm=0.01,a0=0.01/h,g=0.99)  95/185
  hh_s5 p0 look=off TimetableLookup(bin=2h,days=all,hl=72h)            132/185
  hh_s5 p0 look=off MostFrequentLocation(hl=72h)                        85/185
  hh_s5 p0 look=off TimetableLookup(bin=2h,days=all,hl=24h)            133/185
  hh_s5 p0 look=off MostFrequentLocation(hl=24h)                       100/185
[6/10] results/sota_memory/sweeps/spell3/classical/hh_s5_t03.jsonl
  hh_s8 p0 look=off LastObservation                                    180/368
  hh_s8 p0 look=off MostFrequentLocation                               205/368
  hh_s8 p0 look=off TimetableLookup(bin=2h,days=all)                   266/368
  hh_s8 p0 look=off PeriodicPersistence(min_dep=2,bin=1h,hl=24h)       236/368
  hh_s6 p0 look=off PerpetuaStar(lognormal,K<=3,pm=0.01,a0=0.01/h,g=0.99) 207/358
  hh_s6 p0 look=off TimetableLookup(bin=2h,days=all,hl=72h)            239/358
  hh_s6 p0 look=off MostFrequentLocation(hl=72h)                       199/358
  hh_s6 p0 look=off TimetableLookup(bin=2h,days=all,hl=24h)            233/358
  hh_s6 p0 look=off MostFrequentLocation(hl=24h)                       206/358
[7/10] results/sota_memory/sweeps/spell3/classical/hh_s6_t03.jsonl
  hh_s9 p0 look=off LastObservation                                    161/301
  hh_s9 p0 look=off MostFrequentLocation                               161/301
  hh_s9 p0 look=off TimetableLookup(bin=2h,days=all)                   228/301
  hh_s9 p0 look=off PeriodicPersistence(min_dep=2,bin=1h,hl=24h)       210/301
  hh_s8 p0 look=off PerpetuaStar(lognormal,K<=3,pm=0.01,a0=0.01/h,g=0.99) 206/368
  hh_s8 p0 look=off TimetableLookup(bin=2h,days=all,hl=72h)            273/368
  hh_s8 p0 look=off MostFrequentLocation(hl=72h)                       217/368
  hh_s8 p0 look=off TimetableLookup(bin=2h,days=all,hl=24h)            273/368
  hh_s8 p0 look=off MostFrequentLocation(hl=24h)                       217/368
[8/10] results/sota_memory/sweeps/spell3/classical/hh_s8_t03.jsonl
  hh_s7 p0 look=off PerpetuaStar(lognormal,K<=3,pm=0.01,a0=0.01/h,g=0.99) 249/384
  hh_s7 p0 look=off TimetableLookup(bin=2h,days=all,hl=72h)            298/384
  hh_s7 p0 look=off MostFrequentLocation(hl=72h)                       258/384
  hh_s7 p0 look=off TimetableLookup(bin=2h,days=all,hl=24h)            297/384
  hh_s7 p0 look=off MostFrequentLocation(hl=24h)                       269/384
[9/10] results/sota_memory/sweeps/spell3/classical/hh_s7_t03.jsonl
  hh_s9 p0 look=off PerpetuaStar(lognormal,K<=3,pm=0.01,a0=0.01/h,g=0.99) 202/301
  hh_s9 p0 look=off TimetableLookup(bin=2h,days=all,hl=72h)            240/301
  hh_s9 p0 look=off MostFrequentLocation(hl=72h)                       174/301
  hh_s9 p0 look=off TimetableLookup(bin=2h,days=all,hl=24h)            240/301
  hh_s9 p0 look=off MostFrequentLocation(hl=24h)                       186/301
[10/10] results/sota_memory/sweeps/spell3/classical/hh_s9_t03.jsonl
