10 bank jobs, beliefs ('last_observation', 'most_frequent', 'timetable', 'periodic_persistence', 'perpetua_star')
  hh_s1 p0 look=off LastObservation                                    128/306
  hh_s0 p0 look=off LastObservation                                    263/432
  hh_s1 p0 look=off MostFrequentLocation                               120/306
  hh_s2 p0 look=off LastObservation                                    270/432
  hh_s0 p0 look=off MostFrequentLocation                               288/432
  hh_s1 p0 look=off TimetableLookup(bin=2h,days=all)                   215/306
  hh_s2 p0 look=off MostFrequentLocation                               253/432
  hh_s0 p0 look=off TimetableLookup(bin=2h,days=all)                   327/432
  hh_s1 p0 look=off PeriodicPersistence(min_dep=2,bin=1h,hl=24h)       179/306
  hh_s2 p0 look=off TimetableLookup(bin=2h,days=all)                   321/432
  hh_s0 p0 look=off PeriodicPersistence(min_dep=2,bin=1h,hl=24h)       307/432
  hh_s2 p0 look=off PeriodicPersistence(min_dep=2,bin=1h,hl=24h)       312/432
  hh_s0 p0 look=off PerpetuaStar(lognormal,K<=3,pm=0.01,a0=0.01/h,g=0.99) 283/432
  hh_s0 p0 look=off TimetableLookup(bin=2h,days=all,hl=72h)            327/432
  hh_s0 p0 look=off MostFrequentLocation(hl=72h)                       302/432
  hh_s0 p0 look=off TimetableLookup(bin=2h,days=all,hl=24h)            329/432
  hh_s0 p0 look=off MostFrequentLocation(hl=24h)                       319/432
[1/10] results/sota_memory/sweeps/spell6/classical/hh_s0_t03.jsonl
  hh_s3 p0 look=off LastObservation                                     79/240
  hh_s3 p0 look=off MostFrequentLocation                                94/240
  hh_s3 p0 look=off TimetableLookup(bin=2h,days=all)                   156/240
  hh_s3 p0 look=off PeriodicPersistence(min_dep=2,bin=1h,hl=24h)       129/240
  hh_s1 p0 look=off PerpetuaStar(lognormal,K<=3,pm=0.01,a0=0.01/h,g=0.99) 191/306
  hh_s1 p0 look=off TimetableLookup(bin=2h,days=all,hl=72h)            233/306
  hh_s1 p0 look=off MostFrequentLocation(hl=72h)                       149/306
  hh_s1 p0 look=off TimetableLookup(bin=2h,days=all,hl=24h)            223/306
  hh_s1 p0 look=off MostFrequentLocation(hl=24h)                       166/306
[2/10] results/sota_memory/sweeps/spell6/classical/hh_s1_t03.jsonl
  hh_s4 p0 look=off LastObservation                                    123/255
  hh_s4 p0 look=off MostFrequentLocation                               133/255
  hh_s4 p0 look=off TimetableLookup(bin=2h,days=all)                   182/255
  hh_s4 p0 look=off PeriodicPersistence(min_dep=2,bin=1h,hl=24h)       162/255
  hh_s2 p0 look=off PerpetuaStar(lognormal,K<=3,pm=0.01,a0=0.01/h,g=0.99) 314/432
  hh_s2 p0 look=off TimetableLookup(bin=2h,days=all,hl=72h)            327/432
  hh_s2 p0 look=off MostFrequentLocation(hl=72h)                       276/432
  hh_s2 p0 look=off TimetableLookup(bin=2h,days=all,hl=24h)            344/432
  hh_s2 p0 look=off MostFrequentLocation(hl=24h)                       304/432
[3/10] results/sota_memory/sweeps/spell6/classical/hh_s2_t03.jsonl
  hh_s5 p0 look=off LastObservation                                    114/230
  hh_s5 p0 look=off MostFrequentLocation                                93/230
  hh_s5 p0 look=off TimetableLookup(bin=2h,days=all)                   170/230
  hh_s5 p0 look=off PeriodicPersistence(min_dep=2,bin=1h,hl=24h)       149/230
  hh_s3 p0 look=off PerpetuaStar(lognormal,K<=3,pm=0.01,a0=0.01/h,g=0.99) 139/240
  hh_s3 p0 look=off TimetableLookup(bin=2h,days=all,hl=72h)            163/240
  hh_s3 p0 look=off MostFrequentLocation(hl=72h)                       115/240
  hh_s3 p0 look=off TimetableLookup(bin=2h,days=all,hl=24h)            161/240
  hh_s3 p0 look=off MostFrequentLocation(hl=24h)                       115/240
[4/10] results/sota_memory/sweeps/spell6/classical/hh_s3_t03.jsonl
  hh_s6 p0 look=off LastObservation                                    192/403
  hh_s6 p0 look=off MostFrequentLocation                               222/403
  hh_s6 p0 look=off TimetableLookup(bin=2h,days=all)                   277/403
  hh_s6 p0 look=off PeriodicPersistence(min_dep=2,bin=1h,hl=24h)       258/403
  hh_s5 p0 look=off PerpetuaStar(lognormal,K<=3,pm=0.01,a0=0.01/h,g=0.99) 131/230
  hh_s5 p0 look=off TimetableLookup(bin=2h,days=all,hl=72h)            174/230
  hh_s5 p0 look=off MostFrequentLocation(hl=72h)                       122/230
  hh_s5 p0 look=off TimetableLookup(bin=2h,days=all,hl=24h)            175/230
  hh_s5 p0 look=off MostFrequentLocation(hl=24h)                       140/230
[5/10] results/sota_memory/sweeps/spell6/classical/hh_s5_t03.jsonl
  hh_s7 p0 look=off LastObservation                                    252/432
  hh_s7 p0 look=off MostFrequentLocation                               263/432
  hh_s7 p0 look=off TimetableLookup(bin=2h,days=all)                   321/432
  hh_s7 p0 look=off PeriodicPersistence(min_dep=2,bin=1h,hl=24h)       304/432
  hh_s4 p0 look=off PerpetuaStar(lognormal,K<=3,pm=0.01,a0=0.01/h,g=0.99) 156/255
  hh_s4 p0 look=off TimetableLookup(bin=2h,days=all,hl=72h)            182/255
  hh_s4 p0 look=off MostFrequentLocation(hl=72h)                       148/255
  hh_s4 p0 look=off TimetableLookup(bin=2h,days=all,hl=24h)            183/255
  hh_s4 p0 look=off MostFrequentLocation(hl=24h)                       143/255
[6/10] results/sota_memory/sweeps/spell6/classical/hh_s4_t03.jsonl
  hh_s8 p0 look=off LastObservation                                    202/412
  hh_s8 p0 look=off MostFrequentLocation                               208/412
  hh_s8 p0 look=off TimetableLookup(bin=2h,days=all)                   289/412
  hh_s8 p0 look=off PeriodicPersistence(min_dep=2,bin=1h,hl=24h)       261/412
  hh_s7 p0 look=off PerpetuaStar(lognormal,K<=3,pm=0.01,a0=0.01/h,g=0.99) 278/432
  hh_s7 p0 look=off TimetableLookup(bin=2h,days=all,hl=72h)            322/432
  hh_s7 p0 look=off MostFrequentLocation(hl=72h)                       279/432
  hh_s7 p0 look=off TimetableLookup(bin=2h,days=all,hl=24h)            340/432
  hh_s7 p0 look=off MostFrequentLocation(hl=24h)                       302/432
[7/10] results/sota_memory/sweeps/spell6/classical/hh_s7_t03.jsonl
  hh_s9 p0 look=off LastObservation                                    193/353
  hh_s9 p0 look=off MostFrequentLocation                               187/353
  hh_s9 p0 look=off TimetableLookup(bin=2h,days=all)                   269/353
  hh_s9 p0 look=off PeriodicPersistence(min_dep=2,bin=1h,hl=24h)       248/353
  hh_s6 p0 look=off PerpetuaStar(lognormal,K<=3,pm=0.01,a0=0.01/h,g=0.99) 241/403
  hh_s6 p0 look=off TimetableLookup(bin=2h,days=all,hl=72h)            281/403
  hh_s6 p0 look=off MostFrequentLocation(hl=72h)                       234/403
  hh_s6 p0 look=off TimetableLookup(bin=2h,days=all,hl=24h)            282/403
  hh_s6 p0 look=off MostFrequentLocation(hl=24h)                       242/403
[8/10] results/sota_memory/sweeps/spell6/classical/hh_s6_t03.jsonl
  hh_s8 p0 look=off PerpetuaStar(lognormal,K<=3,pm=0.01,a0=0.01/h,g=0.99) 234/412
  hh_s8 p0 look=off TimetableLookup(bin=2h,days=all,hl=72h)            296/412
  hh_s8 p0 look=off MostFrequentLocation(hl=72h)                       231/412
  hh_s8 p0 look=off TimetableLookup(bin=2h,days=all,hl=24h)            300/412
  hh_s8 p0 look=off MostFrequentLocation(hl=24h)                       249/412
[9/10] results/sota_memory/sweeps/spell6/classical/hh_s8_t03.jsonl
  hh_s9 p0 look=off PerpetuaStar(lognormal,K<=3,pm=0.01,a0=0.01/h,g=0.99) 233/353
  hh_s9 p0 look=off TimetableLookup(bin=2h,days=all,hl=72h)            278/353
  hh_s9 p0 look=off MostFrequentLocation(hl=72h)                       213/353
  hh_s9 p0 look=off TimetableLookup(bin=2h,days=all,hl=24h)            274/353
  hh_s9 p0 look=off MostFrequentLocation(hl=24h)                       228/353
[10/10] results/sota_memory/sweeps/spell6/classical/hh_s9_t03.jsonl
