10 bank jobs, beliefs ('last_observation', 'most_frequent', 'timetable', 'periodic_persistence', 'perpetua_star')
  hh_s1 p0 look=off LastObservation                                    245/529
  hh_s0 p0 look=off LastObservation                                    389/656
  hh_s2 p0 look=off LastObservation                                    375/654
  hh_s1 p0 look=off MostFrequentLocation                               248/529
  hh_s0 p0 look=off MostFrequentLocation                               364/656
  hh_s1 p0 look=off TimetableLookup(bin=2h,days=all)                   411/529
  hh_s2 p0 look=off MostFrequentLocation                               282/654
  hh_s1 p0 look=off PeriodicPersistence(min_dep=2,bin=1h,hl=24h)       309/529
  hh_s0 p0 look=off TimetableLookup(bin=2h,days=all)                   425/656
  hh_s2 p0 look=off TimetableLookup(bin=2h,days=all)                   401/654
  hh_s0 p0 look=off PeriodicPersistence(min_dep=2,bin=1h,hl=24h)       460/656
  hh_s2 p0 look=off PeriodicPersistence(min_dep=2,bin=1h,hl=24h)       466/654
  hh_s1 p0 look=off PerpetuaStar(lognormal,K<=3,pm=0.01,a0=0.01/h,g=0.99) 346/529
  hh_s1 p0 look=off TimetableLookup(bin=2h,days=all,hl=72h)            433/529
  hh_s1 p0 look=off MostFrequentLocation(hl=72h)                       313/529
  hh_s1 p0 look=off TimetableLookup(bin=2h,days=all,hl=24h)            422/529
  hh_s1 p0 look=off MostFrequentLocation(hl=24h)                       330/529
[1/10] results/sota_memory/sweeps/spell20/classical/hh_s1_t03.jsonl
  hh_s3 p0 look=off LastObservation                                    208/468
  hh_s3 p0 look=off MostFrequentLocation                               244/468
  hh_s3 p0 look=off TimetableLookup(bin=2h,days=all)                   331/468
  hh_s3 p0 look=off PeriodicPersistence(min_dep=2,bin=1h,hl=24h)       307/468
  hh_s0 p0 look=off PerpetuaStar(lognormal,K<=3,pm=0.01,a0=0.01/h,g=0.99) 452/656
  hh_s0 p0 look=off TimetableLookup(bin=2h,days=all,hl=72h)            508/656
  hh_s0 p0 look=off MostFrequentLocation(hl=72h)                       478/656
  hh_s0 p0 look=off TimetableLookup(bin=2h,days=all,hl=24h)            524/656
  hh_s0 p0 look=off MostFrequentLocation(hl=24h)                       502/656
[2/10] results/sota_memory/sweeps/spell20/classical/hh_s0_t03.jsonl
  hh_s4 p0 look=off LastObservation                                    267/484
  hh_s4 p0 look=off MostFrequentLocation                               300/484
  hh_s4 p0 look=off TimetableLookup(bin=2h,days=all)                   380/484
  hh_s4 p0 look=off PeriodicPersistence(min_dep=2,bin=1h,hl=24h)       320/484
  hh_s2 p0 look=off PerpetuaStar(lognormal,K<=3,pm=0.01,a0=0.01/h,g=0.99) 476/654
  hh_s2 p0 look=off TimetableLookup(bin=2h,days=all,hl=72h)            510/654
  hh_s2 p0 look=off MostFrequentLocation(hl=72h)                       427/654
  hh_s2 p0 look=off TimetableLookup(bin=2h,days=all,hl=24h)            530/654
  hh_s2 p0 look=off MostFrequentLocation(hl=24h)                       459/654
[3/10] results/sota_memory/sweeps/spell20/classical/hh_s2_t03.jsonl
  hh_s5 p0 look=off LastObservation                                    262/444
  hh_s5 p0 look=off MostFrequentLocation                               285/444
  hh_s5 p0 look=off TimetableLookup(bin=2h,days=all)                   366/444
  hh_s5 p0 look=off PeriodicPersistence(min_dep=2,bin=1h,hl=24h)       307/444
  hh_s3 p0 look=off PerpetuaStar(lognormal,K<=3,pm=0.01,a0=0.01/h,g=0.99) 310/468
  hh_s3 p0 look=off TimetableLookup(bin=2h,days=all,hl=72h)            364/468
  hh_s3 p0 look=off MostFrequentLocation(hl=72h)                       306/468
  hh_s3 p0 look=off TimetableLookup(bin=2h,days=all,hl=24h)            357/468
  hh_s3 p0 look=off MostFrequentLocation(hl=24h)                       309/468
[4/10] results/sota_memory/sweeps/spell20/classical/hh_s3_t03.jsonl
  hh_s6 p0 look=off LastObservation                                    293/615
  hh_s6 p0 look=off MostFrequentLocation                               339/615
  hh_s6 p0 look=off TimetableLookup(bin=2h,days=all)                   459/615
  hh_s6 p0 look=off PeriodicPersistence(min_dep=2,bin=1h,hl=24h)       390/615
  hh_s4 p0 look=off PerpetuaStar(lognormal,K<=3,pm=0.01,a0=0.01/h,g=0.99) 336/484
  hh_s4 p0 look=off TimetableLookup(bin=2h,days=all,hl=72h)            377/484
  hh_s4 p0 look=off MostFrequentLocation(hl=72h)                       310/484
  hh_s4 p0 look=off TimetableLookup(bin=2h,days=all,hl=24h)            372/484
  hh_s4 p0 look=off MostFrequentLocation(hl=24h)                       309/484
[5/10] results/sota_memory/sweeps/spell20/classical/hh_s4_t03.jsonl
  hh_s7 p0 look=off LastObservation                                    392/656
  hh_s7 p0 look=off MostFrequentLocation                               314/656
  hh_s7 p0 look=off TimetableLookup(bin=2h,days=all)                   416/656
  hh_s7 p0 look=off PeriodicPersistence(min_dep=2,bin=1h,hl=24h)       484/656
  hh_s5 p0 look=off PerpetuaStar(lognormal,K<=3,pm=0.01,a0=0.01/h,g=0.99) 315/444
  hh_s5 p0 look=off TimetableLookup(bin=2h,days=all,hl=72h)            361/444
  hh_s5 p0 look=off MostFrequentLocation(hl=72h)                       306/444
  hh_s5 p0 look=off TimetableLookup(bin=2h,days=all,hl=24h)            361/444
  hh_s5 p0 look=off MostFrequentLocation(hl=24h)                       322/444
[6/10] results/sota_memory/sweeps/spell20/classical/hh_s5_t03.jsonl
  hh_s8 p0 look=off LastObservation                                    304/632
  hh_s8 p0 look=off MostFrequentLocation                               324/632
  hh_s8 p0 look=off TimetableLookup(bin=2h,days=all)                   472/632
  hh_s8 p0 look=off PeriodicPersistence(min_dep=2,bin=1h,hl=24h)       403/632
  hh_s6 p0 look=off PerpetuaStar(lognormal,K<=3,pm=0.01,a0=0.01/h,g=0.99) 377/615
  hh_s6 p0 look=off TimetableLookup(bin=2h,days=all,hl=72h)            459/615
  hh_s6 p0 look=off MostFrequentLocation(hl=72h)                       389/615
  hh_s6 p0 look=off TimetableLookup(bin=2h,days=all,hl=24h)            454/615
  hh_s6 p0 look=off MostFrequentLocation(hl=24h)                       385/615
[7/10] results/sota_memory/sweeps/spell20/classical/hh_s6_t03.jsonl
  hh_s9 p0 look=off LastObservation                                    331/580
  hh_s9 p0 look=off MostFrequentLocation                               353/580
  hh_s9 p0 look=off TimetableLookup(bin=2h,days=all)                   461/580
  hh_s9 p0 look=off PeriodicPersistence(min_dep=2,bin=1h,hl=24h)       413/580
  hh_s8 p0 look=off PerpetuaStar(lognormal,K<=3,pm=0.01,a0=0.01/h,g=0.99) 372/632
  hh_s8 p0 look=off TimetableLookup(bin=2h,days=all,hl=72h)            494/632
  hh_s8 p0 look=off MostFrequentLocation(hl=72h)                       397/632
  hh_s8 p0 look=off TimetableLookup(bin=2h,days=all,hl=24h)            497/632
  hh_s8 p0 look=off MostFrequentLocation(hl=24h)                       407/632
[8/10] results/sota_memory/sweeps/spell20/classical/hh_s8_t03.jsonl
  hh_s7 p0 look=off PerpetuaStar(lognormal,K<=3,pm=0.01,a0=0.01/h,g=0.99) 451/656
  hh_s7 p0 look=off TimetableLookup(bin=2h,days=all,hl=72h)            508/656
  hh_s7 p0 look=off MostFrequentLocation(hl=72h)                       452/656
  hh_s7 p0 look=off TimetableLookup(bin=2h,days=all,hl=24h)            536/656
  hh_s7 p0 look=off MostFrequentLocation(hl=24h)                       485/656
[9/10] results/sota_memory/sweeps/spell20/classical/hh_s7_t03.jsonl
  hh_s9 p0 look=off PerpetuaStar(lognormal,K<=3,pm=0.01,a0=0.01/h,g=0.99) 412/580
  hh_s9 p0 look=off TimetableLookup(bin=2h,days=all,hl=72h)            479/580
  hh_s9 p0 look=off MostFrequentLocation(hl=72h)                       389/580
  hh_s9 p0 look=off TimetableLookup(bin=2h,days=all,hl=24h)            476/580
  hh_s9 p0 look=off MostFrequentLocation(hl=24h)                       400/580
[10/10] results/sota_memory/sweeps/spell20/classical/hh_s9_t03.jsonl
