23:20 refresh loop started (pid 892510), every 20 min
household/llm_retrieval_nottold: 3 households, mean 19/744 answered — (in progress, 19 of 744, households 1, 2, 3)
    lead: acc 80.8 conf 87.5  d14_16: acc 48.6 conf 83.9  d17_23: acc NA conf NA  d24_26: acc NA conf NA  d27_31: acc NA conf NA
household/llm_longcontext_nottold: 3 households, mean 19/744 answered — (in progress, 19 of 744, households 1, 2, 3)
    lead: acc NA conf NA  d14_16: acc NA conf NA  d17_23: acc NA conf NA  d24_26: acc NA conf NA  d27_31: acc NA conf NA
household/llm_reflect_nottold: 3 households, mean 17/744 answered — (in progress, 17 of 744, households 1, 2, 3)
    lead: acc NA conf NA  d14_16: acc NA conf NA  d17_23: acc NA conf NA  d24_26: acc NA conf NA  d27_31: acc NA conf NA
partial/llm_naive_nottold: 3 households, mean 727/744 answered — (in progress, 727 of 744, households 1, 2, 3)
    lead: acc 76.8 conf 88.6  d14_16: acc 59.7 conf 87.9  d17_23: acc 62.9 conf 87.2  d24_26: acc 77.2 conf 88.9  d27_31: acc 75.3 conf 88.3
partial/llm_routine7_nottold: 3 households, mean 549/744 answered — (in progress, 549 of 744, households 1, 2, 3)
    lead: acc 66.1 conf 90.7  d14_16: acc 59.3 conf 85.9  d17_23: acc 67.1 conf 88.3  d24_26: acc 79.2 conf 87.3  d27_31: acc NA conf NA
partial/llm_naive_told: 3 households, mean 727/744 answered — (in progress, 727 of 744, households 1, 2, 3)
    lead: acc 76.8 conf 88.6  d14_16: acc 76.4 conf 86.4  d17_23: acc 81.5 conf 88.6  d24_26: acc 71.3 conf 87.7  d27_31: acc 73.0 conf 86.4
partial/llm_routine7_told: 3 households, mean 557/744 answered — (in progress, 557 of 744, households 1, 2, 3)
    lead: acc 66.1 conf 90.7  d14_16: acc 66.7 conf 84.5  d17_23: acc 67.5 conf 88.7  d24_26: acc 75.0 conf 90.4  d27_31: acc NA conf NA
person/llm_naive_nottold: 10 households, mean 413/496 answered — (in progress, 413 of 496, households 1, 2, 3, 4, 5, 6, 7, 8, 9, 10)
    lead: acc 78.3 conf 88.1  d14_16: acc 58.1 conf 86.6  d17_23: acc 66.4 conf 86.9  d24_26: acc 73.6 conf 86.6  d27_31: acc 77.0 conf 88.0
person/llm_routine7_nottold: 10 households, mean 413/496 answered — (in progress, 413 of 496, households 1, 2, 3, 4, 5, 6, 7, 8, 9, 10)
    lead: acc 59.5 conf 86.5  d14_16: acc 58.1 conf 86.8  d17_23: acc 63.0 conf 87.2  d24_26: acc 61.3 conf 87.1  d27_31: acc 62.0 conf 87.1
person/llm_naive_told_entry: 10 households, mean 413/496 answered — (in progress, 413 of 496, households 1, 2, 3, 4, 5, 6, 7, 8, 9, 10)
    lead: acc 78.3 conf 88.1  d14_16: acc 71.0 conf 85.3  d17_23: acc 82.7 conf 88.0  d24_26: acc 62.2 conf 85.5  d27_31: acc 72.0 conf 86.2
person/llm_routine7_told_entry: 10 households, mean 413/496 answered — (in progress, 413 of 496, households 1, 2, 3, 4, 5, 6, 7, 8, 9, 10)
    lead: acc 59.5 conf 86.5  d14_16: acc 61.5 conf 83.0  d17_23: acc 67.8 conf 85.0  d24_26: acc 55.3 conf 84.4  d27_31: acc 57.9 conf 84.1
person/llm_naive_told_entryreturn: 10 households, mean 413/496 answered — (in progress, 413 of 496, households 1, 2, 3, 4, 5, 6, 7, 8, 9, 10)
    lead: acc 78.3 conf 88.1  d14_16: acc 71.0 conf 85.3  d17_23: acc 82.7 conf 88.0  d24_26: acc 69.9 conf 87.4  d27_31: acc 75.0 conf 87.7
person/llm_routine7_told_entryreturn: 10 households, mean 388/496 answered — (in progress, 388 of 496, households 1, 2, 3, 4, 5, 6, 7, 8, 9, 10)
    lead: acc 59.5 conf 86.5  d14_16: acc 61.5 conf 83.0  d17_23: acc 67.8 conf 85.0  d24_26: acc 61.6 conf 84.6  d27_31: acc 58.9 conf 87.5
merged llm_live into /home/oliver/robot/dynamic_home_eqa/results/regime_search/story_extra.json: other keys kept: ['sweep', 'affected', 'planning', 'affected_windows', 'shared_state', 'gap']
wrote story.html 1342 KB
23:20 refreshed
household/llm_retrieval_nottold: 3 households, mean 114/744 answered — (in progress, 114 of 744, households 1, 2, 3)
    lead: acc 80.8 conf 87.5  d14_16: acc 48.6 conf 83.9  d17_23: acc NA conf NA  d24_26: acc NA conf NA  d27_31: acc NA conf NA
    askgate lead: ask 15.0% miss 12.7%  d14_16: ask 37.5% miss 48.9%  d17_23: ask NA% miss NA%  d24_26: ask NA% miss NA%  d27_31: ask NA% miss NA%  tightened_at_shift=True (q_lead=0.747 q_shift=0.844)
household/llm_longcontext_nottold: 3 households, mean 113/744 answered — (in progress, 113 of 744, households 1, 2, 3)
    lead: acc NA conf NA  d14_16: acc NA conf NA  d17_23: acc NA conf NA  d24_26: acc NA conf NA  d27_31: acc NA conf NA
    askgate lead: ask NA% miss NA%  d14_16: ask NA% miss NA%  d17_23: ask NA% miss NA%  d24_26: ask NA% miss NA%  d27_31: ask NA% miss NA%  tightened_at_shift=False (q_lead=0.848 q_shift=None)
household/llm_reflect_nottold: 3 households, mean 94/744 answered — (in progress, 94 of 744, households 1, 2, 3)
    lead: acc NA conf NA  d14_16: acc NA conf NA  d17_23: acc NA conf NA  d24_26: acc NA conf NA  d27_31: acc NA conf NA
    askgate lead: ask NA% miss NA%  d14_16: ask NA% miss NA%  d17_23: ask NA% miss NA%  d24_26: ask NA% miss NA%  d27_31: ask NA% miss NA%  tightened_at_shift=False (q_lead=0.607 q_shift=None)
partial/llm_naive_nottold: 3 households, mean 727/744 answered — (in progress, 727 of 744, households 1, 2, 3)
    lead: acc 76.8 conf 88.6  d14_16: acc 59.7 conf 87.9  d17_23: acc 62.9 conf 87.2  d24_26: acc 77.2 conf 88.9  d27_31: acc 75.3 conf 88.3
    askgate lead: ask 30.4% miss 16.7%  d14_16: ask 54.6% miss 29.6%  d17_23: ask 48.8% miss 20.9%  d24_26: ask 33.2% miss 13.3%  d27_31: ask 35.4% miss 13.5%  tightened_at_shift=True (q_lead=0.802 q_shift=0.889)
partial/llm_routine7_nottold: 3 households, mean 637/744 answered — (in progress, 637 of 744, households 1, 2, 3)
    lead: acc 66.1 conf 90.7  d14_16: acc 59.3 conf 85.9  d17_23: acc 67.1 conf 88.3  d24_26: acc 70.8 conf 88.6  d27_31: acc 67.8 conf 91.3
    askgate lead: ask 54.8% miss 22.4%  d14_16: ask 66.7% miss 29.2%  d17_23: ask 55.8% miss 22.9%  d24_26: ask 46.5% miss 17.6%  d27_31: ask 46.0% miss 21.3%  tightened_at_shift=True (q_lead=0.884 q_shift=0.948)
partial/llm_naive_told: 3 households, mean 727/744 answered — (in progress, 727 of 744, households 1, 2, 3)
    lead: acc 76.8 conf 88.6  d14_16: acc 76.4 conf 86.4  d17_23: acc 81.5 conf 88.6  d24_26: acc 71.3 conf 87.7  d27_31: acc 73.0 conf 86.4
    askgate lead: ask 30.4% miss 16.7%  d14_16: ask 39.8% miss 17.7%  d17_23: ask 23.4% miss 12.7%  d24_26: ask 36.6% miss 18.0%  d27_31: ask 42.1% miss 16.5%  tightened_at_shift=True (q_lead=0.802 q_shift=0.856)
partial/llm_routine7_told: 3 households, mean 647/744 answered — (in progress, 647 of 744, households 1, 2, 3)
    lead: acc 66.1 conf 90.7  d14_16: acc 66.7 conf 84.5  d17_23: acc 67.5 conf 88.7  d24_26: acc 59.9 conf 87.4  d27_31: acc 58.3 conf 88.7
    askgate lead: ask 54.8% miss 22.4%  d14_16: ask 65.7% miss 17.6%  d17_23: ask 47.2% miss 21.1%  d24_26: ask 49.5% miss 18.6%  d27_31: ask 47.0% miss 24.6%  tightened_at_shift=True (q_lead=0.884 q_shift=0.923)
person/llm_naive_nottold: 10 households, mean 413/496 answered — (in progress, 413 of 496, households 1, 2, 3, 4, 5, 6, 7, 8, 9, 10)
    lead: acc 78.3 conf 88.1  d14_16: acc 58.1 conf 86.6  d17_23: acc 66.4 conf 86.9  d24_26: acc 73.6 conf 86.6  d27_31: acc 77.0 conf 88.0
    askgate lead: ask 28.9% miss 12.8%  d14_16: ask 55.0% miss 27.8%  d17_23: ask 48.0% miss 18.8%  d24_26: ask 43.6% miss 15.7%  d27_31: ask 35.0% miss 15.4%  tightened_at_shift=True (q_lead=0.779 q_shift=0.897)
person/llm_routine7_nottold: 10 households, mean 413/496 answered — (in progress, 413 of 496, households 1, 2, 3, 4, 5, 6, 7, 8, 9, 10)
    lead: acc 59.5 conf 86.5  d14_16: acc 58.1 conf 86.8  d17_23: acc 63.0 conf 87.2  d24_26: acc 61.3 conf 87.1  d27_31: acc 62.0 conf 87.1
    askgate lead: ask 62.2% miss 28.5%  d14_16: ask 66.7% miss 30.6%  d17_23: ask 58.6% miss 24.2%  d24_26: ask 68.5% miss 28.2%  d27_31: ask 56.7% miss 22.8%  tightened_at_shift=True (q_lead=0.858 q_shift=0.948)
person/llm_naive_told_entry: 10 households, mean 413/496 answered — (in progress, 413 of 496, households 1, 2, 3, 4, 5, 6, 7, 8, 9, 10)
    lead: acc 78.3 conf 88.1  d14_16: acc 71.0 conf 85.3  d17_23: acc 82.7 conf 88.0  d24_26: acc 62.2 conf 85.5  d27_31: acc 72.0 conf 86.2
    askgate lead: ask 28.9% miss 12.8%  d14_16: ask 40.6% miss 17.9%  d17_23: ask 18.7% miss 11.9%  d24_26: ask 47.3% miss 20.1%  d27_31: ask 39.6% miss 16.6%  tightened_at_shift=True (q_lead=0.779 q_shift=0.851)
person/llm_routine7_told_entry: 10 households, mean 413/496 answered — (in progress, 413 of 496, households 1, 2, 3, 4, 5, 6, 7, 8, 9, 10)
    lead: acc 59.5 conf 86.5  d14_16: acc 61.5 conf 83.0  d17_23: acc 67.8 conf 85.0  d24_26: acc 55.3 conf 84.4  d27_31: acc 57.9 conf 84.1
    askgate lead: ask 62.9% miss 29.0%  d14_16: ask 62.5% miss 21.7%  d17_23: ask 46.9% miss 18.2%  d24_26: ask 62.5% miss 28.2%  d27_31: ask 61.0% miss 28.3%  tightened_at_shift=True (q_lead=0.857 q_shift=0.908)
person/llm_naive_told_entryreturn: 10 households, mean 413/496 answered — (in progress, 413 of 496, households 1, 2, 3, 4, 5, 6, 7, 8, 9, 10)
    lead: acc 78.3 conf 88.1  d14_16: acc 71.0 conf 85.3  d17_23: acc 82.7 conf 88.0  d24_26: acc 69.9 conf 87.4  d27_31: acc 75.0 conf 87.7
    askgate lead: ask 28.9% miss 12.8%  d14_16: ask 40.6% miss 17.9%  d17_23: ask 18.7% miss 11.9%  d24_26: ask 39.3% miss 20.8%  d27_31: ask 43.1% miss 17.3%  tightened_at_shift=True (q_lead=0.779 q_shift=0.851)
person/llm_routine7_told_entryreturn: 10 households, mean 413/496 answered — (in progress, 413 of 496, households 1, 2, 3, 4, 5, 6, 7, 8, 9, 10)
    lead: acc 59.5 conf 86.5  d14_16: acc 61.5 conf 83.0  d17_23: acc 67.8 conf 85.0  d24_26: acc 61.6 conf 84.6  d27_31: acc 62.7 conf 86.5
    askgate lead: ask 62.9% miss 29.0%  d14_16: ask 62.5% miss 21.7%  d17_23: ask 46.9% miss 18.2%  d24_26: ask 56.4% miss 24.3%  d27_31: ask 54.1% miss 24.4%  tightened_at_shift=True (q_lead=0.857 q_shift=0.908)
person/llm_longcontext_nottold: 10 households, mean 29/496 answered — (in progress, 29 of 496, households 1, 2, 3, 4, 5, 6, 7, 8, 9, 10)
    lead: acc NA conf NA  d14_16: acc NA conf NA  d17_23: acc NA conf NA  d24_26: acc NA conf NA  d27_31: acc NA conf NA
    askgate lead: ask NA% miss NA%  d14_16: ask NA% miss NA%  d17_23: ask NA% miss NA%  d24_26: ask NA% miss NA%  d27_31: ask NA% miss NA%  tightened_at_shift=False (q_lead=0.646 q_shift=None)
person/llm_reflect_nottold: 9 households, mean 23/496 answered — (in progress, 23 of 496, households 1, 2, 3, 4, 5, 7, 8, 9, 10)
    lead: acc NA conf NA  d14_16: acc NA conf NA  d17_23: acc NA conf NA  d24_26: acc NA conf NA  d27_31: acc NA conf NA
    askgate lead: ask NA% miss NA%  d14_16: ask NA% miss NA%  d17_23: ask NA% miss NA%  d24_26: ask NA% miss NA%  d27_31: ask NA% miss NA%  tightened_at_shift=False (q_lead=0.582 q_shift=None)
person/llm_retrieval_nottold: 10 households, mean 29/496 answered — (in progress, 29 of 496, households 1, 2, 3, 4, 5, 6, 7, 8, 9, 10)
    lead: acc NA conf NA  d14_16: acc NA conf NA  d17_23: acc NA conf NA  d24_26: acc NA conf NA  d27_31: acc NA conf NA
    askgate lead: ask NA% miss NA%  d14_16: ask NA% miss NA%  d17_23: ask NA% miss NA%  d24_26: ask NA% miss NA%  d27_31: ask NA% miss NA%  tightened_at_shift=False (q_lead=0.595 q_shift=None)
merged llm_live into /home/oliver/robot/dynamic_home_eqa/results/regime_search/story_extra.json: other keys kept: ['sweep', 'affected', 'planning', 'affected_windows', 'shared_state', 'gap']
wrote story.html 1384 KB
23:40 refreshed
household/llm_retrieval_nomsg: 3 households, mean 114/744 answered — (in progress, 114 of 744, households 1, 2, 3)
    lead: acc 80.8 conf 87.5  d14_16: acc 48.6 conf 83.9  d17_23: acc NA conf NA  d24_26: acc NA conf NA  d27_31: acc NA conf NA
    askgate lead: ask 15.0% miss 12.7%  d14_16: ask 37.5% miss 48.9%  d17_23: ask NA% miss NA%  d24_26: ask NA% miss NA%  d27_31: ask NA% miss NA%  tightened_at_shift=True (q_lead=0.747 q_shift=0.844)
household/llm_longcontext_nomsg: 3 households, mean 113/744 answered — (in progress, 113 of 744, households 1, 2, 3)
    lead: acc NA conf NA  d14_16: acc NA conf NA  d17_23: acc NA conf NA  d24_26: acc NA conf NA  d27_31: acc NA conf NA
    askgate lead: ask NA% miss NA%  d14_16: ask NA% miss NA%  d17_23: ask NA% miss NA%  d24_26: ask NA% miss NA%  d27_31: ask NA% miss NA%  tightened_at_shift=False (q_lead=0.848 q_shift=None)
household/llm_reflect_nomsg: 3 households, mean 94/744 answered — (in progress, 94 of 744, households 1, 2, 3)
    lead: acc NA conf NA  d14_16: acc NA conf NA  d17_23: acc NA conf NA  d24_26: acc NA conf NA  d27_31: acc NA conf NA
    askgate lead: ask NA% miss NA%  d14_16: ask NA% miss NA%  d17_23: ask NA% miss NA%  d24_26: ask NA% miss NA%  d27_31: ask NA% miss NA%  tightened_at_shift=False (q_lead=0.607 q_shift=None)
partial/llm_naive_nomsg: 3 households, mean 727/744 answered — (in progress, 727 of 744, households 1, 2, 3)
    lead: acc 76.8 conf 88.6  d14_16: acc 59.7 conf 87.9  d17_23: acc 62.9 conf 87.2  d24_26: acc 77.2 conf 88.9  d27_31: acc 75.3 conf 88.3
    askgate lead: ask 30.4% miss 16.7%  d14_16: ask 54.6% miss 29.6%  d17_23: ask 48.8% miss 20.9%  d24_26: ask 33.2% miss 13.3%  d27_31: ask 35.4% miss 13.5%  tightened_at_shift=True (q_lead=0.802 q_shift=0.889)
partial/llm_routine7_nomsg: 3 households, mean 683/744 answered — (in progress, 683 of 744, households 1, 2, 3)
    lead: acc 66.1 conf 90.7  d14_16: acc 59.3 conf 85.9  d17_23: acc 67.1 conf 88.3  d24_26: acc 70.8 conf 88.6  d27_31: acc 67.3 conf 90.4
    askgate lead: ask 54.8% miss 22.4%  d14_16: ask 66.7% miss 29.2%  d17_23: ask 55.8% miss 22.9%  d24_26: ask 46.5% miss 17.6%  d27_31: ask 48.4% miss 18.3%  tightened_at_shift=True (q_lead=0.884 q_shift=0.948)
partial/llm_naive_startmsg: 3 households, mean 727/744 answered — (in progress, 727 of 744, households 1, 2, 3)
    lead: acc 76.8 conf 88.6  d14_16: acc 76.4 conf 86.4  d17_23: acc 81.5 conf 88.6  d24_26: acc 71.3 conf 87.7  d27_31: acc 73.0 conf 86.4
    askgate lead: ask 30.4% miss 16.7%  d14_16: ask 39.8% miss 17.7%  d17_23: ask 23.4% miss 12.7%  d24_26: ask 36.6% miss 18.0%  d27_31: ask 42.1% miss 16.5%  tightened_at_shift=True (q_lead=0.802 q_shift=0.856)
partial/llm_routine7_startmsg: 3 households, mean 693/744 answered — (in progress, 693 of 744, households 1, 2, 3)
    lead: acc 66.1 conf 90.7  d14_16: acc 66.7 conf 84.5  d17_23: acc 67.5 conf 88.7  d24_26: acc 59.9 conf 87.4  d27_31: acc 61.3 conf 88.0
    askgate lead: ask 54.8% miss 22.4%  d14_16: ask 65.7% miss 17.6%  d17_23: ask 47.2% miss 21.1%  d24_26: ask 49.5% miss 18.6%  d27_31: ask 52.6% miss 21.7%  tightened_at_shift=True (q_lead=0.884 q_shift=0.923)
person/llm_naive_nomsg: 10 households, mean 413/496 answered — (in progress, 413 of 496, households 1, 2, 3, 4, 5, 6, 7, 8, 9, 10)
    lead: acc 78.3 conf 88.1  d14_16: acc 58.1 conf 86.6  d17_23: acc 66.4 conf 86.9  d24_26: acc 73.6 conf 86.6  d27_31: acc 77.0 conf 88.0
    askgate lead: ask 28.9% miss 12.8%  d14_16: ask 55.0% miss 27.8%  d17_23: ask 48.0% miss 18.8%  d24_26: ask 43.6% miss 15.7%  d27_31: ask 35.0% miss 15.4%  tightened_at_shift=True (q_lead=0.779 q_shift=0.897)
person/llm_routine7_nomsg: 10 households, mean 413/496 answered — (in progress, 413 of 496, households 1, 2, 3, 4, 5, 6, 7, 8, 9, 10)
    lead: acc 59.5 conf 86.5  d14_16: acc 58.1 conf 86.8  d17_23: acc 63.0 conf 87.2  d24_26: acc 61.3 conf 87.1  d27_31: acc 62.0 conf 87.1
    askgate lead: ask 62.2% miss 28.5%  d14_16: ask 66.7% miss 30.6%  d17_23: ask 58.6% miss 24.2%  d24_26: ask 68.5% miss 28.2%  d27_31: ask 56.7% miss 22.8%  tightened_at_shift=True (q_lead=0.858 q_shift=0.948)
person/llm_naive_startmsg: 10 households, mean 413/496 answered — (in progress, 413 of 496, households 1, 2, 3, 4, 5, 6, 7, 8, 9, 10)
    lead: acc 78.3 conf 88.1  d14_16: acc 71.0 conf 85.3  d17_23: acc 82.7 conf 88.0  d24_26: acc 62.2 conf 85.5  d27_31: acc 72.0 conf 86.2
    askgate lead: ask 28.9% miss 12.8%  d14_16: ask 40.6% miss 17.9%  d17_23: ask 18.7% miss 11.9%  d24_26: ask 47.3% miss 20.1%  d27_31: ask 39.6% miss 16.6%  tightened_at_shift=True (q_lead=0.779 q_shift=0.851)
person/llm_routine7_startmsg: 10 households, mean 413/496 answered — (in progress, 413 of 496, households 1, 2, 3, 4, 5, 6, 7, 8, 9, 10)
    lead: acc 59.5 conf 86.5  d14_16: acc 61.5 conf 83.0  d17_23: acc 67.8 conf 85.0  d24_26: acc 55.3 conf 84.4  d27_31: acc 57.9 conf 84.1
    askgate lead: ask 62.9% miss 29.0%  d14_16: ask 62.5% miss 21.7%  d17_23: ask 46.9% miss 18.2%  d24_26: ask 62.5% miss 28.2%  d27_31: ask 61.0% miss 28.3%  tightened_at_shift=True (q_lead=0.857 q_shift=0.908)
person/llm_naive_startend: 10 households, mean 413/496 answered — (in progress, 413 of 496, households 1, 2, 3, 4, 5, 6, 7, 8, 9, 10)
    lead: acc 78.3 conf 88.1  d14_16: acc 71.0 conf 85.3  d17_23: acc 82.7 conf 88.0  d24_26: acc 69.9 conf 87.4  d27_31: acc 75.0 conf 87.7
    askgate lead: ask 28.9% miss 12.8%  d14_16: ask 40.6% miss 17.9%  d17_23: ask 18.7% miss 11.9%  d24_26: ask 39.3% miss 20.8%  d27_31: ask 43.1% miss 17.3%  tightened_at_shift=True (q_lead=0.779 q_shift=0.851)
person/llm_routine7_startend: 10 households, mean 413/496 answered — (in progress, 413 of 496, households 1, 2, 3, 4, 5, 6, 7, 8, 9, 10)
    lead: acc 59.5 conf 86.5  d14_16: acc 61.5 conf 83.0  d17_23: acc 67.8 conf 85.0  d24_26: acc 61.6 conf 84.6  d27_31: acc 62.7 conf 86.5
    askgate lead: ask 62.9% miss 29.0%  d14_16: ask 62.5% miss 21.7%  d17_23: ask 46.9% miss 18.2%  d24_26: ask 56.4% miss 24.3%  d27_31: ask 54.1% miss 24.4%  tightened_at_shift=True (q_lead=0.857 q_shift=0.908)
person/llm_longcontext_nomsg: 10 households, mean 99/496 answered — (in progress, 99 of 496, households 1, 2, 3, 4, 5, 6, 7, 8, 9, 10)
    lead: acc 62.6 conf 88.1  d14_16: acc 57.9 conf 92.4  d17_23: acc NA conf NA  d24_26: acc NA conf NA  d27_31: acc NA conf NA
    askgate lead: ask 60.7% miss 45.2%  d14_16: ask 78.9% miss 75.0%  d17_23: ask NA% miss NA%  d24_26: ask NA% miss NA%  d27_31: ask NA% miss NA%  tightened_at_shift=True (q_lead=0.799 q_shift=0.951)
person/llm_reflect_nomsg: 9 households, mean 75/496 answered — (in progress, 75 of 496, households 1, 2, 3, 4, 5, 7, 8, 9, 10)
    lead: acc 80.0 conf 85.0  d14_16: acc NA conf NA  d17_23: acc NA conf NA  d24_26: acc NA conf NA  d27_31: acc NA conf NA
    askgate lead: ask 20.0% miss 0.0%  d14_16: ask NA% miss NA%  d17_23: ask NA% miss NA%  d24_26: ask NA% miss NA%  d27_31: ask NA% miss NA%  tightened_at_shift=False (q_lead=0.671 q_shift=None)
person/llm_retrieval_nomsg: 10 households, mean 101/496 answered — (in progress, 101 of 496, households 1, 2, 3, 4, 5, 6, 7, 8, 9, 10)
    lead: acc 78.4 conf 85.5  d14_16: acc 66.7 conf 87.6  d17_23: acc NA conf NA  d24_26: acc NA conf NA  d27_31: acc NA conf NA
    askgate lead: ask 18.9% miss 14.4%  d14_16: ask 0.0% miss 33.3%  d17_23: ask NA% miss NA%  d24_26: ask NA% miss NA%  d27_31: ask NA% miss NA%  tightened_at_shift=True (q_lead=0.695 q_shift=0.796)
merged llm_live into /home/oliver/robot/dynamic_home_eqa/results/regime_search/story_extra.json: other keys kept: ['sweep', 'affected', 'planning', 'affected_windows', 'shared_state', 'gap']
wrote story.html 1394 KB
00:00 refreshed
partial/llm_naive_nomsg: 3 households, mean 727/744 answered — (in progress, 727 of 744, households 1, 2, 3)
    lead: acc 76.8 conf 88.6  d14_16: acc 59.7 conf 87.9  d17_23: acc 62.9 conf 87.2  d24_26: acc 77.2 conf 88.9  d27_31: acc 75.3 conf 88.3
    askgate lead: ask 30.4% miss 16.7%  d14_16: ask 54.6% miss 29.6%  d17_23: ask 48.8% miss 20.9%  d24_26: ask 33.2% miss 13.3%  d27_31: ask 35.4% miss 13.5%  tightened_at_shift=True (q_lead=0.802 q_shift=0.889)
partial/llm_routine7_nomsg: 3 households, mean 711/744 answered — (in progress, 711 of 744, households 1, 2, 3)
    lead: acc 66.1 conf 90.7  d14_16: acc 59.3 conf 85.9  d17_23: acc 67.1 conf 88.3  d24_26: acc 70.8 conf 88.6  d27_31: acc 67.5 conf 90.1
    askgate lead: ask 54.8% miss 22.4%  d14_16: ask 66.7% miss 29.2%  d17_23: ask 55.8% miss 22.9%  d24_26: ask 46.5% miss 17.6%  d27_31: ask 48.7% miss 19.6%  tightened_at_shift=True (q_lead=0.884 q_shift=0.948)
partial/llm_naive_startmsg: 3 households, mean 727/744 answered — (in progress, 727 of 744, households 1, 2, 3)
    lead: acc 76.8 conf 88.6  d14_16: acc 76.4 conf 86.4  d17_23: acc 81.5 conf 88.6  d24_26: acc 71.3 conf 87.7  d27_31: acc 73.0 conf 86.4
    askgate lead: ask 30.4% miss 16.7%  d14_16: ask 39.8% miss 17.7%  d17_23: ask 23.4% miss 12.7%  d24_26: ask 36.6% miss 18.0%  d27_31: ask 42.1% miss 16.5%  tightened_at_shift=True (q_lead=0.802 q_shift=0.856)
partial/llm_routine7_startmsg: 3 households, mean 720/744 answered — (in progress, 720 of 744, households 1, 2, 3)
    lead: acc 66.1 conf 90.7  d14_16: acc 66.7 conf 84.5  d17_23: acc 67.5 conf 88.7  d24_26: acc 59.9 conf 87.4  d27_31: acc 62.2 conf 88.2
    askgate lead: ask 54.8% miss 22.4%  d14_16: ask 65.7% miss 17.6%  d17_23: ask 47.2% miss 21.1%  d24_26: ask 49.5% miss 18.6%  d27_31: ask 53.9% miss 24.5%  tightened_at_shift=True (q_lead=0.884 q_shift=0.923)
person/llm_naive_nomsg: 10 households, mean 413/496 answered — (in progress, 413 of 496, households 1, 2, 3, 4, 5, 6, 7, 8, 9, 10)
    lead: acc 78.3 conf 88.1  d14_16: acc 58.1 conf 86.6  d17_23: acc 66.4 conf 86.9  d24_26: acc 73.6 conf 86.6  d27_31: acc 77.0 conf 88.0
    askgate lead: ask 28.9% miss 12.8%  d14_16: ask 55.0% miss 27.8%  d17_23: ask 48.0% miss 18.8%  d24_26: ask 43.6% miss 15.7%  d27_31: ask 35.0% miss 15.4%  tightened_at_shift=True (q_lead=0.779 q_shift=0.897)
person/llm_routine7_nomsg: 10 households, mean 413/496 answered — (in progress, 413 of 496, households 1, 2, 3, 4, 5, 6, 7, 8, 9, 10)
    lead: acc 59.5 conf 86.5  d14_16: acc 58.1 conf 86.8  d17_23: acc 63.0 conf 87.2  d24_26: acc 61.3 conf 87.1  d27_31: acc 62.0 conf 87.1
    askgate lead: ask 62.2% miss 28.5%  d14_16: ask 66.7% miss 30.6%  d17_23: ask 58.6% miss 24.2%  d24_26: ask 68.5% miss 28.2%  d27_31: ask 56.7% miss 22.8%  tightened_at_shift=True (q_lead=0.858 q_shift=0.948)
person/llm_naive_startmsg: 10 households, mean 413/496 answered — (in progress, 413 of 496, households 1, 2, 3, 4, 5, 6, 7, 8, 9, 10)
    lead: acc 78.3 conf 88.1  d14_16: acc 71.0 conf 85.3  d17_23: acc 82.7 conf 88.0  d24_26: acc 62.2 conf 85.5  d27_31: acc 72.0 conf 86.2
    askgate lead: ask 28.9% miss 12.8%  d14_16: ask 40.6% miss 17.9%  d17_23: ask 18.7% miss 11.9%  d24_26: ask 47.3% miss 20.1%  d27_31: ask 39.6% miss 16.6%  tightened_at_shift=True (q_lead=0.779 q_shift=0.851)
person/llm_routine7_startmsg: 10 households, mean 413/496 answered — (in progress, 413 of 496, households 1, 2, 3, 4, 5, 6, 7, 8, 9, 10)
    lead: acc 59.5 conf 86.5  d14_16: acc 61.5 conf 83.0  d17_23: acc 67.8 conf 85.0  d24_26: acc 55.3 conf 84.4  d27_31: acc 57.9 conf 84.1
    askgate lead: ask 62.9% miss 29.0%  d14_16: ask 62.5% miss 21.7%  d17_23: ask 46.9% miss 18.2%  d24_26: ask 62.5% miss 28.2%  d27_31: ask 61.0% miss 28.3%  tightened_at_shift=True (q_lead=0.857 q_shift=0.908)
person/llm_naive_startend: 10 households, mean 413/496 answered — (in progress, 413 of 496, households 1, 2, 3, 4, 5, 6, 7, 8, 9, 10)
    lead: acc 78.3 conf 88.1  d14_16: acc 71.0 conf 85.3  d17_23: acc 82.7 conf 88.0  d24_26: acc 69.9 conf 87.4  d27_31: acc 75.0 conf 87.7
    askgate lead: ask 28.9% miss 12.8%  d14_16: ask 40.6% miss 17.9%  d17_23: ask 18.7% miss 11.9%  d24_26: ask 39.3% miss 20.8%  d27_31: ask 43.1% miss 17.3%  tightened_at_shift=True (q_lead=0.779 q_shift=0.851)
person/llm_routine7_startend: 10 households, mean 413/496 answered — (in progress, 413 of 496, households 1, 2, 3, 4, 5, 6, 7, 8, 9, 10)
    lead: acc 59.5 conf 86.5  d14_16: acc 61.5 conf 83.0  d17_23: acc 67.8 conf 85.0  d24_26: acc 61.6 conf 84.6  d27_31: acc 62.7 conf 86.5
    askgate lead: ask 62.9% miss 29.0%  d14_16: ask 62.5% miss 21.7%  d17_23: ask 46.9% miss 18.2%  d24_26: ask 56.4% miss 24.3%  d27_31: ask 54.1% miss 24.4%  tightened_at_shift=True (q_lead=0.857 q_shift=0.908)
person/llm_longcontext_nomsg: 10 households, mean 150/496 answered — (in progress, 150 of 496, households 1, 2, 3, 4, 5, 6, 7, 8, 9, 10)
    lead: acc 68.8 conf 88.8  d14_16: acc 67.5 conf 90.7  d17_23: acc 78.9 conf 91.8  d24_26: acc NA conf NA  d27_31: acc NA conf NA
    askgate lead: ask 55.1% miss 24.4%  d14_16: ask 59.1% miss 27.0%  d17_23: ask 36.8% miss 16.7%  d24_26: ask NA% miss NA%  d27_31: ask NA% miss NA%  tightened_at_shift=True (q_lead=0.835 q_shift=0.949)
person/llm_reflect_nomsg: 9 households, mean 112/496 answered — (in progress, 112 of 496, households 1, 2, 3, 4, 5, 7, 8, 9, 10)
    lead: acc 71.4 conf 80.4  d14_16: acc 28.6 conf 76.4  d17_23: acc NA conf NA  d24_26: acc NA conf NA  d27_31: acc NA conf NA
    askgate lead: ask 31.4% miss 18.1%  d14_16: ask 42.9% miss 50.0%  d17_23: ask NA% miss NA%  d24_26: ask NA% miss NA%  d27_31: ask NA% miss NA%  tightened_at_shift=True (q_lead=0.711 q_shift=0.816)
person/llm_retrieval_nomsg: 10 households, mean 155/496 answered — (in progress, 155 of 496, households 1, 2, 3, 4, 5, 6, 7, 8, 9, 10)
    lead: acc 77.5 conf 87.0  d14_16: acc 67.1 conf 85.5  d17_23: acc 77.8 conf 90.7  d24_26: acc NA conf NA  d27_31: acc NA conf NA
    askgate lead: ask 19.7% miss 15.6%  d14_16: ask 45.6% miss 18.6%  d17_23: ask 14.8% miss 13.0%  d24_26: ask NA% miss NA%  d27_31: ask NA% miss NA%  tightened_at_shift=True (q_lead=0.733 q_shift=0.851)
merged llm_live into /home/oliver/robot/dynamic_home_eqa/results/regime_search/story_extra.json: other keys kept: ['sweep', 'affected', 'planning', 'affected_windows', 'shared_state', 'gap']
wrote story.html 1387 KB
00:20 refreshed
