25 rows, 3 households, days 1-1
Traceback (most recent call last):
  File "/home/oliver/robot/dynamic_home_eqa/results/regime_search/tools/samples_chart.py", line 151, in <module>
    sys.exit(main())
             ~~~~^^
  File "/home/oliver/robot/dynamic_home_eqa/results/regime_search/tools/samples_chart.py", line 119, in main
    ax2.text(min(d4) + .2, 91.5, "90% promised", fontsize=8, color="#333")
             ~~~^^^^
ValueError: min() iterable argument is empty
14:33 refreshed
80 rows, 3 households, days 1-4
wrote /home/oliver/robot/dynamic_home_eqa/results/regime_search/samples_uncertainty.png
14:43 refreshed
198 rows, 3 households, days 1-7
wrote /home/oliver/robot/dynamic_home_eqa/results/regime_search/samples_uncertainty.png
14:52 refreshed
261 rows, 3 households, days 1-9
wrote /home/oliver/robot/dynamic_home_eqa/results/regime_search/samples_uncertainty.png
14:57 refreshed
322 rows, 3 households, days 1-11
wrote /home/oliver/robot/dynamic_home_eqa/results/regime_search/samples_uncertainty.png
15:02 refreshed
379 rows, 3 households, days 1-13
wrote /home/oliver/robot/dynamic_home_eqa/results/regime_search/samples_uncertainty.png
15:07 refreshed
433 rows, 3 households, days 1-14
wrote /home/oliver/robot/dynamic_home_eqa/results/regime_search/samples_uncertainty.png
  settled: accuracy 67%  agreement 0.78
  days 14-16: accuracy 77%  agreement 0.90
  CHANGE: accuracy +10 points, agreement +0.12
  LAC set size: settled 1.73 -> days 14-16 1.23 (0.71x)
15:12 refreshed
