2026-09-08 01:28:46,604 INFO 20 banks x 4 beliefs x 2 policies x 2 semantics = 320 runs
2026-09-08 01:34:06,080 INFO 20/320 runs done
2026-09-08 01:37:02,872 INFO 40/320 runs done
2026-09-08 01:37:02,872 INFO 60/320 runs done
2026-09-08 01:37:02,872 INFO 80/320 runs done
2026-09-08 01:37:02,872 INFO 100/320 runs done
2026-09-08 01:37:02,872 INFO 120/320 runs done
2026-09-08 01:37:02,872 INFO 140/320 runs done
2026-09-08 01:37:02,872 INFO 160/320 runs done
2026-09-08 01:38:02,896 INFO 180/320 runs done
2026-09-08 01:38:02,896 INFO 200/320 runs done
2026-09-08 01:39:50,857 INFO 220/320 runs done
2026-09-08 01:39:50,857 INFO 240/320 runs done
2026-09-08 01:39:50,857 INFO 260/320 runs done
2026-09-08 01:40:02,057 INFO 280/320 runs done
2026-09-08 01:40:02,057 INFO 300/320 runs done
2026-09-08 01:40:02,057 INFO 320/320 runs done
LastObservation                               NeverSense         old 0.592 new 0.6184 delta 0.0264
LastObservation                               SequentialSearch   old 0.6508 new 0.6712 delta 0.0204
MostFrequentLocation(hl=24h)                  NeverSense         old 0.5856 new 0.622 delta 0.0364
MostFrequentLocation(hl=24h)                  SequentialSearch   old 0.6355 new 0.6734 delta 0.0378
TimetableLookup(bin=1h,days=all,hl=24h)       NeverSense         old 0.5306 new 0.5604 delta 0.0298
TimetableLookup(bin=1h,days=all,hl=24h)       SequentialSearch   old 0.5783 new 0.598 delta 0.0198
PerpetuaStar(lognormal,K<=3,pm=0.01,a0=0.01/h,g=0.99) NeverSense         old 0.5616 new 0.5616 delta 0.0
PerpetuaStar(lognormal,K<=3,pm=0.01,a0=0.01/h,g=0.99) SequentialSearch   old 0.6286 new 0.6286 delta 0.0
report -> /data/oliver/robot/dynamic_home_eqa/reports/baselines/exclusion_migration
exit 0
