[2cap:llm_scaffold] v22_homeschool_family done (rr 0.15)
[2cap:llm_scaffold] v22_artist_kid_family done (rr 0.10)
[2cap:llm_scaffold] v22_teacher_coach done (rr 0.26)
[2cap:llm_scaffold] v22_food_truck_owner done (rr 0.16)
[2cap:llm_scaffold] v22_twin_toddlers done (rr 0.14)
[2cap:llm_scaffold] v22_gamer_streamer done (rr 0.23)
[2cap:llm_scaffold] v22_backyard_astronomer done (rr 0.14)
[2cap:llm_scaffold] v22_reptile_keeper done (rr 0.09)
[2cap:llm_scaffold] v22_dawn_bread_baker done (rr 0.13)
[2cap:llm_scaffold] v22_elder_care done (rr 0.22)
[2cap:llm_scaffold] v22_open_water_swimmer done (rr 0.30)
[2cap:llm_scaffold] v22_plant_collector done (rr 0.21)
[2cap:llm_scaffold] v22_retiree_gardener__i1 done (rr 0.11)
[2cap:llm_scaffold] v22_toddler_home__i2 done (rr 0.13)
[2cap:llm_scaffold] v22_wfh_senior__i2 done (rr 0.16)
[2cap:llm_scaffold] v22_retiree_gardener__i2 done (rr 0.19)
[2cap:llm_scaffold] v22_toddler_home__i1 done (rr 0.27)
[2cap:llm_scaffold] v22_wfh_senior__i1 done (rr 0.06)
[2cap:llm_scaffold] v22_shift_rotator__i2 done (rr 0.12)
[2cap:llm_scaffold] v22_frequent_traveler__i1 done (rr 0.16)
[2cap:llm_scaffold] v22_frequent_traveler__i2 done (rr 0.25)
[2cap:llm_scaffold] v22_pet_heavy__i2 done (rr 0.17)
[2cap:llm_scaffold] v22_pet_heavy__i1 done (rr 0.24)
[2cap:llm_scaffold] v22_shift_rotator__i1 done (rr 0.23)
[2cap] wrote 3360 rows -> /data/oliver/robot/dynamic_home_eqa/reports/answer_or_resense/rows_llm_scaffold_conf_frozen.jsonl
