[2cap:llm_selfconf] v22_dawn_bread_baker done (rr 0.50)
[2cap:llm_selfconf] v22_gamer_streamer done (rr 0.49)
[2cap:llm_selfconf] v22_food_truck_owner done (rr 0.47)
[2cap:llm_selfconf] v22_teacher_coach done (rr 0.49)
[2cap:llm_selfconf] v22_open_water_swimmer done (rr 0.47)
[2cap:llm_selfconf] v22_twin_toddlers done (rr 0.40)
[2cap:llm_selfconf] v22_plant_collector done (rr 0.41)
[2cap:llm_selfconf] v22_reptile_keeper done (rr 0.48)
[2cap:llm_selfconf] v22_homeschool_family done (rr 0.49)
[2cap:llm_selfconf] v22_elder_care done (rr 0.46)
[2cap:llm_selfconf] v22_artist_kid_family done (rr 0.46)
[2cap:llm_selfconf] v22_backyard_astronomer done (rr 0.46)
[2cap:llm_selfconf] v22_wfh_senior__i2 done (rr 0.46)
[2cap:llm_selfconf] v22_toddler_home__i2 done (rr 0.50)
[2cap:llm_selfconf] v22_retiree_gardener__i2 done (rr 0.50)
[2cap:llm_selfconf] v22_shift_rotator__i1 done (rr 0.46)
[2cap:llm_selfconf] v22_frequent_traveler__i1 done (rr 0.50)
[2cap:llm_selfconf] v22_toddler_home__i1 done (rr 0.50)
[2cap:llm_selfconf] v22_pet_heavy__i2 done (rr 0.46)
[2cap:llm_selfconf] v22_shift_rotator__i2 done (rr 0.50)
[2cap:llm_selfconf] v22_frequent_traveler__i2 done (rr 0.50)
[2cap:llm_selfconf] v22_wfh_senior__i1 done (rr 0.49)
[2cap:llm_selfconf] v22_retiree_gardener__i1 done (rr 0.49)
[2cap:llm_selfconf] v22_pet_heavy__i1 done (rr 0.49)
[2cap] wrote 3360 rows -> /data/oliver/robot/dynamic_home_eqa/reports/answer_or_resense/rows_llm_selfconf_conf_frozen_cap200.jsonl
