=== [21:08:19] surprise level 0 (label surprise_d0) ===
[surprise:version22] v22_gamer_streamer: 4/14 days reflected (H day13=0.92)
[surprise:version22] v22_homeschool_family: 5/14 days reflected (H day13=0.75)
[surprise:version22] v22_reptile_keeper: 5/14 days reflected (H day13=1.05)
[surprise:version22] v22_plant_collector: 5/14 days reflected (H day13=1.30)
[surprise:version22] v22_elder_care: 6/14 days reflected (H day13=0.32)
[surprise:version22] v22_teacher_coach: 6/14 days reflected (H day13=0.22)
[surprise:version22] v22_backyard_astronomer: 6/14 days reflected (H day13=1.19)
[surprise:version22] v22_food_truck_owner: 7/14 days reflected (H day13=0.22)
[surprise:version22] v22_twin_toddlers: 7/14 days reflected (H day13=1.36)
[surprise:version22] v22_artist_kid_family: 7/14 days reflected (H day13=1.35)
[surprise:version22] v22_dawn_bread_baker: 10/14 days reflected (H day13=0.75)
[surprise:version22] v22_open_water_swimmer: 10/14 days reflected (H day13=1.08)
[surprise:v22] v22_artist_kid_family queries done (147)
[surprise:v22] v22_homeschool_family queries done (147)
[surprise:v22] v22_open_water_swimmer queries done (147)
[surprise:v22] v22_dawn_bread_baker queries done (147)
[surprise:v22] v22_gamer_streamer queries done (147)
[surprise:v22] v22_backyard_astronomer queries done (147)
[surprise:v22] v22_plant_collector queries done (147)
[surprise:v22] v22_reptile_keeper queries done (147)
[surprise:v22] v22_food_truck_owner queries done (147)
[surprise:v22] v22_teacher_coach queries done (147)
[surprise:v22] v22_twin_toddlers queries done (147)
[surprise:v22] v22_elder_care queries done (147)
[surprise:v22] wrote 1764 rows -> /data/oliver/robot/dynamic_home_eqa/reports/reflect/rows_surprise_v22_surprise_d0.jsonl
[surprise:v22] total reflection calls: 78 (nightly arm would be 168)
=== [21:19:08] surprise_d0 done ===
=== [21:19:08] surprise level 3 (label surprise_d3) ===
[surprise:version22] v22_gamer_streamer: 4/14 days reflected (H day13=0.54)
[surprise:version22] v22_homeschool_family: 5/14 days reflected (H day13=0.88)
[surprise:version22] v22_reptile_keeper: 5/14 days reflected (H day13=1.34)
[surprise:version22] v22_teacher_coach: 6/14 days reflected (H day13=0.54)
[surprise:version22] v22_plant_collector: 5/14 days reflected (H day13=0.54)
[surprise:version22] v22_food_truck_owner: 7/14 days reflected (H day13=0.47)
[surprise:version22] v22_backyard_astronomer: 6/14 days reflected (H day13=0.99)
[surprise:version22] v22_elder_care: 6/14 days reflected (H day13=0.56)
[surprise:version22] v22_artist_kid_family: 7/14 days reflected (H day13=1.36)
[surprise:version22] v22_twin_toddlers: 7/14 days reflected (H day13=0.92)
[surprise:version22] v22_dawn_bread_baker: 10/14 days reflected (H day13=0.32)
[surprise:version22] v22_open_water_swimmer: 10/14 days reflected (H day13=0.29)
[surprise:v22] v22_artist_kid_family queries done (147)
[surprise:v22] v22_homeschool_family queries done (147)
[surprise:v22] v22_open_water_swimmer queries done (147)
[surprise:v22] v22_dawn_bread_baker queries done (147)
[surprise:v22] v22_gamer_streamer queries done (147)
[surprise:v22] v22_backyard_astronomer queries done (147)
[surprise:v22] v22_plant_collector queries done (147)
[surprise:v22] v22_reptile_keeper queries done (147)
[surprise:v22] v22_food_truck_owner queries done (147)
[surprise:v22] v22_teacher_coach queries done (147)
[surprise:v22] v22_twin_toddlers queries done (147)
[surprise:v22] v22_elder_care queries done (147)
[surprise:v22] wrote 1764 rows -> /data/oliver/robot/dynamic_home_eqa/reports/reflect/rows_surprise_v22_surprise_d3.jsonl
[surprise:v22] total reflection calls: 78 (nightly arm would be 168)
=== [21:29:39] surprise_d3 done ===
=== [21:29:39] surprise level 6 (label surprise_d6) ===
[surprise:version22] v22_gamer_streamer: 4/14 days reflected (H day13=1.16)
[surprise:version22] v22_plant_collector: 5/14 days reflected (H day13=0.56)
[surprise:version22] v22_reptile_keeper: 5/14 days reflected (H day13=1.16)
[surprise:version22] v22_homeschool_family: 5/14 days reflected (H day13=1.36)
[surprise:version22] v22_twin_toddlers: 7/14 days reflected (H day13=0.57)
[surprise:version22] v22_elder_care: 6/14 days reflected (H day13=0.75)
[surprise:version22] v22_backyard_astronomer: 6/14 days reflected (H day13=1.30)
[surprise:version22] v22_artist_kid_family: 7/14 days reflected (H day13=1.30)
[surprise:version22] v22_teacher_coach: 6/14 days reflected (H day13=0.75)
[surprise:version22] v22_food_truck_owner: 7/14 days reflected (H day13=0.56)
[surprise:version22] v22_dawn_bread_baker: 10/14 days reflected (H day13=0.75)
[surprise:version22] v22_open_water_swimmer: 10/14 days reflected (H day13=0.33)
[surprise:v22] v22_artist_kid_family queries done (147)
[surprise:v22] v22_homeschool_family queries done (147)
[surprise:v22] v22_open_water_swimmer queries done (147)
[surprise:v22] v22_dawn_bread_baker queries done (147)
[surprise:v22] v22_gamer_streamer queries done (147)
[surprise:v22] v22_backyard_astronomer queries done (147)
[surprise:v22] v22_plant_collector queries done (147)
[surprise:v22] v22_reptile_keeper queries done (147)
[surprise:v22] v22_food_truck_owner queries done (147)
[surprise:v22] v22_teacher_coach queries done (147)
[surprise:v22] v22_twin_toddlers queries done (147)
[surprise:v22] v22_elder_care queries done (147)
[surprise:v22] wrote 1764 rows -> /data/oliver/robot/dynamic_home_eqa/reports/reflect/rows_surprise_v22_surprise_d6.jsonl
[surprise:v22] total reflection calls: 78 (nightly arm would be 168)
=== [21:41:12] surprise_d6 done ===
=== [21:41:12] surprise level 12 (label surprise_d12) ===
[surprise:version22] v22_gamer_streamer: 4/14 days reflected (H day13=0.75)
[surprise:version22] v22_homeschool_family: 5/14 days reflected (H day13=0.75)
[surprise:version22] v22_elder_care: 6/14 days reflected (H day13=0.54)
[surprise:version22] v22_plant_collector: 5/14 days reflected (H day13=0.88)
[surprise:version22] v22_backyard_astronomer: 6/14 days reflected (H day13=1.35)
[surprise:version22] v22_reptile_keeper: 5/14 days reflected (H day13=1.16)
[surprise:version22] v22_teacher_coach: 6/14 days reflected (H day13=0.72)
[surprise:version22] v22_food_truck_owner: 7/14 days reflected (H day13=0.56)
[surprise:version22] v22_artist_kid_family: 7/14 days reflected (H day13=0.88)
[surprise:version22] v22_twin_toddlers: 7/14 days reflected (H day13=0.54)
[surprise:version22] v22_dawn_bread_baker: 10/14 days reflected (H day13=0.41)
[surprise:version22] v22_open_water_swimmer: 10/14 days reflected (H day13=0.64)
[surprise:v22] v22_artist_kid_family queries done (147)
[surprise:v22] v22_homeschool_family queries done (147)
[surprise:v22] v22_open_water_swimmer queries done (147)
[surprise:v22] v22_dawn_bread_baker queries done (147)
[surprise:v22] v22_gamer_streamer queries done (147)
[surprise:v22] v22_backyard_astronomer queries done (147)
[surprise:v22] v22_plant_collector queries done (147)
[surprise:v22] v22_reptile_keeper queries done (147)
[surprise:v22] v22_food_truck_owner queries done (147)
[surprise:v22] v22_teacher_coach queries done (147)
[surprise:v22] v22_twin_toddlers queries done (147)
[surprise:v22] v22_elder_care queries done (147)
[surprise:v22] wrote 1764 rows -> /data/oliver/robot/dynamic_home_eqa/reports/reflect/rows_surprise_v22_surprise_d12.jsonl
[surprise:v22] total reflection calls: 78 (nightly arm would be 168)
=== [21:52:26] surprise_d12 done ===
SURPRISE SWEEP COMPLETE
