=== [19:14:45] distractor level 0 (label distractor_d0) ===
[reflect:version22_dev] v22dev_room_renovator memory built (H day13=0.29)
[reflect:version22_dev] v22dev_bike_courier memory built (H day13=0.29)
[reflect:version22_dev] v22dev_home_potter memory built (H day13=0.56)
[reflect:version22_dev] v22dev_knitting_host memory built (H day13=1.30)
[reflect:v22dev] v22dev_home_potter queries done (63)
[reflect:v22dev] v22dev_bike_courier queries done (63)
[reflect:v22dev] v22dev_knitting_host queries done (63)
[reflect:v22dev] v22dev_room_renovator queries done (63)
[reflect:v22dev] wrote 252 rows
[reflect:version22] v22_elder_care memory built (H day13=0.08)
[reflect:version22] v22_artist_kid_family memory built (H day13=0.29)
[reflect:version22] v22_homeschool_family memory built (H day13=0.32)
[reflect:version22] v22_backyard_astronomer memory built (H day13=0.16)
[reflect:version22] v22_gamer_streamer memory built (H day13=-0.00)
[reflect:version22] v22_open_water_swimmer memory built (H day13=0.08)
[reflect:version22] v22_teacher_coach memory built (H day13=0.32)
[reflect:version22] v22_dawn_bread_baker memory built (H day13=0.08)
[reflect:version22] v22_plant_collector memory built (H day13=0.47)
[reflect:version22] v22_food_truck_owner memory built (H day13=0.08)
[reflect:version22] v22_reptile_keeper memory built (H day13=0.28)
[reflect:version22] v22_twin_toddlers memory built (H day13=0.08)
[reflect:v22] v22_artist_kid_family queries done (294)
[reflect:v22] v22_homeschool_family queries done (294)
[reflect:v22] v22_open_water_swimmer queries done (294)
[reflect:v22] v22_dawn_bread_baker queries done (294)
[reflect:v22] v22_gamer_streamer queries done (294)
[reflect:v22] v22_backyard_astronomer queries done (294)
[reflect:v22] v22_plant_collector queries done (294)
[reflect:v22] v22_reptile_keeper queries done (294)
[reflect:v22] v22_food_truck_owner queries done (294)
[reflect:v22] v22_teacher_coach queries done (294)
[reflect:v22] v22_twin_toddlers queries done (294)
[reflect:v22] v22_elder_care queries done (294)
[reflect:v22] wrote 3528 rows
=== [19:45:58] distractor_d0 done ===
=== [19:45:58] distractor level 3 (label distractor_d3) ===
[reflect:version22_dev] v22dev_home_potter memory built (H day13=0.56)
[reflect:version22_dev] v22dev_room_renovator memory built (H day13=0.08)
[reflect:version22_dev] v22dev_knitting_host memory built (H day13=0.08)
[reflect:version22_dev] v22dev_bike_courier memory built (H day13=0.54)
[reflect:v22dev] v22dev_home_potter queries done (63)
[reflect:v22dev] v22dev_bike_courier queries done (63)
[reflect:v22dev] v22dev_knitting_host queries done (63)
[reflect:v22dev] v22dev_room_renovator queries done (63)
[reflect:v22dev] wrote 252 rows
[reflect:version22] v22_backyard_astronomer memory built (H day13=0.32)
[reflect:version22] v22_reptile_keeper memory built (H day13=0.88)
[reflect:version22] v22_plant_collector memory built (H day13=0.47)
[reflect:version22] v22_elder_care memory built (H day13=0.08)
[reflect:version22] v22_gamer_streamer memory built (H day13=0.29)
[reflect:version22] v22_dawn_bread_baker memory built (H day13=0.32)
[reflect:version22] v22_food_truck_owner memory built (H day13=0.16)
[reflect:version22] v22_twin_toddlers memory built (H day13=0.08)
[reflect:version22] v22_artist_kid_family memory built (H day13=0.75)
[reflect:version22] v22_open_water_swimmer memory built (H day13=0.29)
[reflect:version22] v22_homeschool_family memory built (H day13=0.29)
[reflect:version22] v22_teacher_coach memory built (H day13=0.32)
[reflect:v22] v22_artist_kid_family queries done (294)
[reflect:v22] v22_homeschool_family queries done (294)
[reflect:v22] v22_open_water_swimmer queries done (294)
[reflect:v22] v22_dawn_bread_baker queries done (294)
[reflect:v22] v22_gamer_streamer queries done (294)
[reflect:v22] v22_backyard_astronomer queries done (294)
[reflect:v22] v22_plant_collector queries done (294)
[reflect:v22] v22_reptile_keeper queries done (294)
[reflect:v22] v22_food_truck_owner queries done (294)
[reflect:v22] v22_teacher_coach queries done (294)
[reflect:v22] v22_twin_toddlers queries done (294)
[reflect:v22] v22_elder_care queries done (294)
[reflect:v22] wrote 3528 rows
=== [20:12:32] distractor_d3 done ===
=== [20:12:32] distractor level 6 (label distractor_d6) ===
[reflect:version22_dev] v22dev_home_potter memory built (H day13=0.72)
[reflect:version22_dev] v22dev_knitting_host memory built (H day13=0.47)
[reflect:version22_dev] v22dev_bike_courier memory built (H day13=0.32)
[reflect:version22_dev] v22dev_room_renovator memory built (H day13=0.33)
[reflect:v22dev] v22dev_home_potter queries done (63)
[reflect:v22dev] v22dev_bike_courier queries done (63)
[reflect:v22dev] v22dev_knitting_host queries done (63)
[reflect:v22dev] v22dev_room_renovator queries done (63)
[reflect:v22dev] wrote 252 rows
[reflect:version22] v22_teacher_coach memory built (H day13=0.33)
[reflect:version22] v22_backyard_astronomer memory built (H day13=0.33)
[reflect:version22] v22_elder_care memory built (H day13=0.29)
[reflect:version22] v22_open_water_swimmer memory built (H day13=0.29)
[reflect:version22] v22_plant_collector memory built (H day13=0.72)
[reflect:version22] v22_twin_toddlers memory built (H day13=0.08)
[reflect:version22] v22_food_truck_owner memory built (H day13=0.32)
[reflect:version22] v22_homeschool_family memory built (H day13=0.33)
[reflect:version22] v22_artist_kid_family memory built (H day13=-0.00)
[reflect:version22] v22_gamer_streamer memory built (H day13=0.33)
[reflect:version22] v22_dawn_bread_baker memory built (H day13=0.08)
[reflect:version22] v22_reptile_keeper memory built (H day13=0.33)
[reflect:v22] v22_artist_kid_family queries done (294)
[reflect:v22] v22_homeschool_family queries done (294)
[reflect:v22] v22_open_water_swimmer queries done (294)
[reflect:v22] v22_dawn_bread_baker queries done (294)
[reflect:v22] v22_gamer_streamer queries done (294)
[reflect:v22] v22_backyard_astronomer queries done (294)
[reflect:v22] v22_plant_collector queries done (294)
[reflect:v22] v22_reptile_keeper queries done (294)
[reflect:v22] v22_food_truck_owner queries done (294)
[reflect:v22] v22_teacher_coach queries done (294)
[reflect:v22] v22_twin_toddlers queries done (294)
[reflect:v22] v22_elder_care queries done (294)
[reflect:v22] wrote 3528 rows
=== [20:37:56] distractor_d6 done ===
=== [20:37:56] distractor level 12 (label distractor_d12) ===
[reflect:version22_dev] v22dev_room_renovator memory built (H day13=0.32)
[reflect:version22_dev] v22dev_bike_courier memory built (H day13=0.32)
[reflect:version22_dev] v22dev_home_potter memory built (H day13=0.22)
[reflect:version22_dev] v22dev_knitting_host memory built (H day13=0.08)
[reflect:v22dev] v22dev_home_potter queries done (63)
[reflect:v22dev] v22dev_bike_courier queries done (63)
[reflect:v22dev] v22dev_knitting_host queries done (63)
[reflect:v22dev] v22dev_room_renovator queries done (63)
[reflect:v22dev] wrote 252 rows
[reflect:version22] v22_teacher_coach memory built (H day13=-0.00)
[reflect:version22] v22_food_truck_owner memory built (H day13=0.16)
[reflect:version22] v22_backyard_astronomer memory built (H day13=1.08)
[reflect:version22] v22_homeschool_family memory built (H day13=0.56)
[reflect:version22] v22_dawn_bread_baker memory built (H day13=1.08)
[reflect:version22] v22_reptile_keeper memory built (H day13=0.75)
[reflect:version22] v22_artist_kid_family memory built (H day13=0.29)
[reflect:version22] v22_elder_care memory built (H day13=0.33)
[reflect:version22] v22_open_water_swimmer memory built (H day13=0.29)
[reflect:version22] v22_gamer_streamer memory built (H day13=0.88)
[reflect:version22] v22_plant_collector memory built (H day13=0.75)
[reflect:version22] v22_twin_toddlers memory built (H day13=0.16)
[reflect:v22] v22_artist_kid_family queries done (294)
[reflect:v22] v22_homeschool_family queries done (294)
[reflect:v22] v22_open_water_swimmer queries done (294)
[reflect:v22] v22_dawn_bread_baker queries done (294)
[reflect:v22] v22_gamer_streamer queries done (294)
[reflect:v22] v22_backyard_astronomer queries done (294)
[reflect:v22] v22_plant_collector queries done (294)
[reflect:v22] v22_reptile_keeper queries done (294)
[reflect:v22] v22_food_truck_owner queries done (294)
[reflect:v22] v22_teacher_coach queries done (294)
[reflect:v22] v22_twin_toddlers queries done (294)
[reflect:v22] v22_elder_care queries done (294)
[reflect:v22] wrote 3528 rows
=== [21:07:32] distractor_d12 done ===
DISTRACTOR SWEEP COMPLETE
