=== [14:25:41] v22b nightly+classical level 0 ===
[reflect:version22b] v22_toddler_home__i2 memory built (H day13=-0.00)
[reflect:version22b] v22_frequent_traveler__i2 memory built (H day13=1.35)
[reflect:version22b] v22_frequent_traveler__i1 memory built (H day13=0.54)
[reflect:version22b] v22_shift_rotator__i1 memory built (H day13=0.88)
[reflect:version22b] v22_retiree_gardener__i2 memory built (H day13=0.16)
[reflect:version22b] v22_pet_heavy__i2 memory built (H day13=0.16)
[reflect:version22b] v22_wfh_senior__i1 memory built (H day13=1.34)
[reflect:version22b] v22_retiree_gardener__i1 memory built (H day13=0.08)
[reflect:version22b] v22_shift_rotator__i2 memory built (H day13=0.08)
[reflect:version22b] v22_toddler_home__i1 memory built (H day13=0.08)
[reflect:version22b] v22_pet_heavy__i1 memory built (H day13=0.33)
[reflect:version22b] v22_wfh_senior__i2 memory built (H day13=0.29)
[reflect:v22b] v22_retiree_gardener__i1 queries done (294)
[reflect:v22b] v22_retiree_gardener__i2 queries done (294)
[reflect:v22b] v22_wfh_senior__i1 queries done (294)
[reflect:v22b] v22_wfh_senior__i2 queries done (294)
[reflect:v22b] v22_toddler_home__i1 queries done (294)
[reflect:v22b] v22_toddler_home__i2 queries done (294)
[reflect:v22b] v22_pet_heavy__i1 queries done (294)
[reflect:v22b] v22_pet_heavy__i2 queries done (294)
[reflect:v22b] v22_shift_rotator__i1 queries done (294)
[reflect:v22b] v22_shift_rotator__i2 queries done (294)
[reflect:v22b] v22_frequent_traveler__i1 queries done (294)
[reflect:v22b] v22_frequent_traveler__i2 queries done (294)
[reflect:v22b] wrote 3528 rows
=== [14:46:44] v22b surprise level 0 ===
[surprise:version22b] v22_frequent_traveler__i2: 4/14 days reflected (H day13=1.16)
[surprise:version22b] v22_pet_heavy__i1: 5/14 days reflected (H day13=0.72)
[surprise:version22b] v22_toddler_home__i1: 6/14 days reflected (H day13=-0.00)
[surprise:version22b] v22_toddler_home__i2: 6/14 days reflected (H day13=0.29)
[surprise:version22b] v22_frequent_traveler__i1: 6/14 days reflected (H day13=1.41)
[surprise:version22b] v22_pet_heavy__i2: 6/14 days reflected (H day13=0.29)
[surprise:version22b] v22_shift_rotator__i1: 5/14 days reflected (H day13=0.88)
[surprise:version22b] v22_retiree_gardener__i1: 6/14 days reflected (H day13=1.16)
[surprise:version22b] v22_wfh_senior__i2: 8/14 days reflected (H day13=0.72)
[surprise:version22b] v22_retiree_gardener__i2: 8/14 days reflected (H day13=0.72)
[surprise:version22b] v22_wfh_senior__i1: 8/14 days reflected (H day13=0.56)
[surprise:version22b] v22_shift_rotator__i2: 10/14 days reflected (H day13=0.88)
[surprise:v22b] v22_retiree_gardener__i1 queries done (147)
[surprise:v22b] v22_retiree_gardener__i2 queries done (147)
[surprise:v22b] v22_wfh_senior__i1 queries done (147)
[surprise:v22b] v22_wfh_senior__i2 queries done (147)
[surprise:v22b] v22_toddler_home__i1 queries done (147)
[surprise:v22b] v22_toddler_home__i2 queries done (147)
[surprise:v22b] v22_pet_heavy__i1 queries done (147)
[surprise:v22b] v22_pet_heavy__i2 queries done (147)
[surprise:v22b] v22_shift_rotator__i1 queries done (147)
[surprise:v22b] v22_shift_rotator__i2 queries done (147)
[surprise:v22b] v22_frequent_traveler__i1 queries done (147)
[surprise:v22b] v22_frequent_traveler__i2 queries done (147)
[surprise:v22b] wrote 1764 rows -> /data/oliver/robot/dynamic_home_eqa/reports/reflect/rows_surprise_v22b_surprise_d0.jsonl
[surprise:v22b] total reflection calls: 78 (nightly arm would be 168)
=== [14:56:07] v22b level 0 done ===
=== [14:56:07] v22b nightly+classical level 3 ===
[reflect:version22b] v22_frequent_traveler__i2 memory built (H day13=0.32)
[reflect:version22b] v22_shift_rotator__i2 memory built (H day13=0.08)
[reflect:version22b] v22_pet_heavy__i2 memory built (H day13=0.32)
[reflect:version22b] v22_shift_rotator__i1 memory built (H day13=0.08)
[reflect:version22b] v22_wfh_senior__i1 memory built (H day13=0.08)
[reflect:version22b] v22_retiree_gardener__i2 memory built (H day13=0.29)
[reflect:version22b] v22_toddler_home__i1 memory built (H day13=0.08)
[reflect:version22b] v22_retiree_gardener__i1 memory built (H day13=0.08)
[reflect:version22b] v22_frequent_traveler__i1 memory built (H day13=0.33)
[reflect:version22b] v22_toddler_home__i2 memory built (H day13=0.16)
[reflect:version22b] v22_pet_heavy__i1 memory built (H day13=0.22)
[reflect:version22b] v22_wfh_senior__i2 memory built (H day13=0.32)
[reflect:v22b] v22_retiree_gardener__i1 queries done (294)
[reflect:v22b] v22_retiree_gardener__i2 queries done (294)
[reflect:v22b] v22_wfh_senior__i1 queries done (294)
[reflect:v22b] v22_wfh_senior__i2 queries done (294)
[reflect:v22b] v22_toddler_home__i1 queries done (294)
[reflect:v22b] v22_toddler_home__i2 queries done (294)
[reflect:v22b] v22_pet_heavy__i1 queries done (294)
[reflect:v22b] v22_pet_heavy__i2 queries done (294)
[reflect:v22b] v22_shift_rotator__i1 queries done (294)
[reflect:v22b] v22_shift_rotator__i2 queries done (294)
[reflect:v22b] v22_frequent_traveler__i1 queries done (294)
[reflect:v22b] v22_frequent_traveler__i2 queries done (294)
[reflect:v22b] wrote 3528 rows
=== [15:16:57] v22b surprise level 3 ===
[surprise:version22b] v22_frequent_traveler__i2: 4/14 days reflected (H day13=0.88)
[surprise:version22b] v22_frequent_traveler__i1: 6/14 days reflected (H day13=0.88)
[surprise:version22b] v22_pet_heavy__i1: 5/14 days reflected (H day13=0.72)
[surprise:version22b] v22_shift_rotator__i1: 5/14 days reflected (H day13=0.54)
[surprise:version22b] v22_pet_heavy__i2: 6/14 days reflected (H day13=0.72)
[surprise:version22b] v22_toddler_home__i1: 6/14 days reflected (H day13=0.09)
[surprise:version22b] v22_retiree_gardener__i1: 6/14 days reflected (H day13=0.14)
[surprise:version22b] v22_toddler_home__i2: 6/14 days reflected (H day13=0.28)
[surprise:version22b] v22_retiree_gardener__i2: 8/14 days reflected (H day13=1.30)
[surprise:version22b] v22_wfh_senior__i2: 8/14 days reflected (H day13=0.29)
[surprise:version22b] v22_wfh_senior__i1: 8/14 days reflected (H day13=0.75)
[surprise:version22b] v22_shift_rotator__i2: 10/14 days reflected (H day13=0.56)
[surprise:v22b] v22_retiree_gardener__i1 queries done (147)
[surprise:v22b] v22_retiree_gardener__i2 queries done (147)
[surprise:v22b] v22_wfh_senior__i1 queries done (147)
[surprise:v22b] v22_wfh_senior__i2 queries done (147)
[surprise:v22b] v22_toddler_home__i1 queries done (147)
[surprise:v22b] v22_toddler_home__i2 queries done (147)
[surprise:v22b] v22_pet_heavy__i1 queries done (147)
[surprise:v22b] v22_pet_heavy__i2 queries done (147)
[surprise:v22b] v22_shift_rotator__i1 queries done (147)
[surprise:v22b] v22_shift_rotator__i2 queries done (147)
[surprise:v22b] v22_frequent_traveler__i1 queries done (147)
[surprise:v22b] v22_frequent_traveler__i2 queries done (147)
[surprise:v22b] wrote 1764 rows -> /data/oliver/robot/dynamic_home_eqa/reports/reflect/rows_surprise_v22b_surprise_d3.jsonl
[surprise:v22b] total reflection calls: 78 (nightly arm would be 168)
=== [15:28:32] v22b level 3 done ===
=== [15:28:32] v22b nightly+classical level 6 ===
[reflect:version22b] v22_frequent_traveler__i1 memory built (H day13=-0.00)
[reflect:version22b] v22_pet_heavy__i2 memory built (H day13=0.08)
[reflect:version22b] v22_retiree_gardener__i1 memory built (H day13=0.32)
[reflect:version22b] v22_shift_rotator__i1 memory built (H day13=0.54)
[reflect:version22b] v22_pet_heavy__i1 memory built (H day13=0.08)
[reflect:version22b] v22_wfh_senior__i2 memory built (H day13=0.32)
[reflect:version22b] v22_toddler_home__i1 memory built (H day13=0.08)
[reflect:version22b] v22_toddler_home__i2 memory built (H day13=0.08)
[reflect:version22b] v22_wfh_senior__i1 memory built (H day13=0.29)
[reflect:version22b] v22_frequent_traveler__i2 memory built (H day13=0.32)
[reflect:version22b] v22_shift_rotator__i2 memory built (H day13=0.16)
[reflect:version22b] v22_retiree_gardener__i2 memory built (H day13=0.16)
[reflect:v22b] v22_retiree_gardener__i1 queries done (294)
[reflect:v22b] v22_retiree_gardener__i2 queries done (294)
[reflect:v22b] v22_wfh_senior__i1 queries done (294)
[reflect:v22b] v22_wfh_senior__i2 queries done (294)
[reflect:v22b] v22_toddler_home__i1 queries done (294)
[reflect:v22b] v22_toddler_home__i2 queries done (294)
[reflect:v22b] v22_pet_heavy__i1 queries done (294)
[reflect:v22b] v22_pet_heavy__i2 queries done (294)
[reflect:v22b] v22_shift_rotator__i1 queries done (294)
[reflect:v22b] v22_shift_rotator__i2 queries done (294)
[reflect:v22b] v22_frequent_traveler__i1 queries done (294)
[reflect:v22b] v22_frequent_traveler__i2 queries done (294)
[reflect:v22b] wrote 3528 rows
=== [15:48:28] v22b surprise level 6 ===
[surprise:version22b] v22_frequent_traveler__i2: 4/14 days reflected (H day13=1.16)
[surprise:version22b] v22_shift_rotator__i1: 5/14 days reflected (H day13=1.30)
[surprise:version22b] v22_pet_heavy__i1: 5/14 days reflected (H day13=0.29)
[surprise:version22b] v22_frequent_traveler__i1: 6/14 days reflected (H day13=0.75)
[surprise:version22b] v22_retiree_gardener__i1: 6/14 days reflected (H day13=0.33)
[surprise:version22b] v22_toddler_home__i1: 6/14 days reflected (H day13=0.54)
[surprise:version22b] v22_toddler_home__i2: 6/14 days reflected (H day13=0.09)
[surprise:version22b] v22_wfh_senior__i1: 8/14 days reflected (H day13=0.56)
[surprise:version22b] v22_pet_heavy__i2: 6/14 days reflected (H day13=1.30)
[surprise:version22b] v22_retiree_gardener__i2: 8/14 days reflected (H day13=1.30)
[surprise:version22b] v22_wfh_senior__i2: 8/14 days reflected (H day13=0.54)
[surprise:version22b] v22_shift_rotator__i2: 10/14 days reflected (H day13=0.56)
[surprise:v22b] v22_retiree_gardener__i1 queries done (147)
[surprise:v22b] v22_retiree_gardener__i2 queries done (147)
[surprise:v22b] v22_wfh_senior__i1 queries done (147)
[surprise:v22b] v22_wfh_senior__i2 queries done (147)
[surprise:v22b] v22_toddler_home__i1 queries done (147)
[surprise:v22b] v22_toddler_home__i2 queries done (147)
[surprise:v22b] v22_pet_heavy__i1 queries done (147)
[surprise:v22b] v22_pet_heavy__i2 queries done (147)
[surprise:v22b] v22_shift_rotator__i1 queries done (147)
[surprise:v22b] v22_shift_rotator__i2 queries done (147)
[surprise:v22b] v22_frequent_traveler__i1 queries done (147)
[surprise:v22b] v22_frequent_traveler__i2 queries done (147)
[surprise:v22b] wrote 1764 rows -> /data/oliver/robot/dynamic_home_eqa/reports/reflect/rows_surprise_v22b_surprise_d6.jsonl
[surprise:v22b] total reflection calls: 78 (nightly arm would be 168)
=== [16:00:00] v22b level 6 done ===
=== [16:00:00] v22b nightly+classical level 12 ===
[reflect:version22b] v22_pet_heavy__i2 memory built (H day13=-0.00)
[reflect:version22b] v22_frequent_traveler__i1 memory built (H day13=0.08)
[reflect:version22b] v22_wfh_senior__i2 memory built (H day13=0.29)
[reflect:version22b] v22_retiree_gardener__i2 memory built (H day13=0.33)
[reflect:version22b] v22_wfh_senior__i1 memory built (H day13=0.32)
[reflect:version22b] v22_pet_heavy__i1 memory built (H day13=0.08)
[reflect:version22b] v22_toddler_home__i2 memory built (H day13=0.32)
[reflect:version22b] v22_retiree_gardener__i1 memory built (H day13=0.54)
[reflect:version22b] v22_shift_rotator__i2 memory built (H day13=-0.00)
[reflect:version22b] v22_toddler_home__i1 memory built (H day13=0.16)
[reflect:version22b] v22_frequent_traveler__i2 memory built (H day13=0.61)
[reflect:version22b] v22_shift_rotator__i1 memory built (H day13=0.88)
[reflect:v22b] v22_retiree_gardener__i1 queries done (294)
[reflect:v22b] v22_retiree_gardener__i2 queries done (294)
[reflect:v22b] v22_wfh_senior__i1 queries done (294)
[reflect:v22b] v22_wfh_senior__i2 queries done (294)
[reflect:v22b] v22_toddler_home__i1 queries done (294)
[reflect:v22b] v22_toddler_home__i2 queries done (294)
[reflect:v22b] v22_pet_heavy__i1 queries done (294)
[reflect:v22b] v22_pet_heavy__i2 queries done (294)
[reflect:v22b] v22_shift_rotator__i1 queries done (294)
[reflect:v22b] v22_shift_rotator__i2 queries done (294)
[reflect:v22b] v22_frequent_traveler__i1 queries done (294)
[reflect:v22b] v22_frequent_traveler__i2 queries done (294)
[reflect:v22b] wrote 3528 rows
=== [16:21:11] v22b surprise level 12 ===
[surprise:version22b] v22_frequent_traveler__i2: 4/14 days reflected (H day13=1.16)
[surprise:version22b] v22_pet_heavy__i1: 5/14 days reflected (H day13=0.88)
[surprise:version22b] v22_toddler_home__i1: 6/14 days reflected (H day13=0.14)
[surprise:version22b] v22_shift_rotator__i1: 5/14 days reflected (H day13=0.88)
[surprise:version22b] v22_frequent_traveler__i1: 6/14 days reflected (H day13=1.16)
[surprise:version22b] v22_pet_heavy__i2: 6/14 days reflected (H day13=0.99)
[surprise:version22b] v22_toddler_home__i2: 6/14 days reflected (H day13=0.27)
[surprise:version22b] v22_retiree_gardener__i1: 6/14 days reflected (H day13=1.16)
[surprise:version22b] v22_wfh_senior__i1: 8/14 days reflected (H day13=0.75)
[surprise:version22b] v22_retiree_gardener__i2: 8/14 days reflected (H day13=0.88)
[surprise:version22b] v22_wfh_senior__i2: 8/14 days reflected (H day13=1.30)
[surprise:version22b] v22_shift_rotator__i2: 10/14 days reflected (H day13=1.41)
[surprise:v22b] v22_retiree_gardener__i1 queries done (147)
[surprise:v22b] v22_retiree_gardener__i2 queries done (147)
[surprise:v22b] v22_wfh_senior__i1 queries done (147)
[surprise:v22b] v22_wfh_senior__i2 queries done (147)
[surprise:v22b] v22_toddler_home__i1 queries done (147)
[surprise:v22b] v22_toddler_home__i2 queries done (147)
[surprise:v22b] v22_pet_heavy__i1 queries done (147)
[surprise:v22b] v22_pet_heavy__i2 queries done (147)
[surprise:v22b] v22_shift_rotator__i1 queries done (147)
[surprise:v22b] v22_shift_rotator__i2 queries done (147)
[surprise:v22b] v22_frequent_traveler__i1 queries done (147)
[surprise:v22b] v22_frequent_traveler__i2 queries done (147)
[surprise:v22b] wrote 1764 rows -> /data/oliver/robot/dynamic_home_eqa/reports/reflect/rows_surprise_v22b_surprise_d12.jsonl
[surprise:v22b] total reflection calls: 78 (nightly arm would be 168)
=== [16:32:13] v22b level 12 done ===
V22B SWEEPS COMPLETE
