  d1q10 greedy nightstand_b1 (0.85) agree 0.80 token 0.00 truth desk_o1 no
  d2q04 greedy desk_o1 (0.85) agree 1.00 token 0.00 truth desk_o1 OK
  d2q14 greedy sink_k1 (0.85) agree 0.80 token 0.00 truth counter_k1 no
  d3q08 greedy desk_o1 (0.95) agree 1.00 token 0.00 truth desk_o1 OK
  d4q02 greedy desk_o1 (0.95) agree 1.00 token 0.00 truth desk_o1 OK
  d4q12 greedy desk_o1 (0.95) agree 1.00 token 0.00 truth desk_o1 OK
  d5q06 greedy desk_o1 (0.85) agree 1.00 token 0.00 truth desk_o1 OK
  d5q16 greedy dining_table_d1 (0.85) agree 0.20 token 0.00 truth dining_table_d1 OK
  d6q10 greedy desk_o1 (0.85) agree 1.00 token 0.00 truth desk_o1 OK
  d7q04 greedy desk_o1 (0.95) agree 1.00 token 0.00 truth desk_o1 OK
  d7q14 greedy desk_o1 (0.95) agree 1.00 token 0.00 truth desk_o1 OK
  d8q08 greedy desk_o1 (0.95) agree 1.00 token 0.00 truth desk_o1 OK
  d9q02 greedy desk_o1 (0.95) agree 1.00 token 0.00 truth desk_o1 OK
  d9q12 greedy desk_o1 (0.95) agree 1.00 token 0.00 truth desk_o1 OK
  d10q06 greedy desk_o1 (0.95) agree 1.00 token 0.00 truth desk_o1 OK
  d10q16 greedy desk_o1 (0.85) agree 0.40 token 0.00 truth dish_rack_k1 no
  d11q10 greedy desk_o1 (0.95) agree 1.00 token 0.00 truth desk_o1 OK
  d12q04 greedy desk_o1 (0.85) agree 1.00 token 0.00 truth desk_o1 OK
  d12q14 greedy dining_table_d1 (0.85) agree 0.80 token 0.00 truth dining_table_d1 OK
  d13q08 greedy desk_o1 (0.95) agree 1.00 token 0.00 truth desk_o1 OK
  d14q02 greedy dish_rack_k1 (0.95) agree 0.60 token 0.00 truth coffee_table_l1 no
  d14q12 greedy coffee_table_l1 (0.95) agree 1.00 token 0.00 truth coffee_table_l1 OK
  d15q06 greedy coffee_table_l1 (0.85) agree 0.40 token 0.00 truth coffee_table_l1 OK
  d15q16 greedy nightstand_b1 (0.9) agree 0.60 token 0.00 truth nightstand_b1 OK
  d16q10 greedy coffee_table_l1 (0.95) agree 1.00 token 0.00 truth coffee_table_l1 OK
  d17q04 greedy coffee_table_l1 (0.9) agree 1.00 token 0.00 truth coffee_table_l1 OK
  d17q14 greedy coffee_table_l1 (0.95) agree 0.60 token 0.00 truth coffee_table_l1 OK
  d18q08 greedy coffee_table_l1 (0.85) agree 0.60 token 0.00 truth coffee_table_l1 OK
  d19q02 greedy couch_l1 (0.65) agree 0.80 token 0.00 truth coffee_table_l1 no
  d19q12 greedy coffee_table_l1 (0.95) agree 0.80 token 0.00 truth dining_table_d1 no
  d20q06 greedy coffee_table_l1 (0.95) agree 1.00 token 0.00 truth coffee_table_l1 OK
  d20q16 greedy nightstand_b1 (0.85) agree 0.80 token 0.00 truth armchair_l1 no
