  hh_s2_t03 memory-guided  the log onl day  0 | 0 q | found 0 | rooms 0 | place 0/0 | 0s
  hh_s2_t03 memory-guided  the log onl day  1 | 8 q | found 7 | rooms 13 | place 8/8 | 81s
  hh_s2_t03 memory-guided  the log onl day  2 | 8 q | found 8 | rooms 9 | place 8/8 | 129s
  hh_s2_t03 memory-guided  the log onl day  3 | 8 q | found 8 | rooms 10 | place 8/8 | 177s
  hh_s2_t03 memory-guided  the log onl day  4 | 8 q | found 7 | rooms 12 | place 7/8 | 250s
  hh_s2_t03 memory-guided  the log onl day  5 | 8 q | found 7 | rooms 10 | place 8/8 | 315s
  hh_s2_t03 memory-guided  the log onl day  6 | 8 q | found 8 | rooms 9 | place 8/8 | 355s
  hh_s2_t03 memory-guided  the log onl day  7 | 8 q | found 7 | rooms 12 | place 7/8 | 440s
  hh_s2_t03 memory-guided  the log onl day  8 | 8 q | found 8 | rooms 8 | place 8/8 | 478s
  hh_s2_t03 memory-guided  the log onl day  9 | 8 q | found 8 | rooms 8 | place 8/8 | 527s
  hh_s2_t03 memory-guided  the log onl day 10 | 8 q | found 8 | rooms 8 | place 8/8 | 573s
  hh_s2_t03 memory-guided  the log onl day 11 | 8 q | found 8 | rooms 8 | place 8/8 | 615s
  hh_s2_t03 memory-guided  the log onl day 12 | 8 q | found 7 | rooms 10 | place 8/8 | 690s
  hh_s2_t03 memory-guided  the log onl day 13 | 8 q | found 8 | rooms 8 | place 8/8 | 732s
  hh_s2_t03 memory-guided  the log onl day 14 | 8 q | found 7 | rooms 13 | place 7/8 | 838s
  hh_s2_t03 memory-guided  the log onl day 15 | 8 q | found 8 | rooms 8 | place 8/8 | 883s
  hh_s2_t03 memory-guided  the log onl day 16 | 8 q | found 7 | rooms 12 | place 7/8 | 976s
  hh_s2_t03 memory-guided  the log onl day 17 | 8 q | found 8 | rooms 8 | place 8/8 | 1021s
  hh_s2_t03 memory-guided  the log onl day 18 | 8 q | found 8 | rooms 10 | place 8/8 | 1084s
  hh_s2_t03 memory-guided  the log onl day 19 | 8 q | found 8 | rooms 8 | place 8/8 | 1134s
  hh_s2_t03 memory-guided  the log onl day 20 | 8 q | found 8 | rooms 10 | place 8/8 | 1204s
  hh_s2_t03 memory-guided  the log onl day 21 | 8 q | found 8 | rooms 8 | place 8/8 | 1250s
  hh_s2_t03 memory-guided  the log onl day 22 | 8 q | found 8 | rooms 8 | place 8/8 | 1294s
  hh_s2_t03 memory-guided  the log onl day 23 | 8 q | found 8 | rooms 10 | place 8/8 | 1363s
  hh_s2_t03 memory-guided  the log onl day 24 | 8 q | found 8 | rooms 12 | place 8/8 | 1448s
  hh_s2_t03 memory-guided  the log onl day 25 | 8 q | found 8 | rooms 9 | place 8/8 | 1503s
  hh_s2_t03 memory-guided  the log onl day 26 | 8 q | found 8 | rooms 8 | place 8/8 | 1551s
  hh_s2_t03 memory-guided  the log onl day 27 | 8 q | found 7 | rooms 10 | place 8/8 | 1621s
  hh_s2_t03 memory-guided  the log onl day 28 | 8 q | found 8 | rooms 8 | place 8/8 | 1661s
  hh_s2_t03 memory-guided  the log onl day 29 | 8 q | found 8 | rooms 8 | place 8/8 | 1715s
  hh_s2_t03 memory-guided  the log onl day 30 | 8 q | found 8 | rooms 8 | place 8/8 | 1761s
  hh_s2_t03 memory-guided  the log onl day 31 | 8 q | found 8 | rooms 9 | place 8/8 | 1818s

{
 "arm": "log only, no notes",
 "how_memory_is_written": "the log only, no notes",
 "sensing_arm": "memory-guided search",
 "household": "hh_s2_t03",
 "bank": "results/self_improve/varied_homes/ten_homes/banks/hh_s2_t03.jsonl",
 "read_budget_lines": null,
 "name_the_objects_it_will_be_quizzed_on_in_the_header": false,
 "n_questions_where_the_read_budget_bit": 0,
 "n_nights_whose_completion_did_not_parse": 0,
 "nights_that_changed_the_memory_not_at_all": [
  0,
  1,
  2,
  3,
  4,
  5,
  6,
  7,
  8,
  9,
  10,
  11,
  12,
  13,
  14,
  15,
  16,
  17,
  18,
  19,
  20,
  21,
  22,
  23,
  24,
  25,
  26,
  27,
  28,
  29,
  30,
  31
 ],
 "n_nights_that_changed_the_memory_not_at_all": 32,
 "n_nights_whose_report_cannot_say": 0,
 "this_arm_can_be_refused_for_a_silent_night": false,
 "nights_whose_call_failed": [],
 "exclude_these_days_from_accuracy": [],
 "questions_per_day": 8,
 "questions_per_day_in_the_header": 8,
 "n_model_calls_timed": 300,
 "seconds": 1818.3,
 "at": "2026-10-01T00:25:20-07:00"
}
{
 "n_questions_asked": 248,
 "n_questions_scored": 248,
 "n_unparsed": 0,
 "share_correct_place": 0.9838709677419355,
 "share_correct_room": 0.9838709677419355,
 "share_found_within_budget": 0.967741935483871,
 "mean_rooms_opened_per_question": 1.1774193548387097,
 "share_correct_place_movers": 0.9710144927536232,
 "share_correct_place_non_movers": 1.0,
 "n_choice_calls_that_failed": 0,
 "share_of_answers_naming_a_room_the_search_had_ruled_out": 0.125,
 "the_three_way_error_split": {
  "n_errors": 4,
  "never saw the object there": 4,
  "saw it there once and did not record it": 0,
  "saw it there repeatedly and did not record it": 0,
  "share_never_saw_it": 1.0
 },
 "observation": {
  "total_room_visits": 292,
  "mean_room_visits_per_day": 9.125,
  "mean_distinct_rooms_per_day": 3.90625,
  "mean_distinct_objects_per_day": 33.75,
  "mean_distinct_asked_about_objects_per_day": 8.5,
  "n_distinct_objects_ever_observed": 68,
  "n_distinct_asked_about_objects_ever_observed": 11
 }
}
model calls 300, cache hits 0
