  hh_s20_t03 memory-guided  the log and day  0 | 0 q | found 0 | rooms 0 | place 0/0 | 1s
  hh_s20_t03 memory-guided  the log and day  1 | 8 q | found 5 | rooms 16 | place 6/8 | 81s
  hh_s20_t03 memory-guided  the log and day  2 | 8 q | found 8 | rooms 10 | place 8/8 | 220s
  hh_s20_t03 memory-guided  the log and day  3 | 8 q | found 7 | rooms 10 | place 7/8 | 346s
  hh_s20_t03 memory-guided  the log and day  4 | 8 q | found 6 | rooms 15 | place 8/8 | 549s
  hh_s20_t03 memory-guided  the log and day  5 | 8 q | found 7 | rooms 14 | place 8/8 | 772s
  hh_s20_t03 memory-guided  the log and day  6 | 8 q | found 8 | rooms 8 | place 8/8 | 874s
  hh_s20_t03 memory-guided  the log and day  7 | 8 q | found 7 | rooms 11 | place 7/8 | 1044s
  hh_s20_t03 memory-guided  the log and day  8 | 8 q | found 8 | rooms 8 | place 8/8 | 1095s
  hh_s20_t03 memory-guided  the log and day  9 | 8 q | found 8 | rooms 11 | place 8/8 | 1176s
  hh_s20_t03 memory-guided  the log and day 10 | 8 q | found 8 | rooms 9 | place 8/8 | 1239s
  hh_s20_t03 memory-guided  the log and day 11 | 8 q | found 8 | rooms 9 | place 8/8 | 1332s
  hh_s20_t03 memory-guided  the log and day 12 | 8 q | found 8 | rooms 10 | place 8/8 | 1411s
  hh_s20_t03 memory-guided  the log and day 13 | 8 q | found 8 | rooms 9 | place 8/8 | 1465s
  hh_s20_t03 memory-guided  the log and day 14 | 8 q | found 5 | rooms 16 | place 5/8 | 1626s
  hh_s20_t03 memory-guided  the log and day 15 | 8 q | found 7 | rooms 13 | place 7/8 | 1735s
  hh_s20_t03 memory-guided  the log and day 16 | 8 q | found 8 | rooms 9 | place 8/8 | 1787s
  hh_s20_t03 memory-guided  the log and day 17 | 8 q | found 8 | rooms 8 | place 8/8 | 1835s
  hh_s20_t03 memory-guided  the log and day 18 | 8 q | found 8 | rooms 8 | place 8/8 | 1884s
  hh_s20_t03 memory-guided  the log and day 19 | 8 q | found 8 | rooms 8 | place 8/8 | 2052s
  hh_s20_t03 memory-guided  the log and day 20 | 8 q | found 8 | rooms 8 | place 8/8 | 2115s
  hh_s20_t03 memory-guided  the log and day 21 | 8 q | found 8 | rooms 8 | place 8/8 | 2174s
  hh_s20_t03 memory-guided  the log and day 22 | 8 q | found 7 | rooms 10 | place 8/8 | 2276s
  hh_s20_t03 memory-guided  the log and day 23 | 8 q | found 8 | rooms 10 | place 8/8 | 2483s
  hh_s20_t03 memory-guided  the log and day 24 | 8 q | found 8 | rooms 11 | place 8/8 | 2706s
  hh_s20_t03 memory-guided  the log and day 25 | 8 q | found 8 | rooms 9 | place 8/8 | 2763s
  hh_s20_t03 memory-guided  the log and day 26 | 8 q | found 8 | rooms 8 | place 8/8 | 2942s
  hh_s20_t03 memory-guided  the log and day 27 | 8 q | found 8 | rooms 8 | place 8/8 | 3063s
  hh_s20_t03 memory-guided  the log and day 28 | 8 q | found 8 | rooms 8 | place 8/8 | 3127s
  hh_s20_t03 memory-guided  the log and day 29 | 8 q | found 8 | rooms 9 | place 8/8 | 3264s
  hh_s20_t03 memory-guided  the log and day 30 | 8 q | found 8 | rooms 8 | place 8/8 | 3324s
  hh_s20_t03 memory-guided  the log and day 31 | 8 q | found 8 | rooms 8 | place 8/8 | 3382s

{
 "arm": "the log and notes about the routine",
 "how_memory_is_written": "the log and notes about the routine",
 "sensing_arm": "memory-guided search",
 "household": "hh_s20_t03",
 "bank": "results/self_improve/varied_homes/ten_homes/banks/hh_s20_t03.jsonl",
 "read_budget_lines": null,
 "name_the_objects_it_will_be_quizzed_on_in_the_header": false,
 "n_questions_where_the_read_budget_bit": 0,
 "n_nights_whose_completion_did_not_parse": 0,
 "nights_that_changed_the_memory_not_at_all": [],
 "n_nights_that_changed_the_memory_not_at_all": 0,
 "n_nights_whose_report_cannot_say": 0,
 "this_arm_can_be_refused_for_a_silent_night": false,
 "nights_whose_call_failed": [],
 "exclude_these_days_from_accuracy": [],
 "questions_per_day": 8,
 "questions_per_day_in_the_header": 8,
 "n_model_calls_timed": 352,
 "seconds": 3382.3,
 "at": "2026-09-30T23:49:44-07:00"
}
{
 "n_questions_asked": 248,
 "n_questions_scored": 248,
 "n_unparsed": 0,
 "share_correct_place": 0.967741935483871,
 "share_correct_room": 0.967741935483871,
 "share_found_within_budget": 0.9475806451612904,
 "mean_rooms_opened_per_question": 1.2379032258064515,
 "share_correct_place_movers": 0.9575757575757575,
 "share_correct_place_non_movers": 0.9879518072289156,
 "n_choice_calls_that_failed": 0,
 "share_of_answers_naming_a_room_the_search_had_ruled_out": 0.0,
 "the_three_way_error_split": {
  "n_errors": 8,
  "never saw the object there": 8,
  "saw it there once and did not record it": 0,
  "saw it there repeatedly and did not record it": 0,
  "share_never_saw_it": 1.0
 },
 "observation": {
  "total_room_visits": 307,
  "mean_room_visits_per_day": 9.59375,
  "mean_distinct_rooms_per_day": 4.0625,
  "mean_distinct_objects_per_day": 40.71875,
  "mean_distinct_asked_about_objects_per_day": 12.40625,
  "n_distinct_objects_ever_observed": 67,
  "n_distinct_asked_about_objects_ever_observed": 16
 }
}
model calls 333, cache hits 19
