  hh_s19_t03 memory-guided  the log and day  0 | 0 q | found 0 | rooms 0 | place 0/0 | 1s
  hh_s19_t03 memory-guided  the log and day  1 | 8 q | found 7 | rooms 11 | place 7/8 | 88s
  hh_s19_t03 memory-guided  the log and day  2 | 8 q | found 8 | rooms 10 | place 8/8 | 189s
  hh_s19_t03 memory-guided  the log and day  3 | 8 q | found 8 | rooms 9 | place 8/8 | 414s
  hh_s19_t03 memory-guided  the log and day  4 | 8 q | found 7 | rooms 12 | place 8/8 | 663s
  hh_s19_t03 memory-guided  the log and day  5 | 8 q | found 8 | rooms 8 | place 8/8 | 711s
  hh_s19_t03 memory-guided  the log and day  6 | 8 q | found 8 | rooms 8 | place 8/8 | 755s
  hh_s19_t03 memory-guided  the log and day  7 | 8 q | found 8 | rooms 8 | place 8/8 | 804s
  hh_s19_t03 memory-guided  the log and day  8 | 8 q | found 8 | rooms 8 | place 8/8 | 855s
  hh_s19_t03 memory-guided  the log and day  9 | 8 q | found 7 | rooms 12 | place 7/8 | 962s
  hh_s19_t03 memory-guided  the log and day 10 | 8 q | found 8 | rooms 9 | place 8/8 | 1018s
  hh_s19_t03 memory-guided  the log and day 11 | 8 q | found 8 | rooms 8 | place 8/8 | 1069s
  hh_s19_t03 memory-guided  the log and day 12 | 8 q | found 8 | rooms 9 | place 8/8 | 1123s
  hh_s19_t03 memory-guided  the log and day 13 | 8 q | found 8 | rooms 8 | place 8/8 | 1172s
  hh_s19_t03 memory-guided  the log and day 14 | 8 q | found 8 | rooms 9 | place 8/8 | 1229s
  hh_s19_t03 memory-guided  the log and day 15 | 8 q | found 8 | rooms 8 | place 8/8 | 1277s
  hh_s19_t03 memory-guided  the log and day 16 | 8 q | found 8 | rooms 9 | place 8/8 | 1330s
  hh_s19_t03 memory-guided  the log and day 17 | 8 q | found 8 | rooms 8 | place 8/8 | 1379s
  hh_s19_t03 memory-guided  the log and day 18 | 8 q | found 8 | rooms 8 | place 8/8 | 1430s
  hh_s19_t03 memory-guided  the log and day 19 | 8 q | found 8 | rooms 10 | place 8/8 | 1495s
  hh_s19_t03 memory-guided  the log and day 20 | 8 q | found 8 | rooms 9 | place 8/8 | 1607s
  hh_s19_t03 memory-guided  the log and day 21 | 8 q | found 8 | rooms 9 | place 8/8 | 1839s
  hh_s19_t03 memory-guided  the log and day 22 | 8 q | found 8 | rooms 9 | place 8/8 | 2025s
  hh_s19_t03 memory-guided  the log and day 23 | 8 q | found 8 | rooms 8 | place 8/8 | 2077s
  hh_s19_t03 memory-guided  the log and day 24 | 8 q | found 8 | rooms 11 | place 8/8 | 2323s
  hh_s19_t03 memory-guided  the log and day 25 | 8 q | found 8 | rooms 8 | place 8/8 | 2378s
  hh_s19_t03 memory-guided  the log and day 26 | 8 q | found 8 | rooms 9 | place 8/8 | 2587s
  hh_s19_t03 memory-guided  the log and day 27 | 8 q | found 8 | rooms 8 | place 8/8 | 2774s
  hh_s19_t03 memory-guided  the log and day 28 | 8 q | found 8 | rooms 11 | place 8/8 | 3040s
  hh_s19_t03 memory-guided  the log and day 29 | 8 q | found 8 | rooms 8 | place 8/8 | 3294s
  hh_s19_t03 memory-guided  the log and day 30 | 8 q | found 8 | rooms 9 | place 8/8 | 3499s
  hh_s19_t03 memory-guided  the log and day 31 | 8 q | found 7 | rooms 10 | place 7/8 | 3657s

{
 "arm": "the log and notes about the routine",
 "how_memory_is_written": "the log and notes about the routine",
 "sensing_arm": "memory-guided search",
 "household": "hh_s19_t03",
 "bank": "results/self_improve/varied_homes/ten_homes/banks/hh_s19_t03.jsonl",
 "read_budget_lines": null,
 "name_the_objects_it_will_be_quizzed_on_in_the_header": false,
 "n_questions_where_the_read_budget_bit": 0,
 "n_nights_whose_completion_did_not_parse": 0,
 "nights_that_changed_the_memory_not_at_all": [],
 "n_nights_that_changed_the_memory_not_at_all": 0,
 "n_nights_whose_report_cannot_say": 0,
 "this_arm_can_be_refused_for_a_silent_night": false,
 "nights_whose_call_failed": [],
 "exclude_these_days_from_accuracy": [],
 "questions_per_day": 8,
 "questions_per_day_in_the_header": 8,
 "n_model_calls_timed": 317,
 "seconds": 3656.7,
 "at": "2026-09-30T23:54:16-07:00"
}
{
 "n_questions_asked": 248,
 "n_questions_scored": 248,
 "n_unparsed": 0,
 "share_correct_place": 0.9879032258064516,
 "share_correct_room": 0.9919354838709677,
 "share_found_within_budget": 0.9838709677419355,
 "mean_rooms_opened_per_question": 1.1330645161290323,
 "share_correct_place_movers": 0.9642857142857143,
 "share_correct_place_non_movers": 1.0,
 "n_choice_calls_that_failed": 0,
 "share_of_answers_naming_a_room_the_search_had_ruled_out": 0.0,
 "the_three_way_error_split": {
  "n_errors": 3,
  "never saw the object there": 3,
  "saw it there once and did not record it": 0,
  "saw it there repeatedly and did not record it": 0,
  "share_never_saw_it": 1.0
 },
 "observation": {
  "total_room_visits": 281,
  "mean_room_visits_per_day": 8.78125,
  "mean_distinct_rooms_per_day": 3.625,
  "mean_distinct_objects_per_day": 43.09375,
  "mean_distinct_asked_about_objects_per_day": 9.125,
  "n_distinct_objects_ever_observed": 63,
  "n_distinct_asked_about_objects_ever_observed": 12
 }
}
model calls 305, cache hits 12
