Renderer: NVIDIA RTX PRO 6000 Blackwell Workstation Edition/PCIe/SSE2 by NVIDIA Corporation
OpenGL version: 4.6.0 NVIDIA 580.178.04
Using optional features:
    GL_ARB_vertex_array_object
    GL_ARB_separate_shader_objects
    GL_ARB_robustness
    GL_ARB_texture_storage
    GL_ARB_texture_view
    GL_ARB_framebuffer_no_attachments
    GL_ARB_invalidate_subdata
    GL_ARB_texture_storage_multisample
    GL_ARB_multi_bind
    GL_ARB_direct_state_access
    GL_ARB_get_texture_sub_image
    GL_ARB_texture_filter_anisotropic
    GL_KHR_debug
    GL_KHR_parallel_shader_compile
    GL_NV_depth_buffer_float
Using driver workarounds:
    no-forward-compatible-core-context
    nv-egl-incorrect-gl11-function-pointers
    no-layout-qualifiers-on-old-glsl
    nv-zero-context-profile-mask
    nv-implementation-color-read-format-dsa-broken
    nv-cubemap-inconsistent-compressed-image-size
    nv-cubemap-broken-full-compressed-image-query
    nv-compressed-block-size-in-bits
[16:29:25:854159]:[Warning]:[Metadata] SceneDatasetAttributes.cpp(107)::addNewSceneInstanceToDataset : Dataset : 'hssd-hab-uncluttered' : Lighting Layout Attributes '/mnt/nvme/oliver/robot/datasets/moving-eqa/scene_datasets/hssd-hab/scenes-uncluttered/106878960_174887073.scene_instance.json' specified in Scene Attributes but does not exist in dataset, so creating default.
[16:29:25:959602]:[Warning]:[Sim] Simulator.cpp(595)::instanceStageForSceneAttributes : The active scene does not contain semantic annotations : activeSemanticSceneID_ = 0
kitchen: a person would show at 47 of 54 standing spots
living: a person would show at 45 of 57 standing spots
dining: a person would show at 1 of 5 standing spots
office: a person would show at 9 of 10 standing spots
entry: a person would show at 29 of 64 standing spots
bathroom: a person would show at 2 of 5 standing spots
bedroom_1: a person would show at 9 of 22 standing spots
bedroom_2: a person would show at 1 of 15 standing spots
day 2 07:00 [lead]: 24 pictures, 9 things and people seen
day 2 09:30 [lead]: 22 pictures, 5 things and people seen
day 2 12:30 [lead]: 22 pictures, 5 things and people seen
day 2 15:30 [lead]: 24 pictures, 8 things and people seen
day 2 18:30 [lead]: 25 pictures, 10 things and people seen
day 2 21:00 [lead]: 24 pictures, 12 things and people seen
day 2 23:30 [lead]: 24 pictures, 10 things and people seen
day 5 07:00 [lead]: 24 pictures, 10 things and people seen
day 5 09:30 [lead]: 23 pictures, 7 things and people seen
day 5 12:30 [lead]: 23 pictures, 7 things and people seen
day 5 15:30 [lead]: 24 pictures, 10 things and people seen
day 5 18:30 [lead]: 25 pictures, 12 things and people seen
day 5 21:00 [lead]: 25 pictures, 12 things and people seen
day 5 23:30 [lead]: 24 pictures, 11 things and people seen
day 9 07:00 [lead]: 23 pictures, 11 things and people seen
day 9 09:30 [lead]: 21 pictures, 7 things and people seen
day 9 12:30 [lead]: 21 pictures, 7 things and people seen
day 9 15:30 [lead]: 23 pictures, 10 things and people seen
day 9 18:30 [lead]: 23 pictures, 13 things and people seen
day 9 21:00 [lead]: 22 pictures, 13 things and people seen
day 9 23:30 [lead]: 24 pictures, 14 things and people seen
day 12 07:00 [lead]: 24 pictures, 14 things and people seen
day 12 09:30 [lead]: 23 pictures, 9 things and people seen
day 12 12:30 [lead]: 23 pictures, 9 things and people seen
day 12 15:30 [lead]: 24 pictures, 10 things and people seen
day 12 18:30 [lead]: 25 pictures, 13 things and people seen
day 12 21:00 [lead]: 25 pictures, 14 things and people seen
day 12 23:30 [lead]: 26 pictures, 14 things and people seen
day 14 07:00 [sick]: 24 pictures, 12 things and people seen
day 14 09:30 [sick]: 23 pictures, 11 things and people seen
day 14 12:30 [sick]: 25 pictures, 11 things and people seen
day 14 15:30 [sick]: 27 pictures, 14 things and people seen
day 14 18:30 [sick]: 29 pictures, 15 things and people seen
day 14 21:00 [sick]: 26 pictures, 13 things and people seen
day 14 23:30 [sick]: 26 pictures, 13 things and people seen
day 15 07:00 [sick]: 26 pictures, 13 things and people seen
day 15 09:30 [sick]: 24 pictures, 11 things and people seen
day 15 12:30 [sick]: 24 pictures, 11 things and people seen
day 15 15:30 [sick]: 24 pictures, 13 things and people seen
day 15 18:30 [sick]: 26 pictures, 15 things and people seen
day 15 21:00 [sick]: 24 pictures, 14 things and people seen
day 15 23:30 [sick]: 25 pictures, 14 things and people seen
day 17 07:00 [sick]: 25 pictures, 15 things and people seen
day 17 09:30 [sick]: 23 pictures, 12 things and people seen
day 17 12:30 [sick]: 23 pictures, 12 things and people seen
day 17 15:30 [sick]: 25 pictures, 14 things and people seen
day 17 18:30 [sick]: 24 pictures, 12 things and people seen
day 17 21:00 [sick]: 23 pictures, 13 things and people seen
day 17 23:30 [sick]: 23 pictures, 12 things and people seen
day 20 07:00 [sick]: 25 pictures, 14 things and people seen
day 20 09:30 [sick]: 24 pictures, 12 things and people seen
day 20 12:30 [sick]: 25 pictures, 13 things and people seen
day 20 15:30 [sick]: 26 pictures, 15 things and people seen
day 20 18:30 [sick]: 24 pictures, 14 things and people seen
day 20 21:00 [sick]: 24 pictures, 15 things and people seen
day 20 23:30 [sick]: 24 pictures, 13 things and people seen
day 23 07:00 [sick]: 28 pictures, 15 things and people seen
day 23 09:30 [sick]: 26 pictures, 13 things and people seen
day 23 12:30 [sick]: 26 pictures, 13 things and people seen
day 23 15:30 [sick]: 27 pictures, 15 things and people seen
day 23 18:30 [sick]: 27 pictures, 14 things and people seen
day 23 21:00 [sick]: 27 pictures, 15 things and people seen
day 23 23:30 [sick]: 25 pictures, 13 things and people seen
day 24 07:00 [return]: 25 pictures, 13 things and people seen
day 24 09:30 [return]: 23 pictures, 8 things and people seen
day 24 12:30 [return]: 23 pictures, 8 things and people seen
day 24 15:30 [return]: 25 pictures, 11 things and people seen
day 24 18:30 [return]: 25 pictures, 14 things and people seen
day 24 21:00 [return]: 25 pictures, 13 things and people seen
day 24 23:30 [return]: 24 pictures, 12 things and people seen
day 26 07:00 [return]: 24 pictures, 11 things and people seen
day 26 09:30 [return]: 22 pictures, 7 things and people seen
day 26 12:30 [return]: 22 pictures, 7 things and people seen
day 26 15:30 [return]: 25 pictures, 10 things and people seen
day 26 18:30 [return]: 25 pictures, 12 things and people seen
day 26 21:00 [return]: 24 pictures, 11 things and people seen
day 26 23:30 [return]: 26 pictures, 11 things and people seen
day 29 07:00 [return]: 22 pictures, 8 things and people seen
day 29 09:30 [return]: 20 pictures, 4 things and people seen
day 29 12:30 [return]: 20 pictures, 4 things and people seen
day 29 15:30 [return]: 23 pictures, 8 things and people seen
day 29 18:30 [return]: 23 pictures, 10 things and people seen
day 29 21:00 [return]: 24 pictures, 12 things and people seen
day 29 23:30 [return]: 23 pictures, 9 things and people seen
day 31 07:00 [return]: 24 pictures, 12 things and people seen
day 31 09:30 [return]: 21 pictures, 7 things and people seen
day 31 12:30 [return]: 21 pictures, 7 things and people seen
day 31 15:30 [return]: 23 pictures, 9 things and people seen
day 31 18:30 [return]: 23 pictures, 11 things and people seen
day 31 21:00 [return]: 24 pictures, 12 things and people seen
day 31 23:30 [return]: 24 pictures, 13 things and people seen
