19:12 lc extend START, 3 streams, queue: 5 3 4 6 7 8 9
19:12 hh_s5 triple START
19:12 hh_s3 triple START
19:12 hh_s4 triple START
19:12 hh_s5 nottold already present, skipping
19:15 hh_s3 nottold exit=0 in 2m
19:16 hh_s4 nottold exit=0 in 4m
19:56 hh_s5 told_entry exit=0 in 43m
20:01 hh_s3 told_entry exit=0 in 46m
20:02 hh_s4 told_entry exit=0 in 46m
20:08 hh_s5 told_entryreturn exit=0 in 12m
20:08 hh_s5 triple DONE
20:08 hh_s6 triple START
20:17 hh_s3 told_entryreturn exit=0 in 15m
20:17 hh_s3 triple DONE
20:17 hh_s4 told_entryreturn exit=0 in 14m
20:17 hh_s4 triple DONE
20:17 hh_s7 triple START
20:17 hh_s8 triple START
20:47 hh_s6 nottold exit=0 in 38m
20:51 hh_s8 nottold exit=0 in 34m
20:57 hh_s7 nottold exit=0 in 39m
21:46 hh_s6 told_entry exit=0 in 59m
21:52 hh_s8 told_entry exit=0 in 60m
22:02 hh_s7 told_entry exit=0 in 65m
22:14 hh_s6 told_entryreturn exit=0 in 28m
22:14 hh_s6 triple DONE
22:14 hh_s9 triple START
22:21 hh_s8 told_entryreturn exit=0 in 29m
22:21 hh_s8 triple DONE
22:32 hh_s7 told_entryreturn exit=0 in 30m
22:32 hh_s7 triple DONE
22:34 hh_s9 nottold exit=0 in 19m
23:04 hh_s9 told_entry exit=0 in 30m
23:17 hh_s9 told_entryreturn exit=0 in 12m
23:17 hh_s9 triple DONE
23:17 lc extend ALL DONE
