hh_s10 none/patrol/neg-off 206/448 fires=0 on days [] shift=[4, 5]
hh_s10 detect/patrol/neg-off 206/448 fires=0 on days [] shift=[4, 5]
hh_s10 told/patrol/neg-off 175/448 fires=2 on days [4, 5] shift=[4, 5]
hh_s10 listed/patrol/neg-off 196/448 fires=2 on days [4, 5] shift=[4, 5]
hh_s11 none/patrol/neg-off 192/448 fires=0 on days [] shift=[3, 4, 5, 7]
hh_s11 detect/patrol/neg-off 192/448 fires=0 on days [] shift=[3, 4, 5, 7]
hh_s11 told/patrol/neg-off 174/448 fires=4 on days [3, 4, 5, 7] shift=[3, 4, 5, 7]
hh_s11 listed/patrol/neg-off 194/448 fires=4 on days [3, 4, 5, 7] shift=[3, 4, 5, 7]
hh_s12 none/patrol/neg-off 215/448 fires=0 on days [] shift=[4, 5, 7]
hh_s12 detect/patrol/neg-off 215/448 fires=0 on days [] shift=[4, 5, 7]
hh_s12 told/patrol/neg-off 209/448 fires=3 on days [4, 5, 7] shift=[4, 5, 7]
hh_s12 listed/patrol/neg-off 217/448 fires=3 on days [4, 5, 7] shift=[4, 5, 7]
hh_s13 none/patrol/neg-off 188/448 fires=0 on days [] shift=[1, 2, 4, 5]
hh_s13 detect/patrol/neg-off 188/448 fires=0 on days [] shift=[1, 2, 4, 5]
hh_s13 told/patrol/neg-off 151/448 fires=4 on days [1, 2, 4, 5] shift=[1, 2, 4, 5]
hh_s13 listed/patrol/neg-off 190/448 fires=4 on days [1, 2, 4, 5] shift=[1, 2, 4, 5]
hh_s14 none/patrol/neg-off 176/448 fires=0 on days [] shift=[2, 3, 4, 5, 6]
hh_s14 detect/patrol/neg-off 176/448 fires=0 on days [] shift=[2, 3, 4, 5, 6]
hh_s14 told/patrol/neg-off 186/448 fires=5 on days [2, 3, 4, 5, 6] shift=[2, 3, 4, 5, 6]
hh_s14 listed/patrol/neg-off 177/448 fires=5 on days [2, 3, 4, 5, 6] shift=[2, 3, 4, 5, 6]
hh_s15 none/patrol/neg-off 188/448 fires=0 on days [] shift=[1, 2, 3, 4, 5]
hh_s15 detect/patrol/neg-off 188/448 fires=0 on days [] shift=[1, 2, 3, 4, 5]
hh_s15 told/patrol/neg-off 189/448 fires=5 on days [1, 2, 3, 4, 5] shift=[1, 2, 3, 4, 5]
hh_s15 listed/patrol/neg-off 192/448 fires=5 on days [1, 2, 3, 4, 5] shift=[1, 2, 3, 4, 5]
hh_s16 none/patrol/neg-off 202/448 fires=0 on days [] shift=[4, 5, 6]
hh_s16 detect/patrol/neg-off 202/448 fires=0 on days [] shift=[4, 5, 6]
hh_s16 told/patrol/neg-off 179/448 fires=3 on days [4, 5, 6] shift=[4, 5, 6]
hh_s16 listed/patrol/neg-off 205/448 fires=3 on days [4, 5, 6] shift=[4, 5, 6]
hh_s17 none/patrol/neg-off 174/448 fires=0 on days [] shift=[2, 4, 5, 6, 7]
hh_s17 detect/patrol/neg-off 174/448 fires=0 on days [] shift=[2, 4, 5, 6, 7]
hh_s17 told/patrol/neg-off 186/448 fires=5 on days [2, 4, 5, 6, 7] shift=[2, 4, 5, 6, 7]
hh_s17 listed/patrol/neg-off 179/448 fires=5 on days [2, 4, 5, 6, 7] shift=[2, 4, 5, 6, 7]
hh_s18 none/patrol/neg-off 212/448 fires=0 on days [] shift=[4, 5]
hh_s18 detect/patrol/neg-off 212/448 fires=0 on days [] shift=[4, 5]
hh_s18 told/patrol/neg-off 217/448 fires=2 on days [4, 5] shift=[4, 5]
hh_s18 listed/patrol/neg-off 215/448 fires=2 on days [4, 5] shift=[4, 5]
hh_s19 none/patrol/neg-off 211/448 fires=0 on days [] shift=[2, 3, 4, 5]
hh_s19 detect/patrol/neg-off 211/448 fires=0 on days [] shift=[2, 3, 4, 5]
hh_s19 told/patrol/neg-off 164/448 fires=4 on days [2, 3, 4, 5] shift=[2, 3, 4, 5]
hh_s19 listed/patrol/neg-off 198/448 fires=4 on days [2, 3, 4, 5] shift=[2, 3, 4, 5]
hh_s20 none/patrol/neg-off 224/448 fires=0 on days [] shift=[1, 3, 4, 5]
hh_s20 detect/patrol/neg-off 224/448 fires=0 on days [] shift=[1, 3, 4, 5]
hh_s20 told/patrol/neg-off 223/448 fires=4 on days [1, 3, 4, 5] shift=[1, 3, 4, 5]
hh_s20 listed/patrol/neg-off 232/448 fires=4 on days [1, 3, 4, 5] shift=[1, 3, 4, 5]
hh_s21 none/patrol/neg-off 233/448 fires=0 on days [] shift=[4, 5]
hh_s21 detect/patrol/neg-off 233/448 fires=0 on days [] shift=[4, 5]
hh_s21 told/patrol/neg-off 231/448 fires=2 on days [4, 5] shift=[4, 5]
hh_s21 listed/patrol/neg-off 230/448 fires=2 on days [4, 5] shift=[4, 5]
hh_s22 none/patrol/neg-off 158/448 fires=0 on days [] shift=[3, 4, 5]
hh_s22 detect/patrol/neg-off 158/448 fires=0 on days [] shift=[3, 4, 5]
hh_s22 told/patrol/neg-off 143/448 fires=3 on days [3, 4, 5] shift=[3, 4, 5]
hh_s22 listed/patrol/neg-off 163/448 fires=3 on days [3, 4, 5] shift=[3, 4, 5]
hh_s23 none/patrol/neg-off 182/448 fires=0 on days [] shift=[4, 5, 6, 7]
hh_s23 detect/patrol/neg-off 182/448 fires=0 on days [] shift=[4, 5, 6, 7]
hh_s23 told/patrol/neg-off 168/448 fires=4 on days [4, 5, 6, 7] shift=[4, 5, 6, 7]
hh_s23 listed/patrol/neg-off 187/448 fires=4 on days [4, 5, 6, 7] shift=[4, 5, 6, 7]
hh_s24 none/patrol/neg-off 184/448 fires=0 on days [] shift=[1, 2, 4, 5, 6]
hh_s24 detect/patrol/neg-off 184/448 fires=0 on days [] shift=[1, 2, 4, 5, 6]
hh_s24 told/patrol/neg-off 151/448 fires=5 on days [1, 2, 4, 5, 6] shift=[1, 2, 4, 5, 6]
hh_s24 listed/patrol/neg-off 171/448 fires=5 on days [1, 2, 4, 5, 6] shift=[1, 2, 4, 5, 6]
hh_s25 none/patrol/neg-off 227/448 fires=0 on days [] shift=[1, 4, 5]
hh_s25 detect/patrol/neg-off 227/448 fires=0 on days [] shift=[1, 4, 5]
hh_s25 told/patrol/neg-off 221/448 fires=3 on days [1, 4, 5] shift=[1, 4, 5]
hh_s25 listed/patrol/neg-off 221/448 fires=3 on days [1, 4, 5] shift=[1, 4, 5]
hh_s26 none/patrol/neg-off 198/448 fires=0 on days [] shift=[2, 3, 4, 5, 6]
hh_s26 detect/patrol/neg-off 198/448 fires=0 on days [] shift=[2, 3, 4, 5, 6]
hh_s26 told/patrol/neg-off 176/448 fires=5 on days [2, 3, 4, 5, 6] shift=[2, 3, 4, 5, 6]
hh_s26 listed/patrol/neg-off 206/448 fires=5 on days [2, 3, 4, 5, 6] shift=[2, 3, 4, 5, 6]
hh_s27 none/patrol/neg-off 239/448 fires=0 on days [] shift=[4, 5]
hh_s27 detect/patrol/neg-off 239/448 fires=0 on days [] shift=[4, 5]
hh_s27 told/patrol/neg-off 230/448 fires=2 on days [4, 5] shift=[4, 5]
hh_s27 listed/patrol/neg-off 241/448 fires=2 on days [4, 5] shift=[4, 5]
hh_s28 none/patrol/neg-off 176/448 fires=0 on days [] shift=[2, 4, 5, 7]
hh_s28 detect/patrol/neg-off 176/448 fires=0 on days [] shift=[2, 4, 5, 7]
hh_s28 told/patrol/neg-off 171/448 fires=4 on days [2, 4, 5, 7] shift=[2, 4, 5, 7]
hh_s28 listed/patrol/neg-off 174/448 fires=4 on days [2, 4, 5, 7] shift=[2, 4, 5, 7]
hh_s29 none/patrol/neg-off 200/448 fires=0 on days [] shift=[4, 5, 7]
hh_s29 detect/patrol/neg-off 200/448 fires=0 on days [] shift=[4, 5, 7]
hh_s29 told/patrol/neg-off 184/448 fires=3 on days [4, 5, 7] shift=[4, 5, 7]
hh_s29 listed/patrol/neg-off 198/448 fires=3 on days [4, 5, 7] shift=[4, 5, 7]
