0 jobs
0 jobs
86 jobs
  hh_s7 p2 look=off Perpetua(lognormal,K<=3,pm=0.01,steps=10)          180/224
  hh_s7 p2 look=off PerpetuaStar(lognormal,K<=3,pm=0.01,a0=0.01/h,g=0.99) 181/224
[1/86] done ../results/overnight_2026-09-20/classical/hh_s7_p2_off_perpetua.jsonl
  hh_s7 p2 look=top Perpetua(lognormal,K<=3,pm=0.01,steps=10)          201/224
  hh_s6 p2 look=top Perpetua(lognormal,K<=3,pm=0.01,steps=10)          187/224
  hh_s7 p2 look=top PerpetuaStar(lognormal,K<=3,pm=0.01,a0=0.01/h,g=0.99) 199/224
[2/86] done ../results/overnight_2026-09-20/classical/hh_s7_p2_top_perpetua.jsonl
  hh_s7 p2 look=voi Perpetua(lognormal,K<=3,pm=0.01,steps=10)          205/224
  hh_s7 p1 look=off Perpetua(lognormal,K<=3,pm=0.01,steps=10)          186/224
  hh_s6 p2 look=top PerpetuaStar(lognormal,K<=3,pm=0.01,a0=0.01/h,g=0.99) 186/224
[3/86] done ../results/overnight_2026-09-20/classical/hh_s6_p2_top_perpetua.jsonl
  hh_s6 p2 look=voi Perpetua(lognormal,K<=3,pm=0.01,steps=10)          187/224
  hh_s6 p1 look=off Perpetua(lognormal,K<=3,pm=0.01,steps=10)          178/224
  hh_s7 p2 look=voi PerpetuaStar(lognormal,K<=3,pm=0.01,a0=0.01/h,g=0.99) 204/224
[4/86] done ../results/overnight_2026-09-20/classical/hh_s7_p2_voi_perpetua.jsonl
  hh_s7 p1 look=off PerpetuaStar(lognormal,K<=3,pm=0.01,a0=0.01/h,g=0.99) 190/224
[5/86] done ../results/overnight_2026-09-20/classical/hh_s7_p1_off_perpetua.jsonl
  hh_s6 p2 look=voi PerpetuaStar(lognormal,K<=3,pm=0.01,a0=0.01/h,g=0.99) 187/224
[6/86] done ../results/overnight_2026-09-20/classical/hh_s6_p2_voi_perpetua.jsonl
  hh_s6 p1 look=off PerpetuaStar(lognormal,K<=3,pm=0.01,a0=0.01/h,g=0.99) 179/224
[7/86] done ../results/overnight_2026-09-20/classical/hh_s6_p1_off_perpetua.jsonl
  hh_s6 p1 look=top Perpetua(lognormal,K<=3,pm=0.01,steps=10)          186/224
  hh_s8 p2 look=off Perpetua(lognormal,K<=3,pm=0.01,steps=10)          188/224
  hh_s5 p1 look=top Perpetua(lognormal,K<=3,pm=0.01,steps=10)          189/224
  hh_s6 p1 look=voi Perpetua(lognormal,K<=3,pm=0.01,steps=10)          187/224
  hh_s8 p2 look=off PerpetuaStar(lognormal,K<=3,pm=0.01,a0=0.01/h,g=0.99) 185/224
  hh_s6 p1 look=top PerpetuaStar(lognormal,K<=3,pm=0.01,a0=0.01/h,g=0.99) 186/224
[8/86] done ../results/overnight_2026-09-20/classical/hh_s8_p2_off_perpetua.jsonl
[9/86] done ../results/overnight_2026-09-20/classical/hh_s6_p1_top_perpetua.jsonl
  hh_s5 p1 look=voi Perpetua(lognormal,K<=3,pm=0.01,steps=10)          188/224
  hh_s5 p1 look=top PerpetuaStar(lognormal,K<=3,pm=0.01,a0=0.01/h,g=0.99) 190/224
[10/86] done ../results/overnight_2026-09-20/classical/hh_s5_p1_top_perpetua.jsonl
  hh_s6 p1 look=voi PerpetuaStar(lognormal,K<=3,pm=0.01,a0=0.01/h,g=0.99) 187/224
[11/86] done ../results/overnight_2026-09-20/classical/hh_s6_p1_voi_perpetua.jsonl
  hh_s4 p1 look=voi Perpetua(lognormal,K<=3,pm=0.01,steps=10)          181/224
  hh_s7 p1 look=voi Perpetua(lognormal,K<=3,pm=0.01,steps=10)          203/224
  hh_s8 p2 look=top Perpetua(lognormal,K<=3,pm=0.01,steps=10)          204/224
  hh_s5 p1 look=voi PerpetuaStar(lognormal,K<=3,pm=0.01,a0=0.01/h,g=0.99) 189/224
[12/86] done ../results/overnight_2026-09-20/classical/hh_s5_p1_voi_perpetua.jsonl
  hh_s7 p1 look=top Perpetua(lognormal,K<=3,pm=0.01,steps=10)          203/224
  hh_s8 p2 look=voi Perpetua(lognormal,K<=3,pm=0.01,steps=10)          204/224
  hh_s8 p2 look=top PerpetuaStar(lognormal,K<=3,pm=0.01,a0=0.01/h,g=0.99) 204/224
[13/86] done ../results/overnight_2026-09-20/classical/hh_s8_p2_top_perpetua.jsonl
  hh_s7 p1 look=voi PerpetuaStar(lognormal,K<=3,pm=0.01,a0=0.01/h,g=0.99) 203/224
[14/86] done ../results/overnight_2026-09-20/classical/hh_s7_p1_voi_perpetua.jsonl
  hh_s8 p1 look=off Perpetua(lognormal,K<=3,pm=0.01,steps=10)          191/224
  hh_s4 p1 look=voi PerpetuaStar(lognormal,K<=3,pm=0.01,a0=0.01/h,g=0.99) 183/224
[15/86] done ../results/overnight_2026-09-20/classical/hh_s4_p1_voi_perpetua.jsonl
  hh_s7 p1 look=top PerpetuaStar(lognormal,K<=3,pm=0.01,a0=0.01/h,g=0.99) 203/224
[16/86] done ../results/overnight_2026-09-20/classical/hh_s7_p1_top_perpetua.jsonl
  hh_s9 p2 look=off Perpetua(lognormal,K<=3,pm=0.01,steps=10)          187/224
  hh_s8 p2 look=voi PerpetuaStar(lognormal,K<=3,pm=0.01,a0=0.01/h,g=0.99) 203/224
[17/86] done ../results/overnight_2026-09-20/classical/hh_s8_p2_voi_perpetua.jsonl
  hh_s8 p1 look=off PerpetuaStar(lognormal,K<=3,pm=0.01,a0=0.01/h,g=0.99) 197/224
[18/86] done ../results/overnight_2026-09-20/classical/hh_s8_p1_off_perpetua.jsonl
  hh_s9 p2 look=off PerpetuaStar(lognormal,K<=3,pm=0.01,a0=0.01/h,g=0.99) 185/224
[19/86] done ../results/overnight_2026-09-20/classical/hh_s9_p2_off_perpetua.jsonl
  hh_s10 p2 look=off Perpetua(lognormal,K<=3,pm=0.01,steps=10)          176/224
  hh_s8 p1 look=voi Perpetua(lognormal,K<=3,pm=0.01,steps=10)          204/224
  hh_s10 p2 look=off PerpetuaStar(lognormal,K<=3,pm=0.01,a0=0.01/h,g=0.99) 181/224
[20/86] done ../results/overnight_2026-09-20/classical/hh_s10_p2_off_perpetua.jsonl
  hh_s9 p2 look=top Perpetua(lognormal,K<=3,pm=0.01,steps=10)          208/224
  hh_s8 p1 look=top Perpetua(lognormal,K<=3,pm=0.01,steps=10)          205/224
  hh_s10 p2 look=top Perpetua(lognormal,K<=3,pm=0.01,steps=10)          190/224
  hh_s8 p1 look=voi PerpetuaStar(lognormal,K<=3,pm=0.01,a0=0.01/h,g=0.99) 205/224
[21/86] done ../results/overnight_2026-09-20/classical/hh_s8_p1_voi_perpetua.jsonl
  hh_s10 p2 look=voi Perpetua(lognormal,K<=3,pm=0.01,steps=10)          188/224
  hh_s9 p2 look=voi Perpetua(lognormal,K<=3,pm=0.01,steps=10)          209/224
  hh_s9 p2 look=top PerpetuaStar(lognormal,K<=3,pm=0.01,a0=0.01/h,g=0.99) 210/224
[22/86] done ../results/overnight_2026-09-20/classical/hh_s9_p2_top_perpetua.jsonl
  hh_s10 p2 look=top PerpetuaStar(lognormal,K<=3,pm=0.01,a0=0.01/h,g=0.99) 191/224
[23/86] done ../results/overnight_2026-09-20/classical/hh_s10_p2_top_perpetua.jsonl
  hh_s8 p1 look=top PerpetuaStar(lognormal,K<=3,pm=0.01,a0=0.01/h,g=0.99) 206/224
[24/86] done ../results/overnight_2026-09-20/classical/hh_s8_p1_top_perpetua.jsonl
  hh_s10 p1 look=off Perpetua(lognormal,K<=3,pm=0.01,steps=10)          179/224
  hh_s10 p2 look=voi PerpetuaStar(lognormal,K<=3,pm=0.01,a0=0.01/h,g=0.99) 190/224
[25/86] done ../results/overnight_2026-09-20/classical/hh_s10_p2_voi_perpetua.jsonl
  hh_s9 p1 look=off Perpetua(lognormal,K<=3,pm=0.01,steps=10)          192/224
  hh_s10 p1 look=off PerpetuaStar(lognormal,K<=3,pm=0.01,a0=0.01/h,g=0.99) 184/224
[26/86] done ../results/overnight_2026-09-20/classical/hh_s10_p1_off_perpetua.jsonl
  hh_s9 p2 look=voi PerpetuaStar(lognormal,K<=3,pm=0.01,a0=0.01/h,g=0.99) 211/224
[27/86] done ../results/overnight_2026-09-20/classical/hh_s9_p2_voi_perpetua.jsonl
  hh_s11 p2 look=off Perpetua(lognormal,K<=3,pm=0.01,steps=10)          175/224
  hh_s11 p2 look=off PerpetuaStar(lognormal,K<=3,pm=0.01,a0=0.01/h,g=0.99) 180/224
[28/86] done ../results/overnight_2026-09-20/classical/hh_s11_p2_off_perpetua.jsonl
  hh_s9 p1 look=off PerpetuaStar(lognormal,K<=3,pm=0.01,a0=0.01/h,g=0.99) 196/224
[29/86] done ../results/overnight_2026-09-20/classical/hh_s9_p1_off_perpetua.jsonl
  hh_s10 p1 look=voi Perpetua(lognormal,K<=3,pm=0.01,steps=10)          189/224
  hh_s10 p1 look=top Perpetua(lognormal,K<=3,pm=0.01,steps=10)          192/224
  hh_s9 p1 look=top Perpetua(lognormal,K<=3,pm=0.01,steps=10)          208/224
  hh_s12 p2 look=off Perpetua(lognormal,K<=3,pm=0.01,steps=10)          173/224
  hh_s11 p2 look=top Perpetua(lognormal,K<=3,pm=0.01,steps=10)          197/224
  hh_s12 p2 look=off PerpetuaStar(lognormal,K<=3,pm=0.01,a0=0.01/h,g=0.99) 176/224
[30/86] done ../results/overnight_2026-09-20/classical/hh_s12_p2_off_perpetua.jsonl
  hh_s10 p1 look=top PerpetuaStar(lognormal,K<=3,pm=0.01,a0=0.01/h,g=0.99) 192/224
[31/86] done ../results/overnight_2026-09-20/classical/hh_s10_p1_top_perpetua.jsonl
  hh_s10 p1 look=voi PerpetuaStar(lognormal,K<=3,pm=0.01,a0=0.01/h,g=0.99) 189/224
[32/86] done ../results/overnight_2026-09-20/classical/hh_s10_p1_voi_perpetua.jsonl
  hh_s11 p2 look=voi Perpetua(lognormal,K<=3,pm=0.01,steps=10)          193/224
  hh_s11 p2 look=top PerpetuaStar(lognormal,K<=3,pm=0.01,a0=0.01/h,g=0.99) 196/224
[33/86] done ../results/overnight_2026-09-20/classical/hh_s11_p2_top_perpetua.jsonl
  hh_s9 p1 look=voi Perpetua(lognormal,K<=3,pm=0.01,steps=10)          210/224
  hh_s11 p1 look=off Perpetua(lognormal,K<=3,pm=0.01,steps=10)          180/224
  hh_s11 p2 look=voi PerpetuaStar(lognormal,K<=3,pm=0.01,a0=0.01/h,g=0.99) 196/224
[34/86] done ../results/overnight_2026-09-20/classical/hh_s11_p2_voi_perpetua.jsonl
  hh_s9 p1 look=top PerpetuaStar(lognormal,K<=3,pm=0.01,a0=0.01/h,g=0.99) 207/224
[35/86] done ../results/overnight_2026-09-20/classical/hh_s9_p1_top_perpetua.jsonl
  hh_s12 p2 look=top Perpetua(lognormal,K<=3,pm=0.01,steps=10)          187/224
  hh_s11 p1 look=off PerpetuaStar(lognormal,K<=3,pm=0.01,a0=0.01/h,g=0.99) 183/224
[36/86] done ../results/overnight_2026-09-20/classical/hh_s11_p1_off_perpetua.jsonl
  hh_s12 p2 look=voi Perpetua(lognormal,K<=3,pm=0.01,steps=10)          187/224
  hh_s12 p2 look=top PerpetuaStar(lognormal,K<=3,pm=0.01,a0=0.01/h,g=0.99) 189/224
[37/86] done ../results/overnight_2026-09-20/classical/hh_s12_p2_top_perpetua.jsonl
  hh_s13 p2 look=off Perpetua(lognormal,K<=3,pm=0.01,steps=10)          179/224
  hh_s12 p2 look=voi PerpetuaStar(lognormal,K<=3,pm=0.01,a0=0.01/h,g=0.99) 187/224
[38/86] done ../results/overnight_2026-09-20/classical/hh_s12_p2_voi_perpetua.jsonl
  hh_s9 p1 look=voi PerpetuaStar(lognormal,K<=3,pm=0.01,a0=0.01/h,g=0.99) 211/224
[39/86] done ../results/overnight_2026-09-20/classical/hh_s9_p1_voi_perpetua.jsonl
  hh_s13 p2 look=off PerpetuaStar(lognormal,K<=3,pm=0.01,a0=0.01/h,g=0.99) 179/224
[40/86] done ../results/overnight_2026-09-20/classical/hh_s13_p2_off_perpetua.jsonl
  hh_s11 p1 look=top Perpetua(lognormal,K<=3,pm=0.01,steps=10)          197/224
  hh_s11 p1 look=voi Perpetua(lognormal,K<=3,pm=0.01,steps=10)          195/224
  hh_s12 p1 look=off Perpetua(lognormal,K<=3,pm=0.01,steps=10)          173/224
  hh_s11 p1 look=top PerpetuaStar(lognormal,K<=3,pm=0.01,a0=0.01/h,g=0.99) 198/224
[41/86] done ../results/overnight_2026-09-20/classical/hh_s11_p1_top_perpetua.jsonl
  hh_s13 p2 look=top Perpetua(lognormal,K<=3,pm=0.01,steps=10)          193/224
  hh_s11 p1 look=voi PerpetuaStar(lognormal,K<=3,pm=0.01,a0=0.01/h,g=0.99) 196/224
[42/86] done ../results/overnight_2026-09-20/classical/hh_s11_p1_voi_perpetua.jsonl
  hh_s12 p1 look=off PerpetuaStar(lognormal,K<=3,pm=0.01,a0=0.01/h,g=0.99) 179/224
[43/86] done ../results/overnight_2026-09-20/classical/hh_s12_p1_off_perpetua.jsonl
  hh_s14 p2 look=off Perpetua(lognormal,K<=3,pm=0.01,steps=10)          189/224
  hh_s13 p2 look=voi Perpetua(lognormal,K<=3,pm=0.01,steps=10)          196/224
  hh_s13 p2 look=top PerpetuaStar(lognormal,K<=3,pm=0.01,a0=0.01/h,g=0.99) 196/224
[44/86] done ../results/overnight_2026-09-20/classical/hh_s13_p2_top_perpetua.jsonl
  hh_s12 p1 look=top Perpetua(lognormal,K<=3,pm=0.01,steps=10)          186/224
  hh_s14 p2 look=off PerpetuaStar(lognormal,K<=3,pm=0.01,a0=0.01/h,g=0.99) 191/224
[45/86] done ../results/overnight_2026-09-20/classical/hh_s14_p2_off_perpetua.jsonl
  hh_s13 p1 look=off Perpetua(lognormal,K<=3,pm=0.01,steps=10)          185/224
  hh_s12 p1 look=voi Perpetua(lognormal,K<=3,pm=0.01,steps=10)          184/224
  hh_s13 p1 look=off PerpetuaStar(lognormal,K<=3,pm=0.01,a0=0.01/h,g=0.99) 186/224
[46/86] done ../results/overnight_2026-09-20/classical/hh_s13_p1_off_perpetua.jsonl
  hh_s12 p1 look=top PerpetuaStar(lognormal,K<=3,pm=0.01,a0=0.01/h,g=0.99) 188/224
[47/86] done ../results/overnight_2026-09-20/classical/hh_s12_p1_top_perpetua.jsonl
  hh_s13 p2 look=voi PerpetuaStar(lognormal,K<=3,pm=0.01,a0=0.01/h,g=0.99) 197/224
[48/86] done ../results/overnight_2026-09-20/classical/hh_s13_p2_voi_perpetua.jsonl
  hh_s12 p1 look=voi PerpetuaStar(lognormal,K<=3,pm=0.01,a0=0.01/h,g=0.99) 185/224
[49/86] done ../results/overnight_2026-09-20/classical/hh_s12_p1_voi_perpetua.jsonl
  hh_s13 p1 look=top Perpetua(lognormal,K<=3,pm=0.01,steps=10)          194/224
  hh_s14 p2 look=voi Perpetua(lognormal,K<=3,pm=0.01,steps=10)          198/224
  hh_s14 p2 look=top Perpetua(lognormal,K<=3,pm=0.01,steps=10)          198/224
  hh_s13 p1 look=voi Perpetua(lognormal,K<=3,pm=0.01,steps=10)          198/224
  hh_s15 p2 look=off Perpetua(lognormal,K<=3,pm=0.01,steps=10)          192/224
  hh_s14 p2 look=voi PerpetuaStar(lognormal,K<=3,pm=0.01,a0=0.01/h,g=0.99) 198/224
[50/86] done ../results/overnight_2026-09-20/classical/hh_s14_p2_voi_perpetua.jsonl
  hh_s14 p2 look=top PerpetuaStar(lognormal,K<=3,pm=0.01,a0=0.01/h,g=0.99) 198/224
[51/86] done ../results/overnight_2026-09-20/classical/hh_s14_p2_top_perpetua.jsonl
  hh_s14 p1 look=off Perpetua(lognormal,K<=3,pm=0.01,steps=10)          189/224
  hh_s13 p1 look=top PerpetuaStar(lognormal,K<=3,pm=0.01,a0=0.01/h,g=0.99) 196/224
[52/86] done ../results/overnight_2026-09-20/classical/hh_s13_p1_top_perpetua.jsonl
  hh_s15 p2 look=off PerpetuaStar(lognormal,K<=3,pm=0.01,a0=0.01/h,g=0.99) 190/224
[53/86] done ../results/overnight_2026-09-20/classical/hh_s15_p2_off_perpetua.jsonl
  hh_s13 p1 look=voi PerpetuaStar(lognormal,K<=3,pm=0.01,a0=0.01/h,g=0.99) 198/224
[54/86] done ../results/overnight_2026-09-20/classical/hh_s13_p1_voi_perpetua.jsonl
  hh_s14 p1 look=off PerpetuaStar(lognormal,K<=3,pm=0.01,a0=0.01/h,g=0.99) 192/224
[55/86] done ../results/overnight_2026-09-20/classical/hh_s14_p1_off_perpetua.jsonl
  hh_s15 p2 look=top Perpetua(lognormal,K<=3,pm=0.01,steps=10)          208/224
  hh_s16 p2 look=off Perpetua(lognormal,K<=3,pm=0.01,steps=10)          178/224
  hh_s14 p1 look=top Perpetua(lognormal,K<=3,pm=0.01,steps=10)          199/224
  hh_s14 p1 look=voi Perpetua(lognormal,K<=3,pm=0.01,steps=10)          199/224
  hh_s16 p2 look=off PerpetuaStar(lognormal,K<=3,pm=0.01,a0=0.01/h,g=0.99) 178/224
[56/86] done ../results/overnight_2026-09-20/classical/hh_s16_p2_off_perpetua.jsonl
  hh_s15 p2 look=voi Perpetua(lognormal,K<=3,pm=0.01,steps=10)          208/224
  hh_s15 p2 look=top PerpetuaStar(lognormal,K<=3,pm=0.01,a0=0.01/h,g=0.99) 209/224
[57/86] done ../results/overnight_2026-09-20/classical/hh_s15_p2_top_perpetua.jsonl
  hh_s15 p1 look=off Perpetua(lognormal,K<=3,pm=0.01,steps=10)          197/224
  hh_s14 p1 look=top PerpetuaStar(lognormal,K<=3,pm=0.01,a0=0.01/h,g=0.99) 199/224
[58/86] done ../results/overnight_2026-09-20/classical/hh_s14_p1_top_perpetua.jsonl
  hh_s14 p1 look=voi PerpetuaStar(lognormal,K<=3,pm=0.01,a0=0.01/h,g=0.99) 199/224
[59/86] done ../results/overnight_2026-09-20/classical/hh_s14_p1_voi_perpetua.jsonl
  hh_s16 p2 look=top Perpetua(lognormal,K<=3,pm=0.01,steps=10)          196/224
  hh_s15 p2 look=voi PerpetuaStar(lognormal,K<=3,pm=0.01,a0=0.01/h,g=0.99) 208/224
[60/86] done ../results/overnight_2026-09-20/classical/hh_s15_p2_voi_perpetua.jsonl
  hh_s15 p1 look=off PerpetuaStar(lognormal,K<=3,pm=0.01,a0=0.01/h,g=0.99) 198/224
[61/86] done ../results/overnight_2026-09-20/classical/hh_s15_p1_off_perpetua.jsonl
  hh_s16 p2 look=voi Perpetua(lognormal,K<=3,pm=0.01,steps=10)          192/224
  hh_s17 p2 look=off Perpetua(lognormal,K<=3,pm=0.01,steps=10)          188/224
  hh_s16 p2 look=top PerpetuaStar(lognormal,K<=3,pm=0.01,a0=0.01/h,g=0.99) 197/224
[62/86] done ../results/overnight_2026-09-20/classical/hh_s16_p2_top_perpetua.jsonl
  hh_s17 p2 look=off PerpetuaStar(lognormal,K<=3,pm=0.01,a0=0.01/h,g=0.99) 190/224
[63/86] done ../results/overnight_2026-09-20/classical/hh_s17_p2_off_perpetua.jsonl
  hh_s16 p1 look=off Perpetua(lognormal,K<=3,pm=0.01,steps=10)          179/224
  hh_s16 p2 look=voi PerpetuaStar(lognormal,K<=3,pm=0.01,a0=0.01/h,g=0.99) 192/224
[64/86] done ../results/overnight_2026-09-20/classical/hh_s16_p2_voi_perpetua.jsonl
  hh_s16 p1 look=off PerpetuaStar(lognormal,K<=3,pm=0.01,a0=0.01/h,g=0.99) 182/224
[65/86] done ../results/overnight_2026-09-20/classical/hh_s16_p1_off_perpetua.jsonl
  hh_s15 p1 look=voi Perpetua(lognormal,K<=3,pm=0.01,steps=10)          210/224
  hh_s17 p2 look=top Perpetua(lognormal,K<=3,pm=0.01,steps=10)          203/224
  hh_s15 p1 look=top Perpetua(lognormal,K<=3,pm=0.01,steps=10)          209/224
  hh_s17 p2 look=voi Perpetua(lognormal,K<=3,pm=0.01,steps=10)          202/224
  hh_s18 p2 look=off Perpetua(lognormal,K<=3,pm=0.01,steps=10)          180/224
  hh_s17 p2 look=top PerpetuaStar(lognormal,K<=3,pm=0.01,a0=0.01/h,g=0.99) 204/224
[66/86] done ../results/overnight_2026-09-20/classical/hh_s17_p2_top_perpetua.jsonl
  hh_s18 p2 look=off PerpetuaStar(lognormal,K<=3,pm=0.01,a0=0.01/h,g=0.99) 183/224
[67/86] done ../results/overnight_2026-09-20/classical/hh_s18_p2_off_perpetua.jsonl
  hh_s16 p1 look=voi Perpetua(lognormal,K<=3,pm=0.01,steps=10)          195/224
  hh_s17 p1 look=off Perpetua(lognormal,K<=3,pm=0.01,steps=10)          197/224
  hh_s17 p2 look=voi PerpetuaStar(lognormal,K<=3,pm=0.01,a0=0.01/h,g=0.99) 204/224
[68/86] done ../results/overnight_2026-09-20/classical/hh_s17_p2_voi_perpetua.jsonl
  hh_s15 p1 look=top PerpetuaStar(lognormal,K<=3,pm=0.01,a0=0.01/h,g=0.99) 209/224
[69/86] done ../results/overnight_2026-09-20/classical/hh_s15_p1_top_perpetua.jsonl
  hh_s15 p1 look=voi PerpetuaStar(lognormal,K<=3,pm=0.01,a0=0.01/h,g=0.99) 209/224
[70/86] done ../results/overnight_2026-09-20/classical/hh_s15_p1_voi_perpetua.jsonl
  hh_s17 p1 look=off PerpetuaStar(lognormal,K<=3,pm=0.01,a0=0.01/h,g=0.99) 196/224
[71/86] done ../results/overnight_2026-09-20/classical/hh_s17_p1_off_perpetua.jsonl
  hh_s16 p1 look=top Perpetua(lognormal,K<=3,pm=0.01,steps=10)          198/224
  hh_s16 p1 look=voi PerpetuaStar(lognormal,K<=3,pm=0.01,a0=0.01/h,g=0.99) 194/224
[72/86] done ../results/overnight_2026-09-20/classical/hh_s16_p1_voi_perpetua.jsonl
  hh_s18 p2 look=top Perpetua(lognormal,K<=3,pm=0.01,steps=10)          199/224
  hh_s18 p2 look=voi Perpetua(lognormal,K<=3,pm=0.01,steps=10)          201/224
  hh_s19 p2 look=off Perpetua(lognormal,K<=3,pm=0.01,steps=10)          196/224
  hh_s17 p1 look=top Perpetua(lognormal,K<=3,pm=0.01,steps=10)          206/224
  hh_s17 p1 look=voi Perpetua(lognormal,K<=3,pm=0.01,steps=10)          206/224
  hh_s19 p2 look=off PerpetuaStar(lognormal,K<=3,pm=0.01,a0=0.01/h,g=0.99) 195/224
[73/86] done ../results/overnight_2026-09-20/classical/hh_s19_p2_off_perpetua.jsonl
  hh_s16 p1 look=top PerpetuaStar(lognormal,K<=3,pm=0.01,a0=0.01/h,g=0.99) 197/224
[74/86] done ../results/overnight_2026-09-20/classical/hh_s16_p1_top_perpetua.jsonl
  hh_s18 p2 look=top PerpetuaStar(lognormal,K<=3,pm=0.01,a0=0.01/h,g=0.99) 198/224
[75/86] done ../results/overnight_2026-09-20/classical/hh_s18_p2_top_perpetua.jsonl
  hh_s18 p2 look=voi PerpetuaStar(lognormal,K<=3,pm=0.01,a0=0.01/h,g=0.99) 201/224
[76/86] done ../results/overnight_2026-09-20/classical/hh_s18_p2_voi_perpetua.jsonl
  hh_s17 p1 look=top PerpetuaStar(lognormal,K<=3,pm=0.01,a0=0.01/h,g=0.99) 206/224
[77/86] done ../results/overnight_2026-09-20/classical/hh_s17_p1_top_perpetua.jsonl
  hh_s18 p1 look=off Perpetua(lognormal,K<=3,pm=0.01,steps=10)          179/224
  hh_s17 p1 look=voi PerpetuaStar(lognormal,K<=3,pm=0.01,a0=0.01/h,g=0.99) 206/224
[78/86] done ../results/overnight_2026-09-20/classical/hh_s17_p1_voi_perpetua.jsonl
  hh_s19 p2 look=top Perpetua(lognormal,K<=3,pm=0.01,steps=10)          203/224
  hh_s19 p2 look=voi Perpetua(lognormal,K<=3,pm=0.01,steps=10)          205/224
  hh_s18 p1 look=off PerpetuaStar(lognormal,K<=3,pm=0.01,a0=0.01/h,g=0.99) 183/224
[79/86] done ../results/overnight_2026-09-20/classical/hh_s18_p1_off_perpetua.jsonl
  hh_s19 p2 look=top PerpetuaStar(lognormal,K<=3,pm=0.01,a0=0.01/h,g=0.99) 205/224
[80/86] done ../results/overnight_2026-09-20/classical/hh_s19_p2_top_perpetua.jsonl
  hh_s19 p1 look=off Perpetua(lognormal,K<=3,pm=0.01,steps=10)          197/224
  hh_s19 p2 look=voi PerpetuaStar(lognormal,K<=3,pm=0.01,a0=0.01/h,g=0.99) 203/224
[81/86] done ../results/overnight_2026-09-20/classical/hh_s19_p2_voi_perpetua.jsonl
  hh_s19 p1 look=off PerpetuaStar(lognormal,K<=3,pm=0.01,a0=0.01/h,g=0.99) 199/224
[82/86] done ../results/overnight_2026-09-20/classical/hh_s19_p1_off_perpetua.jsonl
  hh_s18 p1 look=top Perpetua(lognormal,K<=3,pm=0.01,steps=10)          199/224
  hh_s18 p1 look=voi Perpetua(lognormal,K<=3,pm=0.01,steps=10)          199/224
  hh_s19 p1 look=top Perpetua(lognormal,K<=3,pm=0.01,steps=10)          206/224
  hh_s18 p1 look=top PerpetuaStar(lognormal,K<=3,pm=0.01,a0=0.01/h,g=0.99) 201/224
[83/86] done ../results/overnight_2026-09-20/classical/hh_s18_p1_top_perpetua.jsonl
  hh_s18 p1 look=voi PerpetuaStar(lognormal,K<=3,pm=0.01,a0=0.01/h,g=0.99) 202/224
[84/86] done ../results/overnight_2026-09-20/classical/hh_s18_p1_voi_perpetua.jsonl
  hh_s19 p1 look=voi Perpetua(lognormal,K<=3,pm=0.01,steps=10)          204/224
  hh_s19 p1 look=top PerpetuaStar(lognormal,K<=3,pm=0.01,a0=0.01/h,g=0.99) 207/224
[85/86] done ../results/overnight_2026-09-20/classical/hh_s19_p1_top_perpetua.jsonl
  hh_s19 p1 look=voi PerpetuaStar(lognormal,K<=3,pm=0.01,a0=0.01/h,g=0.99) 205/224
[86/86] done ../results/overnight_2026-09-20/classical/hh_s19_p1_voi_perpetua.jsonl
CLASSICAL QUEUE DONE Sun Sep 20 02:08:58 AM PDT 2026
