240 jobs
  hh_s0 p8 look=off LastObservation                                    185/224
  hh_s1 p4 look=off LastObservation                                    175/224
  hh_s0 p4 look=off LastObservation                                    189/224
  hh_s1 p4 look=off MostFrequentLocation                               176/224
  hh_s0 p8 look=off MostFrequentLocation                               181/224
  hh_s1 p4 look=off TimetableLookup(bin=1h,days=all)                   177/224
  hh_s0 p8 look=off TimetableLookup(bin=1h,days=all)                   183/224
  hh_s1 p4 look=voi LastObservation                                    199/224
  hh_s0 p4 look=off MostFrequentLocation                               190/224
  hh_s1 p2 look=off LastObservation                                    185/224
  hh_s0 p2 look=off LastObservation                                    194/224
  hh_s1 p4 look=off Markov1(a=1,cut=24h,hl=24h)                        181/224
  hh_s0 p8 look=off Markov1(a=1,cut=24h,hl=24h)                        178/224
  hh_s0 p1 look=off LastObservation                                    195/224
  hh_s0 p8 look=top LastObservation                                    214/224
  hh_s0 p4 look=top LastObservation                                    212/224
  hh_s0 p8 look=voi LastObservation                                    206/224
  hh_s1 p4 look=off PeriodicPersistence(min_dep=2,bin=1h,hl=24h)       177/224
  hh_s0 p8 look=off PeriodicPersistence(min_dep=2,bin=1h,hl=24h)       186/224
  hh_s0 p4 look=off TimetableLookup(bin=1h,days=all)                   191/224
  hh_s0 p4 look=voi LastObservation                                    211/224
  hh_s1 p4 look=off SmoothedRecency(hl=6h,freq=24h)                    175/224
  hh_s0 p8 look=off SmoothedRecency(hl=6h,freq=24h)                    186/224
  hh_s1 p2 look=off MostFrequentLocation                               186/224
  hh_s0 p1 look=voi LastObservation                                    211/224
  hh_s0 p2 look=off MostFrequentLocation                               195/224
  hh_s0 p4 look=off Markov1(a=1,cut=24h,hl=24h)                        193/224
  hh_s0 p1 look=off MostFrequentLocation                               195/224
  hh_s0 p2 look=top LastObservation                                    212/224
  hh_s1 p1 look=off LastObservation                                    187/224
  hh_s1 p2 look=top LastObservation                                    208/224
  hh_s1 p2 look=voi LastObservation                                    203/224
  hh_s0 p2 look=voi LastObservation                                    210/224
  hh_s0 p4 look=top MostFrequentLocation                               213/224
  hh_s0 p8 look=voi MostFrequentLocation                               212/224
  hh_s0 p4 look=off PeriodicPersistence(min_dep=2,bin=1h,hl=24h)       192/224
  hh_s0 p8 look=top MostFrequentLocation                               210/224
  hh_s1 p4 look=voi MostFrequentLocation                               202/224
  hh_s0 p8 look=off HierarchyBackoff(po=5,pc=5,hl=24h)                 185/224
  hh_s1 p2 look=off TimetableLookup(bin=1h,days=all)                   188/224
  hh_s0 p2 look=off TimetableLookup(bin=1h,days=all)                   198/224
  hh_s0 p1 look=off TimetableLookup(bin=1h,days=all)                   201/224
  hh_s0 p4 look=off SmoothedRecency(hl=6h,freq=24h)                    189/224
  hh_s0 p1 look=top LastObservation                                    209/224
  hh_s0 p4 look=top TimetableLookup(bin=1h,days=all)                   201/224
  hh_s1 p1 look=voi LastObservation                                    205/224
  hh_s1 p1 look=top LastObservation                                    209/224
  hh_s0 p4 look=voi MostFrequentLocation                               215/224
  hh_s0 p8 look=voi TimetableLookup(bin=1h,days=all)                   185/224
  hh_s0 p1 look=voi MostFrequentLocation                               215/224
  hh_s1 p4 look=off HierarchyBackoff(po=5,pc=5,hl=24h)                 175/224
  hh_s0 p2 look=off Markov1(a=1,cut=24h,hl=24h)                        198/224
  hh_s1 p2 look=off Markov1(a=1,cut=24h,hl=24h)                        195/224
  hh_s1 p1 look=off MostFrequentLocation                               188/224
  hh_s0 p8 look=top TimetableLookup(bin=1h,days=all)                   197/224
  hh_s0 p2 look=top MostFrequentLocation                               214/224
  hh_s1 p2 look=top MostFrequentLocation                               202/224
  hh_s0 p4 look=top Markov1(a=1,cut=24h,hl=24h)                        206/224
  hh_s0 p2 look=voi MostFrequentLocation                               215/224
  hh_s0 p8 look=voi Markov1(a=1,cut=24h,hl=24h)                        201/224
  hh_s1 p2 look=voi MostFrequentLocation                               200/224
  hh_s0 p1 look=off Markov1(a=1,cut=24h,hl=24h)                        199/224
  hh_s1 p4 look=voi TimetableLookup(bin=1h,days=all)                   195/224
  hh_s0 p2 look=off PeriodicPersistence(min_dep=2,bin=1h,hl=24h)       196/224
  hh_s1 p2 look=off PeriodicPersistence(min_dep=2,bin=1h,hl=24h)       187/224
  hh_s0 p4 look=off HierarchyBackoff(po=5,pc=5,hl=24h)                 189/224
  hh_s1 p1 look=voi MostFrequentLocation                               201/224
  hh_s0 p4 look=voi TimetableLookup(bin=1h,days=all)                   196/224
  hh_s0 p1 look=voi TimetableLookup(bin=1h,days=all)                   213/224
  hh_s0 p8 look=voi PeriodicPersistence(min_dep=2,bin=1h,hl=24h)       205/224
  hh_s1 p1 look=off TimetableLookup(bin=1h,days=all)                   195/224
  hh_s0 p2 look=off SmoothedRecency(hl=6h,freq=24h)                    194/224
  hh_s1 p2 look=off SmoothedRecency(hl=6h,freq=24h)                    185/224
  hh_s0 p4 look=top PeriodicPersistence(min_dep=2,bin=1h,hl=24h)       208/224
  hh_s0 p8 look=top Markov1(a=1,cut=24h,hl=24h)                        206/224
  hh_s0 p8 look=off DaytypeMixture(K=3,bin=2h,hl=24h)                  173/224
  hh_s0 p1 look=top MostFrequentLocation                               214/224
  hh_s0 p1 look=off PeriodicPersistence(min_dep=2,bin=1h,hl=24h)       196/224
  hh_s1 p1 look=top MostFrequentLocation                               204/224
  hh_s0 p2 look=top TimetableLookup(bin=1h,days=all)                   210/224
  hh_s1 p2 look=top TimetableLookup(bin=1h,days=all)                   204/224
  hh_s1 p4 look=voi Markov1(a=1,cut=24h,hl=24h)                        193/224
  hh_s0 p8 look=voi SmoothedRecency(hl=6h,freq=24h)                    210/224
  hh_s0 p2 look=voi TimetableLookup(bin=1h,days=all)                   207/224
  hh_s1 p2 look=voi TimetableLookup(bin=1h,days=all)                   198/224
  hh_s0 p4 look=voi Markov1(a=1,cut=24h,hl=24h)                        205/224
  hh_s1 p1 look=voi TimetableLookup(bin=1h,days=all)                   202/224
  hh_s0 p1 look=voi Markov1(a=1,cut=24h,hl=24h)                        209/224
  hh_s1 p1 look=off Markov1(a=1,cut=24h,hl=24h)                        195/224
  hh_s0 p8 look=top PeriodicPersistence(min_dep=2,bin=1h,hl=24h)       208/224
  hh_s0 p4 look=top SmoothedRecency(hl=6h,freq=24h)                    211/224
  hh_s0 p1 look=off SmoothedRecency(hl=6h,freq=24h)                    194/224
  hh_s1 p4 look=voi PeriodicPersistence(min_dep=2,bin=1h,hl=24h)       197/224
  hh_s0 p2 look=top Markov1(a=1,cut=24h,hl=24h)                        211/224
  hh_s1 p2 look=top Markov1(a=1,cut=24h,hl=24h)                        203/224
  hh_s0 p1 look=top TimetableLookup(bin=1h,days=all)                   214/224
  hh_s0 p8 look=top SmoothedRecency(hl=6h,freq=24h)                    211/224
  hh_s0 p2 look=voi Markov1(a=1,cut=24h,hl=24h)                        208/224
  hh_s0 p4 look=voi PeriodicPersistence(min_dep=2,bin=1h,hl=24h)       210/224
  hh_s0 p1 look=voi PeriodicPersistence(min_dep=2,bin=1h,hl=24h)       214/224
  hh_s1 p1 look=off PeriodicPersistence(min_dep=2,bin=1h,hl=24h)       187/224
  hh_s1 p1 look=voi Markov1(a=1,cut=24h,hl=24h)                        201/224
  hh_s1 p2 look=voi Markov1(a=1,cut=24h,hl=24h)                        197/224
  hh_s0 p8 look=voi HierarchyBackoff(po=5,pc=5,hl=24h)                 201/224
  hh_s0 p2 look=off HierarchyBackoff(po=5,pc=5,hl=24h)                 194/224
  hh_s1 p1 look=top TimetableLookup(bin=1h,days=all)                   202/224
  hh_s1 p2 look=off HierarchyBackoff(po=5,pc=5,hl=24h)                 185/224
  hh_s1 p4 look=voi SmoothedRecency(hl=6h,freq=24h)                    197/224
  hh_s1 p1 look=off SmoothedRecency(hl=6h,freq=24h)                    187/224
  hh_s0 p1 look=voi SmoothedRecency(hl=6h,freq=24h)                    211/224
  hh_s0 p2 look=top PeriodicPersistence(min_dep=2,bin=1h,hl=24h)       212/224
  hh_s0 p4 look=voi SmoothedRecency(hl=6h,freq=24h)                    210/224
  hh_s1 p2 look=top PeriodicPersistence(min_dep=2,bin=1h,hl=24h)       202/224
  hh_s1 p1 look=voi PeriodicPersistence(min_dep=2,bin=1h,hl=24h)       202/224
  hh_s0 p2 look=voi PeriodicPersistence(min_dep=2,bin=1h,hl=24h)       213/224
  hh_s1 p2 look=voi PeriodicPersistence(min_dep=2,bin=1h,hl=24h)       199/224
  hh_s0 p1 look=top Markov1(a=1,cut=24h,hl=24h)                        212/224
  hh_s0 p4 look=top HierarchyBackoff(po=5,pc=5,hl=24h)                 206/224
  hh_s1 p1 look=top Markov1(a=1,cut=24h,hl=24h)                        204/224
  hh_s0 p8 look=top HierarchyBackoff(po=5,pc=5,hl=24h)                 202/224
  hh_s0 p2 look=top SmoothedRecency(hl=6h,freq=24h)                    209/224
  hh_s1 p1 look=voi SmoothedRecency(hl=6h,freq=24h)                    201/224
  hh_s1 p2 look=top SmoothedRecency(hl=6h,freq=24h)                    201/224
  hh_s0 p2 look=voi SmoothedRecency(hl=6h,freq=24h)                    209/224
  hh_s1 p2 look=voi SmoothedRecency(hl=6h,freq=24h)                    201/224
  hh_s1 p4 look=off DaytypeMixture(K=3,bin=2h,hl=24h)                  173/224
  hh_s0 p4 look=off DaytypeMixture(K=3,bin=2h,hl=24h)                  182/224
  hh_s0 p1 look=top PeriodicPersistence(min_dep=2,bin=1h,hl=24h)       212/224
  hh_s0 p1 look=off HierarchyBackoff(po=5,pc=5,hl=24h)                 194/224
  hh_s1 p1 look=top PeriodicPersistence(min_dep=2,bin=1h,hl=24h)       203/224
  hh_s0 p4 look=voi HierarchyBackoff(po=5,pc=5,hl=24h)                 207/224
  hh_s1 p4 look=voi HierarchyBackoff(po=5,pc=5,hl=24h)                 199/224
  hh_s0 p1 look=voi HierarchyBackoff(po=5,pc=5,hl=24h)                 211/224
  hh_s0 p1 look=top SmoothedRecency(hl=6h,freq=24h)                    209/224
  hh_s1 p1 look=off HierarchyBackoff(po=5,pc=5,hl=24h)                 187/224
  hh_s1 p1 look=top SmoothedRecency(hl=6h,freq=24h)                    203/224
  hh_s0 p2 look=top HierarchyBackoff(po=5,pc=5,hl=24h)                 208/224
  hh_s1 p2 look=top HierarchyBackoff(po=5,pc=5,hl=24h)                 201/224
  hh_s1 p1 look=voi HierarchyBackoff(po=5,pc=5,hl=24h)                 199/224
  hh_s0 p2 look=voi HierarchyBackoff(po=5,pc=5,hl=24h)                 210/224
  hh_s1 p2 look=voi HierarchyBackoff(po=5,pc=5,hl=24h)                 199/224
  hh_s0 p8 look=voi DaytypeMixture(K=3,bin=2h,hl=24h)                  197/224
  hh_s0 p1 look=top HierarchyBackoff(po=5,pc=5,hl=24h)                 210/224
  hh_s1 p1 look=top HierarchyBackoff(po=5,pc=5,hl=24h)                 201/224
  hh_s0 p8 look=top DaytypeMixture(K=3,bin=2h,hl=24h)                  206/224
  hh_s0 p2 look=off DaytypeMixture(K=3,bin=2h,hl=24h)                  185/224
  hh_s1 p2 look=off DaytypeMixture(K=3,bin=2h,hl=24h)                  176/224
  hh_s0 p4 look=top DaytypeMixture(K=3,bin=2h,hl=24h)                  206/224
  hh_s0 p4 look=voi DaytypeMixture(K=3,bin=2h,hl=24h)                  201/224
  hh_s1 p4 look=voi DaytypeMixture(K=3,bin=2h,hl=24h)                  200/224
  hh_s0 p2 look=top DaytypeMixture(K=3,bin=2h,hl=24h)                  213/224
  hh_s0 p2 look=voi DaytypeMixture(K=3,bin=2h,hl=24h)                  211/224
  hh_s1 p2 look=top DaytypeMixture(K=3,bin=2h,hl=24h)                  204/224
  hh_s0 p1 look=off DaytypeMixture(K=3,bin=2h,hl=24h)                  192/224
  hh_s1 p2 look=voi DaytypeMixture(K=3,bin=2h,hl=24h)                  201/224
  hh_s1 p1 look=off DaytypeMixture(K=3,bin=2h,hl=24h)                  182/224
  hh_s1 p1 look=voi DaytypeMixture(K=3,bin=2h,hl=24h)                  204/224
  hh_s0 p1 look=voi DaytypeMixture(K=3,bin=2h,hl=24h)                  213/224
  hh_s0 p1 look=top DaytypeMixture(K=3,bin=2h,hl=24h)                  211/224
  hh_s1 p1 look=top DaytypeMixture(K=3,bin=2h,hl=24h)                  207/224
  hh_s0 p8 look=off Perpetua(lognormal,K<=3,pm=0.01,steps=10)          178/224
  hh_s0 p8 look=off PerpetuaStar(lognormal,K<=3,pm=0.01,a0=0.01/h,g=0.99) 179/224
[1/240] done ../results/overnight_2026-09-20/classical/hh_s0_p8_off.jsonl
  hh_s1 p4 look=top LastObservation                                    206/224
  hh_s1 p4 look=top MostFrequentLocation                               200/224
  hh_s1 p4 look=top TimetableLookup(bin=1h,days=all)                   201/224
  hh_s1 p4 look=top Markov1(a=1,cut=24h,hl=24h)                        197/224
  hh_s1 p4 look=top PeriodicPersistence(min_dep=2,bin=1h,hl=24h)       201/224
  hh_s1 p4 look=top SmoothedRecency(hl=6h,freq=24h)                    198/224
  hh_s1 p4 look=top HierarchyBackoff(po=5,pc=5,hl=24h)                 199/224
  hh_s1 p4 look=top DaytypeMixture(K=3,bin=2h,hl=24h)                  205/224
  hh_s1 p4 look=off Perpetua(lognormal,K<=3,pm=0.01,steps=10)          168/224
  hh_s1 p4 look=off PerpetuaStar(lognormal,K<=3,pm=0.01,a0=0.01/h,g=0.99) 172/224
[2/240] done ../results/overnight_2026-09-20/classical/hh_s1_p4_off.jsonl
  hh_s1 p8 look=off LastObservation                                    166/224
  hh_s1 p8 look=off MostFrequentLocation                               164/224
  hh_s1 p8 look=off TimetableLookup(bin=1h,days=all)                   165/224
  hh_s1 p8 look=off Markov1(a=1,cut=24h,hl=24h)                        155/224
  hh_s1 p8 look=off PeriodicPersistence(min_dep=2,bin=1h,hl=24h)       169/224
  hh_s1 p8 look=off SmoothedRecency(hl=6h,freq=24h)                    166/224
  hh_s1 p8 look=off HierarchyBackoff(po=5,pc=5,hl=24h)                 167/224
  hh_s1 p8 look=off DaytypeMixture(K=3,bin=2h,hl=24h)                  167/224
  hh_s0 p4 look=off Perpetua(lognormal,K<=3,pm=0.01,steps=10)          189/224
  hh_s0 p4 look=off PerpetuaStar(lognormal,K<=3,pm=0.01,a0=0.01/h,g=0.99) 186/224
[3/240] done ../results/overnight_2026-09-20/classical/hh_s0_p4_off.jsonl
  hh_s1 p8 look=voi LastObservation                                    197/224
  hh_s1 p8 look=voi MostFrequentLocation                               205/224
  hh_s1 p8 look=voi TimetableLookup(bin=1h,days=all)                   192/224
  hh_s1 p8 look=voi Markov1(a=1,cut=24h,hl=24h)                        190/224
  hh_s1 p8 look=voi PeriodicPersistence(min_dep=2,bin=1h,hl=24h)       196/224
  hh_s1 p8 look=voi SmoothedRecency(hl=6h,freq=24h)                    196/224
  hh_s1 p8 look=voi HierarchyBackoff(po=5,pc=5,hl=24h)                 196/224
  hh_s1 p8 look=voi DaytypeMixture(K=3,bin=2h,hl=24h)                  194/224
  hh_s1 p8 look=off Perpetua(lognormal,K<=3,pm=0.01,steps=10)          165/224
  hh_s1 p8 look=off PerpetuaStar(lognormal,K<=3,pm=0.01,a0=0.01/h,g=0.99) 167/224
[4/240] done ../results/overnight_2026-09-20/classical/hh_s1_p8_off.jsonl
  hh_s1 p8 look=top LastObservation                                    203/224
  hh_s1 p8 look=top MostFrequentLocation                               201/224
  hh_s1 p8 look=top TimetableLookup(bin=1h,days=all)                   199/224
  hh_s1 p8 look=top Markov1(a=1,cut=24h,hl=24h)                        191/224
  hh_s1 p8 look=top PeriodicPersistence(min_dep=2,bin=1h,hl=24h)       200/224
  hh_s1 p8 look=top SmoothedRecency(hl=6h,freq=24h)                    199/224
  hh_s1 p8 look=top HierarchyBackoff(po=5,pc=5,hl=24h)                 195/224
  hh_s1 p8 look=top DaytypeMixture(K=3,bin=2h,hl=24h)                  204/224
  hh_s0 p8 look=top Perpetua(lognormal,K<=3,pm=0.01,steps=10)          201/224
  hh_s0 p8 look=voi Perpetua(lognormal,K<=3,pm=0.01,steps=10)          202/224
  hh_s1 p2 look=off Perpetua(lognormal,K<=3,pm=0.01,steps=10)          180/224
  hh_s0 p8 look=top PerpetuaStar(lognormal,K<=3,pm=0.01,a0=0.01/h,g=0.99) 201/224
[5/240] done ../results/overnight_2026-09-20/classical/hh_s0_p8_top.jsonl
  hh_s2 p1 look=off LastObservation                                    193/224
  hh_s2 p1 look=off MostFrequentLocation                               194/224
  hh_s2 p1 look=off TimetableLookup(bin=1h,days=all)                   195/224
  hh_s2 p1 look=off Markov1(a=1,cut=24h,hl=24h)                        195/224
  hh_s2 p1 look=off PeriodicPersistence(min_dep=2,bin=1h,hl=24h)       194/224
  hh_s2 p1 look=off SmoothedRecency(hl=6h,freq=24h)                    193/224
  hh_s2 p1 look=off HierarchyBackoff(po=5,pc=5,hl=24h)                 193/224
  hh_s0 p2 look=off Perpetua(lognormal,K<=3,pm=0.01,steps=10)          190/224
  hh_s2 p1 look=off DaytypeMixture(K=3,bin=2h,hl=24h)                  167/224
  hh_s1 p4 look=top Perpetua(lognormal,K<=3,pm=0.01,steps=10)          190/224
  hh_s1 p2 look=off PerpetuaStar(lognormal,K<=3,pm=0.01,a0=0.01/h,g=0.99) 182/224
[6/240] done ../results/overnight_2026-09-20/classical/hh_s1_p2_off.jsonl
  hh_s2 p1 look=voi LastObservation                                    204/224
  hh_s2 p1 look=voi MostFrequentLocation                               210/224
  hh_s2 p1 look=voi TimetableLookup(bin=1h,days=all)                   206/224
  hh_s2 p1 look=voi Markov1(a=1,cut=24h,hl=24h)                        206/224
  hh_s2 p1 look=voi PeriodicPersistence(min_dep=2,bin=1h,hl=24h)       208/224
  hh_s2 p1 look=voi SmoothedRecency(hl=6h,freq=24h)                    212/224
  hh_s2 p1 look=voi HierarchyBackoff(po=5,pc=5,hl=24h)                 211/224
  hh_s0 p4 look=voi Perpetua(lognormal,K<=3,pm=0.01,steps=10)          201/224
  hh_s0 p4 look=top Perpetua(lognormal,K<=3,pm=0.01,steps=10)          196/224
  hh_s0 p8 look=voi PerpetuaStar(lognormal,K<=3,pm=0.01,a0=0.01/h,g=0.99) 202/224
[7/240] done ../results/overnight_2026-09-20/classical/hh_s0_p8_voi.jsonl
  hh_s2 p1 look=top LastObservation                                    213/224
  hh_s2 p1 look=top MostFrequentLocation                               209/224
  hh_s2 p1 look=top TimetableLookup(bin=1h,days=all)                   211/224
  hh_s2 p1 look=top Markov1(a=1,cut=24h,hl=24h)                        212/224
  hh_s2 p1 look=top PeriodicPersistence(min_dep=2,bin=1h,hl=24h)       210/224
  hh_s2 p1 look=top SmoothedRecency(hl=6h,freq=24h)                    211/224
  hh_s2 p1 look=top HierarchyBackoff(po=5,pc=5,hl=24h)                 211/224
  hh_s0 p2 look=off PerpetuaStar(lognormal,K<=3,pm=0.01,a0=0.01/h,g=0.99) 189/224
[8/240] done ../results/overnight_2026-09-20/classical/hh_s0_p2_off.jsonl
  hh_s2 p2 look=off LastObservation                                    190/224
  hh_s2 p2 look=off MostFrequentLocation                               188/224
  hh_s2 p2 look=off TimetableLookup(bin=1h,days=all)                   189/224
  hh_s2 p2 look=off Markov1(a=1,cut=24h,hl=24h)                        189/224
  hh_s2 p2 look=off PeriodicPersistence(min_dep=2,bin=1h,hl=24h)       190/224
  hh_s2 p2 look=off SmoothedRecency(hl=6h,freq=24h)                    190/224
  hh_s2 p2 look=off HierarchyBackoff(po=5,pc=5,hl=24h)                 190/224
  hh_s2 p1 look=voi DaytypeMixture(K=3,bin=2h,hl=24h)                  211/224
  hh_s2 p2 look=off DaytypeMixture(K=3,bin=2h,hl=24h)                  163/224
  hh_s2 p1 look=top DaytypeMixture(K=3,bin=2h,hl=24h)                  210/224
  hh_s1 p4 look=voi Perpetua(lognormal,K<=3,pm=0.01,steps=10)          186/224
  hh_s1 p4 look=top PerpetuaStar(lognormal,K<=3,pm=0.01,a0=0.01/h,g=0.99) 189/224
[9/240] done ../results/overnight_2026-09-20/classical/hh_s1_p4_top.jsonl
  hh_s2 p2 look=voi LastObservation                                    202/224
  hh_s2 p2 look=voi MostFrequentLocation                               211/224
  hh_s2 p2 look=voi TimetableLookup(bin=1h,days=all)                   199/224
  hh_s0 p4 look=voi PerpetuaStar(lognormal,K<=3,pm=0.01,a0=0.01/h,g=0.99) 202/224
  hh_s2 p2 look=voi Markov1(a=1,cut=24h,hl=24h)                        201/224
[10/240] done ../results/overnight_2026-09-20/classical/hh_s0_p4_voi.jsonl
  hh_s2 p2 look=top LastObservation                                    211/224
  hh_s2 p2 look=voi PeriodicPersistence(min_dep=2,bin=1h,hl=24h)       208/224
  hh_s2 p2 look=top MostFrequentLocation                               210/224
  hh_s2 p2 look=top TimetableLookup(bin=1h,days=all)                   204/224
  hh_s2 p2 look=voi SmoothedRecency(hl=6h,freq=24h)                    211/224
  hh_s2 p2 look=top Markov1(a=1,cut=24h,hl=24h)                        209/224
  hh_s2 p2 look=top PeriodicPersistence(min_dep=2,bin=1h,hl=24h)       210/224
  hh_s2 p2 look=top SmoothedRecency(hl=6h,freq=24h)                    205/224
  hh_s2 p2 look=top HierarchyBackoff(po=5,pc=5,hl=24h)                 212/224
  hh_s2 p2 look=voi HierarchyBackoff(po=5,pc=5,hl=24h)                 210/224
  hh_s2 p2 look=top DaytypeMixture(K=3,bin=2h,hl=24h)                  207/224
  hh_s2 p2 look=voi DaytypeMixture(K=3,bin=2h,hl=24h)                  206/224
  hh_s0 p2 look=voi Perpetua(lognormal,K<=3,pm=0.01,steps=10)          203/224
  hh_s0 p4 look=top PerpetuaStar(lognormal,K<=3,pm=0.01,a0=0.01/h,g=0.99) 198/224
[11/240] done ../results/overnight_2026-09-20/classical/hh_s0_p4_top.jsonl
  hh_s2 p4 look=off LastObservation                                    177/224
  hh_s2 p4 look=off MostFrequentLocation                               177/224
  hh_s2 p4 look=off TimetableLookup(bin=1h,days=all)                   177/224
  hh_s2 p4 look=off Markov1(a=1,cut=24h,hl=24h)                        176/224
  hh_s2 p4 look=off PeriodicPersistence(min_dep=2,bin=1h,hl=24h)       178/224
  hh_s2 p4 look=off SmoothedRecency(hl=6h,freq=24h)                    177/224
  hh_s2 p4 look=off HierarchyBackoff(po=5,pc=5,hl=24h)                 177/224
  hh_s2 p4 look=off DaytypeMixture(K=3,bin=2h,hl=24h)                  165/224
  hh_s1 p8 look=top Perpetua(lognormal,K<=3,pm=0.01,steps=10)          190/224
  hh_s1 p4 look=voi PerpetuaStar(lognormal,K<=3,pm=0.01,a0=0.01/h,g=0.99) 187/224
[12/240] done ../results/overnight_2026-09-20/classical/hh_s1_p4_voi.jsonl
  hh_s1 p2 look=top Perpetua(lognormal,K<=3,pm=0.01,steps=10)          189/224
  hh_s2 p4 look=voi LastObservation                                    202/224
  hh_s2 p4 look=voi MostFrequentLocation                               206/224
  hh_s2 p4 look=voi TimetableLookup(bin=1h,days=all)                   186/224
  hh_s2 p4 look=voi Markov1(a=1,cut=24h,hl=24h)                        201/224
  hh_s2 p4 look=voi PeriodicPersistence(min_dep=2,bin=1h,hl=24h)       204/224
  hh_s2 p4 look=voi SmoothedRecency(hl=6h,freq=24h)                    209/224
  hh_s2 p4 look=voi HierarchyBackoff(po=5,pc=5,hl=24h)                 209/224
  hh_s2 p4 look=voi DaytypeMixture(K=3,bin=2h,hl=24h)                  200/224
  hh_s0 p2 look=top Perpetua(lognormal,K<=3,pm=0.01,steps=10)          200/224
  hh_s1 p2 look=voi Perpetua(lognormal,K<=3,pm=0.01,steps=10)          189/224
  hh_s1 p8 look=top PerpetuaStar(lognormal,K<=3,pm=0.01,a0=0.01/h,g=0.99) 190/224
[13/240] done ../results/overnight_2026-09-20/classical/hh_s1_p8_top.jsonl
  hh_s2 p4 look=top LastObservation                                    205/224
  hh_s2 p4 look=top MostFrequentLocation                               206/224
  hh_s2 p4 look=top TimetableLookup(bin=1h,days=all)                   199/224
  hh_s2 p4 look=top Markov1(a=1,cut=24h,hl=24h)                        203/224
  hh_s2 p4 look=top PeriodicPersistence(min_dep=2,bin=1h,hl=24h)       206/224
  hh_s2 p4 look=top SmoothedRecency(hl=6h,freq=24h)                    204/224
  hh_s2 p4 look=top HierarchyBackoff(po=5,pc=5,hl=24h)                 207/224
  hh_s2 p4 look=top DaytypeMixture(K=3,bin=2h,hl=24h)                  207/224
  hh_s0 p2 look=voi PerpetuaStar(lognormal,K<=3,pm=0.01,a0=0.01/h,g=0.99) 203/224
[14/240] done ../results/overnight_2026-09-20/classical/hh_s0_p2_voi.jsonl
  hh_s2 p8 look=off LastObservation                                    167/224
  hh_s2 p8 look=off MostFrequentLocation                               162/224
  hh_s2 p8 look=off TimetableLookup(bin=1h,days=all)                   162/224
  hh_s2 p8 look=off Markov1(a=1,cut=24h,hl=24h)                        163/224
  hh_s2 p8 look=off PeriodicPersistence(min_dep=2,bin=1h,hl=24h)       167/224
  hh_s2 p8 look=off SmoothedRecency(hl=6h,freq=24h)                    167/224
  hh_s2 p8 look=off HierarchyBackoff(po=5,pc=5,hl=24h)                 167/224
  hh_s2 p8 look=off DaytypeMixture(K=3,bin=2h,hl=24h)                  158/224
  hh_s1 p8 look=voi Perpetua(lognormal,K<=3,pm=0.01,steps=10)          184/224
  hh_s0 p1 look=off Perpetua(lognormal,K<=3,pm=0.01,steps=10)          189/224
  hh_s1 p1 look=off Perpetua(lognormal,K<=3,pm=0.01,steps=10)          182/224
  hh_s0 p2 look=top PerpetuaStar(lognormal,K<=3,pm=0.01,a0=0.01/h,g=0.99) 202/224
[15/240] done ../results/overnight_2026-09-20/classical/hh_s0_p2_top.jsonl
  hh_s2 p8 look=voi LastObservation                                    195/224
  hh_s2 p8 look=voi MostFrequentLocation                               207/224
  hh_s2 p8 look=voi TimetableLookup(bin=1h,days=all)                   174/224
  hh_s2 p8 look=voi Markov1(a=1,cut=24h,hl=24h)                        194/224
  hh_s2 p8 look=voi PeriodicPersistence(min_dep=2,bin=1h,hl=24h)       201/224
  hh_s2 p8 look=voi SmoothedRecency(hl=6h,freq=24h)                    206/224
  hh_s2 p8 look=voi HierarchyBackoff(po=5,pc=5,hl=24h)                 205/224
  hh_s2 p8 look=voi DaytypeMixture(K=3,bin=2h,hl=24h)                  202/224
  hh_s1 p2 look=top PerpetuaStar(lognormal,K<=3,pm=0.01,a0=0.01/h,g=0.99) 189/224
[16/240] done ../results/overnight_2026-09-20/classical/hh_s1_p2_top.jsonl
  hh_s2 p8 look=top LastObservation                                    207/224
  hh_s2 p8 look=top MostFrequentLocation                               206/224
  hh_s2 p8 look=top TimetableLookup(bin=1h,days=all)                   195/224
  hh_s2 p8 look=top Markov1(a=1,cut=24h,hl=24h)                        200/224
  hh_s2 p8 look=top PeriodicPersistence(min_dep=2,bin=1h,hl=24h)       205/224
  hh_s2 p8 look=top SmoothedRecency(hl=6h,freq=24h)                    205/224
  hh_s2 p8 look=top HierarchyBackoff(po=5,pc=5,hl=24h)                 207/224
  hh_s2 p8 look=off Perpetua(lognormal,K<=3,pm=0.01,steps=10)          161/224
  hh_s2 p8 look=top DaytypeMixture(K=3,bin=2h,hl=24h)                  205/224
  hh_s2 p8 look=off PerpetuaStar(lognormal,K<=3,pm=0.01,a0=0.01/h,g=0.99) 163/224
[17/240] done ../results/overnight_2026-09-20/classical/hh_s2_p8_off.jsonl
  hh_s3 p1 look=off LastObservation                                    200/224
  hh_s3 p1 look=off MostFrequentLocation                               201/224
  hh_s3 p1 look=off TimetableLookup(bin=1h,days=all)                   200/224
  hh_s3 p1 look=off Markov1(a=1,cut=24h,hl=24h)                        205/224
  hh_s3 p1 look=off PeriodicPersistence(min_dep=2,bin=1h,hl=24h)       202/224
  hh_s3 p1 look=off SmoothedRecency(hl=6h,freq=24h)                    200/224
  hh_s3 p1 look=off HierarchyBackoff(po=5,pc=5,hl=24h)                 200/224
  hh_s1 p8 look=voi PerpetuaStar(lognormal,K<=3,pm=0.01,a0=0.01/h,g=0.99) 184/224
[18/240] done ../results/overnight_2026-09-20/classical/hh_s1_p8_voi.jsonl
  hh_s3 p1 look=voi LastObservation                                    216/224
  hh_s3 p1 look=voi MostFrequentLocation                               218/224
  hh_s3 p1 look=voi TimetableLookup(bin=1h,days=all)                   213/224
  hh_s3 p1 look=voi Markov1(a=1,cut=24h,hl=24h)                        215/224
  hh_s3 p1 look=voi PeriodicPersistence(min_dep=2,bin=1h,hl=24h)       213/224
  hh_s3 p1 look=voi SmoothedRecency(hl=6h,freq=24h)                    214/224
  hh_s1 p2 look=voi PerpetuaStar(lognormal,K<=3,pm=0.01,a0=0.01/h,g=0.99) 189/224
[19/240] done ../results/overnight_2026-09-20/classical/hh_s1_p2_voi.jsonl
  hh_s3 p1 look=top LastObservation                                    215/224
  hh_s3 p1 look=voi HierarchyBackoff(po=5,pc=5,hl=24h)                 214/224
  hh_s3 p1 look=top MostFrequentLocation                               217/224
  hh_s3 p1 look=top TimetableLookup(bin=1h,days=all)                   214/224
  hh_s3 p1 look=top Markov1(a=1,cut=24h,hl=24h)                        213/224
  hh_s2 p4 look=off Perpetua(lognormal,K<=3,pm=0.01,steps=10)          176/224
  hh_s3 p1 look=top PeriodicPersistence(min_dep=2,bin=1h,hl=24h)       214/224
  hh_s3 p1 look=top SmoothedRecency(hl=6h,freq=24h)                    214/224
  hh_s3 p1 look=top HierarchyBackoff(po=5,pc=5,hl=24h)                 214/224
  hh_s3 p1 look=off DaytypeMixture(K=3,bin=2h,hl=24h)                  189/224
  hh_s3 p1 look=top DaytypeMixture(K=3,bin=2h,hl=24h)                  209/224
  hh_s3 p1 look=voi DaytypeMixture(K=3,bin=2h,hl=24h)                  210/224
  hh_s1 p1 look=top Perpetua(lognormal,K<=3,pm=0.01,steps=10)          191/224
  hh_s2 p4 look=off PerpetuaStar(lognormal,K<=3,pm=0.01,a0=0.01/h,g=0.99) 177/224
[20/240] done ../results/overnight_2026-09-20/classical/hh_s2_p4_off.jsonl
  hh_s3 p2 look=off LastObservation                                    197/224
  hh_s3 p2 look=off MostFrequentLocation                               197/224
  hh_s3 p2 look=off TimetableLookup(bin=1h,days=all)                   199/224
  hh_s3 p2 look=off Markov1(a=1,cut=24h,hl=24h)                        201/224
  hh_s3 p2 look=off PeriodicPersistence(min_dep=2,bin=1h,hl=24h)       200/224
  hh_s3 p2 look=off SmoothedRecency(hl=6h,freq=24h)                    197/224
  hh_s3 p2 look=off HierarchyBackoff(po=5,pc=5,hl=24h)                 197/224
  hh_s1 p1 look=off PerpetuaStar(lognormal,K<=3,pm=0.01,a0=0.01/h,g=0.99) 182/224
[21/240] done ../results/overnight_2026-09-20/classical/hh_s1_p1_off.jsonl
  hh_s3 p2 look=off DaytypeMixture(K=3,bin=2h,hl=24h)                  190/224
  hh_s3 p2 look=voi LastObservation                                    213/224
  hh_s3 p2 look=voi MostFrequentLocation                               215/224
  hh_s3 p2 look=voi TimetableLookup(bin=1h,days=all)                   205/224
  hh_s3 p2 look=voi Markov1(a=1,cut=24h,hl=24h)                        211/224
  hh_s3 p2 look=voi PeriodicPersistence(min_dep=2,bin=1h,hl=24h)       211/224
  hh_s3 p2 look=voi SmoothedRecency(hl=6h,freq=24h)                    214/224
  hh_s3 p2 look=voi HierarchyBackoff(po=5,pc=5,hl=24h)                 212/224
  hh_s3 p2 look=voi DaytypeMixture(K=3,bin=2h,hl=24h)                  207/224
  hh_s0 p1 look=off PerpetuaStar(lognormal,K<=3,pm=0.01,a0=0.01/h,g=0.99) 190/224
[22/240] done ../results/overnight_2026-09-20/classical/hh_s0_p1_off.jsonl
  hh_s3 p2 look=top LastObservation                                    217/224
  hh_s3 p2 look=top MostFrequentLocation                               215/224
  hh_s3 p2 look=top TimetableLookup(bin=1h,days=all)                   211/224
  hh_s3 p2 look=top Markov1(a=1,cut=24h,hl=24h)                        211/224
  hh_s3 p2 look=top PeriodicPersistence(min_dep=2,bin=1h,hl=24h)       215/224
  hh_s3 p2 look=top SmoothedRecency(hl=6h,freq=24h)                    213/224
  hh_s3 p2 look=top HierarchyBackoff(po=5,pc=5,hl=24h)                 213/224
  hh_s3 p2 look=top DaytypeMixture(K=3,bin=2h,hl=24h)                  211/224
  hh_s2 p2 look=off Perpetua(lognormal,K<=3,pm=0.01,steps=10)          181/224
  hh_s0 p1 look=top Perpetua(lognormal,K<=3,pm=0.01,steps=10)          199/224
  hh_s2 p2 look=off PerpetuaStar(lognormal,K<=3,pm=0.01,a0=0.01/h,g=0.99) 181/224
[23/240] done ../results/overnight_2026-09-20/classical/hh_s2_p2_off.jsonl
  hh_s3 p4 look=off LastObservation                                    192/224
  hh_s3 p4 look=off MostFrequentLocation                               192/224
  hh_s3 p4 look=off TimetableLookup(bin=1h,days=all)                   187/224
  hh_s3 p4 look=off Markov1(a=1,cut=24h,hl=24h)                        197/224
  hh_s3 p4 look=off PeriodicPersistence(min_dep=2,bin=1h,hl=24h)       192/224
  hh_s3 p4 look=off SmoothedRecency(hl=6h,freq=24h)                    192/224
  hh_s3 p4 look=off HierarchyBackoff(po=5,pc=5,hl=24h)                 192/224
  hh_s3 p4 look=off DaytypeMixture(K=3,bin=2h,hl=24h)                  181/224
  hh_s1 p1 look=top PerpetuaStar(lognormal,K<=3,pm=0.01,a0=0.01/h,g=0.99) 190/224
[24/240] done ../results/overnight_2026-09-20/classical/hh_s1_p1_top.jsonl
  hh_s3 p4 look=voi LastObservation                                    207/224
  hh_s3 p4 look=voi MostFrequentLocation                               215/224
  hh_s3 p4 look=voi TimetableLookup(bin=1h,days=all)                   202/224
  hh_s3 p4 look=voi Markov1(a=1,cut=24h,hl=24h)                        205/224
  hh_s3 p4 look=voi PeriodicPersistence(min_dep=2,bin=1h,hl=24h)       208/224
  hh_s3 p4 look=voi SmoothedRecency(hl=6h,freq=24h)                    212/224
  hh_s3 p4 look=voi HierarchyBackoff(po=5,pc=5,hl=24h)                 210/224
  hh_s0 p1 look=voi Perpetua(lognormal,K<=3,pm=0.01,steps=10)          202/224
  hh_s3 p4 look=voi DaytypeMixture(K=3,bin=2h,hl=24h)                  210/224
  hh_s1 p1 look=voi Perpetua(lognormal,K<=3,pm=0.01,steps=10)          191/224
  hh_s2 p4 look=top Perpetua(lognormal,K<=3,pm=0.01,steps=10)          201/224
  hh_s0 p1 look=top PerpetuaStar(lognormal,K<=3,pm=0.01,a0=0.01/h,g=0.99) 201/224
[25/240] done ../results/overnight_2026-09-20/classical/hh_s0_p1_top.jsonl
  hh_s3 p4 look=top LastObservation                                    214/224
  hh_s3 p4 look=top MostFrequentLocation                               213/224
  hh_s3 p4 look=top TimetableLookup(bin=1h,days=all)                   204/224
  hh_s3 p4 look=top Markov1(a=1,cut=24h,hl=24h)                        210/224
  hh_s3 p4 look=top PeriodicPersistence(min_dep=2,bin=1h,hl=24h)       213/224
  hh_s3 p4 look=top SmoothedRecency(hl=6h,freq=24h)                    212/224
  hh_s3 p4 look=top HierarchyBackoff(po=5,pc=5,hl=24h)                 207/224
  hh_s2 p8 look=top Perpetua(lognormal,K<=3,pm=0.01,steps=10)          202/224
  hh_s3 p4 look=top DaytypeMixture(K=3,bin=2h,hl=24h)                  212/224
  hh_s2 p2 look=top Perpetua(lognormal,K<=3,pm=0.01,steps=10)          204/224
  hh_s2 p8 look=voi Perpetua(lognormal,K<=3,pm=0.01,steps=10)          199/224
  hh_s3 p4 look=off Perpetua(lognormal,K<=3,pm=0.01,steps=10)          183/224
  hh_s2 p4 look=top PerpetuaStar(lognormal,K<=3,pm=0.01,a0=0.01/h,g=0.99) 203/224
[26/240] done ../results/overnight_2026-09-20/classical/hh_s2_p4_top.jsonl
  hh_s3 p8 look=off LastObservation                                    192/224
  hh_s3 p8 look=off MostFrequentLocation                               191/224
  hh_s3 p8 look=off TimetableLookup(bin=1h,days=all)                   188/224
  hh_s3 p8 look=off Markov1(a=1,cut=24h,hl=24h)                        196/224
  hh_s3 p8 look=off PeriodicPersistence(min_dep=2,bin=1h,hl=24h)       193/224
  hh_s3 p8 look=off SmoothedRecency(hl=6h,freq=24h)                    192/224
  hh_s3 p8 look=off HierarchyBackoff(po=5,pc=5,hl=24h)                 192/224
  hh_s3 p8 look=off DaytypeMixture(K=3,bin=2h,hl=24h)                  183/224
  hh_s2 p8 look=top PerpetuaStar(lognormal,K<=3,pm=0.01,a0=0.01/h,g=0.99) 200/224
[27/240] done ../results/overnight_2026-09-20/classical/hh_s2_p8_top.jsonl
  hh_s3 p8 look=voi LastObservation                                    204/224
  hh_s3 p8 look=voi MostFrequentLocation                               214/224
  hh_s3 p8 look=voi TimetableLookup(bin=1h,days=all)                   203/224
  hh_s3 p8 look=voi Markov1(a=1,cut=24h,hl=24h)                        203/224
  hh_s3 p8 look=voi PeriodicPersistence(min_dep=2,bin=1h,hl=24h)       206/224
  hh_s3 p8 look=voi SmoothedRecency(hl=6h,freq=24h)                    209/224
  hh_s3 p8 look=voi HierarchyBackoff(po=5,pc=5,hl=24h)                 209/224
  hh_s3 p8 look=voi DaytypeMixture(K=3,bin=2h,hl=24h)                  196/224
  hh_s2 p1 look=off Perpetua(lognormal,K<=3,pm=0.01,steps=10)          186/224
  hh_s2 p8 look=voi PerpetuaStar(lognormal,K<=3,pm=0.01,a0=0.01/h,g=0.99) 198/224
[28/240] done ../results/overnight_2026-09-20/classical/hh_s2_p8_voi.jsonl
  hh_s3 p8 look=top LastObservation                                    210/224
  hh_s3 p8 look=top MostFrequentLocation                               213/224
  hh_s3 p8 look=top TimetableLookup(bin=1h,days=all)                   202/224
  hh_s3 p8 look=top Markov1(a=1,cut=24h,hl=24h)                        204/224
  hh_s3 p8 look=top PeriodicPersistence(min_dep=2,bin=1h,hl=24h)       211/224
  hh_s3 p8 look=top SmoothedRecency(hl=6h,freq=24h)                    210/224
  hh_s3 p4 look=off PerpetuaStar(lognormal,K<=3,pm=0.01,a0=0.01/h,g=0.99) 189/224
[29/240] done ../results/overnight_2026-09-20/classical/hh_s3_p4_off.jsonl
  hh_s3 p8 look=top HierarchyBackoff(po=5,pc=5,hl=24h)                 206/224
  hh_s4 p1 look=off LastObservation                                    176/224
  hh_s4 p1 look=off MostFrequentLocation                               176/224
  hh_s4 p1 look=off TimetableLookup(bin=1h,days=all)                   187/224
  hh_s4 p1 look=off Markov1(a=1,cut=24h,hl=24h)                        196/224
  hh_s4 p1 look=off PeriodicPersistence(min_dep=2,bin=1h,hl=24h)       177/224
  hh_s4 p1 look=off SmoothedRecency(hl=6h,freq=24h)                    176/224
  hh_s4 p1 look=off HierarchyBackoff(po=5,pc=5,hl=24h)                 176/224
  hh_s3 p8 look=top DaytypeMixture(K=3,bin=2h,hl=24h)                  211/224
  hh_s3 p2 look=off Perpetua(lognormal,K<=3,pm=0.01,steps=10)          189/224
  hh_s4 p1 look=off DaytypeMixture(K=3,bin=2h,hl=24h)                  166/224
  hh_s0 p1 look=voi PerpetuaStar(lognormal,K<=3,pm=0.01,a0=0.01/h,g=0.99) 202/224
[30/240] done ../results/overnight_2026-09-20/classical/hh_s0_p1_voi.jsonl
  hh_s4 p1 look=voi LastObservation                                    203/224
  hh_s4 p1 look=voi MostFrequentLocation                               204/224
  hh_s4 p1 look=voi TimetableLookup(bin=1h,days=all)                   199/224
  hh_s4 p1 look=voi Markov1(a=1,cut=24h,hl=24h)                        199/224
  hh_s4 p1 look=voi PeriodicPersistence(min_dep=2,bin=1h,hl=24h)       199/224
  hh_s4 p1 look=voi SmoothedRecency(hl=6h,freq=24h)                    199/224
  hh_s1 p1 look=voi PerpetuaStar(lognormal,K<=3,pm=0.01,a0=0.01/h,g=0.99) 192/224
[31/240] done ../results/overnight_2026-09-20/classical/hh_s1_p1_voi.jsonl
  hh_s2 p4 look=voi Perpetua(lognormal,K<=3,pm=0.01,steps=10)          201/224
  hh_s4 p1 look=top LastObservation                                    207/224
  hh_s4 p1 look=voi HierarchyBackoff(po=5,pc=5,hl=24h)                 195/224
  hh_s4 p1 look=top MostFrequentLocation                               201/224
  hh_s4 p1 look=top TimetableLookup(bin=1h,days=all)                   204/224
  hh_s4 p1 look=top Markov1(a=1,cut=24h,hl=24h)                        196/224
  hh_s4 p1 look=top PeriodicPersistence(min_dep=2,bin=1h,hl=24h)       202/224
  hh_s4 p1 look=top SmoothedRecency(hl=6h,freq=24h)                    198/224
  hh_s4 p1 look=top HierarchyBackoff(po=5,pc=5,hl=24h)                 199/224
  hh_s2 p2 look=top PerpetuaStar(lognormal,K<=3,pm=0.01,a0=0.01/h,g=0.99) 203/224
[32/240] done ../results/overnight_2026-09-20/classical/hh_s2_p2_top.jsonl
  hh_s4 p2 look=off LastObservation                                    168/224
  hh_s4 p2 look=off MostFrequentLocation                               167/224
  hh_s4 p2 look=off TimetableLookup(bin=1h,days=all)                   176/224
  hh_s4 p2 look=off Markov1(a=1,cut=24h,hl=24h)                        184/224
  hh_s4 p2 look=off PeriodicPersistence(min_dep=2,bin=1h,hl=24h)       167/224
  hh_s4 p2 look=off SmoothedRecency(hl=6h,freq=24h)                    168/224
  hh_s4 p2 look=off HierarchyBackoff(po=5,pc=5,hl=24h)                 167/224
  hh_s4 p2 look=off DaytypeMixture(K=3,bin=2h,hl=24h)                  160/224
  hh_s3 p8 look=off Perpetua(lognormal,K<=3,pm=0.01,steps=10)          183/224
  hh_s4 p1 look=voi DaytypeMixture(K=3,bin=2h,hl=24h)                  201/224
  hh_s4 p1 look=top DaytypeMixture(K=3,bin=2h,hl=24h)                  205/224
  hh_s3 p8 look=off PerpetuaStar(lognormal,K<=3,pm=0.01,a0=0.01/h,g=0.99) 186/224
[33/240] done ../results/overnight_2026-09-20/classical/hh_s3_p8_off.jsonl
  hh_s4 p2 look=voi LastObservation                                    196/224
  hh_s4 p2 look=voi MostFrequentLocation                               203/224
  hh_s4 p2 look=voi TimetableLookup(bin=1h,days=all)                   196/224
  hh_s4 p2 look=voi Markov1(a=1,cut=24h,hl=24h)                        194/224
  hh_s4 p2 look=voi PeriodicPersistence(min_dep=2,bin=1h,hl=24h)       197/224
  hh_s4 p2 look=voi SmoothedRecency(hl=6h,freq=24h)                    194/224
  hh_s4 p2 look=voi HierarchyBackoff(po=5,pc=5,hl=24h)                 193/224
  hh_s4 p2 look=voi DaytypeMixture(K=3,bin=2h,hl=24h)                  196/224
  hh_s3 p2 look=off PerpetuaStar(lognormal,K<=3,pm=0.01,a0=0.01/h,g=0.99) 192/224
[34/240] done ../results/overnight_2026-09-20/classical/hh_s3_p2_off.jsonl
  hh_s4 p2 look=top LastObservation                                    204/224
  hh_s4 p2 look=top MostFrequentLocation                               199/224
  hh_s4 p2 look=top TimetableLookup(bin=1h,days=all)                   196/224
  hh_s4 p2 look=top Markov1(a=1,cut=24h,hl=24h)                        199/224
  hh_s4 p2 look=top PeriodicPersistence(min_dep=2,bin=1h,hl=24h)       198/224
  hh_s4 p2 look=top SmoothedRecency(hl=6h,freq=24h)                    197/224
  hh_s4 p2 look=top HierarchyBackoff(po=5,pc=5,hl=24h)                 197/224
  hh_s2 p2 look=voi Perpetua(lognormal,K<=3,pm=0.01,steps=10)          202/224
  hh_s4 p2 look=top DaytypeMixture(K=3,bin=2h,hl=24h)                  203/224
  hh_s2 p1 look=top Perpetua(lognormal,K<=3,pm=0.01,steps=10)          201/224
  hh_s2 p1 look=off PerpetuaStar(lognormal,K<=3,pm=0.01,a0=0.01/h,g=0.99) 191/224
[35/240] done ../results/overnight_2026-09-20/classical/hh_s2_p1_off.jsonl
  hh_s4 p4 look=off LastObservation                                    164/224
  hh_s4 p4 look=off MostFrequentLocation                               165/224
  hh_s4 p4 look=off TimetableLookup(bin=1h,days=all)                   168/224
  hh_s4 p4 look=off Markov1(a=1,cut=24h,hl=24h)                        172/224
  hh_s4 p4 look=off PeriodicPersistence(min_dep=2,bin=1h,hl=24h)       165/224
  hh_s4 p4 look=off SmoothedRecency(hl=6h,freq=24h)                    164/224
  hh_s4 p4 look=off HierarchyBackoff(po=5,pc=5,hl=24h)                 164/224
  hh_s2 p4 look=voi PerpetuaStar(lognormal,K<=3,pm=0.01,a0=0.01/h,g=0.99) 201/224
[36/240] done ../results/overnight_2026-09-20/classical/hh_s2_p4_voi.jsonl
  hh_s4 p4 look=voi LastObservation                                    191/224
  hh_s4 p4 look=voi MostFrequentLocation                               200/224
  hh_s4 p4 look=off DaytypeMixture(K=3,bin=2h,hl=24h)                  157/224
  hh_s4 p4 look=voi TimetableLookup(bin=1h,days=all)                   191/224
  hh_s4 p4 look=voi Markov1(a=1,cut=24h,hl=24h)                        187/224
  hh_s4 p4 look=voi PeriodicPersistence(min_dep=2,bin=1h,hl=24h)       198/224
  hh_s4 p4 look=voi SmoothedRecency(hl=6h,freq=24h)                    192/224
  hh_s4 p4 look=voi HierarchyBackoff(po=5,pc=5,hl=24h)                 190/224
  hh_s4 p4 look=voi DaytypeMixture(K=3,bin=2h,hl=24h)                  189/224
  hh_s3 p4 look=top Perpetua(lognormal,K<=3,pm=0.01,steps=10)          207/224
  hh_s3 p2 look=top Perpetua(lognormal,K<=3,pm=0.01,steps=10)          208/224
  hh_s3 p8 look=top Perpetua(lognormal,K<=3,pm=0.01,steps=10)          203/224
  hh_s2 p2 look=voi PerpetuaStar(lognormal,K<=3,pm=0.01,a0=0.01/h,g=0.99) 201/224
[37/240] done ../results/overnight_2026-09-20/classical/hh_s2_p2_voi.jsonl
  hh_s4 p4 look=top LastObservation                                    202/224
  hh_s4 p4 look=top MostFrequentLocation                               199/224
  hh_s4 p4 look=top TimetableLookup(bin=1h,days=all)                   195/224
  hh_s4 p4 look=top Markov1(a=1,cut=24h,hl=24h)                        194/224
  hh_s4 p4 look=top PeriodicPersistence(min_dep=2,bin=1h,hl=24h)       199/224
  hh_s4 p4 look=top SmoothedRecency(hl=6h,freq=24h)                    197/224
  hh_s4 p4 look=top HierarchyBackoff(po=5,pc=5,hl=24h)                 192/224
  hh_s4 p4 look=top DaytypeMixture(K=3,bin=2h,hl=24h)                  199/224
  hh_s3 p8 look=top PerpetuaStar(lognormal,K<=3,pm=0.01,a0=0.01/h,g=0.99) 205/224
[38/240] done ../results/overnight_2026-09-20/classical/hh_s3_p8_top.jsonl
  hh_s4 p8 look=off LastObservation                                    163/224
  hh_s4 p8 look=off MostFrequentLocation                               165/224
  hh_s4 p8 look=off TimetableLookup(bin=1h,days=all)                   167/224
  hh_s4 p8 look=off Markov1(a=1,cut=24h,hl=24h)                        169/224
  hh_s4 p8 look=off PeriodicPersistence(min_dep=2,bin=1h,hl=24h)       164/224
  hh_s4 p8 look=off SmoothedRecency(hl=6h,freq=24h)                    163/224
  hh_s4 p8 look=off HierarchyBackoff(po=5,pc=5,hl=24h)                 163/224
  hh_s4 p8 look=off DaytypeMixture(K=3,bin=2h,hl=24h)                  152/224
  hh_s3 p4 look=top PerpetuaStar(lognormal,K<=3,pm=0.01,a0=0.01/h,g=0.99) 206/224
[39/240] done ../results/overnight_2026-09-20/classical/hh_s3_p4_top.jsonl
  hh_s4 p8 look=voi LastObservation                                    190/224
  hh_s4 p8 look=voi MostFrequentLocation                               197/224
  hh_s4 p8 look=voi TimetableLookup(bin=1h,days=all)                   182/224
  hh_s4 p8 look=voi Markov1(a=1,cut=24h,hl=24h)                        184/224
  hh_s4 p4 look=off Perpetua(lognormal,K<=3,pm=0.01,steps=10)          160/224
  hh_s4 p8 look=voi PeriodicPersistence(min_dep=2,bin=1h,hl=24h)       192/224
  hh_s4 p8 look=voi SmoothedRecency(hl=6h,freq=24h)                    185/224
  hh_s4 p8 look=voi HierarchyBackoff(po=5,pc=5,hl=24h)                 188/224
  hh_s4 p8 look=voi DaytypeMixture(K=3,bin=2h,hl=24h)                  184/224
  hh_s3 p2 look=voi Perpetua(lognormal,K<=3,pm=0.01,steps=10)          206/224
  hh_s3 p4 look=voi Perpetua(lognormal,K<=3,pm=0.01,steps=10)          206/224
  hh_s2 p1 look=top PerpetuaStar(lognormal,K<=3,pm=0.01,a0=0.01/h,g=0.99) 202/224
[40/240] done ../results/overnight_2026-09-20/classical/hh_s2_p1_top.jsonl
  hh_s4 p8 look=top LastObservation                                    198/224
  hh_s4 p8 look=top MostFrequentLocation                               196/224
  hh_s4 p8 look=top TimetableLookup(bin=1h,days=all)                   192/224
  hh_s4 p8 look=top Markov1(a=1,cut=24h,hl=24h)                        188/224
  hh_s4 p8 look=top PeriodicPersistence(min_dep=2,bin=1h,hl=24h)       197/224
  hh_s4 p8 look=top SmoothedRecency(hl=6h,freq=24h)                    195/224
  hh_s4 p8 look=top HierarchyBackoff(po=5,pc=5,hl=24h)                 187/224
  hh_s3 p1 look=off Perpetua(lognormal,K<=3,pm=0.01,steps=10)          194/224
  hh_s4 p8 look=top DaytypeMixture(K=3,bin=2h,hl=24h)                  196/224
  hh_s4 p4 look=off PerpetuaStar(lognormal,K<=3,pm=0.01,a0=0.01/h,g=0.99) 162/224
[41/240] done ../results/overnight_2026-09-20/classical/hh_s4_p4_off.jsonl
  hh_s5 p1 look=off LastObservation                                    182/224
  hh_s5 p1 look=off MostFrequentLocation                               183/224
  hh_s5 p1 look=off TimetableLookup(bin=1h,days=all)                   188/224
  hh_s5 p1 look=off Markov1(a=1,cut=24h,hl=24h)                        194/224
  hh_s5 p1 look=off PeriodicPersistence(min_dep=2,bin=1h,hl=24h)       183/224
  hh_s5 p1 look=off SmoothedRecency(hl=6h,freq=24h)                    182/224
  hh_s5 p1 look=off HierarchyBackoff(po=5,pc=5,hl=24h)                 182/224
  hh_s4 p2 look=off Perpetua(lognormal,K<=3,pm=0.01,steps=10)          161/224
  hh_s2 p1 look=voi Perpetua(lognormal,K<=3,pm=0.01,steps=10)          203/224
  hh_s5 p1 look=off DaytypeMixture(K=3,bin=2h,hl=24h)                  162/224
  hh_s3 p2 look=top PerpetuaStar(lognormal,K<=3,pm=0.01,a0=0.01/h,g=0.99) 208/224
[42/240] done ../results/overnight_2026-09-20/classical/hh_s3_p2_top.jsonl
  hh_s5 p1 look=voi LastObservation                                    204/224
  hh_s5 p1 look=voi MostFrequentLocation                               200/224
  hh_s5 p1 look=voi TimetableLookup(bin=1h,days=all)                   203/224
  hh_s3 p8 look=voi Perpetua(lognormal,K<=3,pm=0.01,steps=10)          206/224
  hh_s5 p1 look=voi Markov1(a=1,cut=24h,hl=24h)                        202/224
  hh_s5 p1 look=voi PeriodicPersistence(min_dep=2,bin=1h,hl=24h)       204/224
  hh_s5 p1 look=voi SmoothedRecency(hl=6h,freq=24h)                    197/224
  hh_s5 p1 look=voi HierarchyBackoff(po=5,pc=5,hl=24h)                 198/224
  hh_s5 p1 look=voi DaytypeMixture(K=3,bin=2h,hl=24h)                  201/224
  hh_s4 p8 look=off Perpetua(lognormal,K<=3,pm=0.01,steps=10)          163/224
  hh_s4 p8 look=off PerpetuaStar(lognormal,K<=3,pm=0.01,a0=0.01/h,g=0.99) 163/224
[43/240] done ../results/overnight_2026-09-20/classical/hh_s4_p8_off.jsonl
  hh_s5 p1 look=top LastObservation                                    204/224
  hh_s5 p1 look=top MostFrequentLocation                               198/224
  hh_s5 p1 look=top TimetableLookup(bin=1h,days=all)                   202/224
  hh_s5 p1 look=top Markov1(a=1,cut=24h,hl=24h)                        202/224
  hh_s5 p1 look=top PeriodicPersistence(min_dep=2,bin=1h,hl=24h)       199/224
  hh_s5 p1 look=top SmoothedRecency(hl=6h,freq=24h)                    200/224
  hh_s5 p1 look=top HierarchyBackoff(po=5,pc=5,hl=24h)                 199/224
  hh_s4 p2 look=off PerpetuaStar(lognormal,K<=3,pm=0.01,a0=0.01/h,g=0.99) 169/224
[44/240] done ../results/overnight_2026-09-20/classical/hh_s4_p2_off.jsonl
  hh_s5 p2 look=off LastObservation                                    175/224
  hh_s5 p2 look=off MostFrequentLocation                               176/224
  hh_s5 p2 look=off TimetableLookup(bin=1h,days=all)                   178/224
  hh_s5 p2 look=off Markov1(a=1,cut=24h,hl=24h)                        181/224
  hh_s5 p2 look=off PeriodicPersistence(min_dep=2,bin=1h,hl=24h)       175/224
  hh_s5 p2 look=off SmoothedRecency(hl=6h,freq=24h)                    175/224
  hh_s5 p2 look=off HierarchyBackoff(po=5,pc=5,hl=24h)                 176/224
  hh_s5 p2 look=off DaytypeMixture(K=3,bin=2h,hl=24h)                  156/224
  hh_s5 p1 look=top DaytypeMixture(K=3,bin=2h,hl=24h)                  199/224
  hh_s3 p4 look=voi PerpetuaStar(lognormal,K<=3,pm=0.01,a0=0.01/h,g=0.99) 206/224
[45/240] done ../results/overnight_2026-09-20/classical/hh_s3_p4_voi.jsonl
  hh_s5 p2 look=voi LastObservation                                    201/224
  hh_s5 p2 look=voi MostFrequentLocation                               203/224
  hh_s5 p2 look=voi TimetableLookup(bin=1h,days=all)                   199/224
  hh_s5 p2 look=voi Markov1(a=1,cut=24h,hl=24h)                        201/224
  hh_s5 p2 look=voi PeriodicPersistence(min_dep=2,bin=1h,hl=24h)       197/224
  hh_s5 p2 look=voi SmoothedRecency(hl=6h,freq=24h)                    195/224
  hh_s5 p2 look=voi HierarchyBackoff(po=5,pc=5,hl=24h)                 197/224
  hh_s3 p8 look=voi PerpetuaStar(lognormal,K<=3,pm=0.01,a0=0.01/h,g=0.99) 206/224
[46/240] done ../results/overnight_2026-09-20/classical/hh_s3_p8_voi.jsonl
  hh_s5 p2 look=top LastObservation                                    202/224
  hh_s5 p2 look=top MostFrequentLocation                               199/224
  hh_s5 p2 look=top TimetableLookup(bin=1h,days=all)                   197/224
  hh_s5 p2 look=top Markov1(a=1,cut=24h,hl=24h)                        199/224
  hh_s5 p2 look=top PeriodicPersistence(min_dep=2,bin=1h,hl=24h)       199/224
  hh_s5 p2 look=top SmoothedRecency(hl=6h,freq=24h)                    197/224
  hh_s5 p2 look=top HierarchyBackoff(po=5,pc=5,hl=24h)                 196/224
  hh_s5 p2 look=voi DaytypeMixture(K=3,bin=2h,hl=24h)                  197/224
  hh_s5 p2 look=top DaytypeMixture(K=3,bin=2h,hl=24h)                  197/224
  hh_s3 p2 look=voi PerpetuaStar(lognormal,K<=3,pm=0.01,a0=0.01/h,g=0.99) 206/224
[47/240] done ../results/overnight_2026-09-20/classical/hh_s3_p2_voi.jsonl
  hh_s5 p4 look=off LastObservation                                    171/224
  hh_s5 p4 look=off MostFrequentLocation                               171/224
  hh_s5 p4 look=off TimetableLookup(bin=1h,days=all)                   168/224
  hh_s5 p4 look=off Markov1(a=1,cut=24h,hl=24h)                        173/224
  hh_s5 p4 look=off PeriodicPersistence(min_dep=2,bin=1h,hl=24h)       172/224
  hh_s5 p4 look=off SmoothedRecency(hl=6h,freq=24h)                    172/224
  hh_s5 p4 look=off HierarchyBackoff(po=5,pc=5,hl=24h)                 171/224
  hh_s5 p4 look=off DaytypeMixture(K=3,bin=2h,hl=24h)                  153/224
  hh_s3 p1 look=off PerpetuaStar(lognormal,K<=3,pm=0.01,a0=0.01/h,g=0.99) 197/224
[48/240] done ../results/overnight_2026-09-20/classical/hh_s3_p1_off.jsonl
  hh_s5 p4 look=voi LastObservation                                    197/224
  hh_s5 p4 look=voi MostFrequentLocation                               202/224
  hh_s5 p4 look=voi TimetableLookup(bin=1h,days=all)                   189/224
  hh_s5 p4 look=voi Markov1(a=1,cut=24h,hl=24h)                        194/224
  hh_s5 p4 look=voi PeriodicPersistence(min_dep=2,bin=1h,hl=24h)       198/224
  hh_s5 p4 look=voi SmoothedRecency(hl=6h,freq=24h)                    200/224
  hh_s5 p4 look=voi HierarchyBackoff(po=5,pc=5,hl=24h)                 193/224
  hh_s5 p4 look=voi DaytypeMixture(K=3,bin=2h,hl=24h)                  194/224
  hh_s3 p1 look=top Perpetua(lognormal,K<=3,pm=0.01,steps=10)          205/224
  hh_s4 p2 look=top Perpetua(lognormal,K<=3,pm=0.01,steps=10)          182/224
  hh_s4 p4 look=top Perpetua(lognormal,K<=3,pm=0.01,steps=10)          183/224
  hh_s4 p8 look=top Perpetua(lognormal,K<=3,pm=0.01,steps=10)          182/224
  hh_s2 p1 look=voi PerpetuaStar(lognormal,K<=3,pm=0.01,a0=0.01/h,g=0.99) 203/224
[49/240] done ../results/overnight_2026-09-20/classical/hh_s2_p1_voi.jsonl
  hh_s5 p4 look=top LastObservation                                    201/224
  hh_s5 p4 look=top MostFrequentLocation                               199/224
  hh_s5 p4 look=top TimetableLookup(bin=1h,days=all)                   194/224
  hh_s5 p4 look=top Markov1(a=1,cut=24h,hl=24h)                        200/224
  hh_s5 p4 look=top PeriodicPersistence(min_dep=2,bin=1h,hl=24h)       199/224
  hh_s5 p4 look=top SmoothedRecency(hl=6h,freq=24h)                    199/224
  hh_s5 p4 look=top HierarchyBackoff(po=5,pc=5,hl=24h)                 194/224
  hh_s5 p4 look=top DaytypeMixture(K=3,bin=2h,hl=24h)                  195/224
  hh_s4 p1 look=off Perpetua(lognormal,K<=3,pm=0.01,steps=10)          170/224
  hh_s5 p4 look=off Perpetua(lognormal,K<=3,pm=0.01,steps=10)          168/224
  hh_s4 p4 look=voi Perpetua(lognormal,K<=3,pm=0.01,steps=10)          181/224
  hh_s4 p8 look=top PerpetuaStar(lognormal,K<=3,pm=0.01,a0=0.01/h,g=0.99) 182/224
[50/240] done ../results/overnight_2026-09-20/classical/hh_s4_p8_top.jsonl
  hh_s5 p8 look=off LastObservation                                    170/224
  hh_s5 p8 look=off MostFrequentLocation                               169/224
  hh_s5 p8 look=off TimetableLookup(bin=1h,days=all)                   166/224
  hh_s5 p8 look=off Markov1(a=1,cut=24h,hl=24h)                        169/224
  hh_s5 p8 look=off PeriodicPersistence(min_dep=2,bin=1h,hl=24h)       172/224
  hh_s5 p8 look=off SmoothedRecency(hl=6h,freq=24h)                    171/224
  hh_s5 p8 look=off HierarchyBackoff(po=5,pc=5,hl=24h)                 170/224
  hh_s5 p8 look=off DaytypeMixture(K=3,bin=2h,hl=24h)                  159/224
  hh_s4 p4 look=top PerpetuaStar(lognormal,K<=3,pm=0.01,a0=0.01/h,g=0.99) 183/224
[51/240] done ../results/overnight_2026-09-20/classical/hh_s4_p4_top.jsonl
  hh_s5 p8 look=voi LastObservation                                    198/224
  hh_s5 p8 look=voi MostFrequentLocation                               202/224
  hh_s5 p8 look=voi TimetableLookup(bin=1h,days=all)                   171/224
  hh_s5 p8 look=voi Markov1(a=1,cut=24h,hl=24h)                        190/224
  hh_s5 p8 look=voi PeriodicPersistence(min_dep=2,bin=1h,hl=24h)       191/224
  hh_s5 p8 look=voi SmoothedRecency(hl=6h,freq=24h)                    194/224
  hh_s5 p8 look=voi HierarchyBackoff(po=5,pc=5,hl=24h)                 193/224
  hh_s5 p8 look=voi DaytypeMixture(K=3,bin=2h,hl=24h)                  187/224
  hh_s5 p4 look=off PerpetuaStar(lognormal,K<=3,pm=0.01,a0=0.01/h,g=0.99) 167/224
[52/240] done ../results/overnight_2026-09-20/classical/hh_s5_p4_off.jsonl
  hh_s5 p8 look=top LastObservation                                    206/224
  hh_s5 p8 look=top MostFrequentLocation                               200/224
  hh_s5 p8 look=top TimetableLookup(bin=1h,days=all)                   190/224
  hh_s5 p8 look=top Markov1(a=1,cut=24h,hl=24h)                        199/224
  hh_s5 p8 look=top PeriodicPersistence(min_dep=2,bin=1h,hl=24h)       199/224
  hh_s5 p8 look=top SmoothedRecency(hl=6h,freq=24h)                    203/224
  hh_s5 p8 look=top HierarchyBackoff(po=5,pc=5,hl=24h)                 193/224
  hh_s5 p8 look=top DaytypeMixture(K=3,bin=2h,hl=24h)                  201/224
  hh_s3 p1 look=voi Perpetua(lognormal,K<=3,pm=0.01,steps=10)          205/224
  hh_s4 p2 look=top PerpetuaStar(lognormal,K<=3,pm=0.01,a0=0.01/h,g=0.99) 183/224
[53/240] done ../results/overnight_2026-09-20/classical/hh_s4_p2_top.jsonl
  hh_s6 p1 look=off LastObservation                                    182/224
  hh_s6 p1 look=off MostFrequentLocation                               182/224
  hh_s6 p1 look=off TimetableLookup(bin=1h,days=all)                   192/224
  hh_s6 p1 look=off Markov1(a=1,cut=24h,hl=24h)                        201/224
  hh_s6 p1 look=off PeriodicPersistence(min_dep=2,bin=1h,hl=24h)       182/224
  hh_s6 p1 look=off SmoothedRecency(hl=6h,freq=24h)                    181/224
  hh_s6 p1 look=off HierarchyBackoff(po=5,pc=5,hl=24h)                 181/224
  hh_s6 p1 look=off DaytypeMixture(K=3,bin=2h,hl=24h)                  171/224
  hh_s5 p2 look=off Perpetua(lognormal,K<=3,pm=0.01,steps=10)          168/224
  hh_s4 p8 look=voi Perpetua(lognormal,K<=3,pm=0.01,steps=10)          180/224
  hh_s3 p1 look=top PerpetuaStar(lognormal,K<=3,pm=0.01,a0=0.01/h,g=0.99) 206/224
[54/240] done ../results/overnight_2026-09-20/classical/hh_s3_p1_top.jsonl
  hh_s6 p1 look=voi LastObservation                                    203/224
  hh_s6 p1 look=voi MostFrequentLocation                               205/224
  hh_s6 p1 look=voi TimetableLookup(bin=1h,days=all)                   202/224
  hh_s6 p1 look=voi Markov1(a=1,cut=24h,hl=24h)                        202/224
  hh_s6 p1 look=voi PeriodicPersistence(min_dep=2,bin=1h,hl=24h)       202/224
  hh_s6 p1 look=voi SmoothedRecency(hl=6h,freq=24h)                    205/224
  hh_s6 p1 look=voi HierarchyBackoff(po=5,pc=5,hl=24h)                 198/224
  hh_s4 p2 look=voi Perpetua(lognormal,K<=3,pm=0.01,steps=10)          181/224
  hh_s5 p8 look=off Perpetua(lognormal,K<=3,pm=0.01,steps=10)          168/224
  hh_s6 p1 look=voi DaytypeMixture(K=3,bin=2h,hl=24h)                  204/224
  hh_s5 p8 look=off PerpetuaStar(lognormal,K<=3,pm=0.01,a0=0.01/h,g=0.99) 167/224
[55/240] done ../results/overnight_2026-09-20/classical/hh_s5_p8_off.jsonl
  hh_s6 p1 look=top LastObservation                                    206/224
  hh_s6 p1 look=top MostFrequentLocation                               202/224
  hh_s6 p1 look=top TimetableLookup(bin=1h,days=all)                   209/224
  hh_s6 p1 look=top Markov1(a=1,cut=24h,hl=24h)                        200/224
  hh_s6 p1 look=top PeriodicPersistence(min_dep=2,bin=1h,hl=24h)       204/224
  hh_s6 p1 look=top SmoothedRecency(hl=6h,freq=24h)                    198/224
  hh_s6 p1 look=top HierarchyBackoff(po=5,pc=5,hl=24h)                 202/224
  hh_s6 p1 look=top DaytypeMixture(K=3,bin=2h,hl=24h)                  204/224
  hh_s4 p1 look=off PerpetuaStar(lognormal,K<=3,pm=0.01,a0=0.01/h,g=0.99) 174/224
[56/240] done ../results/overnight_2026-09-20/classical/hh_s4_p1_off.jsonl
  hh_s6 p2 look=off LastObservation                                    174/224
  hh_s6 p2 look=off MostFrequentLocation                               175/224
  hh_s6 p2 look=off TimetableLookup(bin=1h,days=all)                   181/224
  hh_s6 p2 look=off Markov1(a=1,cut=24h,hl=24h)                        191/224
  hh_s6 p2 look=off PeriodicPersistence(min_dep=2,bin=1h,hl=24h)       175/224
  hh_s6 p2 look=off SmoothedRecency(hl=6h,freq=24h)                    174/224
  hh_s6 p2 look=off HierarchyBackoff(po=5,pc=5,hl=24h)                 174/224
  hh_s6 p2 look=off DaytypeMixture(K=3,bin=2h,hl=24h)                  165/224
  hh_s4 p4 look=voi PerpetuaStar(lognormal,K<=3,pm=0.01,a0=0.01/h,g=0.99) 181/224
[57/240] done ../results/overnight_2026-09-20/classical/hh_s4_p4_voi.jsonl
  hh_s6 p2 look=voi LastObservation                                    206/224
  hh_s6 p2 look=voi MostFrequentLocation                               208/224
  hh_s6 p2 look=voi TimetableLookup(bin=1h,days=all)                   195/224
  hh_s6 p2 look=voi Markov1(a=1,cut=24h,hl=24h)                        207/224
  hh_s6 p2 look=voi PeriodicPersistence(min_dep=2,bin=1h,hl=24h)       202/224
  hh_s6 p2 look=voi SmoothedRecency(hl=6h,freq=24h)                    204/224
  hh_s6 p2 look=voi HierarchyBackoff(po=5,pc=5,hl=24h)                 196/224
  hh_s5 p2 look=off PerpetuaStar(lognormal,K<=3,pm=0.01,a0=0.01/h,g=0.99) 172/224
[58/240] done ../results/overnight_2026-09-20/classical/hh_s5_p2_off.jsonl
  hh_s6 p2 look=top LastObservation                                    206/224
  hh_s6 p2 look=top MostFrequentLocation                               202/224
  hh_s6 p2 look=top TimetableLookup(bin=1h,days=all)                   199/224
  hh_s6 p2 look=top Markov1(a=1,cut=24h,hl=24h)                        204/224
  hh_s6 p2 look=top PeriodicPersistence(min_dep=2,bin=1h,hl=24h)       204/224
  hh_s6 p2 look=top SmoothedRecency(hl=6h,freq=24h)                    198/224
  hh_s6 p2 look=top HierarchyBackoff(po=5,pc=5,hl=24h)                 201/224
  hh_s6 p2 look=voi DaytypeMixture(K=3,bin=2h,hl=24h)                  200/224
  hh_s6 p2 look=top DaytypeMixture(K=3,bin=2h,hl=24h)                  204/224
  hh_s4 p8 look=voi PerpetuaStar(lognormal,K<=3,pm=0.01,a0=0.01/h,g=0.99) 180/224
[59/240] done ../results/overnight_2026-09-20/classical/hh_s4_p8_voi.jsonl
  hh_s6 p4 look=off LastObservation                                    171/224
  hh_s6 p4 look=off MostFrequentLocation                               170/224
  hh_s6 p4 look=off TimetableLookup(bin=1h,days=all)                   172/224
  hh_s6 p4 look=off Markov1(a=1,cut=24h,hl=24h)                        182/224
  hh_s6 p4 look=off PeriodicPersistence(min_dep=2,bin=1h,hl=24h)       173/224
  hh_s6 p4 look=off SmoothedRecency(hl=6h,freq=24h)                    171/224
  hh_s6 p4 look=off HierarchyBackoff(po=5,pc=5,hl=24h)                 170/224
  hh_s6 p4 look=off DaytypeMixture(K=3,bin=2h,hl=24h)                  157/224
  hh_s4 p2 look=voi PerpetuaStar(lognormal,K<=3,pm=0.01,a0=0.01/h,g=0.99) 181/224
[60/240] done ../results/overnight_2026-09-20/classical/hh_s4_p2_voi.jsonl
  hh_s6 p4 look=voi LastObservation                                    205/224
  hh_s6 p4 look=voi MostFrequentLocation                               206/224
  hh_s6 p4 look=voi TimetableLookup(bin=1h,days=all)                   188/224
  hh_s6 p4 look=voi Markov1(a=1,cut=24h,hl=24h)                        200/224
  hh_s6 p4 look=voi PeriodicPersistence(min_dep=2,bin=1h,hl=24h)       202/224
  hh_s6 p4 look=voi SmoothedRecency(hl=6h,freq=24h)                    203/224
  hh_s6 p4 look=voi HierarchyBackoff(po=5,pc=5,hl=24h)                 194/224
  hh_s6 p4 look=voi DaytypeMixture(K=3,bin=2h,hl=24h)                  199/224
  hh_s4 p1 look=top Perpetua(lognormal,K<=3,pm=0.01,steps=10)          183/224
  hh_s5 p4 look=voi Perpetua(lognormal,K<=3,pm=0.01,steps=10)          188/224
  hh_s5 p8 look=top Perpetua(lognormal,K<=3,pm=0.01,steps=10)          187/224
  hh_s5 p4 look=top Perpetua(lognormal,K<=3,pm=0.01,steps=10)          187/224
  hh_s3 p1 look=voi PerpetuaStar(lognormal,K<=3,pm=0.01,a0=0.01/h,g=0.99) 205/224
[61/240] done ../results/overnight_2026-09-20/classical/hh_s3_p1_voi.jsonl
  hh_s6 p4 look=top LastObservation                                    205/224
  hh_s6 p4 look=top MostFrequentLocation                               203/224
  hh_s6 p4 look=top TimetableLookup(bin=1h,days=all)                   197/224
  hh_s6 p4 look=top Markov1(a=1,cut=24h,hl=24h)                        198/224
  hh_s6 p4 look=top PeriodicPersistence(min_dep=2,bin=1h,hl=24h)       202/224
  hh_s6 p4 look=top SmoothedRecency(hl=6h,freq=24h)                    197/224
  hh_s6 p4 look=top HierarchyBackoff(po=5,pc=5,hl=24h)                 201/224
  hh_s6 p4 look=top DaytypeMixture(K=3,bin=2h,hl=24h)                  203/224
  hh_s5 p8 look=voi Perpetua(lognormal,K<=3,pm=0.01,steps=10)          187/224
  hh_s5 p2 look=top Perpetua(lognormal,K<=3,pm=0.01,steps=10)          188/224
  hh_s5 p8 look=top PerpetuaStar(lognormal,K<=3,pm=0.01,a0=0.01/h,g=0.99) 190/224
[62/240] done ../results/overnight_2026-09-20/classical/hh_s5_p8_top.jsonl
  hh_s6 p8 look=off LastObservation                                    164/224
  hh_s6 p8 look=off MostFrequentLocation                               162/224
  hh_s6 p8 look=off TimetableLookup(bin=1h,days=all)                   160/224
  hh_s6 p8 look=off Markov1(a=1,cut=24h,hl=24h)                        166/224
  hh_s6 p8 look=off PeriodicPersistence(min_dep=2,bin=1h,hl=24h)       168/224
  hh_s6 p8 look=off SmoothedRecency(hl=6h,freq=24h)                    164/224
  hh_s6 p8 look=off HierarchyBackoff(po=5,pc=5,hl=24h)                 163/224
  hh_s6 p8 look=off DaytypeMixture(K=3,bin=2h,hl=24h)                  150/224
  hh_s6 p4 look=off Perpetua(lognormal,K<=3,pm=0.01,steps=10)          162/224
  hh_s5 p1 look=off Perpetua(lognormal,K<=3,pm=0.01,steps=10)          176/224
  hh_s5 p4 look=voi PerpetuaStar(lognormal,K<=3,pm=0.01,a0=0.01/h,g=0.99) 187/224
[63/240] done ../results/overnight_2026-09-20/classical/hh_s5_p4_voi.jsonl
  hh_s6 p8 look=voi LastObservation                                    202/224
  hh_s6 p8 look=voi MostFrequentLocation                               205/224
  hh_s6 p8 look=voi TimetableLookup(bin=1h,days=all)                   187/224
  hh_s6 p8 look=voi Markov1(a=1,cut=24h,hl=24h)                        199/224
  hh_s6 p8 look=voi PeriodicPersistence(min_dep=2,bin=1h,hl=24h)       200/224
  hh_s6 p8 look=voi SmoothedRecency(hl=6h,freq=24h)                    199/224
  hh_s6 p8 look=voi HierarchyBackoff(po=5,pc=5,hl=24h)                 189/224
  hh_s6 p4 look=off PerpetuaStar(lognormal,K<=3,pm=0.01,a0=0.01/h,g=0.99) 168/224
[64/240] done ../results/overnight_2026-09-20/classical/hh_s6_p4_off.jsonl
  hh_s6 p8 look=top LastObservation                                    201/224
  hh_s6 p8 look=top MostFrequentLocation                               203/224
  hh_s6 p8 look=top TimetableLookup(bin=1h,days=all)                   195/224
  hh_s6 p8 look=top Markov1(a=1,cut=24h,hl=24h)                        198/224
  hh_s6 p8 look=top PeriodicPersistence(min_dep=2,bin=1h,hl=24h)       204/224
  hh_s6 p8 look=top SmoothedRecency(hl=6h,freq=24h)                    196/224
  hh_s6 p8 look=top HierarchyBackoff(po=5,pc=5,hl=24h)                 197/224
  hh_s6 p8 look=voi DaytypeMixture(K=3,bin=2h,hl=24h)                  194/224
  hh_s6 p8 look=top DaytypeMixture(K=3,bin=2h,hl=24h)                  200/224
  hh_s5 p2 look=voi Perpetua(lognormal,K<=3,pm=0.01,steps=10)          189/224
  hh_s5 p4 look=top PerpetuaStar(lognormal,K<=3,pm=0.01,a0=0.01/h,g=0.99) 189/224
[65/240] done ../results/overnight_2026-09-20/classical/hh_s5_p4_top.jsonl
  hh_s7 p1 look=off LastObservation                                    196/224
  hh_s7 p1 look=off MostFrequentLocation                               197/224
  hh_s7 p1 look=off TimetableLookup(bin=1h,days=all)                   198/224
  hh_s7 p1 look=off Markov1(a=1,cut=24h,hl=24h)                        203/224
  hh_s7 p1 look=off PeriodicPersistence(min_dep=2,bin=1h,hl=24h)       197/224
  hh_s7 p1 look=off SmoothedRecency(hl=6h,freq=24h)                    196/224
  hh_s7 p1 look=off HierarchyBackoff(po=5,pc=5,hl=24h)                 197/224
  hh_s5 p8 look=voi PerpetuaStar(lognormal,K<=3,pm=0.01,a0=0.01/h,g=0.99) 186/224
[66/240] done ../results/overnight_2026-09-20/classical/hh_s5_p8_voi.jsonl
  hh_s7 p1 look=voi LastObservation                                    212/224
  hh_s7 p1 look=voi MostFrequentLocation                               213/224
  hh_s7 p1 look=voi TimetableLookup(bin=1h,days=all)                   208/224
  hh_s7 p1 look=voi Markov1(a=1,cut=24h,hl=24h)                        212/224
  hh_s7 p1 look=voi PeriodicPersistence(min_dep=2,bin=1h,hl=24h)       213/224
  hh_s7 p1 look=voi SmoothedRecency(hl=6h,freq=24h)                    210/224
  hh_s7 p1 look=voi HierarchyBackoff(po=5,pc=5,hl=24h)                 214/224
  hh_s6 p8 look=off Perpetua(lognormal,K<=3,pm=0.01,steps=10)          157/224
  hh_s7 p1 look=off DaytypeMixture(K=3,bin=2h,hl=24h)                  185/224
  hh_s6 p2 look=off Perpetua(lognormal,K<=3,pm=0.01,steps=10)          172/224
  hh_s7 p1 look=voi DaytypeMixture(K=3,bin=2h,hl=24h)                  209/224
  hh_s6 p8 look=off PerpetuaStar(lognormal,K<=3,pm=0.01,a0=0.01/h,g=0.99) 158/224
[67/240] done ../results/overnight_2026-09-20/classical/hh_s6_p8_off.jsonl
  hh_s7 p1 look=top LastObservation                                    217/224
  hh_s7 p1 look=top MostFrequentLocation                               210/224
  hh_s7 p1 look=top TimetableLookup(bin=1h,days=all)                   215/224
  hh_s7 p1 look=top Markov1(a=1,cut=24h,hl=24h)                        212/224
  hh_s7 p1 look=top PeriodicPersistence(min_dep=2,bin=1h,hl=24h)       212/224
  hh_s7 p1 look=top SmoothedRecency(hl=6h,freq=24h)                    210/224
  hh_s7 p1 look=top HierarchyBackoff(po=5,pc=5,hl=24h)                 209/224
  hh_s4 p1 look=voi Perpetua(lognormal,K<=3,pm=0.01,steps=10)          181/224
  hh_s4 p1 look=top PerpetuaStar(lognormal,K<=3,pm=0.01,a0=0.01/h,g=0.99) 183/224
[68/240] done ../results/overnight_2026-09-20/classical/hh_s4_p1_top.jsonl
  hh_s7 p2 look=off LastObservation                                    189/224
  hh_s7 p2 look=off MostFrequentLocation                               189/224
  hh_s7 p2 look=off TimetableLookup(bin=1h,days=all)                   189/224
  hh_s7 p2 look=off Markov1(a=1,cut=24h,hl=24h)                        196/224
  hh_s7 p2 look=off PeriodicPersistence(min_dep=2,bin=1h,hl=24h)       191/224
  hh_s7 p2 look=off SmoothedRecency(hl=6h,freq=24h)                    189/224
  hh_s7 p2 look=off HierarchyBackoff(po=5,pc=5,hl=24h)                 189/224
  hh_s7 p2 look=off DaytypeMixture(K=3,bin=2h,hl=24h)                  179/224
  hh_s5 p2 look=top PerpetuaStar(lognormal,K<=3,pm=0.01,a0=0.01/h,g=0.99) 188/224
[69/240] done ../results/overnight_2026-09-20/classical/hh_s5_p2_top.jsonl
  hh_s7 p2 look=voi LastObservation                                    213/224
  hh_s7 p2 look=voi MostFrequentLocation                               211/224
  hh_s7 p2 look=voi TimetableLookup(bin=1h,days=all)                   203/224
  hh_s7 p2 look=voi Markov1(a=1,cut=24h,hl=24h)                        208/224
  hh_s7 p2 look=voi PeriodicPersistence(min_dep=2,bin=1h,hl=24h)       211/224
  hh_s7 p2 look=voi SmoothedRecency(hl=6h,freq=24h)                    209/224
  hh_s7 p2 look=voi HierarchyBackoff(po=5,pc=5,hl=24h)                 210/224
  hh_s7 p1 look=top DaytypeMixture(K=3,bin=2h,hl=24h)                  210/224
  hh_s7 p2 look=voi DaytypeMixture(K=3,bin=2h,hl=24h)                  208/224
  hh_s5 p1 look=off PerpetuaStar(lognormal,K<=3,pm=0.01,a0=0.01/h,g=0.99) 173/224
[70/240] done ../results/overnight_2026-09-20/classical/hh_s5_p1_off.jsonl
  hh_s7 p2 look=top LastObservation                                    215/224
  hh_s7 p2 look=top MostFrequentLocation                               210/224
  hh_s7 p2 look=top TimetableLookup(bin=1h,days=all)                   209/224
  hh_s7 p2 look=top Markov1(a=1,cut=24h,hl=24h)                        211/224
  hh_s7 p2 look=top PeriodicPersistence(min_dep=2,bin=1h,hl=24h)       215/224
  hh_s7 p2 look=top SmoothedRecency(hl=6h,freq=24h)                    207/224
  hh_s7 p2 look=top HierarchyBackoff(po=5,pc=5,hl=24h)                 207/224
  hh_s6 p2 look=off PerpetuaStar(lognormal,K<=3,pm=0.01,a0=0.01/h,g=0.99) 173/224
[71/240] done ../results/overnight_2026-09-20/classical/hh_s6_p2_off.jsonl
  hh_s7 p4 look=off LastObservation                                    182/224
  hh_s7 p4 look=off MostFrequentLocation                               180/224
  hh_s7 p4 look=off TimetableLookup(bin=1h,days=all)                   179/224
  hh_s7 p4 look=off Markov1(a=1,cut=24h,hl=24h)                        189/224
  hh_s7 p4 look=off PeriodicPersistence(min_dep=2,bin=1h,hl=24h)       182/224
  hh_s7 p4 look=off SmoothedRecency(hl=6h,freq=24h)                    182/224
  hh_s7 p4 look=off HierarchyBackoff(po=5,pc=5,hl=24h)                 182/224
  hh_s7 p4 look=off DaytypeMixture(K=3,bin=2h,hl=24h)                  173/224
  hh_s7 p2 look=top DaytypeMixture(K=3,bin=2h,hl=24h)                  211/224
  hh_s5 p2 look=voi PerpetuaStar(lognormal,K<=3,pm=0.01,a0=0.01/h,g=0.99) 189/224
[72/240] done ../results/overnight_2026-09-20/classical/hh_s5_p2_voi.jsonl
  hh_s7 p4 look=voi LastObservation                                    207/224
  hh_s7 p4 look=voi MostFrequentLocation                               207/224
  hh_s7 p4 look=voi TimetableLookup(bin=1h,days=all)                   198/224
  hh_s7 p4 look=voi Markov1(a=1,cut=24h,hl=24h)                        203/224
  hh_s7 p4 look=voi PeriodicPersistence(min_dep=2,bin=1h,hl=24h)       209/224
  hh_s7 p4 look=voi SmoothedRecency(hl=6h,freq=24h)                    210/224
  hh_s7 p4 look=voi HierarchyBackoff(po=5,pc=5,hl=24h)                 209/224
  hh_s7 p4 look=voi DaytypeMixture(K=3,bin=2h,hl=24h)                  208/224
