10 bank jobs, beliefs ('last_observation', 'most_frequent', 'timetable', 'periodic_persistence', 'perpetua_star')
  hh_s1 p0 look=off LastObservation                                    110/141
  hh_s0 p0 look=off LastObservation                                    261/339
  hh_s1 p0 look=off MostFrequentLocation                               108/141
  hh_s1 p0 look=off TimetableLookup(bin=2h,days=all)                   136/141
  hh_s0 p0 look=off MostFrequentLocation                               256/339
  hh_s1 p0 look=off PeriodicPersistence(min_dep=2,bin=1h,hl=24h)       108/141
  hh_s0 p0 look=off TimetableLookup(bin=2h,days=all)                   267/339
  hh_s0 p0 look=off PeriodicPersistence(min_dep=2,bin=1h,hl=24h)       280/339
  hh_s1 p0 look=off PerpetuaStar(lognormal,K<=3,pm=0.01,a0=0.01/h,g=0.99) 119/141
  hh_s1 p0 look=off TimetableLookup(bin=2h,days=all,hl=72h)            136/141
  hh_s1 p0 look=off MostFrequentLocation(hl=72h)                       112/141
  hh_s1 p0 look=off TimetableLookup(bin=2h,days=all,hl=24h)            136/141
  hh_s1 p0 look=off MostFrequentLocation(hl=24h)                       107/141
[1/10] ../results/regime_search/guests10_morn/classical/hh_s1_t03.jsonl
  hh_s2 p0 look=off LastObservation                                    330/419
  hh_s2 p0 look=off MostFrequentLocation                               335/419
  hh_s2 p0 look=off TimetableLookup(bin=2h,days=all)                   342/419
  hh_s2 p0 look=off PeriodicPersistence(min_dep=2,bin=1h,hl=24h)       352/419
  hh_s0 p0 look=off PerpetuaStar(lognormal,K<=3,pm=0.01,a0=0.01/h,g=0.99) 278/339
  hh_s0 p0 look=off TimetableLookup(bin=2h,days=all,hl=72h)            265/339
  hh_s0 p0 look=off MostFrequentLocation(hl=72h)                       256/339
  hh_s0 p0 look=off TimetableLookup(bin=2h,days=all,hl=24h)            253/339
  hh_s0 p0 look=off MostFrequentLocation(hl=24h)                       259/339
[2/10] ../results/regime_search/guests10_morn/classical/hh_s0_t03.jsonl
  hh_s3 p0 look=off LastObservation                                    246/391
  hh_s3 p0 look=off MostFrequentLocation                               323/391
  hh_s3 p0 look=off TimetableLookup(bin=2h,days=all)                   324/391
  hh_s3 p0 look=off PeriodicPersistence(min_dep=2,bin=1h,hl=24h)       288/391
  hh_s2 p0 look=off PerpetuaStar(lognormal,K<=3,pm=0.01,a0=0.01/h,g=0.99) 376/419
  hh_s2 p0 look=off TimetableLookup(bin=2h,days=all,hl=72h)            343/419
  hh_s2 p0 look=off MostFrequentLocation(hl=72h)                       336/419
  hh_s2 p0 look=off TimetableLookup(bin=2h,days=all,hl=24h)            326/419
  hh_s2 p0 look=off MostFrequentLocation(hl=24h)                       344/419
[3/10] ../results/regime_search/guests10_morn/classical/hh_s2_t03.jsonl
  hh_s4 p0 look=off LastObservation                                    110/177
  hh_s4 p0 look=off MostFrequentLocation                                93/177
  hh_s4 p0 look=off TimetableLookup(bin=2h,days=all)                   113/177
  hh_s4 p0 look=off PeriodicPersistence(min_dep=2,bin=1h,hl=24h)       127/177
  hh_s3 p0 look=off PerpetuaStar(lognormal,K<=3,pm=0.01,a0=0.01/h,g=0.99) 307/391
  hh_s3 p0 look=off TimetableLookup(bin=2h,days=all,hl=72h)            315/391
  hh_s3 p0 look=off MostFrequentLocation(hl=72h)                       318/391
  hh_s3 p0 look=off TimetableLookup(bin=2h,days=all,hl=24h)            308/391
  hh_s3 p0 look=off MostFrequentLocation(hl=24h)                       294/391
[4/10] ../results/regime_search/guests10_morn/classical/hh_s3_t03.jsonl
  hh_s5 p0 look=off LastObservation                                    149/177
  hh_s5 p0 look=off MostFrequentLocation                                67/177
  hh_s5 p0 look=off TimetableLookup(bin=2h,days=all)                    87/177
  hh_s5 p0 look=off PeriodicPersistence(min_dep=2,bin=1h,hl=24h)       146/177
  hh_s5 p0 look=off PerpetuaStar(lognormal,K<=3,pm=0.01,a0=0.01/h,g=0.99) 149/177
  hh_s5 p0 look=off TimetableLookup(bin=2h,days=all,hl=72h)            114/177
  hh_s5 p0 look=off MostFrequentLocation(hl=72h)                        96/177
  hh_s5 p0 look=off TimetableLookup(bin=2h,days=all,hl=24h)            134/177
  hh_s5 p0 look=off MostFrequentLocation(hl=24h)                       116/177
[5/10] ../results/regime_search/guests10_morn/classical/hh_s5_t03.jsonl
  hh_s6 p0 look=off LastObservation                                    149/182
  hh_s6 p0 look=off MostFrequentLocation                               132/182
  hh_s6 p0 look=off TimetableLookup(bin=2h,days=all)                   146/182
  hh_s6 p0 look=off PeriodicPersistence(min_dep=2,bin=1h,hl=24h)       149/182
  hh_s4 p0 look=off PerpetuaStar(lognormal,K<=3,pm=0.01,a0=0.01/h,g=0.99) 139/177
  hh_s4 p0 look=off TimetableLookup(bin=2h,days=all,hl=72h)            133/177
  hh_s4 p0 look=off MostFrequentLocation(hl=72h)                       103/177
  hh_s4 p0 look=off TimetableLookup(bin=2h,days=all,hl=24h)            146/177
  hh_s4 p0 look=off MostFrequentLocation(hl=24h)                       100/177
[6/10] ../results/regime_search/guests10_morn/classical/hh_s4_t03.jsonl
  hh_s7 p0 look=off LastObservation                                    171/263
  hh_s7 p0 look=off MostFrequentLocation                               221/263
  hh_s7 p0 look=off TimetableLookup(bin=2h,days=all)                   224/263
  hh_s7 p0 look=off PeriodicPersistence(min_dep=2,bin=1h,hl=24h)       208/263
  hh_s6 p0 look=off PerpetuaStar(lognormal,K<=3,pm=0.01,a0=0.01/h,g=0.99) 152/182
  hh_s6 p0 look=off TimetableLookup(bin=2h,days=all,hl=72h)            147/182
  hh_s6 p0 look=off MostFrequentLocation(hl=72h)                       128/182
  hh_s6 p0 look=off TimetableLookup(bin=2h,days=all,hl=24h)            146/182
  hh_s6 p0 look=off MostFrequentLocation(hl=24h)                       122/182
[7/10] ../results/regime_search/guests10_morn/classical/hh_s6_t03.jsonl
  hh_s8 p0 look=off LastObservation                                    228/280
  hh_s8 p0 look=off MostFrequentLocation                               253/280
  hh_s8 p0 look=off TimetableLookup(bin=2h,days=all)                   258/280
  hh_s8 p0 look=off PeriodicPersistence(min_dep=2,bin=1h,hl=24h)       242/280
  hh_s7 p0 look=off PerpetuaStar(lognormal,K<=3,pm=0.01,a0=0.01/h,g=0.99) 220/263
  hh_s7 p0 look=off TimetableLookup(bin=2h,days=all,hl=72h)            227/263
  hh_s7 p0 look=off MostFrequentLocation(hl=72h)                       223/263
  hh_s7 p0 look=off TimetableLookup(bin=2h,days=all,hl=24h)            217/263
  hh_s7 p0 look=off MostFrequentLocation(hl=24h)                       207/263
[8/10] ../results/regime_search/guests10_morn/classical/hh_s7_t03.jsonl
  hh_s9 p0 look=off LastObservation                                    325/451
  hh_s9 p0 look=off MostFrequentLocation                               393/451
  hh_s9 p0 look=off TimetableLookup(bin=2h,days=all)                   392/451
  hh_s9 p0 look=off PeriodicPersistence(min_dep=2,bin=1h,hl=24h)       393/451
  hh_s8 p0 look=off PerpetuaStar(lognormal,K<=3,pm=0.01,a0=0.01/h,g=0.99) 258/280
  hh_s8 p0 look=off TimetableLookup(bin=2h,days=all,hl=72h)            258/280
  hh_s8 p0 look=off MostFrequentLocation(hl=72h)                       255/280
  hh_s8 p0 look=off TimetableLookup(bin=2h,days=all,hl=24h)            252/280
  hh_s8 p0 look=off MostFrequentLocation(hl=24h)                       243/280
[9/10] ../results/regime_search/guests10_morn/classical/hh_s8_t03.jsonl
  hh_s9 p0 look=off PerpetuaStar(lognormal,K<=3,pm=0.01,a0=0.01/h,g=0.99) 399/451
  hh_s9 p0 look=off TimetableLookup(bin=2h,days=all,hl=72h)            385/451
  hh_s9 p0 look=off MostFrequentLocation(hl=72h)                       393/451
  hh_s9 p0 look=off TimetableLookup(bin=2h,days=all,hl=24h)            370/451
  hh_s9 p0 look=off MostFrequentLocation(hl=24h)                       391/451
[10/10] ../results/regime_search/guests10_morn/classical/hh_s9_t03.jsonl
