10 bank jobs, beliefs ('last_observation', 'most_frequent', 'timetable', 'periodic_persistence', 'perpetua_star')
  hh_s1 p0 look=off LastObservation                                    288/486
  hh_s0 p0 look=off LastObservation                                    339/496
  hh_s2 p0 look=off LastObservation                                    306/496
  hh_s3 p0 look=off LastObservation                                    284/496
  hh_s1 p0 look=off MostFrequentLocation                               266/486
  hh_s0 p0 look=off MostFrequentLocation                               341/496
  hh_s2 p0 look=off MostFrequentLocation                               283/496
  hh_s3 p0 look=off MostFrequentLocation                               350/496
  hh_s1 p0 look=off TimetableLookup(bin=2h,days=all)                   354/486
  hh_s0 p0 look=off TimetableLookup(bin=2h,days=all)                   369/496
  hh_s2 p0 look=off TimetableLookup(bin=2h,days=all)                   362/496
  hh_s1 p0 look=off PeriodicPersistence(min_dep=2,bin=1h,hl=24h)       340/486
  hh_s3 p0 look=off TimetableLookup(bin=2h,days=all)                   401/496
  hh_s0 p0 look=off PeriodicPersistence(min_dep=2,bin=1h,hl=24h)       376/496
  hh_s2 p0 look=off PeriodicPersistence(min_dep=2,bin=1h,hl=24h)       338/496
  hh_s3 p0 look=off PeriodicPersistence(min_dep=2,bin=1h,hl=24h)       329/496
  hh_s0 p0 look=off PerpetuaStar(lognormal,K<=3,pm=0.01,a0=0.01/h,g=0.99) 356/496
  hh_s0 p0 look=off TimetableLookup(bin=2h,days=all,hl=72h)            373/496
  hh_s0 p0 look=off MostFrequentLocation(hl=72h)                       337/496
  hh_s0 p0 look=off TimetableLookup(bin=2h,days=all,hl=24h)            368/496
  hh_s0 p0 look=off MostFrequentLocation(hl=24h)                       347/496
[1/10] ../results/regime_search/guests10/classical/hh_s0_t03.jsonl
  hh_s4 p0 look=off LastObservation                                    265/496
  hh_s4 p0 look=off MostFrequentLocation                               199/496
  hh_s4 p0 look=off TimetableLookup(bin=2h,days=all)                   306/496
  hh_s4 p0 look=off PeriodicPersistence(min_dep=2,bin=1h,hl=24h)       329/496
  hh_s1 p0 look=off PerpetuaStar(lognormal,K<=3,pm=0.01,a0=0.01/h,g=0.99) 325/486
  hh_s1 p0 look=off TimetableLookup(bin=2h,days=all,hl=72h)            360/486
  hh_s1 p0 look=off MostFrequentLocation(hl=72h)                       294/486
  hh_s1 p0 look=off TimetableLookup(bin=2h,days=all,hl=24h)            368/486
  hh_s1 p0 look=off MostFrequentLocation(hl=24h)                       302/486
[2/10] ../results/regime_search/guests10/classical/hh_s1_t03.jsonl
  hh_s5 p0 look=off LastObservation                                    299/496
  hh_s5 p0 look=off MostFrequentLocation                               207/496
  hh_s5 p0 look=off TimetableLookup(bin=2h,days=all)                   279/496
  hh_s5 p0 look=off PeriodicPersistence(min_dep=2,bin=1h,hl=24h)       362/496
  hh_s3 p0 look=off PerpetuaStar(lognormal,K<=3,pm=0.01,a0=0.01/h,g=0.99) 321/496
  hh_s3 p0 look=off TimetableLookup(bin=2h,days=all,hl=72h)            403/496
  hh_s3 p0 look=off MostFrequentLocation(hl=72h)                       350/496
  hh_s3 p0 look=off TimetableLookup(bin=2h,days=all,hl=24h)            398/496
  hh_s3 p0 look=off MostFrequentLocation(hl=24h)                       342/496
[3/10] ../results/regime_search/guests10/classical/hh_s3_t03.jsonl
  hh_s6 p0 look=off LastObservation                                    298/496
  hh_s6 p0 look=off MostFrequentLocation                               255/496
  hh_s6 p0 look=off TimetableLookup(bin=2h,days=all)                   332/496
  hh_s6 p0 look=off PeriodicPersistence(min_dep=2,bin=1h,hl=24h)       348/496
  hh_s2 p0 look=off PerpetuaStar(lognormal,K<=3,pm=0.01,a0=0.01/h,g=0.99) 323/496
  hh_s2 p0 look=off TimetableLookup(bin=2h,days=all,hl=72h)            356/496
  hh_s2 p0 look=off MostFrequentLocation(hl=72h)                       292/496
  hh_s2 p0 look=off TimetableLookup(bin=2h,days=all,hl=24h)            355/496
  hh_s2 p0 look=off MostFrequentLocation(hl=24h)                       304/496
[4/10] ../results/regime_search/guests10/classical/hh_s2_t03.jsonl
  hh_s7 p0 look=off LastObservation                                    321/496
  hh_s7 p0 look=off MostFrequentLocation                               340/496
  hh_s7 p0 look=off TimetableLookup(bin=2h,days=all)                   387/496
  hh_s7 p0 look=off PeriodicPersistence(min_dep=2,bin=1h,hl=24h)       362/496
  hh_s5 p0 look=off PerpetuaStar(lognormal,K<=3,pm=0.01,a0=0.01/h,g=0.99) 329/496
  hh_s5 p0 look=off TimetableLookup(bin=2h,days=all,hl=72h)            318/496
  hh_s5 p0 look=off MostFrequentLocation(hl=72h)                       245/496
  hh_s5 p0 look=off TimetableLookup(bin=2h,days=all,hl=24h)            342/496
  hh_s5 p0 look=off MostFrequentLocation(hl=24h)                       276/496
[5/10] ../results/regime_search/guests10/classical/hh_s5_t03.jsonl
  hh_s8 p0 look=off LastObservation                                    287/496
  hh_s8 p0 look=off MostFrequentLocation                               332/496
  hh_s8 p0 look=off TimetableLookup(bin=2h,days=all)                   395/496
  hh_s8 p0 look=off PeriodicPersistence(min_dep=2,bin=1h,hl=24h)       373/496
  hh_s7 p0 look=off PerpetuaStar(lognormal,K<=3,pm=0.01,a0=0.01/h,g=0.99) 368/496
  hh_s7 p0 look=off TimetableLookup(bin=2h,days=all,hl=72h)            400/496
  hh_s7 p0 look=off MostFrequentLocation(hl=72h)                       355/496
  hh_s7 p0 look=off TimetableLookup(bin=2h,days=all,hl=24h)            400/496
  hh_s7 p0 look=off MostFrequentLocation(hl=24h)                       362/496
[6/10] ../results/regime_search/guests10/classical/hh_s7_t03.jsonl
  hh_s9 p0 look=off LastObservation                                    268/496
  hh_s9 p0 look=off MostFrequentLocation                               282/496
  hh_s9 p0 look=off TimetableLookup(bin=2h,days=all)                   359/496
  hh_s9 p0 look=off PeriodicPersistence(min_dep=2,bin=1h,hl=24h)       295/496
  hh_s4 p0 look=off PerpetuaStar(lognormal,K<=3,pm=0.01,a0=0.01/h,g=0.99) 291/496
  hh_s4 p0 look=off TimetableLookup(bin=2h,days=all,hl=72h)            330/496
  hh_s4 p0 look=off MostFrequentLocation(hl=72h)                       229/496
  hh_s4 p0 look=off TimetableLookup(bin=2h,days=all,hl=24h)            344/496
  hh_s4 p0 look=off MostFrequentLocation(hl=24h)                       256/496
[7/10] ../results/regime_search/guests10/classical/hh_s4_t03.jsonl
  hh_s6 p0 look=off PerpetuaStar(lognormal,K<=3,pm=0.01,a0=0.01/h,g=0.99) 320/496
  hh_s6 p0 look=off TimetableLookup(bin=2h,days=all,hl=72h)            334/496
  hh_s6 p0 look=off MostFrequentLocation(hl=72h)                       277/496
  hh_s6 p0 look=off TimetableLookup(bin=2h,days=all,hl=24h)            332/496
  hh_s6 p0 look=off MostFrequentLocation(hl=24h)                       279/496
[8/10] ../results/regime_search/guests10/classical/hh_s6_t03.jsonl
  hh_s8 p0 look=off PerpetuaStar(lognormal,K<=3,pm=0.01,a0=0.01/h,g=0.99) 319/496
  hh_s8 p0 look=off TimetableLookup(bin=2h,days=all,hl=72h)            402/496
  hh_s8 p0 look=off MostFrequentLocation(hl=72h)                       341/496
  hh_s8 p0 look=off TimetableLookup(bin=2h,days=all,hl=24h)            397/496
  hh_s8 p0 look=off MostFrequentLocation(hl=24h)                       324/496
[9/10] ../results/regime_search/guests10/classical/hh_s8_t03.jsonl
  hh_s9 p0 look=off PerpetuaStar(lognormal,K<=3,pm=0.01,a0=0.01/h,g=0.99) 275/496
  hh_s9 p0 look=off TimetableLookup(bin=2h,days=all,hl=72h)            351/496
  hh_s9 p0 look=off MostFrequentLocation(hl=72h)                       280/496
  hh_s9 p0 look=off TimetableLookup(bin=2h,days=all,hl=24h)            345/496
  hh_s9 p0 look=off MostFrequentLocation(hl=24h)                       272/496
[10/10] ../results/regime_search/guests10/classical/hh_s9_t03.jsonl
