10 bank jobs, beliefs ('last_observation', 'most_frequent', 'timetable', 'periodic_persistence', 'perpetua_star')
  hh_s1 p0 look=off LastObservation                                    240/436
  hh_s0 p0 look=off LastObservation                                    292/492
  hh_s1 p0 look=off MostFrequentLocation                               231/436
  hh_s0 p0 look=off MostFrequentLocation                               276/492
  hh_s1 p0 look=off TimetableLookup(bin=2h,days=all)                   294/436
  hh_s0 p0 look=off TimetableLookup(bin=2h,days=all)                   332/492
  hh_s1 p0 look=off PeriodicPersistence(min_dep=2,bin=1h,hl=24h)       293/436
  hh_s0 p0 look=off PeriodicPersistence(min_dep=2,bin=1h,hl=24h)       355/492
  hh_s0 p0 look=off PerpetuaStar(lognormal,K<=3,pm=0.01,a0=0.01/h,g=0.99) 327/492
  hh_s0 p0 look=off TimetableLookup(bin=2h,days=all,hl=72h)            341/492
  hh_s0 p0 look=off MostFrequentLocation(hl=72h)                       282/492
  hh_s0 p0 look=off TimetableLookup(bin=2h,days=all,hl=24h)            348/492
  hh_s0 p0 look=off MostFrequentLocation(hl=24h)                       286/492
[1/10] ../results/regime_search/guests10_eve/classical/hh_s0_t03.jsonl
  hh_s2 p0 look=off LastObservation                                    286/493
  hh_s2 p0 look=off MostFrequentLocation                               262/493
  hh_s2 p0 look=off TimetableLookup(bin=2h,days=all)                   334/493
  hh_s2 p0 look=off PeriodicPersistence(min_dep=2,bin=1h,hl=24h)       345/493
  hh_s1 p0 look=off PerpetuaStar(lognormal,K<=3,pm=0.01,a0=0.01/h,g=0.99) 263/436
  hh_s1 p0 look=off TimetableLookup(bin=2h,days=all,hl=72h)            299/436
  hh_s1 p0 look=off MostFrequentLocation(hl=72h)                       256/436
  hh_s1 p0 look=off TimetableLookup(bin=2h,days=all,hl=24h)            306/436
  hh_s1 p0 look=off MostFrequentLocation(hl=24h)                       260/436
[2/10] ../results/regime_search/guests10_eve/classical/hh_s1_t03.jsonl
  hh_s3 p0 look=off LastObservation                                    234/491
  hh_s3 p0 look=off MostFrequentLocation                               239/491
  hh_s3 p0 look=off TimetableLookup(bin=2h,days=all)                   331/491
  hh_s3 p0 look=off PeriodicPersistence(min_dep=2,bin=1h,hl=24h)       323/491
  hh_s2 p0 look=off PerpetuaStar(lognormal,K<=3,pm=0.01,a0=0.01/h,g=0.99) 320/493
  hh_s2 p0 look=off TimetableLookup(bin=2h,days=all,hl=72h)            342/493
  hh_s2 p0 look=off MostFrequentLocation(hl=72h)                       273/493
  hh_s2 p0 look=off TimetableLookup(bin=2h,days=all,hl=24h)            341/493
  hh_s2 p0 look=off MostFrequentLocation(hl=24h)                       286/493
[3/10] ../results/regime_search/guests10_eve/classical/hh_s2_t03.jsonl
  hh_s4 p0 look=off LastObservation                                    241/461
  hh_s4 p0 look=off MostFrequentLocation                               194/461
  hh_s4 p0 look=off TimetableLookup(bin=2h,days=all)                   288/461
  hh_s4 p0 look=off PeriodicPersistence(min_dep=2,bin=1h,hl=24h)       307/461
  hh_s3 p0 look=off PerpetuaStar(lognormal,K<=3,pm=0.01,a0=0.01/h,g=0.99) 309/491
  hh_s3 p0 look=off TimetableLookup(bin=2h,days=all,hl=72h)            343/491
  hh_s3 p0 look=off MostFrequentLocation(hl=72h)                       244/491
  hh_s3 p0 look=off TimetableLookup(bin=2h,days=all,hl=24h)            350/491
  hh_s3 p0 look=off MostFrequentLocation(hl=24h)                       249/491
[4/10] ../results/regime_search/guests10_eve/classical/hh_s3_t03.jsonl
  hh_s5 p0 look=off LastObservation                                    263/463
  hh_s5 p0 look=off MostFrequentLocation                               198/463
  hh_s5 p0 look=off TimetableLookup(bin=2h,days=all)                   275/463
  hh_s5 p0 look=off PeriodicPersistence(min_dep=2,bin=1h,hl=24h)       334/463
  hh_s4 p0 look=off PerpetuaStar(lognormal,K<=3,pm=0.01,a0=0.01/h,g=0.99) 257/461
  hh_s4 p0 look=off TimetableLookup(bin=2h,days=all,hl=72h)            303/461
  hh_s4 p0 look=off MostFrequentLocation(hl=72h)                       245/461
  hh_s4 p0 look=off TimetableLookup(bin=2h,days=all,hl=24h)            317/461
  hh_s4 p0 look=off MostFrequentLocation(hl=24h)                       248/461
[5/10] ../results/regime_search/guests10_eve/classical/hh_s4_t03.jsonl
  hh_s6 p0 look=off LastObservation                                    281/479
  hh_s6 p0 look=off MostFrequentLocation                               256/479
  hh_s6 p0 look=off TimetableLookup(bin=2h,days=all)                   308/479
  hh_s6 p0 look=off PeriodicPersistence(min_dep=2,bin=1h,hl=24h)       337/479
  hh_s5 p0 look=off PerpetuaStar(lognormal,K<=3,pm=0.01,a0=0.01/h,g=0.99) 278/463
  hh_s5 p0 look=off TimetableLookup(bin=2h,days=all,hl=72h)            299/463
  hh_s5 p0 look=off MostFrequentLocation(hl=72h)                       211/463
  hh_s5 p0 look=off TimetableLookup(bin=2h,days=all,hl=24h)            316/463
  hh_s5 p0 look=off MostFrequentLocation(hl=24h)                       239/463
[6/10] ../results/regime_search/guests10_eve/classical/hh_s5_t03.jsonl
  hh_s7 p0 look=off LastObservation                                    191/350
  hh_s7 p0 look=off MostFrequentLocation                               165/350
  hh_s7 p0 look=off TimetableLookup(bin=2h,days=all)                   251/350
  hh_s7 p0 look=off PeriodicPersistence(min_dep=2,bin=1h,hl=24h)       234/350
  hh_s7 p0 look=off PerpetuaStar(lognormal,K<=3,pm=0.01,a0=0.01/h,g=0.99) 238/350
  hh_s7 p0 look=off TimetableLookup(bin=2h,days=all,hl=72h)            273/350
  hh_s7 p0 look=off MostFrequentLocation(hl=72h)                       194/350
  hh_s7 p0 look=off TimetableLookup(bin=2h,days=all,hl=24h)            267/350
  hh_s7 p0 look=off MostFrequentLocation(hl=24h)                       198/350
[7/10] ../results/regime_search/guests10_eve/classical/hh_s7_t03.jsonl
  hh_s8 p0 look=off LastObservation                                    281/492
  hh_s8 p0 look=off MostFrequentLocation                               306/492
  hh_s8 p0 look=off TimetableLookup(bin=2h,days=all)                   355/492
  hh_s8 p0 look=off PeriodicPersistence(min_dep=2,bin=1h,hl=24h)       359/492
  hh_s6 p0 look=off PerpetuaStar(lognormal,K<=3,pm=0.01,a0=0.01/h,g=0.99) 285/479
  hh_s6 p0 look=off TimetableLookup(bin=2h,days=all,hl=72h)            317/479
  hh_s6 p0 look=off MostFrequentLocation(hl=72h)                       270/479
  hh_s6 p0 look=off TimetableLookup(bin=2h,days=all,hl=24h)            319/479
  hh_s6 p0 look=off MostFrequentLocation(hl=24h)                       284/479
[8/10] ../results/regime_search/guests10_eve/classical/hh_s6_t03.jsonl
  hh_s9 p0 look=off LastObservation                                    230/496
  hh_s9 p0 look=off MostFrequentLocation                               216/496
  hh_s9 p0 look=off TimetableLookup(bin=2h,days=all)                   293/496
  hh_s9 p0 look=off PeriodicPersistence(min_dep=2,bin=1h,hl=24h)       296/496
  hh_s8 p0 look=off PerpetuaStar(lognormal,K<=3,pm=0.01,a0=0.01/h,g=0.99) 330/492
  hh_s8 p0 look=off TimetableLookup(bin=2h,days=all,hl=72h)            367/492
  hh_s8 p0 look=off MostFrequentLocation(hl=72h)                       320/492
  hh_s8 p0 look=off TimetableLookup(bin=2h,days=all,hl=24h)            368/492
  hh_s8 p0 look=off MostFrequentLocation(hl=24h)                       321/492
[9/10] ../results/regime_search/guests10_eve/classical/hh_s8_t03.jsonl
  hh_s9 p0 look=off PerpetuaStar(lognormal,K<=3,pm=0.01,a0=0.01/h,g=0.99) 251/496
  hh_s9 p0 look=off TimetableLookup(bin=2h,days=all,hl=72h)            296/496
  hh_s9 p0 look=off MostFrequentLocation(hl=72h)                       221/496
  hh_s9 p0 look=off TimetableLookup(bin=2h,days=all,hl=24h)            304/496
  hh_s9 p0 look=off MostFrequentLocation(hl=24h)                       219/496
[10/10] ../results/regime_search/guests10_eve/classical/hh_s9_t03.jsonl
