10 bank jobs, beliefs ('last_observation', 'most_frequent', 'timetable', 'periodic_persistence', 'perpetua_star')
  hh_s1 p0 look=off LastObservation                                    622/1728
  hh_s0 p0 look=off LastObservation                                    933/1728
  hh_s2 p0 look=off LastObservation                                    773/1728
  hh_s4 p0 look=off LastObservation                                    588/1728
  hh_s3 p0 look=off LastObservation                                    765/1728
  hh_s1 p0 look=off MostFrequentLocation                               1060/1728
  hh_s0 p0 look=off MostFrequentLocation                               1079/1728
  hh_s2 p0 look=off MostFrequentLocation                               977/1728
  hh_s4 p0 look=off MostFrequentLocation                               1019/1728
  hh_s3 p0 look=off MostFrequentLocation                               1100/1728
  hh_s1 p0 look=off TimetableLookup(bin=2h,days=all)                   1308/1728
  hh_s0 p0 look=off TimetableLookup(bin=2h,days=all)                   1245/1728
  hh_s4 p0 look=off TimetableLookup(bin=2h,days=all)                   1237/1728
  hh_s2 p0 look=off TimetableLookup(bin=2h,days=all)                   1319/1728
  hh_s3 p0 look=off TimetableLookup(bin=2h,days=all)                   1286/1728
  hh_s1 p0 look=off PeriodicPersistence(min_dep=2,bin=1h,hl=24h)       938/1728
  hh_s0 p0 look=off PeriodicPersistence(min_dep=2,bin=1h,hl=24h)       1044/1728
  hh_s4 p0 look=off PeriodicPersistence(min_dep=2,bin=1h,hl=24h)       829/1728
  hh_s2 p0 look=off PeriodicPersistence(min_dep=2,bin=1h,hl=24h)       972/1728
  hh_s3 p0 look=off PeriodicPersistence(min_dep=2,bin=1h,hl=24h)       979/1728
  hh_s0 p0 look=off PerpetuaStar(lognormal,K<=3,pm=0.01,a0=0.01/h,g=0.99) 1094/1728
[1/10] ../results/regime_search/holiday_to_work/classical/hh_s0_t03.jsonl
  hh_s5 p0 look=off LastObservation                                    748/1728
  hh_s5 p0 look=off MostFrequentLocation                               832/1728
  hh_s5 p0 look=off TimetableLookup(bin=2h,days=all)                   1201/1728
  hh_s5 p0 look=off PeriodicPersistence(min_dep=2,bin=1h,hl=24h)       985/1728
  hh_s1 p0 look=off PerpetuaStar(lognormal,K<=3,pm=0.01,a0=0.01/h,g=0.99) 999/1728
[2/10] ../results/regime_search/holiday_to_work/classical/hh_s1_t03.jsonl
  hh_s6 p0 look=off LastObservation                                    816/1728
  hh_s6 p0 look=off MostFrequentLocation                               1006/1728
  hh_s6 p0 look=off TimetableLookup(bin=2h,days=all)                   1227/1728
  hh_s6 p0 look=off PeriodicPersistence(min_dep=2,bin=1h,hl=24h)       1049/1728
  hh_s2 p0 look=off PerpetuaStar(lognormal,K<=3,pm=0.01,a0=0.01/h,g=0.99) 998/1728
[3/10] ../results/regime_search/holiday_to_work/classical/hh_s2_t03.jsonl
  hh_s7 p0 look=off LastObservation                                    694/1728
  hh_s7 p0 look=off MostFrequentLocation                               997/1728
  hh_s7 p0 look=off TimetableLookup(bin=2h,days=all)                   1390/1728
  hh_s7 p0 look=off PeriodicPersistence(min_dep=2,bin=1h,hl=24h)       1001/1728
  hh_s4 p0 look=off PerpetuaStar(lognormal,K<=3,pm=0.01,a0=0.01/h,g=0.99) 856/1728
[4/10] ../results/regime_search/holiday_to_work/classical/hh_s4_t03.jsonl
  hh_s8 p0 look=off LastObservation                                    761/1728
  hh_s8 p0 look=off MostFrequentLocation                               909/1728
  hh_s8 p0 look=off TimetableLookup(bin=2h,days=all)                   1224/1728
  hh_s8 p0 look=off PeriodicPersistence(min_dep=2,bin=1h,hl=24h)       967/1728
  hh_s3 p0 look=off PerpetuaStar(lognormal,K<=3,pm=0.01,a0=0.01/h,g=0.99) 1012/1728
[5/10] ../results/regime_search/holiday_to_work/classical/hh_s3_t03.jsonl
  hh_s9 p0 look=off LastObservation                                    749/1728
  hh_s9 p0 look=off MostFrequentLocation                               898/1728
  hh_s9 p0 look=off TimetableLookup(bin=2h,days=all)                   1261/1728
  hh_s9 p0 look=off PeriodicPersistence(min_dep=2,bin=1h,hl=24h)       853/1728
  hh_s6 p0 look=off PerpetuaStar(lognormal,K<=3,pm=0.01,a0=0.01/h,g=0.99) 1051/1728
[6/10] ../results/regime_search/holiday_to_work/classical/hh_s6_t03.jsonl
  hh_s5 p0 look=off PerpetuaStar(lognormal,K<=3,pm=0.01,a0=0.01/h,g=0.99) 928/1728
[7/10] ../results/regime_search/holiday_to_work/classical/hh_s5_t03.jsonl
  hh_s7 p0 look=off PerpetuaStar(lognormal,K<=3,pm=0.01,a0=0.01/h,g=0.99) 1023/1728
[8/10] ../results/regime_search/holiday_to_work/classical/hh_s7_t03.jsonl
  hh_s8 p0 look=off PerpetuaStar(lognormal,K<=3,pm=0.01,a0=0.01/h,g=0.99) 979/1728
[9/10] ../results/regime_search/holiday_to_work/classical/hh_s8_t03.jsonl
  hh_s9 p0 look=off PerpetuaStar(lognormal,K<=3,pm=0.01,a0=0.01/h,g=0.99) 908/1728
[10/10] ../results/regime_search/holiday_to_work/classical/hh_s9_t03.jsonl
