10 bank jobs, beliefs ('last_observation', 'most_frequent', 'timetable', 'periodic_persistence', 'perpetua_star')
  hh_s1 p0 look=off LastObservation                                    791/1728
  hh_s0 p0 look=off LastObservation                                    1026/1728
  hh_s2 p0 look=off LastObservation                                    949/1728
  hh_s3 p0 look=off LastObservation                                    926/1728
  hh_s4 p0 look=off LastObservation                                    758/1728
  hh_s1 p0 look=off MostFrequentLocation                               991/1728
  hh_s0 p0 look=off MostFrequentLocation                               1134/1728
  hh_s2 p0 look=off MostFrequentLocation                               975/1728
  hh_s3 p0 look=off MostFrequentLocation                               1099/1728
  hh_s4 p0 look=off MostFrequentLocation                               1109/1728
  hh_s1 p0 look=off TimetableLookup(bin=2h,days=all)                   1281/1728
  hh_s0 p0 look=off TimetableLookup(bin=2h,days=all)                   1374/1728
  hh_s3 p0 look=off TimetableLookup(bin=2h,days=all)                   1225/1728
  hh_s2 p0 look=off TimetableLookup(bin=2h,days=all)                   1422/1728
  hh_s4 p0 look=off TimetableLookup(bin=2h,days=all)                   1263/1728
  hh_s1 p0 look=off PeriodicPersistence(min_dep=2,bin=1h,hl=24h)       994/1728
  hh_s0 p0 look=off PeriodicPersistence(min_dep=2,bin=1h,hl=24h)       1205/1728
  hh_s3 p0 look=off PeriodicPersistence(min_dep=2,bin=1h,hl=24h)       1120/1728
  hh_s4 p0 look=off PeriodicPersistence(min_dep=2,bin=1h,hl=24h)       1028/1728
  hh_s2 p0 look=off PeriodicPersistence(min_dep=2,bin=1h,hl=24h)       1279/1728
  hh_s1 p0 look=off PerpetuaStar(lognormal,K<=3,pm=0.01,a0=0.01/h,g=0.99) 1085/1728
  hh_s1 p0 look=off TimetableLookup(bin=2h,days=all,hl=72h)            1295/1728
  hh_s1 p0 look=off MostFrequentLocation(hl=24h)                       973/1728
[1/10] ../results/regime_search/holiday_to_work_personal/classical/hh_s1_t03.jsonl
  hh_s5 p0 look=off LastObservation                                    727/1728
  hh_s5 p0 look=off MostFrequentLocation                               889/1728
  hh_s5 p0 look=off TimetableLookup(bin=2h,days=all)                   1343/1728
  hh_s5 p0 look=off PeriodicPersistence(min_dep=2,bin=1h,hl=24h)       1074/1728
  hh_s0 p0 look=off PerpetuaStar(lognormal,K<=3,pm=0.01,a0=0.01/h,g=0.99) 1176/1728
  hh_s0 p0 look=off TimetableLookup(bin=2h,days=all,hl=72h)            1385/1728
  hh_s0 p0 look=off MostFrequentLocation(hl=24h)                       1129/1728
[2/10] ../results/regime_search/holiday_to_work_personal/classical/hh_s0_t03.jsonl
  hh_s6 p0 look=off LastObservation                                    864/1728
  hh_s6 p0 look=off MostFrequentLocation                               1097/1728
  hh_s6 p0 look=off TimetableLookup(bin=2h,days=all)                   1296/1728
  hh_s6 p0 look=off PeriodicPersistence(min_dep=2,bin=1h,hl=24h)       1121/1728
  hh_s2 p0 look=off PerpetuaStar(lognormal,K<=3,pm=0.01,a0=0.01/h,g=0.99) 1216/1728
  hh_s2 p0 look=off TimetableLookup(bin=2h,days=all,hl=72h)            1437/1728
  hh_s2 p0 look=off MostFrequentLocation(hl=24h)                       981/1728
[3/10] ../results/regime_search/holiday_to_work_personal/classical/hh_s2_t03.jsonl
  hh_s7 p0 look=off LastObservation                                    820/1728
  hh_s7 p0 look=off MostFrequentLocation                               997/1728
  hh_s7 p0 look=off TimetableLookup(bin=2h,days=all)                   1365/1728
  hh_s7 p0 look=off PeriodicPersistence(min_dep=2,bin=1h,hl=24h)       1114/1728
  hh_s3 p0 look=off PerpetuaStar(lognormal,K<=3,pm=0.01,a0=0.01/h,g=0.99) 1064/1728
  hh_s3 p0 look=off TimetableLookup(bin=2h,days=all,hl=72h)            1322/1728
  hh_s3 p0 look=off MostFrequentLocation(hl=24h)                       1103/1728
[4/10] ../results/regime_search/holiday_to_work_personal/classical/hh_s3_t03.jsonl
  hh_s8 p0 look=off LastObservation                                    938/1728
  hh_s8 p0 look=off MostFrequentLocation                               1062/1728
  hh_s8 p0 look=off TimetableLookup(bin=2h,days=all)                   1358/1728
  hh_s8 p0 look=off PeriodicPersistence(min_dep=2,bin=1h,hl=24h)       1213/1728
  hh_s4 p0 look=off PerpetuaStar(lognormal,K<=3,pm=0.01,a0=0.01/h,g=0.99) 994/1728
  hh_s4 p0 look=off TimetableLookup(bin=2h,days=all,hl=72h)            1271/1728
  hh_s4 p0 look=off MostFrequentLocation(hl=24h)                       1053/1728
[5/10] ../results/regime_search/holiday_to_work_personal/classical/hh_s4_t03.jsonl
  hh_s9 p0 look=off LastObservation                                    839/1728
  hh_s9 p0 look=off MostFrequentLocation                               1052/1728
  hh_s9 p0 look=off TimetableLookup(bin=2h,days=all)                   1281/1728
  hh_s9 p0 look=off PeriodicPersistence(min_dep=2,bin=1h,hl=24h)       1049/1728
  hh_s5 p0 look=off PerpetuaStar(lognormal,K<=3,pm=0.01,a0=0.01/h,g=0.99) 1030/1728
  hh_s5 p0 look=off TimetableLookup(bin=2h,days=all,hl=72h)            1365/1728
  hh_s5 p0 look=off MostFrequentLocation(hl=24h)                       818/1728
[6/10] ../results/regime_search/holiday_to_work_personal/classical/hh_s5_t03.jsonl
  hh_s6 p0 look=off PerpetuaStar(lognormal,K<=3,pm=0.01,a0=0.01/h,g=0.99) 1154/1728
  hh_s6 p0 look=off TimetableLookup(bin=2h,days=all,hl=72h)            1299/1728
  hh_s6 p0 look=off MostFrequentLocation(hl=24h)                       1096/1728
[7/10] ../results/regime_search/holiday_to_work_personal/classical/hh_s6_t03.jsonl
  hh_s8 p0 look=off PerpetuaStar(lognormal,K<=3,pm=0.01,a0=0.01/h,g=0.99) 1172/1728
  hh_s8 p0 look=off TimetableLookup(bin=2h,days=all,hl=72h)            1364/1728
  hh_s8 p0 look=off MostFrequentLocation(hl=24h)                       1059/1728
[8/10] ../results/regime_search/holiday_to_work_personal/classical/hh_s8_t03.jsonl
  hh_s7 p0 look=off PerpetuaStar(lognormal,K<=3,pm=0.01,a0=0.01/h,g=0.99) 1098/1728
  hh_s7 p0 look=off TimetableLookup(bin=2h,days=all,hl=72h)            1383/1728
  hh_s7 p0 look=off MostFrequentLocation(hl=24h)                       1000/1728
[9/10] ../results/regime_search/holiday_to_work_personal/classical/hh_s7_t03.jsonl
  hh_s9 p0 look=off PerpetuaStar(lognormal,K<=3,pm=0.01,a0=0.01/h,g=0.99) 1045/1728
  hh_s9 p0 look=off TimetableLookup(bin=2h,days=all,hl=72h)            1303/1728
  hh_s9 p0 look=off MostFrequentLocation(hl=24h)                       1009/1728
[10/10] ../results/regime_search/holiday_to_work_personal/classical/hh_s9_t03.jsonl
