10 bank jobs, beliefs ('last_observation', 'most_frequent', 'timetable', 'periodic_persistence', 'perpetua_star')
  hh_s2 p0 look=off LastObservation                                    566/984
  hh_s3 p0 look=off LastObservation                                    492/984
  hh_s0 p0 look=off LastObservation                                    540/984
  hh_s1 p0 look=off LastObservation                                    388/923
  hh_s2 p0 look=off MostFrequentLocation                               504/984
  hh_s0 p0 look=off MostFrequentLocation                               532/984
  hh_s1 p0 look=off MostFrequentLocation                               392/923
  hh_s3 p0 look=off MostFrequentLocation                               457/984
  hh_s2 p0 look=off TimetableLookup(bin=2h,days=all)                   681/984
  hh_s1 p0 look=off TimetableLookup(bin=2h,days=all)                   648/923
  hh_s0 p0 look=off TimetableLookup(bin=2h,days=all)                   687/984
  hh_s3 p0 look=off TimetableLookup(bin=2h,days=all)                   640/984
  hh_s2 p0 look=off PeriodicPersistence(min_dep=2,bin=1h,hl=24h)       712/984
  hh_s1 p0 look=off PeriodicPersistence(min_dep=2,bin=1h,hl=24h)       519/923
  hh_s0 p0 look=off PeriodicPersistence(min_dep=2,bin=1h,hl=24h)       669/984
  hh_s3 p0 look=off PeriodicPersistence(min_dep=2,bin=1h,hl=24h)       621/984
  hh_s0 p0 look=off PerpetuaStar(lognormal,K<=3,pm=0.01,a0=0.01/h,g=0.99) 634/984
  hh_s0 p0 look=off TimetableLookup(bin=2h,days=all,hl=24h)            782/984
  hh_s0 p0 look=off TimetableLookup(bin=2h,days=all,hl=72h)            755/984
  hh_s0 p0 look=off TimetableLookup(bin=2h,days=all,hl=168h)           718/984
  hh_s0 p0 look=off MostFrequentLocation(hl=24h)                       687/984
  hh_s0 p0 look=off MostFrequentLocation(hl=72h)                       660/984
  hh_s0 p0 look=off MostFrequentLocation(hl=168h)                      597/984
[1/10] ../results/regime_search/sick20_all/classical/hh_s0_t03.jsonl
  hh_s4 p0 look=off LastObservation                                    383/929
  hh_s4 p0 look=off MostFrequentLocation                               464/929
  hh_s4 p0 look=off TimetableLookup(bin=2h,days=all)                   690/929
  hh_s4 p0 look=off PeriodicPersistence(min_dep=2,bin=1h,hl=24h)       538/929
  hh_s2 p0 look=off PerpetuaStar(lognormal,K<=3,pm=0.01,a0=0.01/h,g=0.99) 678/984
  hh_s2 p0 look=off TimetableLookup(bin=2h,days=all,hl=24h)            813/984
  hh_s2 p0 look=off TimetableLookup(bin=2h,days=all,hl=72h)            784/984
  hh_s2 p0 look=off TimetableLookup(bin=2h,days=all,hl=168h)           740/984
  hh_s2 p0 look=off MostFrequentLocation(hl=24h)                       675/984
  hh_s2 p0 look=off MostFrequentLocation(hl=72h)                       633/984
  hh_s2 p0 look=off MostFrequentLocation(hl=168h)                      568/984
[2/10] ../results/regime_search/sick20_all/classical/hh_s2_t03.jsonl
  hh_s5 p0 look=off LastObservation                                    383/864
  hh_s5 p0 look=off MostFrequentLocation                               441/864
  hh_s5 p0 look=off TimetableLookup(bin=2h,days=all)                   686/864
  hh_s5 p0 look=off PeriodicPersistence(min_dep=2,bin=1h,hl=24h)       521/864
  hh_s1 p0 look=off PerpetuaStar(lognormal,K<=3,pm=0.01,a0=0.01/h,g=0.99) 501/923
  hh_s1 p0 look=off TimetableLookup(bin=2h,days=all,hl=24h)            670/923
  hh_s1 p0 look=off TimetableLookup(bin=2h,days=all,hl=72h)            663/923
  hh_s1 p0 look=off TimetableLookup(bin=2h,days=all,hl=168h)           659/923
  hh_s1 p0 look=off MostFrequentLocation(hl=24h)                       522/923
  hh_s1 p0 look=off MostFrequentLocation(hl=72h)                       515/923
  hh_s1 p0 look=off MostFrequentLocation(hl=168h)                      483/923
[3/10] ../results/regime_search/sick20_all/classical/hh_s1_t03.jsonl
  hh_s6 p0 look=off LastObservation                                    419/935
  hh_s6 p0 look=off MostFrequentLocation                               484/935
  hh_s6 p0 look=off TimetableLookup(bin=2h,days=all)                   681/935
  hh_s6 p0 look=off PeriodicPersistence(min_dep=2,bin=1h,hl=24h)       573/935
  hh_s3 p0 look=off PerpetuaStar(lognormal,K<=3,pm=0.01,a0=0.01/h,g=0.99) 621/984
  hh_s3 p0 look=off TimetableLookup(bin=2h,days=all,hl=24h)            747/984
  hh_s3 p0 look=off TimetableLookup(bin=2h,days=all,hl=72h)            737/984
  hh_s3 p0 look=off TimetableLookup(bin=2h,days=all,hl=168h)           702/984
  hh_s3 p0 look=off MostFrequentLocation(hl=24h)                       652/984
  hh_s3 p0 look=off MostFrequentLocation(hl=72h)                       632/984
  hh_s3 p0 look=off MostFrequentLocation(hl=168h)                      570/984
[4/10] ../results/regime_search/sick20_all/classical/hh_s3_t03.jsonl
  hh_s7 p0 look=off LastObservation                                    556/984
  hh_s7 p0 look=off MostFrequentLocation                               515/984
  hh_s7 p0 look=off TimetableLookup(bin=2h,days=all)                   676/984
  hh_s7 p0 look=off PeriodicPersistence(min_dep=2,bin=1h,hl=24h)       668/984
  hh_s4 p0 look=off PerpetuaStar(lognormal,K<=3,pm=0.01,a0=0.01/h,g=0.99) 535/929
  hh_s4 p0 look=off TimetableLookup(bin=2h,days=all,hl=24h)            693/929
  hh_s4 p0 look=off TimetableLookup(bin=2h,days=all,hl=72h)            701/929
  hh_s4 p0 look=off TimetableLookup(bin=2h,days=all,hl=168h)           695/929
  hh_s4 p0 look=off MostFrequentLocation(hl=24h)                       562/929
  hh_s4 p0 look=off MostFrequentLocation(hl=72h)                       553/929
  hh_s4 p0 look=off MostFrequentLocation(hl=168h)                      536/929
[5/10] ../results/regime_search/sick20_all/classical/hh_s4_t03.jsonl
  hh_s8 p0 look=off LastObservation                                    442/984
  hh_s8 p0 look=off MostFrequentLocation                               450/984
  hh_s8 p0 look=off TimetableLookup(bin=2h,days=all)                   735/984
  hh_s8 p0 look=off PeriodicPersistence(min_dep=2,bin=1h,hl=24h)       595/984
  hh_s5 p0 look=off PerpetuaStar(lognormal,K<=3,pm=0.01,a0=0.01/h,g=0.99) 510/864
  hh_s5 p0 look=off TimetableLookup(bin=2h,days=all,hl=24h)            687/864
  hh_s5 p0 look=off TimetableLookup(bin=2h,days=all,hl=72h)            690/864
  hh_s5 p0 look=off TimetableLookup(bin=2h,days=all,hl=168h)           691/864
  hh_s5 p0 look=off MostFrequentLocation(hl=24h)                       535/864
  hh_s5 p0 look=off MostFrequentLocation(hl=72h)                       520/864
  hh_s5 p0 look=off MostFrequentLocation(hl=168h)                      498/864
[6/10] ../results/regime_search/sick20_all/classical/hh_s5_t03.jsonl
  hh_s9 p0 look=off LastObservation                                    404/984
  hh_s9 p0 look=off MostFrequentLocation                               409/984
  hh_s9 p0 look=off TimetableLookup(bin=2h,days=all)                   709/984
  hh_s9 p0 look=off PeriodicPersistence(min_dep=2,bin=1h,hl=24h)       535/984
  hh_s6 p0 look=off PerpetuaStar(lognormal,K<=3,pm=0.01,a0=0.01/h,g=0.99) 558/935
  hh_s6 p0 look=off TimetableLookup(bin=2h,days=all,hl=24h)            691/935
  hh_s6 p0 look=off TimetableLookup(bin=2h,days=all,hl=72h)            683/935
  hh_s6 p0 look=off TimetableLookup(bin=2h,days=all,hl=168h)           689/935
  hh_s6 p0 look=off MostFrequentLocation(hl=24h)                       594/935
  hh_s6 p0 look=off MostFrequentLocation(hl=72h)                       580/935
  hh_s6 p0 look=off MostFrequentLocation(hl=168h)                      548/935
[7/10] ../results/regime_search/sick20_all/classical/hh_s6_t03.jsonl
  hh_s7 p0 look=off PerpetuaStar(lognormal,K<=3,pm=0.01,a0=0.01/h,g=0.99) 668/984
  hh_s7 p0 look=off TimetableLookup(bin=2h,days=all,hl=24h)            796/984
  hh_s7 p0 look=off TimetableLookup(bin=2h,days=all,hl=72h)            761/984
  hh_s7 p0 look=off TimetableLookup(bin=2h,days=all,hl=168h)           717/984
  hh_s7 p0 look=off MostFrequentLocation(hl=24h)                       705/984
  hh_s7 p0 look=off MostFrequentLocation(hl=72h)                       666/984
  hh_s7 p0 look=off MostFrequentLocation(hl=168h)                      593/984
[8/10] ../results/regime_search/sick20_all/classical/hh_s7_t03.jsonl
  hh_s8 p0 look=off PerpetuaStar(lognormal,K<=3,pm=0.01,a0=0.01/h,g=0.99) 573/984
  hh_s8 p0 look=off TimetableLookup(bin=2h,days=all,hl=24h)            759/984
  hh_s8 p0 look=off TimetableLookup(bin=2h,days=all,hl=72h)            753/984
  hh_s8 p0 look=off TimetableLookup(bin=2h,days=all,hl=168h)           749/984
  hh_s8 p0 look=off MostFrequentLocation(hl=24h)                       550/984
  hh_s8 p0 look=off MostFrequentLocation(hl=72h)                       566/984
  hh_s8 p0 look=off MostFrequentLocation(hl=168h)                      528/984
[9/10] ../results/regime_search/sick20_all/classical/hh_s8_t03.jsonl
  hh_s9 p0 look=off PerpetuaStar(lognormal,K<=3,pm=0.01,a0=0.01/h,g=0.99) 500/984
  hh_s9 p0 look=off TimetableLookup(bin=2h,days=all,hl=24h)            750/984
  hh_s9 p0 look=off TimetableLookup(bin=2h,days=all,hl=72h)            739/984
  hh_s9 p0 look=off TimetableLookup(bin=2h,days=all,hl=168h)           715/984
  hh_s9 p0 look=off MostFrequentLocation(hl=24h)                       555/984
  hh_s9 p0 look=off MostFrequentLocation(hl=72h)                       570/984
  hh_s9 p0 look=off MostFrequentLocation(hl=168h)                      508/984
[10/10] ../results/regime_search/sick20_all/classical/hh_s9_t03.jsonl
