10 bank jobs, beliefs ('last_observation', 'most_frequent', 'timetable', 'periodic_persistence', 'perpetua_star')
  hh_s1 p0 look=off LastObservation                                    212/488
  hh_s0 p0 look=off LastObservation                                    394/656
  hh_s2 p0 look=off LastObservation                                    393/654
  hh_s3 p0 look=off LastObservation                                    166/408
  hh_s1 p0 look=off MostFrequentLocation                               200/488
  hh_s0 p0 look=off MostFrequentLocation                               402/656
  hh_s1 p0 look=off TimetableLookup(bin=2h,days=all)                   370/488
  hh_s3 p0 look=off MostFrequentLocation                               187/408
  hh_s2 p0 look=off MostFrequentLocation                               333/654
  hh_s0 p0 look=off TimetableLookup(bin=2h,days=all)                   470/656
  hh_s1 p0 look=off PeriodicPersistence(min_dep=2,bin=1h,hl=24h)       287/488
  hh_s3 p0 look=off TimetableLookup(bin=2h,days=all)                   289/408
  hh_s2 p0 look=off TimetableLookup(bin=2h,days=all)                   455/654
  hh_s0 p0 look=off PeriodicPersistence(min_dep=2,bin=1h,hl=24h)       465/656
  hh_s3 p0 look=off PeriodicPersistence(min_dep=2,bin=1h,hl=24h)       244/408
  hh_s2 p0 look=off PeriodicPersistence(min_dep=2,bin=1h,hl=24h)       462/654
  hh_s1 p0 look=off PerpetuaStar(lognormal,K<=3,pm=0.01,a0=0.01/h,g=0.99) 285/488
  hh_s1 p0 look=off TimetableLookup(bin=2h,days=all,hl=72h)            392/488
  hh_s1 p0 look=off MostFrequentLocation(hl=72h)                       252/488
  hh_s1 p0 look=off TimetableLookup(bin=2h,days=all,hl=24h)            378/488
  hh_s1 p0 look=off MostFrequentLocation(hl=24h)                       275/488
[1/10] ../results/regime_search/sick2x_owner/classical/hh_s1_t03.jsonl
  hh_s4 p0 look=off LastObservation                                    223/429
  hh_s4 p0 look=off MostFrequentLocation                               235/429
  hh_s4 p0 look=off TimetableLookup(bin=2h,days=all)                   317/429
  hh_s4 p0 look=off PeriodicPersistence(min_dep=2,bin=1h,hl=24h)       279/429
  hh_s3 p0 look=off PerpetuaStar(lognormal,K<=3,pm=0.01,a0=0.01/h,g=0.99) 252/408
  hh_s3 p0 look=off TimetableLookup(bin=2h,days=all,hl=72h)            296/408
  hh_s3 p0 look=off MostFrequentLocation(hl=72h)                       223/408
  hh_s3 p0 look=off TimetableLookup(bin=2h,days=all,hl=24h)            294/408
  hh_s3 p0 look=off MostFrequentLocation(hl=24h)                       232/408
[2/10] ../results/regime_search/sick2x_owner/classical/hh_s3_t03.jsonl
  hh_s5 p0 look=off LastObservation                                    213/392
  hh_s5 p0 look=off MostFrequentLocation                               230/392
  hh_s5 p0 look=off TimetableLookup(bin=2h,days=all)                   317/392
  hh_s5 p0 look=off PeriodicPersistence(min_dep=2,bin=1h,hl=24h)       276/392
  hh_s0 p0 look=off PerpetuaStar(lognormal,K<=3,pm=0.01,a0=0.01/h,g=0.99) 435/656
  hh_s0 p0 look=off TimetableLookup(bin=2h,days=all,hl=72h)            471/656
  hh_s0 p0 look=off MostFrequentLocation(hl=72h)                       437/656
  hh_s0 p0 look=off TimetableLookup(bin=2h,days=all,hl=24h)            494/656
  hh_s0 p0 look=off MostFrequentLocation(hl=24h)                       470/656
[3/10] ../results/regime_search/sick2x_owner/classical/hh_s0_t03.jsonl
  hh_s6 p0 look=off LastObservation                                    293/605
  hh_s6 p0 look=off MostFrequentLocation                               338/605
  hh_s6 p0 look=off TimetableLookup(bin=2h,days=all)                   443/605
  hh_s6 p0 look=off PeriodicPersistence(min_dep=2,bin=1h,hl=24h)       391/605
  hh_s2 p0 look=off PerpetuaStar(lognormal,K<=3,pm=0.01,a0=0.01/h,g=0.99) 441/654
  hh_s2 p0 look=off TimetableLookup(bin=2h,days=all,hl=72h)            469/654
  hh_s2 p0 look=off MostFrequentLocation(hl=72h)                       385/654
  hh_s2 p0 look=off TimetableLookup(bin=2h,days=all,hl=24h)            501/654
  hh_s2 p0 look=off MostFrequentLocation(hl=24h)                       438/654
[4/10] ../results/regime_search/sick2x_owner/classical/hh_s2_t03.jsonl
  hh_s7 p0 look=off LastObservation                                    383/656
  hh_s7 p0 look=off MostFrequentLocation                               358/656
  hh_s7 p0 look=off TimetableLookup(bin=2h,days=all)                   459/656
  hh_s7 p0 look=off PeriodicPersistence(min_dep=2,bin=1h,hl=24h)       462/656
  hh_s5 p0 look=off PerpetuaStar(lognormal,K<=3,pm=0.01,a0=0.01/h,g=0.99) 264/392
  hh_s5 p0 look=off TimetableLookup(bin=2h,days=all,hl=72h)            318/392
  hh_s5 p0 look=off MostFrequentLocation(hl=72h)                       249/392
  hh_s5 p0 look=off TimetableLookup(bin=2h,days=all,hl=24h)            323/392
  hh_s5 p0 look=off MostFrequentLocation(hl=24h)                       263/392
[5/10] ../results/regime_search/sick2x_owner/classical/hh_s5_t03.jsonl
  hh_s8 p0 look=off LastObservation                                    305/629
  hh_s8 p0 look=off MostFrequentLocation                               312/629
  hh_s8 p0 look=off TimetableLookup(bin=2h,days=all)                   453/629
  hh_s8 p0 look=off PeriodicPersistence(min_dep=2,bin=1h,hl=24h)       392/629
  hh_s4 p0 look=off PerpetuaStar(lognormal,K<=3,pm=0.01,a0=0.01/h,g=0.99) 259/429
  hh_s4 p0 look=off TimetableLookup(bin=2h,days=all,hl=72h)            319/429
  hh_s4 p0 look=off MostFrequentLocation(hl=72h)                       249/429
  hh_s4 p0 look=off TimetableLookup(bin=2h,days=all,hl=24h)            318/429
  hh_s4 p0 look=off MostFrequentLocation(hl=24h)                       249/429
[6/10] ../results/regime_search/sick2x_owner/classical/hh_s4_t03.jsonl
  hh_s9 p0 look=off LastObservation                                    302/549
  hh_s9 p0 look=off MostFrequentLocation                               296/549
  hh_s9 p0 look=off TimetableLookup(bin=2h,days=all)                   422/549
  hh_s9 p0 look=off PeriodicPersistence(min_dep=2,bin=1h,hl=24h)       387/549
  hh_s6 p0 look=off PerpetuaStar(lognormal,K<=3,pm=0.01,a0=0.01/h,g=0.99) 367/605
  hh_s6 p0 look=off TimetableLookup(bin=2h,days=all,hl=72h)            450/605
  hh_s6 p0 look=off MostFrequentLocation(hl=72h)                       363/605
  hh_s6 p0 look=off TimetableLookup(bin=2h,days=all,hl=24h)            443/605
  hh_s6 p0 look=off MostFrequentLocation(hl=24h)                       380/605
[7/10] ../results/regime_search/sick2x_owner/classical/hh_s6_t03.jsonl
  hh_s7 p0 look=off PerpetuaStar(lognormal,K<=3,pm=0.01,a0=0.01/h,g=0.99) 428/656
  hh_s7 p0 look=off TimetableLookup(bin=2h,days=all,hl=72h)            483/656
  hh_s7 p0 look=off MostFrequentLocation(hl=72h)                       409/656
  hh_s7 p0 look=off TimetableLookup(bin=2h,days=all,hl=24h)            502/656
  hh_s7 p0 look=off MostFrequentLocation(hl=24h)                       447/656
[8/10] ../results/regime_search/sick2x_owner/classical/hh_s7_t03.jsonl
  hh_s8 p0 look=off PerpetuaStar(lognormal,K<=3,pm=0.01,a0=0.01/h,g=0.99) 338/629
  hh_s8 p0 look=off TimetableLookup(bin=2h,days=all,hl=72h)            459/629
  hh_s8 p0 look=off MostFrequentLocation(hl=72h)                       339/629
  hh_s8 p0 look=off TimetableLookup(bin=2h,days=all,hl=24h)            465/629
  hh_s8 p0 look=off MostFrequentLocation(hl=24h)                       363/629
[9/10] ../results/regime_search/sick2x_owner/classical/hh_s8_t03.jsonl
  hh_s9 p0 look=off PerpetuaStar(lognormal,K<=3,pm=0.01,a0=0.01/h,g=0.99) 372/549
  hh_s9 p0 look=off TimetableLookup(bin=2h,days=all,hl=72h)            435/549
  hh_s9 p0 look=off MostFrequentLocation(hl=72h)                       332/549
  hh_s9 p0 look=off TimetableLookup(bin=2h,days=all,hl=24h)            439/549
  hh_s9 p0 look=off MostFrequentLocation(hl=24h)                       361/549
[10/10] ../results/regime_search/sick2x_owner/classical/hh_s9_t03.jsonl
