10 bank jobs, beliefs ('last_observation', 'most_frequent', 'timetable', 'periodic_persistence', 'perpetua_star')
  hh_s10 p0 look=off LastObservation                                    257/597
  hh_s14 p0 look=off LastObservation                                    339/663
  hh_s13 p0 look=off LastObservation                                    359/680
  hh_s11 p0 look=off LastObservation                                    333/676
  hh_s12 p0 look=off LastObservation                                    337/718
  hh_s17 p0 look=off LastObservation                                    370/738
  hh_s16 p0 look=off LastObservation                                    313/744
  hh_s15 p0 look=off LastObservation                                    349/744
  hh_s10 p0 look=off MostFrequentLocation                               336/597
  hh_s14 p0 look=off MostFrequentLocation                               379/663
  hh_s13 p0 look=off MostFrequentLocation                               362/680
  hh_s12 p0 look=off MostFrequentLocation                               323/718
  hh_s11 p0 look=off MostFrequentLocation                               334/676
  hh_s17 p0 look=off MostFrequentLocation                               398/738
  hh_s10 p0 look=off TimetableLookup(bin=2h,days=all)                   497/597
  hh_s15 p0 look=off MostFrequentLocation                               422/744
  hh_s16 p0 look=off MostFrequentLocation                               393/744
  hh_s14 p0 look=off TimetableLookup(bin=2h,days=all)                   499/663
  hh_s13 p0 look=off TimetableLookup(bin=2h,days=all)                   552/680
  hh_s12 p0 look=off TimetableLookup(bin=2h,days=all)                   524/718
  hh_s11 p0 look=off TimetableLookup(bin=2h,days=all)                   541/676
  hh_s10 p0 look=off PeriodicPersistence(min_dep=2,bin=1h,hl=24h)       386/597
  hh_s17 p0 look=off TimetableLookup(bin=2h,days=all)                   568/738
  hh_s14 p0 look=off PeriodicPersistence(min_dep=2,bin=1h,hl=24h)       422/663
  hh_s15 p0 look=off TimetableLookup(bin=2h,days=all)                   573/744
  hh_s16 p0 look=off TimetableLookup(bin=2h,days=all)                   553/744
  hh_s13 p0 look=off PeriodicPersistence(min_dep=2,bin=1h,hl=24h)       478/680
  hh_s12 p0 look=off PeriodicPersistence(min_dep=2,bin=1h,hl=24h)       434/718
  hh_s11 p0 look=off PeriodicPersistence(min_dep=2,bin=1h,hl=24h)       457/676
  hh_s17 p0 look=off PeriodicPersistence(min_dep=2,bin=1h,hl=24h)       501/738
  hh_s15 p0 look=off PeriodicPersistence(min_dep=2,bin=1h,hl=24h)       441/744
  hh_s16 p0 look=off PeriodicPersistence(min_dep=2,bin=1h,hl=24h)       438/744
  hh_s13 p0 look=off PerpetuaStar(lognormal,K<=3,pm=0.01,a0=0.01/h,g=0.99) 460/680
  hh_s13 p0 look=off TimetableLookup(bin=2h,days=all,hl=24h)            559/680
  hh_s13 p0 look=off TimetableLookup(bin=2h,days=all,hl=72h)            556/680
  hh_s13 p0 look=off TimetableLookup(bin=2h,days=all,hl=168h)           557/680
  hh_s13 p0 look=off MostFrequentLocation(hl=24h)                       419/680
  hh_s13 p0 look=off MostFrequentLocation(hl=72h)                       411/680
  hh_s13 p0 look=off MostFrequentLocation(hl=168h)                      393/680
[1/10] ../results/regime_search/sick10_partial_s10_19/classical/hh_s13_t03.jsonl
  hh_s18 p0 look=off LastObservation                                    427/741
  hh_s18 p0 look=off MostFrequentLocation                               400/741
  hh_s18 p0 look=off TimetableLookup(bin=2h,days=all)                   478/741
  hh_s18 p0 look=off PeriodicPersistence(min_dep=2,bin=1h,hl=24h)       516/741
  hh_s10 p0 look=off PerpetuaStar(lognormal,K<=3,pm=0.01,a0=0.01/h,g=0.99) 430/597
  hh_s10 p0 look=off TimetableLookup(bin=2h,days=all,hl=24h)            479/597
  hh_s10 p0 look=off TimetableLookup(bin=2h,days=all,hl=72h)            492/597
  hh_s10 p0 look=off TimetableLookup(bin=2h,days=all,hl=168h)           498/597
  hh_s10 p0 look=off MostFrequentLocation(hl=24h)                       345/597
  hh_s10 p0 look=off MostFrequentLocation(hl=72h)                       354/597
  hh_s10 p0 look=off MostFrequentLocation(hl=168h)                      360/597
[2/10] ../results/regime_search/sick10_partial_s10_19/classical/hh_s10_t03.jsonl
  hh_s19 p0 look=off LastObservation                                    388/744
  hh_s19 p0 look=off MostFrequentLocation                               448/744
  hh_s19 p0 look=off TimetableLookup(bin=2h,days=all)                   608/744
  hh_s19 p0 look=off PeriodicPersistence(min_dep=2,bin=1h,hl=24h)       494/744
  hh_s12 p0 look=off PerpetuaStar(lognormal,K<=3,pm=0.01,a0=0.01/h,g=0.99) 445/718
  hh_s12 p0 look=off TimetableLookup(bin=2h,days=all,hl=24h)            542/718
  hh_s12 p0 look=off TimetableLookup(bin=2h,days=all,hl=72h)            550/718
  hh_s17 p0 look=off PerpetuaStar(lognormal,K<=3,pm=0.01,a0=0.01/h,g=0.99) 487/738
  hh_s12 p0 look=off TimetableLookup(bin=2h,days=all,hl=168h)           540/718
  hh_s17 p0 look=off TimetableLookup(bin=2h,days=all,hl=24h)            568/738
  hh_s12 p0 look=off MostFrequentLocation(hl=24h)                       347/718
  hh_s17 p0 look=off TimetableLookup(bin=2h,days=all,hl=72h)            578/738
  hh_s12 p0 look=off MostFrequentLocation(hl=72h)                       347/718
  hh_s12 p0 look=off MostFrequentLocation(hl=168h)                      349/718
  hh_s17 p0 look=off TimetableLookup(bin=2h,days=all,hl=168h)           570/738
[3/10] ../results/regime_search/sick10_partial_s10_19/classical/hh_s12_t03.jsonl
  hh_s17 p0 look=off MostFrequentLocation(hl=24h)                       454/738
  hh_s17 p0 look=off MostFrequentLocation(hl=72h)                       448/738
  hh_s17 p0 look=off MostFrequentLocation(hl=168h)                      429/738
[4/10] ../results/regime_search/sick10_partial_s10_19/classical/hh_s17_t03.jsonl
  hh_s14 p0 look=off PerpetuaStar(lognormal,K<=3,pm=0.01,a0=0.01/h,g=0.99) 442/663
  hh_s14 p0 look=off TimetableLookup(bin=2h,days=all,hl=24h)            521/663
  hh_s14 p0 look=off TimetableLookup(bin=2h,days=all,hl=72h)            515/663
  hh_s14 p0 look=off TimetableLookup(bin=2h,days=all,hl=168h)           513/663
  hh_s14 p0 look=off MostFrequentLocation(hl=24h)                       402/663
  hh_s14 p0 look=off MostFrequentLocation(hl=72h)                       410/663
  hh_s14 p0 look=off MostFrequentLocation(hl=168h)                      396/663
[5/10] ../results/regime_search/sick10_partial_s10_19/classical/hh_s14_t03.jsonl
  hh_s11 p0 look=off PerpetuaStar(lognormal,K<=3,pm=0.01,a0=0.01/h,g=0.99) 437/676
  hh_s11 p0 look=off TimetableLookup(bin=2h,days=all,hl=24h)            550/676
  hh_s11 p0 look=off TimetableLookup(bin=2h,days=all,hl=72h)            553/676
  hh_s11 p0 look=off TimetableLookup(bin=2h,days=all,hl=168h)           550/676
  hh_s11 p0 look=off MostFrequentLocation(hl=24h)                       351/676
  hh_s11 p0 look=off MostFrequentLocation(hl=72h)                       360/676
  hh_s11 p0 look=off MostFrequentLocation(hl=168h)                      356/676
[6/10] ../results/regime_search/sick10_partial_s10_19/classical/hh_s11_t03.jsonl
  hh_s15 p0 look=off PerpetuaStar(lognormal,K<=3,pm=0.01,a0=0.01/h,g=0.99) 419/744
  hh_s15 p0 look=off TimetableLookup(bin=2h,days=all,hl=24h)            560/744
  hh_s15 p0 look=off TimetableLookup(bin=2h,days=all,hl=72h)            575/744
  hh_s15 p0 look=off TimetableLookup(bin=2h,days=all,hl=168h)           576/744
  hh_s15 p0 look=off MostFrequentLocation(hl=24h)                       434/744
  hh_s15 p0 look=off MostFrequentLocation(hl=72h)                       446/744
  hh_s15 p0 look=off MostFrequentLocation(hl=168h)                      437/744
[7/10] ../results/regime_search/sick10_partial_s10_19/classical/hh_s15_t03.jsonl
  hh_s16 p0 look=off PerpetuaStar(lognormal,K<=3,pm=0.01,a0=0.01/h,g=0.99) 397/744
  hh_s16 p0 look=off TimetableLookup(bin=2h,days=all,hl=24h)            549/744
  hh_s16 p0 look=off TimetableLookup(bin=2h,days=all,hl=72h)            550/744
  hh_s16 p0 look=off TimetableLookup(bin=2h,days=all,hl=168h)           551/744
  hh_s16 p0 look=off MostFrequentLocation(hl=24h)                       423/744
  hh_s16 p0 look=off MostFrequentLocation(hl=72h)                       444/744
  hh_s16 p0 look=off MostFrequentLocation(hl=168h)                      425/744
[8/10] ../results/regime_search/sick10_partial_s10_19/classical/hh_s16_t03.jsonl
  hh_s19 p0 look=off PerpetuaStar(lognormal,K<=3,pm=0.01,a0=0.01/h,g=0.99) 503/744
  hh_s19 p0 look=off TimetableLookup(bin=2h,days=all,hl=24h)            597/744
  hh_s19 p0 look=off TimetableLookup(bin=2h,days=all,hl=72h)            609/744
  hh_s19 p0 look=off TimetableLookup(bin=2h,days=all,hl=168h)           610/744
  hh_s19 p0 look=off MostFrequentLocation(hl=24h)                       489/744
  hh_s19 p0 look=off MostFrequentLocation(hl=72h)                       488/744
  hh_s19 p0 look=off MostFrequentLocation(hl=168h)                      474/744
[9/10] ../results/regime_search/sick10_partial_s10_19/classical/hh_s19_t03.jsonl
  hh_s18 p0 look=off PerpetuaStar(lognormal,K<=3,pm=0.01,a0=0.01/h,g=0.99) 494/741
  hh_s18 p0 look=off TimetableLookup(bin=2h,days=all,hl=24h)            560/741
  hh_s18 p0 look=off TimetableLookup(bin=2h,days=all,hl=72h)            531/741
  hh_s18 p0 look=off TimetableLookup(bin=2h,days=all,hl=168h)           498/741
  hh_s18 p0 look=off MostFrequentLocation(hl=24h)                       492/741
  hh_s18 p0 look=off MostFrequentLocation(hl=72h)                       467/741
  hh_s18 p0 look=off MostFrequentLocation(hl=168h)                      420/741
[10/10] ../results/regime_search/sick10_partial_s10_19/classical/hh_s18_t03.jsonl
