10 bank jobs, beliefs ('last_observation', 'most_frequent', 'timetable', 'periodic_persistence', 'perpetua_star')
  hh_s1 p0 look=off LastObservation                                    643/1728
  hh_s4 p0 look=off LastObservation                                    567/1728
  hh_s2 p0 look=off LastObservation                                    865/1728
  hh_s0 p0 look=off LastObservation                                    907/1728
  hh_s3 p0 look=off LastObservation                                    878/1728
  hh_s1 p0 look=off MostFrequentLocation                               866/1728
  hh_s2 p0 look=off MostFrequentLocation                               911/1728
  hh_s4 p0 look=off MostFrequentLocation                               910/1728
  hh_s0 p0 look=off MostFrequentLocation                               973/1728
  hh_s3 p0 look=off MostFrequentLocation                               1007/1728
  hh_s1 p0 look=off TimetableLookup(bin=2h,days=all)                   1131/1728
  hh_s4 p0 look=off TimetableLookup(bin=2h,days=all)                   1219/1728
  hh_s0 p0 look=off TimetableLookup(bin=2h,days=all)                   1211/1728
  hh_s2 p0 look=off TimetableLookup(bin=2h,days=all)                   1261/1728
  hh_s1 p0 look=off PeriodicPersistence(min_dep=2,bin=1h,hl=24h)       801/1728
  hh_s3 p0 look=off TimetableLookup(bin=2h,days=all)                   1238/1728
  hh_s0 p0 look=off PeriodicPersistence(min_dep=2,bin=1h,hl=24h)       1033/1728
  hh_s4 p0 look=off PeriodicPersistence(min_dep=2,bin=1h,hl=24h)       773/1728
  hh_s2 p0 look=off PeriodicPersistence(min_dep=2,bin=1h,hl=24h)       1094/1728
  hh_s3 p0 look=off PeriodicPersistence(min_dep=2,bin=1h,hl=24h)       1020/1728
  hh_s1 p0 look=off PerpetuaStar(lognormal,K<=3,pm=0.01,a0=0.01/h,g=0.99) 851/1728
  hh_s1 p0 look=off TimetableLookup(bin=2h,days=all,hl=72h)            1170/1728
  hh_s1 p0 look=off MostFrequentLocation(hl=72h)                       832/1728
[1/10] ../results/regime_search/sick_all/classical/hh_s1_t03.jsonl
  hh_s5 p0 look=off LastObservation                                    790/1728
  hh_s5 p0 look=off MostFrequentLocation                               822/1728
  hh_s5 p0 look=off TimetableLookup(bin=2h,days=all)                   1153/1728
  hh_s5 p0 look=off PeriodicPersistence(min_dep=2,bin=1h,hl=24h)       1003/1728
  hh_s0 p0 look=off PerpetuaStar(lognormal,K<=3,pm=0.01,a0=0.01/h,g=0.99) 1023/1728
  hh_s0 p0 look=off TimetableLookup(bin=2h,days=all,hl=72h)            1229/1728
  hh_s0 p0 look=off MostFrequentLocation(hl=72h)                       994/1728
[2/10] ../results/regime_search/sick_all/classical/hh_s0_t03.jsonl
  hh_s6 p0 look=off LastObservation                                    800/1728
  hh_s6 p0 look=off MostFrequentLocation                               897/1728
  hh_s6 p0 look=off TimetableLookup(bin=2h,days=all)                   1091/1728
  hh_s6 p0 look=off PeriodicPersistence(min_dep=2,bin=1h,hl=24h)       980/1728
  hh_s2 p0 look=off PerpetuaStar(lognormal,K<=3,pm=0.01,a0=0.01/h,g=0.99) 983/1728
  hh_s2 p0 look=off TimetableLookup(bin=2h,days=all,hl=72h)            1282/1728
  hh_s2 p0 look=off MostFrequentLocation(hl=72h)                       950/1728
[3/10] ../results/regime_search/sick_all/classical/hh_s2_t03.jsonl
  hh_s7 p0 look=off LastObservation                                    750/1728
  hh_s7 p0 look=off MostFrequentLocation                               942/1728
  hh_s7 p0 look=off TimetableLookup(bin=2h,days=all)                   1301/1728
  hh_s7 p0 look=off PeriodicPersistence(min_dep=2,bin=1h,hl=24h)       1016/1728
  hh_s4 p0 look=off PerpetuaStar(lognormal,K<=3,pm=0.01,a0=0.01/h,g=0.99) 859/1728
  hh_s4 p0 look=off TimetableLookup(bin=2h,days=all,hl=72h)            1230/1728
  hh_s4 p0 look=off MostFrequentLocation(hl=72h)                       888/1728
[4/10] ../results/regime_search/sick_all/classical/hh_s4_t03.jsonl
  hh_s8 p0 look=off LastObservation                                    779/1728
  hh_s8 p0 look=off MostFrequentLocation                               874/1728
  hh_s8 p0 look=off TimetableLookup(bin=2h,days=all)                   1157/1728
  hh_s8 p0 look=off PeriodicPersistence(min_dep=2,bin=1h,hl=24h)       967/1728
  hh_s3 p0 look=off PerpetuaStar(lognormal,K<=3,pm=0.01,a0=0.01/h,g=0.99) 1031/1728
  hh_s3 p0 look=off TimetableLookup(bin=2h,days=all,hl=72h)            1241/1728
  hh_s3 p0 look=off MostFrequentLocation(hl=72h)                       1042/1728
[5/10] ../results/regime_search/sick_all/classical/hh_s3_t03.jsonl
  hh_s9 p0 look=off LastObservation                                    760/1728
  hh_s9 p0 look=off MostFrequentLocation                               857/1728
  hh_s9 p0 look=off TimetableLookup(bin=2h,days=all)                   1237/1728
  hh_s9 p0 look=off PeriodicPersistence(min_dep=2,bin=1h,hl=24h)       904/1728
  hh_s5 p0 look=off PerpetuaStar(lognormal,K<=3,pm=0.01,a0=0.01/h,g=0.99) 956/1728
  hh_s5 p0 look=off TimetableLookup(bin=2h,days=all,hl=72h)            1152/1728
  hh_s5 p0 look=off MostFrequentLocation(hl=72h)                       852/1728
[6/10] ../results/regime_search/sick_all/classical/hh_s5_t03.jsonl
  hh_s6 p0 look=off PerpetuaStar(lognormal,K<=3,pm=0.01,a0=0.01/h,g=0.99) 933/1728
  hh_s6 p0 look=off TimetableLookup(bin=2h,days=all,hl=72h)            1129/1728
  hh_s6 p0 look=off MostFrequentLocation(hl=72h)                       914/1728
[7/10] ../results/regime_search/sick_all/classical/hh_s6_t03.jsonl
  hh_s8 p0 look=off PerpetuaStar(lognormal,K<=3,pm=0.01,a0=0.01/h,g=0.99) 938/1728
  hh_s8 p0 look=off TimetableLookup(bin=2h,days=all,hl=72h)            1198/1728
  hh_s8 p0 look=off MostFrequentLocation(hl=72h)                       896/1728
[8/10] ../results/regime_search/sick_all/classical/hh_s8_t03.jsonl
  hh_s7 p0 look=off PerpetuaStar(lognormal,K<=3,pm=0.01,a0=0.01/h,g=0.99) 942/1728
  hh_s7 p0 look=off TimetableLookup(bin=2h,days=all,hl=72h)            1304/1728
  hh_s7 p0 look=off MostFrequentLocation(hl=72h)                       957/1728
[9/10] ../results/regime_search/sick_all/classical/hh_s7_t03.jsonl
  hh_s9 p0 look=off PerpetuaStar(lognormal,K<=3,pm=0.01,a0=0.01/h,g=0.99) 866/1728
  hh_s9 p0 look=off TimetableLookup(bin=2h,days=all,hl=72h)            1246/1728
  hh_s9 p0 look=off MostFrequentLocation(hl=72h)                       891/1728
[10/10] ../results/regime_search/sick_all/classical/hh_s9_t03.jsonl
