10 bank jobs, beliefs ('last_observation', 'most_frequent', 'timetable', 'periodic_persistence', 'perpetua_star')
  hh_s1 p0 look=off LastObservation                                    214/559
  hh_s2 p0 look=off LastObservation                                    360/624
  hh_s3 p0 look=off LastObservation                                    331/624
  hh_s1 p0 look=off MostFrequentLocation                               197/559
  hh_s0 p0 look=off LastObservation                                    353/624
  hh_s2 p0 look=off MostFrequentLocation                               351/624
  hh_s1 p0 look=off TimetableLookup(bin=2h,days=all)                   351/559
  hh_s3 p0 look=off MostFrequentLocation                               339/624
  hh_s0 p0 look=off MostFrequentLocation                               383/624
  hh_s2 p0 look=off TimetableLookup(bin=2h,days=all)                   482/624
  hh_s1 p0 look=off PeriodicPersistence(min_dep=2,bin=1h,hl=24h)       300/559
  hh_s3 p0 look=off TimetableLookup(bin=2h,days=all)                   445/624
  hh_s2 p0 look=off PeriodicPersistence(min_dep=2,bin=1h,hl=24h)       441/624
  hh_s0 p0 look=off TimetableLookup(bin=2h,days=all)                   476/624
  hh_s3 p0 look=off PeriodicPersistence(min_dep=2,bin=1h,hl=24h)       403/624
  hh_s0 p0 look=off PeriodicPersistence(min_dep=2,bin=1h,hl=24h)       426/624
  hh_s0 p0 look=off PerpetuaStar(lognormal,K<=3,pm=0.01,a0=0.01/h,g=0.99) 389/624
  hh_s0 p0 look=off TimetableLookup(bin=2h,days=all,hl=24h)            475/624
  hh_s0 p0 look=off TimetableLookup(bin=2h,days=all,hl=72h)            468/624
  hh_s0 p0 look=off TimetableLookup(bin=2h,days=all,hl=168h)           472/624
  hh_s0 p0 look=off MostFrequentLocation(hl=24h)                       425/624
  hh_s0 p0 look=off MostFrequentLocation(hl=72h)                       410/624
  hh_s0 p0 look=off MostFrequentLocation(hl=168h)                      393/624
[1/10] ../results/regime_search/sick5_all/classical/hh_s0_t03.jsonl
  hh_s4 p0 look=off LastObservation                                    205/569
  hh_s4 p0 look=off MostFrequentLocation                               261/569
  hh_s4 p0 look=off TimetableLookup(bin=2h,days=all)                   397/569
  hh_s4 p0 look=off PeriodicPersistence(min_dep=2,bin=1h,hl=24h)       322/569
  hh_s3 p0 look=off PerpetuaStar(lognormal,K<=3,pm=0.01,a0=0.01/h,g=0.99) 388/624
  hh_s3 p0 look=off TimetableLookup(bin=2h,days=all,hl=24h)            440/624
  hh_s3 p0 look=off TimetableLookup(bin=2h,days=all,hl=72h)            444/624
  hh_s3 p0 look=off TimetableLookup(bin=2h,days=all,hl=168h)           448/624
  hh_s3 p0 look=off MostFrequentLocation(hl=24h)                       394/624
  hh_s3 p0 look=off MostFrequentLocation(hl=72h)                       369/624
  hh_s3 p0 look=off MostFrequentLocation(hl=168h)                      354/624
[2/10] ../results/regime_search/sick5_all/classical/hh_s3_t03.jsonl
  hh_s5 p0 look=off LastObservation                                    214/521
  hh_s5 p0 look=off MostFrequentLocation                               203/521
  hh_s5 p0 look=off TimetableLookup(bin=2h,days=all)                   369/521
  hh_s5 p0 look=off PeriodicPersistence(min_dep=2,bin=1h,hl=24h)       315/521
  hh_s1 p0 look=off PerpetuaStar(lognormal,K<=3,pm=0.01,a0=0.01/h,g=0.99) 292/559
  hh_s1 p0 look=off TimetableLookup(bin=2h,days=all,hl=24h)            363/559
  hh_s1 p0 look=off TimetableLookup(bin=2h,days=all,hl=72h)            361/559
  hh_s1 p0 look=off TimetableLookup(bin=2h,days=all,hl=168h)           359/559
  hh_s1 p0 look=off MostFrequentLocation(hl=24h)                       269/559
  hh_s2 p0 look=off PerpetuaStar(lognormal,K<=3,pm=0.01,a0=0.01/h,g=0.99) 426/624
  hh_s1 p0 look=off MostFrequentLocation(hl=72h)                       242/559
  hh_s2 p0 look=off TimetableLookup(bin=2h,days=all,hl=24h)            497/624
  hh_s1 p0 look=off MostFrequentLocation(hl=168h)                      221/559
  hh_s2 p0 look=off TimetableLookup(bin=2h,days=all,hl=72h)            487/624
[3/10] ../results/regime_search/sick5_all/classical/hh_s1_t03.jsonl
  hh_s2 p0 look=off TimetableLookup(bin=2h,days=all,hl=168h)           484/624
  hh_s6 p0 look=off LastObservation                                    259/584
  hh_s2 p0 look=off MostFrequentLocation(hl=24h)                       396/624
  hh_s6 p0 look=off MostFrequentLocation                               295/584
  hh_s2 p0 look=off MostFrequentLocation(hl=72h)                       372/624
  hh_s6 p0 look=off TimetableLookup(bin=2h,days=all)                   378/584
  hh_s6 p0 look=off PeriodicPersistence(min_dep=2,bin=1h,hl=24h)       353/584
  hh_s2 p0 look=off MostFrequentLocation(hl=168h)                      359/624
[4/10] ../results/regime_search/sick5_all/classical/hh_s2_t03.jsonl
  hh_s7 p0 look=off LastObservation                                    338/624
  hh_s7 p0 look=off MostFrequentLocation                               344/624
  hh_s7 p0 look=off TimetableLookup(bin=2h,days=all)                   458/624
  hh_s7 p0 look=off PeriodicPersistence(min_dep=2,bin=1h,hl=24h)       397/624
  hh_s5 p0 look=off PerpetuaStar(lognormal,K<=3,pm=0.01,a0=0.01/h,g=0.99) 267/521
  hh_s5 p0 look=off TimetableLookup(bin=2h,days=all,hl=24h)            377/521
  hh_s5 p0 look=off TimetableLookup(bin=2h,days=all,hl=72h)            381/521
  hh_s5 p0 look=off TimetableLookup(bin=2h,days=all,hl=168h)           377/521
  hh_s5 p0 look=off MostFrequentLocation(hl=24h)                       277/521
  hh_s5 p0 look=off MostFrequentLocation(hl=72h)                       250/521
  hh_s5 p0 look=off MostFrequentLocation(hl=168h)                      241/521
[5/10] ../results/regime_search/sick5_all/classical/hh_s5_t03.jsonl
  hh_s8 p0 look=off LastObservation                                    281/624
  hh_s8 p0 look=off MostFrequentLocation                               288/624
  hh_s8 p0 look=off TimetableLookup(bin=2h,days=all)                   448/624
  hh_s8 p0 look=off PeriodicPersistence(min_dep=2,bin=1h,hl=24h)       385/624
  hh_s4 p0 look=off PerpetuaStar(lognormal,K<=3,pm=0.01,a0=0.01/h,g=0.99) 330/569
  hh_s4 p0 look=off TimetableLookup(bin=2h,days=all,hl=24h)            386/569
  hh_s4 p0 look=off TimetableLookup(bin=2h,days=all,hl=72h)            392/569
  hh_s4 p0 look=off TimetableLookup(bin=2h,days=all,hl=168h)           403/569
  hh_s4 p0 look=off MostFrequentLocation(hl=24h)                       288/569
  hh_s4 p0 look=off MostFrequentLocation(hl=72h)                       280/569
  hh_s4 p0 look=off MostFrequentLocation(hl=168h)                      278/569
[6/10] ../results/regime_search/sick5_all/classical/hh_s4_t03.jsonl
  hh_s9 p0 look=off LastObservation                                    254/624
  hh_s9 p0 look=off MostFrequentLocation                               280/624
  hh_s9 p0 look=off TimetableLookup(bin=2h,days=all)                   439/624
  hh_s9 p0 look=off PeriodicPersistence(min_dep=2,bin=1h,hl=24h)       318/624
  hh_s6 p0 look=off PerpetuaStar(lognormal,K<=3,pm=0.01,a0=0.01/h,g=0.99) 348/584
  hh_s6 p0 look=off TimetableLookup(bin=2h,days=all,hl=24h)            389/584
  hh_s6 p0 look=off TimetableLookup(bin=2h,days=all,hl=72h)            377/584
  hh_s6 p0 look=off TimetableLookup(bin=2h,days=all,hl=168h)           387/584
  hh_s6 p0 look=off MostFrequentLocation(hl=24h)                       337/584
  hh_s6 p0 look=off MostFrequentLocation(hl=72h)                       322/584
  hh_s6 p0 look=off MostFrequentLocation(hl=168h)                      312/584
[7/10] ../results/regime_search/sick5_all/classical/hh_s6_t03.jsonl
  hh_s7 p0 look=off PerpetuaStar(lognormal,K<=3,pm=0.01,a0=0.01/h,g=0.99) 372/624
  hh_s7 p0 look=off TimetableLookup(bin=2h,days=all,hl=24h)            462/624
  hh_s7 p0 look=off TimetableLookup(bin=2h,days=all,hl=72h)            444/624
  hh_s7 p0 look=off TimetableLookup(bin=2h,days=all,hl=168h)           460/624
  hh_s7 p0 look=off MostFrequentLocation(hl=24h)                       387/624
  hh_s7 p0 look=off MostFrequentLocation(hl=72h)                       361/624
  hh_s7 p0 look=off MostFrequentLocation(hl=168h)                      350/624
[8/10] ../results/regime_search/sick5_all/classical/hh_s7_t03.jsonl
  hh_s8 p0 look=off PerpetuaStar(lognormal,K<=3,pm=0.01,a0=0.01/h,g=0.99) 373/624
  hh_s8 p0 look=off TimetableLookup(bin=2h,days=all,hl=24h)            467/624
  hh_s8 p0 look=off TimetableLookup(bin=2h,days=all,hl=72h)            467/624
  hh_s8 p0 look=off TimetableLookup(bin=2h,days=all,hl=168h)           465/624
  hh_s8 p0 look=off MostFrequentLocation(hl=24h)                       334/624
  hh_s8 p0 look=off MostFrequentLocation(hl=72h)                       324/624
  hh_s8 p0 look=off MostFrequentLocation(hl=168h)                      310/624
[9/10] ../results/regime_search/sick5_all/classical/hh_s8_t03.jsonl
  hh_s9 p0 look=off PerpetuaStar(lognormal,K<=3,pm=0.01,a0=0.01/h,g=0.99) 295/624
  hh_s9 p0 look=off TimetableLookup(bin=2h,days=all,hl=24h)            432/624
  hh_s9 p0 look=off TimetableLookup(bin=2h,days=all,hl=72h)            431/624
  hh_s9 p0 look=off TimetableLookup(bin=2h,days=all,hl=168h)           438/624
  hh_s9 p0 look=off MostFrequentLocation(hl=24h)                       314/624
  hh_s9 p0 look=off MostFrequentLocation(hl=72h)                       312/624
  hh_s9 p0 look=off MostFrequentLocation(hl=168h)                      300/624
[10/10] ../results/regime_search/sick5_all/classical/hh_s9_t03.jsonl
