10 bank jobs, beliefs ('last_observation', 'most_frequent', 'timetable', 'periodic_persistence', 'perpetua_star')
  hh_s1 p0 look=off LastObservation                                    656/1728
  hh_s0 p0 look=off LastObservation                                    929/1728
  hh_s2 p0 look=off LastObservation                                    860/1728
  hh_s4 p0 look=off LastObservation                                    550/1728
  hh_s3 p0 look=off LastObservation                                    875/1728
  hh_s1 p0 look=off MostFrequentLocation                               931/1728
  hh_s0 p0 look=off MostFrequentLocation                               988/1728
  hh_s2 p0 look=off MostFrequentLocation                               952/1728
  hh_s4 p0 look=off MostFrequentLocation                               950/1728
  hh_s3 p0 look=off MostFrequentLocation                               1095/1728
  hh_s1 p0 look=off TimetableLookup(bin=2h,days=all)                   1158/1728
  hh_s0 p0 look=off TimetableLookup(bin=2h,days=all)                   1238/1728
  hh_s2 p0 look=off TimetableLookup(bin=2h,days=all)                   1295/1728
  hh_s4 p0 look=off TimetableLookup(bin=2h,days=all)                   1234/1728
  hh_s1 p0 look=off PeriodicPersistence(min_dep=2,bin=1h,hl=24h)       819/1728
  hh_s3 p0 look=off TimetableLookup(bin=2h,days=all)                   1315/1728
  hh_s0 p0 look=off PeriodicPersistence(min_dep=2,bin=1h,hl=24h)       1051/1728
  hh_s2 p0 look=off PeriodicPersistence(min_dep=2,bin=1h,hl=24h)       1059/1728
  hh_s4 p0 look=off PeriodicPersistence(min_dep=2,bin=1h,hl=24h)       758/1728
  hh_s3 p0 look=off PeriodicPersistence(min_dep=2,bin=1h,hl=24h)       1048/1728
  hh_s0 p0 look=off PerpetuaStar(lognormal,K<=3,pm=0.01,a0=0.01/h,g=0.99) 1062/1728
[1/10] ../results/regime_search/sick_spell/classical/hh_s0_t03.jsonl
  hh_s5 p0 look=off LastObservation                                    764/1728
  hh_s5 p0 look=off MostFrequentLocation                               801/1728
  hh_s5 p0 look=off TimetableLookup(bin=2h,days=all)                   1142/1728
  hh_s5 p0 look=off PeriodicPersistence(min_dep=2,bin=1h,hl=24h)       968/1728
  hh_s1 p0 look=off PerpetuaStar(lognormal,K<=3,pm=0.01,a0=0.01/h,g=0.99) 878/1728
[2/10] ../results/regime_search/sick_spell/classical/hh_s1_t03.jsonl
  hh_s6 p0 look=off LastObservation                                    794/1728
  hh_s6 p0 look=off MostFrequentLocation                               964/1728
  hh_s6 p0 look=off TimetableLookup(bin=2h,days=all)                   1124/1728
  hh_s6 p0 look=off PeriodicPersistence(min_dep=2,bin=1h,hl=24h)       996/1728
  hh_s4 p0 look=off PerpetuaStar(lognormal,K<=3,pm=0.01,a0=0.01/h,g=0.99) 894/1728
[3/10] ../results/regime_search/sick_spell/classical/hh_s4_t03.jsonl
  hh_s7 p0 look=off LastObservation                                    714/1728
  hh_s7 p0 look=off MostFrequentLocation                               998/1728
  hh_s7 p0 look=off TimetableLookup(bin=2h,days=all)                   1395/1728
  hh_s7 p0 look=off PeriodicPersistence(min_dep=2,bin=1h,hl=24h)       1030/1728
  hh_s3 p0 look=off PerpetuaStar(lognormal,K<=3,pm=0.01,a0=0.01/h,g=0.99) 1050/1728
[4/10] ../results/regime_search/sick_spell/classical/hh_s3_t03.jsonl
  hh_s8 p0 look=off LastObservation                                    753/1728
  hh_s8 p0 look=off MostFrequentLocation                               944/1728
  hh_s8 p0 look=off TimetableLookup(bin=2h,days=all)                   1228/1728
  hh_s8 p0 look=off PeriodicPersistence(min_dep=2,bin=1h,hl=24h)       972/1728
  hh_s2 p0 look=off PerpetuaStar(lognormal,K<=3,pm=0.01,a0=0.01/h,g=0.99) 1021/1728
[5/10] ../results/regime_search/sick_spell/classical/hh_s2_t03.jsonl
  hh_s9 p0 look=off LastObservation                                    767/1728
  hh_s9 p0 look=off MostFrequentLocation                               890/1728
  hh_s9 p0 look=off TimetableLookup(bin=2h,days=all)                   1265/1728
  hh_s9 p0 look=off PeriodicPersistence(min_dep=2,bin=1h,hl=24h)       915/1728
  hh_s5 p0 look=off PerpetuaStar(lognormal,K<=3,pm=0.01,a0=0.01/h,g=0.99) 949/1728
[6/10] ../results/regime_search/sick_spell/classical/hh_s5_t03.jsonl
  hh_s6 p0 look=off PerpetuaStar(lognormal,K<=3,pm=0.01,a0=0.01/h,g=0.99) 948/1728
[7/10] ../results/regime_search/sick_spell/classical/hh_s6_t03.jsonl
  hh_s8 p0 look=off PerpetuaStar(lognormal,K<=3,pm=0.01,a0=0.01/h,g=0.99) 940/1728
[8/10] ../results/regime_search/sick_spell/classical/hh_s8_t03.jsonl
  hh_s7 p0 look=off PerpetuaStar(lognormal,K<=3,pm=0.01,a0=0.01/h,g=0.99) 1028/1728
[9/10] ../results/regime_search/sick_spell/classical/hh_s7_t03.jsonl
  hh_s9 p0 look=off PerpetuaStar(lognormal,K<=3,pm=0.01,a0=0.01/h,g=0.99) 925/1728
[10/10] ../results/regime_search/sick_spell/classical/hh_s9_t03.jsonl
