10 bank jobs, beliefs ('last_observation', 'most_frequent', 'timetable', 'periodic_persistence', 'perpetua_star')
  hh_s2 p0 look=off LastObservation                                    406/734
  hh_s1 p0 look=off LastObservation                                    280/714
  hh_s0 p0 look=off LastObservation                                    402/740
  hh_s2 p0 look=off MostFrequentLocation                               343/734
  hh_s3 p0 look=off LastObservation                                    349/744
  hh_s1 p0 look=off MostFrequentLocation                               264/714
  hh_s0 p0 look=off MostFrequentLocation                               362/740
  hh_s2 p0 look=off TimetableLookup(bin=2h,days=all)                   531/734
  hh_s3 p0 look=off MostFrequentLocation                               312/744
  hh_s1 p0 look=off TimetableLookup(bin=2h,days=all)                   461/714
  hh_s0 p0 look=off TimetableLookup(bin=2h,days=all)                   522/740
  hh_s2 p0 look=off PeriodicPersistence(min_dep=2,bin=1h,hl=24h)       495/734
  hh_s1 p0 look=off PeriodicPersistence(min_dep=2,bin=1h,hl=24h)       366/714
  hh_s3 p0 look=off TimetableLookup(bin=2h,days=all)                   459/744
  hh_s0 p0 look=off PeriodicPersistence(min_dep=2,bin=1h,hl=24h)       485/740
  hh_s3 p0 look=off PeriodicPersistence(min_dep=2,bin=1h,hl=24h)       408/744
  hh_s0 p0 look=off PerpetuaStar(lognormal,K<=3,pm=0.01,a0=0.01/h,g=0.99) 458/740
  hh_s0 p0 look=off TimetableLookup(bin=2h,days=all,hl=24h)            562/740
  hh_s0 p0 look=off TimetableLookup(bin=2h,days=all,hl=72h)            537/740
  hh_s0 p0 look=off TimetableLookup(bin=2h,days=all,hl=168h)           531/740
  hh_s0 p0 look=off MostFrequentLocation(hl=24h)                       481/740
  hh_s0 p0 look=off MostFrequentLocation(hl=72h)                       439/740
  hh_s0 p0 look=off MostFrequentLocation(hl=168h)                      406/740
[1/10] ../results/regime_search/sick10_all_natural/classical/hh_s0_t03.jsonl
  hh_s4 p0 look=off LastObservation                                    287/710
  hh_s4 p0 look=off MostFrequentLocation                               327/710
  hh_s4 p0 look=off TimetableLookup(bin=2h,days=all)                   470/710
  hh_s4 p0 look=off PeriodicPersistence(min_dep=2,bin=1h,hl=24h)       385/710
  hh_s2 p0 look=off PerpetuaStar(lognormal,K<=3,pm=0.01,a0=0.01/h,g=0.99) 463/734
  hh_s2 p0 look=off TimetableLookup(bin=2h,days=all,hl=24h)            569/734
  hh_s2 p0 look=off TimetableLookup(bin=2h,days=all,hl=72h)            561/734
  hh_s2 p0 look=off TimetableLookup(bin=2h,days=all,hl=168h)           541/734
  hh_s2 p0 look=off MostFrequentLocation(hl=24h)                       436/734
  hh_s2 p0 look=off MostFrequentLocation(hl=72h)                       406/734
  hh_s2 p0 look=off MostFrequentLocation(hl=168h)                      382/734
[2/10] ../results/regime_search/sick10_all_natural/classical/hh_s2_t03.jsonl
  hh_s5 p0 look=off LastObservation                                    288/668
  hh_s5 p0 look=off MostFrequentLocation                               306/668
  hh_s5 p0 look=off TimetableLookup(bin=2h,days=all)                   504/668
  hh_s5 p0 look=off PeriodicPersistence(min_dep=2,bin=1h,hl=24h)       404/668
  hh_s1 p0 look=off PerpetuaStar(lognormal,K<=3,pm=0.01,a0=0.01/h,g=0.99) 333/714
  hh_s1 p0 look=off TimetableLookup(bin=2h,days=all,hl=24h)            483/714
  hh_s1 p0 look=off TimetableLookup(bin=2h,days=all,hl=72h)            473/714
  hh_s1 p0 look=off TimetableLookup(bin=2h,days=all,hl=168h)           471/714
  hh_s1 p0 look=off MostFrequentLocation(hl=24h)                       351/714
  hh_s1 p0 look=off MostFrequentLocation(hl=72h)                       339/714
  hh_s1 p0 look=off MostFrequentLocation(hl=168h)                      310/714
[3/10] ../results/regime_search/sick10_all_natural/classical/hh_s1_t03.jsonl
  hh_s6 p0 look=off LastObservation                                    319/698
  hh_s6 p0 look=off MostFrequentLocation                               335/698
  hh_s6 p0 look=off TimetableLookup(bin=2h,days=all)                   469/698
  hh_s6 p0 look=off PeriodicPersistence(min_dep=2,bin=1h,hl=24h)       411/698
  hh_s3 p0 look=off PerpetuaStar(lognormal,K<=3,pm=0.01,a0=0.01/h,g=0.99) 407/744
  hh_s3 p0 look=off TimetableLookup(bin=2h,days=all,hl=24h)            512/744
  hh_s3 p0 look=off TimetableLookup(bin=2h,days=all,hl=72h)            489/744
  hh_s3 p0 look=off TimetableLookup(bin=2h,days=all,hl=168h)           471/744
  hh_s3 p0 look=off MostFrequentLocation(hl=24h)                       420/744
  hh_s3 p0 look=off MostFrequentLocation(hl=72h)                       397/744
  hh_s3 p0 look=off MostFrequentLocation(hl=168h)                      358/744
[4/10] ../results/regime_search/sick10_all_natural/classical/hh_s3_t03.jsonl
  hh_s7 p0 look=off LastObservation                                    396/744
  hh_s7 p0 look=off MostFrequentLocation                               349/744
  hh_s7 p0 look=off TimetableLookup(bin=2h,days=all)                   511/744
  hh_s7 p0 look=off PeriodicPersistence(min_dep=2,bin=1h,hl=24h)       479/744
  hh_s5 p0 look=off PerpetuaStar(lognormal,K<=3,pm=0.01,a0=0.01/h,g=0.99) 372/668
  hh_s5 p0 look=off TimetableLookup(bin=2h,days=all,hl=24h)            508/668
  hh_s5 p0 look=off TimetableLookup(bin=2h,days=all,hl=72h)            517/668
  hh_s5 p0 look=off TimetableLookup(bin=2h,days=all,hl=168h)           520/668
  hh_s5 p0 look=off MostFrequentLocation(hl=24h)                       378/668
  hh_s5 p0 look=off MostFrequentLocation(hl=72h)                       356/668
  hh_s5 p0 look=off MostFrequentLocation(hl=168h)                      348/668
[5/10] ../results/regime_search/sick10_all_natural/classical/hh_s5_t03.jsonl
  hh_s8 p0 look=off LastObservation                                    346/744
  hh_s8 p0 look=off MostFrequentLocation                               327/744
  hh_s8 p0 look=off TimetableLookup(bin=2h,days=all)                   525/744
  hh_s8 p0 look=off PeriodicPersistence(min_dep=2,bin=1h,hl=24h)       439/744
  hh_s4 p0 look=off PerpetuaStar(lognormal,K<=3,pm=0.01,a0=0.01/h,g=0.99) 384/710
  hh_s4 p0 look=off TimetableLookup(bin=2h,days=all,hl=24h)            503/710
  hh_s4 p0 look=off TimetableLookup(bin=2h,days=all,hl=72h)            483/710
  hh_s4 p0 look=off TimetableLookup(bin=2h,days=all,hl=168h)           478/710
  hh_s4 p0 look=off MostFrequentLocation(hl=24h)                       392/710
  hh_s4 p0 look=off MostFrequentLocation(hl=72h)                       384/710
  hh_s4 p0 look=off MostFrequentLocation(hl=168h)                      358/710
[6/10] ../results/regime_search/sick10_all_natural/classical/hh_s4_t03.jsonl
  hh_s9 p0 look=off LastObservation                                    267/744
  hh_s9 p0 look=off MostFrequentLocation                               289/744
  hh_s9 p0 look=off TimetableLookup(bin=2h,days=all)                   490/744
  hh_s9 p0 look=off PeriodicPersistence(min_dep=2,bin=1h,hl=24h)       341/744
  hh_s6 p0 look=off PerpetuaStar(lognormal,K<=3,pm=0.01,a0=0.01/h,g=0.99) 407/698
  hh_s6 p0 look=off TimetableLookup(bin=2h,days=all,hl=24h)            486/698
  hh_s6 p0 look=off TimetableLookup(bin=2h,days=all,hl=72h)            491/698
  hh_s6 p0 look=off TimetableLookup(bin=2h,days=all,hl=168h)           484/698
  hh_s6 p0 look=off MostFrequentLocation(hl=24h)                       407/698
  hh_s6 p0 look=off MostFrequentLocation(hl=72h)                       394/698
  hh_s6 p0 look=off MostFrequentLocation(hl=168h)                      375/698
[7/10] ../results/regime_search/sick10_all_natural/classical/hh_s6_t03.jsonl
  hh_s7 p0 look=off PerpetuaStar(lognormal,K<=3,pm=0.01,a0=0.01/h,g=0.99) 450/744
  hh_s7 p0 look=off TimetableLookup(bin=2h,days=all,hl=24h)            555/744
  hh_s7 p0 look=off TimetableLookup(bin=2h,days=all,hl=72h)            540/744
  hh_s7 p0 look=off TimetableLookup(bin=2h,days=all,hl=168h)           522/744
  hh_s7 p0 look=off MostFrequentLocation(hl=24h)                       449/744
  hh_s7 p0 look=off MostFrequentLocation(hl=72h)                       427/744
  hh_s7 p0 look=off MostFrequentLocation(hl=168h)                      392/744
[8/10] ../results/regime_search/sick10_all_natural/classical/hh_s7_t03.jsonl
  hh_s8 p0 look=off PerpetuaStar(lognormal,K<=3,pm=0.01,a0=0.01/h,g=0.99) 449/744
  hh_s8 p0 look=off TimetableLookup(bin=2h,days=all,hl=24h)            557/744
  hh_s8 p0 look=off TimetableLookup(bin=2h,days=all,hl=72h)            545/744
  hh_s8 p0 look=off TimetableLookup(bin=2h,days=all,hl=168h)           535/744
  hh_s8 p0 look=off MostFrequentLocation(hl=24h)                       423/744
  hh_s8 p0 look=off MostFrequentLocation(hl=72h)                       415/744
  hh_s8 p0 look=off MostFrequentLocation(hl=168h)                      386/744
[9/10] ../results/regime_search/sick10_all_natural/classical/hh_s8_t03.jsonl
  hh_s9 p0 look=off PerpetuaStar(lognormal,K<=3,pm=0.01,a0=0.01/h,g=0.99) 325/744
  hh_s9 p0 look=off TimetableLookup(bin=2h,days=all,hl=24h)            505/744
  hh_s9 p0 look=off TimetableLookup(bin=2h,days=all,hl=72h)            503/744
  hh_s9 p0 look=off TimetableLookup(bin=2h,days=all,hl=168h)           491/744
  hh_s9 p0 look=off MostFrequentLocation(hl=24h)                       351/744
  hh_s9 p0 look=off MostFrequentLocation(hl=72h)                       342/744
  hh_s9 p0 look=off MostFrequentLocation(hl=168h)                      317/744
[10/10] ../results/regime_search/sick10_all_natural/classical/hh_s9_t03.jsonl
