10 bank jobs, beliefs ('last_observation', 'most_frequent', 'timetable', 'periodic_persistence', 'perpetua_star')
  hh_s1 p0 look=off LastObservation                                    319/864
  hh_s0 p0 look=off LastObservation                                    475/864
  hh_s2 p0 look=off LastObservation                                    476/864
  hh_s3 p0 look=off LastObservation                                    312/864
  hh_s1 p0 look=off MostFrequentLocation                               457/864
  hh_s0 p0 look=off MostFrequentLocation                               478/864
  hh_s4 p0 look=off LastObservation                                    385/864
  hh_s2 p0 look=off MostFrequentLocation                               480/864
  hh_s3 p0 look=off MostFrequentLocation                               547/864
  hh_s0 p0 look=off TimetableLookup(bin=2h,days=all)                   654/864
  hh_s1 p0 look=off TimetableLookup(bin=2h,days=all)                   602/864
  hh_s4 p0 look=off MostFrequentLocation                               498/864
  hh_s2 p0 look=off TimetableLookup(bin=2h,days=all)                   738/864
  hh_s3 p0 look=off TimetableLookup(bin=2h,days=all)                   626/864
  hh_s0 p0 look=off PeriodicPersistence(min_dep=2,bin=1h,hl=24h)       549/864
  hh_s1 p0 look=off PeriodicPersistence(min_dep=2,bin=1h,hl=24h)       417/864
  hh_s2 p0 look=off PeriodicPersistence(min_dep=2,bin=1h,hl=24h)       572/864
  hh_s4 p0 look=off TimetableLookup(bin=2h,days=all)                   596/864
  hh_s3 p0 look=off PeriodicPersistence(min_dep=2,bin=1h,hl=24h)       520/864
  hh_s4 p0 look=off PeriodicPersistence(min_dep=2,bin=1h,hl=24h)       464/864
  hh_s1 p0 look=off PerpetuaStar(lognormal,K<=3,pm=0.01,a0=0.01/h,g=0.99) 398/864
[1/10] ../results/regime_search/sick_owner/classical/hh_s1_t03.jsonl
  hh_s5 p0 look=off LastObservation                                    356/864
  hh_s5 p0 look=off MostFrequentLocation                               512/864
  hh_s5 p0 look=off TimetableLookup(bin=2h,days=all)                   682/864
  hh_s5 p0 look=off PeriodicPersistence(min_dep=2,bin=1h,hl=24h)       540/864
  hh_s3 p0 look=off PerpetuaStar(lognormal,K<=3,pm=0.01,a0=0.01/h,g=0.99) 452/864
[2/10] ../results/regime_search/sick_owner/classical/hh_s3_t03.jsonl
  hh_s6 p0 look=off LastObservation                                    364/864
  hh_s6 p0 look=off MostFrequentLocation                               458/864
  hh_s6 p0 look=off TimetableLookup(bin=2h,days=all)                   595/864
  hh_s6 p0 look=off PeriodicPersistence(min_dep=2,bin=1h,hl=24h)       479/864
  hh_s0 p0 look=off PerpetuaStar(lognormal,K<=3,pm=0.01,a0=0.01/h,g=0.99) 513/864
[3/10] ../results/regime_search/sick_owner/classical/hh_s0_t03.jsonl
  hh_s7 p0 look=off LastObservation                                    425/864
  hh_s7 p0 look=off MostFrequentLocation                               469/864
  hh_s7 p0 look=off TimetableLookup(bin=2h,days=all)                   658/864
  hh_s7 p0 look=off PeriodicPersistence(min_dep=2,bin=1h,hl=24h)       550/864
  hh_s4 p0 look=off PerpetuaStar(lognormal,K<=3,pm=0.01,a0=0.01/h,g=0.99) 496/864
[4/10] ../results/regime_search/sick_owner/classical/hh_s4_t03.jsonl
  hh_s8 p0 look=off LastObservation                                    397/864
  hh_s8 p0 look=off MostFrequentLocation                               523/864
  hh_s8 p0 look=off TimetableLookup(bin=2h,days=all)                   643/864
  hh_s8 p0 look=off PeriodicPersistence(min_dep=2,bin=1h,hl=24h)       586/864
  hh_s2 p0 look=off PerpetuaStar(lognormal,K<=3,pm=0.01,a0=0.01/h,g=0.99) 566/864
[5/10] ../results/regime_search/sick_owner/classical/hh_s2_t03.jsonl
  hh_s9 p0 look=off LastObservation                                    438/864
  hh_s9 p0 look=off MostFrequentLocation                               476/864
  hh_s9 p0 look=off TimetableLookup(bin=2h,days=all)                   696/864
  hh_s9 p0 look=off PeriodicPersistence(min_dep=2,bin=1h,hl=24h)       535/864
  hh_s5 p0 look=off PerpetuaStar(lognormal,K<=3,pm=0.01,a0=0.01/h,g=0.99) 536/864
[6/10] ../results/regime_search/sick_owner/classical/hh_s5_t03.jsonl
  hh_s9 p0 look=off PerpetuaStar(lognormal,K<=3,pm=0.01,a0=0.01/h,g=0.99) 586/864
[7/10] ../results/regime_search/sick_owner/classical/hh_s9_t03.jsonl
  hh_s6 p0 look=off PerpetuaStar(lognormal,K<=3,pm=0.01,a0=0.01/h,g=0.99) 482/864
[8/10] ../results/regime_search/sick_owner/classical/hh_s6_t03.jsonl
  hh_s8 p0 look=off PerpetuaStar(lognormal,K<=3,pm=0.01,a0=0.01/h,g=0.99) 513/864
[9/10] ../results/regime_search/sick_owner/classical/hh_s8_t03.jsonl
  hh_s7 p0 look=off PerpetuaStar(lognormal,K<=3,pm=0.01,a0=0.01/h,g=0.99) 509/864
[10/10] ../results/regime_search/sick_owner/classical/hh_s7_t03.jsonl
