10 bank jobs, beliefs ('last_observation', 'most_frequent', 'timetable', 'periodic_persistence', 'perpetua_star')
  hh_s1 p0 look=off LastObservation                                    165/379
  hh_s2 p0 look=off LastObservation                                    297/496
  hh_s0 p0 look=off LastObservation                                    293/496
  hh_s4 p0 look=off LastObservation                                    168/325
  hh_s3 p0 look=off LastObservation                                    124/305
  hh_s1 p0 look=off MostFrequentLocation                               155/379
  hh_s2 p0 look=off MostFrequentLocation                               257/496
  hh_s0 p0 look=off MostFrequentLocation                               308/496
  hh_s4 p0 look=off MostFrequentLocation                               174/325
  hh_s1 p0 look=off TimetableLookup(bin=2h,days=all)                   280/379
  hh_s3 p0 look=off MostFrequentLocation                               133/305
  hh_s0 p0 look=off TimetableLookup(bin=2h,days=all)                   342/496
  hh_s2 p0 look=off TimetableLookup(bin=2h,days=all)                   336/496
  hh_s4 p0 look=off TimetableLookup(bin=2h,days=all)                   237/325
  hh_s1 p0 look=off PeriodicPersistence(min_dep=2,bin=1h,hl=24h)       220/379
  hh_s3 p0 look=off TimetableLookup(bin=2h,days=all)                   204/305
  hh_s0 p0 look=off PeriodicPersistence(min_dep=2,bin=1h,hl=24h)       339/496
  hh_s2 p0 look=off PeriodicPersistence(min_dep=2,bin=1h,hl=24h)       354/496
  hh_s4 p0 look=off PeriodicPersistence(min_dep=2,bin=1h,hl=24h)       212/325
  hh_s3 p0 look=off PeriodicPersistence(min_dep=2,bin=1h,hl=24h)       186/305
  hh_s3 p0 look=off PerpetuaStar(lognormal,K<=3,pm=0.01,a0=0.01/h,g=0.99) 189/305
  hh_s3 p0 look=off TimetableLookup(bin=2h,days=all,hl=72h)            220/305
  hh_s3 p0 look=off MostFrequentLocation(hl=72h)                       179/305
  hh_s3 p0 look=off TimetableLookup(bin=2h,days=all,hl=24h)            217/305
  hh_s3 p0 look=off MostFrequentLocation(hl=24h)                       183/305
[1/10] ../results/regime_search/sick10_owner/classical/hh_s3_t03.jsonl
  hh_s5 p0 look=off LastObservation                                    155/287
  hh_s5 p0 look=off MostFrequentLocation                               154/287
  hh_s5 p0 look=off TimetableLookup(bin=2h,days=all)                   226/287
  hh_s5 p0 look=off PeriodicPersistence(min_dep=2,bin=1h,hl=24h)       192/287
  hh_s1 p0 look=off PerpetuaStar(lognormal,K<=3,pm=0.01,a0=0.01/h,g=0.99) 232/379
  hh_s1 p0 look=off TimetableLookup(bin=2h,days=all,hl=72h)            293/379
  hh_s1 p0 look=off MostFrequentLocation(hl=72h)                       202/379
  hh_s1 p0 look=off TimetableLookup(bin=2h,days=all,hl=24h)            286/379
  hh_s1 p0 look=off MostFrequentLocation(hl=24h)                       222/379
[2/10] ../results/regime_search/sick10_owner/classical/hh_s1_t03.jsonl
  hh_s6 p0 look=off LastObservation                                    207/458
  hh_s6 p0 look=off MostFrequentLocation                               252/458
  hh_s6 p0 look=off TimetableLookup(bin=2h,days=all)                   328/458
  hh_s6 p0 look=off PeriodicPersistence(min_dep=2,bin=1h,hl=24h)       279/458
  hh_s0 p0 look=off PerpetuaStar(lognormal,K<=3,pm=0.01,a0=0.01/h,g=0.99) 335/496
  hh_s0 p0 look=off TimetableLookup(bin=2h,days=all,hl=72h)            362/496
  hh_s0 p0 look=off MostFrequentLocation(hl=72h)                       349/496
  hh_s0 p0 look=off TimetableLookup(bin=2h,days=all,hl=24h)            380/496
  hh_s0 p0 look=off MostFrequentLocation(hl=24h)                       370/496
[3/10] ../results/regime_search/sick10_owner/classical/hh_s0_t03.jsonl
  hh_s7 p0 look=off LastObservation                                    294/496
  hh_s7 p0 look=off MostFrequentLocation                               273/496
  hh_s7 p0 look=off TimetableLookup(bin=2h,days=all)                   341/496
  hh_s7 p0 look=off PeriodicPersistence(min_dep=2,bin=1h,hl=24h)       351/496
  hh_s4 p0 look=off PerpetuaStar(lognormal,K<=3,pm=0.01,a0=0.01/h,g=0.99) 220/325
  hh_s4 p0 look=off TimetableLookup(bin=2h,days=all,hl=72h)            242/325
  hh_s4 p0 look=off MostFrequentLocation(hl=72h)                       191/325
  hh_s4 p0 look=off TimetableLookup(bin=2h,days=all,hl=24h)            243/325
  hh_s4 p0 look=off MostFrequentLocation(hl=24h)                       194/325
[4/10] ../results/regime_search/sick10_owner/classical/hh_s4_t03.jsonl
  hh_s8 p0 look=off LastObservation                                    231/473
  hh_s8 p0 look=off MostFrequentLocation                               242/473
  hh_s8 p0 look=off TimetableLookup(bin=2h,days=all)                   339/473
  hh_s8 p0 look=off PeriodicPersistence(min_dep=2,bin=1h,hl=24h)       303/473
  hh_s2 p0 look=off PerpetuaStar(lognormal,K<=3,pm=0.01,a0=0.01/h,g=0.99) 355/496
  hh_s2 p0 look=off TimetableLookup(bin=2h,days=all,hl=72h)            365/496
  hh_s2 p0 look=off MostFrequentLocation(hl=72h)                       315/496
  hh_s2 p0 look=off TimetableLookup(bin=2h,days=all,hl=24h)            386/496
  hh_s2 p0 look=off MostFrequentLocation(hl=24h)                       350/496
[5/10] ../results/regime_search/sick10_owner/classical/hh_s2_t03.jsonl
  hh_s9 p0 look=off LastObservation                                    232/415
  hh_s9 p0 look=off MostFrequentLocation                               221/415
  hh_s9 p0 look=off TimetableLookup(bin=2h,days=all)                   323/415
  hh_s9 p0 look=off PeriodicPersistence(min_dep=2,bin=1h,hl=24h)       295/415
  hh_s5 p0 look=off PerpetuaStar(lognormal,K<=3,pm=0.01,a0=0.01/h,g=0.99) 182/287
  hh_s5 p0 look=off TimetableLookup(bin=2h,days=all,hl=72h)            227/287
  hh_s5 p0 look=off MostFrequentLocation(hl=72h)                       174/287
  hh_s5 p0 look=off TimetableLookup(bin=2h,days=all,hl=24h)            226/287
  hh_s5 p0 look=off MostFrequentLocation(hl=24h)                       190/287
[6/10] ../results/regime_search/sick10_owner/classical/hh_s5_t03.jsonl
  hh_s6 p0 look=off PerpetuaStar(lognormal,K<=3,pm=0.01,a0=0.01/h,g=0.99) 271/458
  hh_s6 p0 look=off TimetableLookup(bin=2h,days=all,hl=72h)            333/458
  hh_s6 p0 look=off MostFrequentLocation(hl=72h)                       281/458
  hh_s6 p0 look=off TimetableLookup(bin=2h,days=all,hl=24h)            330/458
  hh_s6 p0 look=off MostFrequentLocation(hl=24h)                       286/458
[7/10] ../results/regime_search/sick10_owner/classical/hh_s6_t03.jsonl
  hh_s7 p0 look=off PerpetuaStar(lognormal,K<=3,pm=0.01,a0=0.01/h,g=0.99) 326/496
  hh_s7 p0 look=off TimetableLookup(bin=2h,days=all,hl=72h)            370/496
  hh_s7 p0 look=off MostFrequentLocation(hl=72h)                       323/496
  hh_s7 p0 look=off TimetableLookup(bin=2h,days=all,hl=24h)            393/496
  hh_s7 p0 look=off MostFrequentLocation(hl=24h)                       351/496
[8/10] ../results/regime_search/sick10_owner/classical/hh_s7_t03.jsonl
  hh_s8 p0 look=off PerpetuaStar(lognormal,K<=3,pm=0.01,a0=0.01/h,g=0.99) 262/473
  hh_s8 p0 look=off TimetableLookup(bin=2h,days=all,hl=72h)            352/473
  hh_s8 p0 look=off MostFrequentLocation(hl=72h)                       278/473
  hh_s8 p0 look=off TimetableLookup(bin=2h,days=all,hl=24h)            356/473
  hh_s8 p0 look=off MostFrequentLocation(hl=24h)                       290/473
[9/10] ../results/regime_search/sick10_owner/classical/hh_s8_t03.jsonl
  hh_s9 p0 look=off PerpetuaStar(lognormal,K<=3,pm=0.01,a0=0.01/h,g=0.99) 288/415
  hh_s9 p0 look=off TimetableLookup(bin=2h,days=all,hl=72h)            331/415
  hh_s9 p0 look=off MostFrequentLocation(hl=72h)                       254/415
  hh_s9 p0 look=off TimetableLookup(bin=2h,days=all,hl=24h)            332/415
  hh_s9 p0 look=off MostFrequentLocation(hl=24h)                       274/415
[10/10] ../results/regime_search/sick10_owner/classical/hh_s9_t03.jsonl
