10 bank jobs, beliefs ('last_observation', 'most_frequent', 'timetable', 'periodic_persistence', 'perpetua_star')
  hh_s1 p0 look=off LastObservation                                    296/693
  hh_s0 p0 look=off LastObservation                                    433/744
  hh_s2 p0 look=off LastObservation                                    424/744
  hh_s3 p0 look=off LastObservation                                    376/744
  hh_s1 p0 look=off MostFrequentLocation                               299/693
  hh_s0 p0 look=off MostFrequentLocation                               418/744
  hh_s2 p0 look=off MostFrequentLocation                               383/744
  hh_s1 p0 look=off TimetableLookup(bin=2h,days=all)                   479/693
  hh_s3 p0 look=off MostFrequentLocation                               446/744
  hh_s1 p0 look=off PeriodicPersistence(min_dep=2,bin=1h,hl=24h)       395/693
  hh_s0 p0 look=off TimetableLookup(bin=2h,days=all)                   515/744
  hh_s2 p0 look=off TimetableLookup(bin=2h,days=all)                   521/744
  hh_s3 p0 look=off TimetableLookup(bin=2h,days=all)                   577/744
  hh_s0 p0 look=off PeriodicPersistence(min_dep=2,bin=1h,hl=24h)       504/744
  hh_s2 p0 look=off PeriodicPersistence(min_dep=2,bin=1h,hl=24h)       528/744
  hh_s3 p0 look=off PeriodicPersistence(min_dep=2,bin=1h,hl=24h)       481/744
  hh_s0 p0 look=off PerpetuaStar(lognormal,K<=3,pm=0.01,a0=0.01/h,g=0.99) 468/744
  hh_s0 p0 look=off TimetableLookup(bin=2h,days=all,hl=24h)            566/744
  hh_s0 p0 look=off TimetableLookup(bin=2h,days=all,hl=72h)            541/744
  hh_s0 p0 look=off TimetableLookup(bin=2h,days=all,hl=168h)           523/744
  hh_s0 p0 look=off MostFrequentLocation(hl=24h)                       500/744
  hh_s0 p0 look=off MostFrequentLocation(hl=72h)                       456/744
  hh_s0 p0 look=off MostFrequentLocation(hl=168h)                      427/744
[1/10] ../results/regime_search/sick10_partial/classical/hh_s0_t03.jsonl
  hh_s4 p0 look=off LastObservation                                    288/699
  hh_s4 p0 look=off MostFrequentLocation                               361/699
  hh_s4 p0 look=off TimetableLookup(bin=2h,days=all)                   523/699
  hh_s4 p0 look=off PeriodicPersistence(min_dep=2,bin=1h,hl=24h)       409/699
  hh_s3 p0 look=off PerpetuaStar(lognormal,K<=3,pm=0.01,a0=0.01/h,g=0.99) 473/744
  hh_s3 p0 look=off TimetableLookup(bin=2h,days=all,hl=24h)            559/744
  hh_s3 p0 look=off TimetableLookup(bin=2h,days=all,hl=72h)            573/744
  hh_s3 p0 look=off TimetableLookup(bin=2h,days=all,hl=168h)           582/744
  hh_s3 p0 look=off MostFrequentLocation(hl=24h)                       513/744
  hh_s3 p0 look=off MostFrequentLocation(hl=72h)                       514/744
  hh_s3 p0 look=off MostFrequentLocation(hl=168h)                      490/744
[2/10] ../results/regime_search/sick10_partial/classical/hh_s3_t03.jsonl
  hh_s5 p0 look=off LastObservation                                    286/644
  hh_s5 p0 look=off MostFrequentLocation                               300/644
  hh_s5 p0 look=off TimetableLookup(bin=2h,days=all)                   477/644
  hh_s5 p0 look=off PeriodicPersistence(min_dep=2,bin=1h,hl=24h)       403/644
  hh_s1 p0 look=off PerpetuaStar(lognormal,K<=3,pm=0.01,a0=0.01/h,g=0.99) 402/693
  hh_s1 p0 look=off TimetableLookup(bin=2h,days=all,hl=24h)            496/693
  hh_s1 p0 look=off TimetableLookup(bin=2h,days=all,hl=72h)            487/693
  hh_s1 p0 look=off TimetableLookup(bin=2h,days=all,hl=168h)           485/693
  hh_s1 p0 look=off MostFrequentLocation(hl=24h)                       368/693
  hh_s1 p0 look=off MostFrequentLocation(hl=72h)                       346/693
  hh_s1 p0 look=off MostFrequentLocation(hl=168h)                      333/693
[3/10] ../results/regime_search/sick10_partial/classical/hh_s1_t03.jsonl
  hh_s6 p0 look=off LastObservation                                    303/689
  hh_s6 p0 look=off MostFrequentLocation                               377/689
  hh_s6 p0 look=off TimetableLookup(bin=2h,days=all)                   488/689
  hh_s6 p0 look=off PeriodicPersistence(min_dep=2,bin=1h,hl=24h)       431/689
  hh_s2 p0 look=off PerpetuaStar(lognormal,K<=3,pm=0.01,a0=0.01/h,g=0.99) 500/744
  hh_s2 p0 look=off TimetableLookup(bin=2h,days=all,hl=24h)            598/744
  hh_s2 p0 look=off TimetableLookup(bin=2h,days=all,hl=72h)            566/744
  hh_s2 p0 look=off TimetableLookup(bin=2h,days=all,hl=168h)           536/744
  hh_s2 p0 look=off MostFrequentLocation(hl=24h)                       469/744
  hh_s2 p0 look=off MostFrequentLocation(hl=72h)                       438/744
  hh_s2 p0 look=off MostFrequentLocation(hl=168h)                      410/744
[4/10] ../results/regime_search/sick10_partial/classical/hh_s2_t03.jsonl
  hh_s7 p0 look=off LastObservation                                    411/744
  hh_s7 p0 look=off MostFrequentLocation                               378/744
  hh_s7 p0 look=off TimetableLookup(bin=2h,days=all)                   518/744
  hh_s7 p0 look=off PeriodicPersistence(min_dep=2,bin=1h,hl=24h)       494/744
  hh_s5 p0 look=off PerpetuaStar(lognormal,K<=3,pm=0.01,a0=0.01/h,g=0.99) 381/644
  hh_s5 p0 look=off TimetableLookup(bin=2h,days=all,hl=24h)            470/644
  hh_s5 p0 look=off TimetableLookup(bin=2h,days=all,hl=72h)            479/644
  hh_s5 p0 look=off TimetableLookup(bin=2h,days=all,hl=168h)           477/644
  hh_s5 p0 look=off MostFrequentLocation(hl=24h)                       353/644
  hh_s5 p0 look=off MostFrequentLocation(hl=72h)                       335/644
  hh_s5 p0 look=off MostFrequentLocation(hl=168h)                      326/644
[5/10] ../results/regime_search/sick10_partial/classical/hh_s5_t03.jsonl
  hh_s8 p0 look=off LastObservation                                    344/744
  hh_s8 p0 look=off MostFrequentLocation                               361/744
  hh_s8 p0 look=off TimetableLookup(bin=2h,days=all)                   575/744
  hh_s8 p0 look=off PeriodicPersistence(min_dep=2,bin=1h,hl=24h)       459/744
  hh_s4 p0 look=off PerpetuaStar(lognormal,K<=3,pm=0.01,a0=0.01/h,g=0.99) 416/699
  hh_s4 p0 look=off TimetableLookup(bin=2h,days=all,hl=24h)            508/699
  hh_s4 p0 look=off TimetableLookup(bin=2h,days=all,hl=72h)            514/699
  hh_s4 p0 look=off TimetableLookup(bin=2h,days=all,hl=168h)           523/699
  hh_s4 p0 look=off MostFrequentLocation(hl=24h)                       385/699
  hh_s4 p0 look=off MostFrequentLocation(hl=72h)                       383/699
  hh_s4 p0 look=off MostFrequentLocation(hl=168h)                      376/699
[6/10] ../results/regime_search/sick10_partial/classical/hh_s4_t03.jsonl
  hh_s9 p0 look=off LastObservation                                    319/744
  hh_s9 p0 look=off MostFrequentLocation                               387/744
  hh_s9 p0 look=off TimetableLookup(bin=2h,days=all)                   566/744
  hh_s9 p0 look=off PeriodicPersistence(min_dep=2,bin=1h,hl=24h)       407/744
  hh_s6 p0 look=off PerpetuaStar(lognormal,K<=3,pm=0.01,a0=0.01/h,g=0.99) 402/689
  hh_s6 p0 look=off TimetableLookup(bin=2h,days=all,hl=24h)            490/689
  hh_s6 p0 look=off TimetableLookup(bin=2h,days=all,hl=72h)            495/689
  hh_s6 p0 look=off TimetableLookup(bin=2h,days=all,hl=168h)           500/689
  hh_s6 p0 look=off MostFrequentLocation(hl=24h)                       416/689
  hh_s6 p0 look=off MostFrequentLocation(hl=72h)                       409/689
  hh_s6 p0 look=off MostFrequentLocation(hl=168h)                      393/689
[7/10] ../results/regime_search/sick10_partial/classical/hh_s6_t03.jsonl
  hh_s7 p0 look=off PerpetuaStar(lognormal,K<=3,pm=0.01,a0=0.01/h,g=0.99) 470/744
  hh_s7 p0 look=off TimetableLookup(bin=2h,days=all,hl=24h)            591/744
  hh_s7 p0 look=off TimetableLookup(bin=2h,days=all,hl=72h)            559/744
  hh_s7 p0 look=off TimetableLookup(bin=2h,days=all,hl=168h)           526/744
  hh_s7 p0 look=off MostFrequentLocation(hl=24h)                       475/744
  hh_s7 p0 look=off MostFrequentLocation(hl=72h)                       438/744
  hh_s7 p0 look=off MostFrequentLocation(hl=168h)                      396/744
[8/10] ../results/regime_search/sick10_partial/classical/hh_s7_t03.jsonl
  hh_s8 p0 look=off PerpetuaStar(lognormal,K<=3,pm=0.01,a0=0.01/h,g=0.99) 452/744
  hh_s8 p0 look=off TimetableLookup(bin=2h,days=all,hl=24h)            584/744
  hh_s8 p0 look=off TimetableLookup(bin=2h,days=all,hl=72h)            585/744
  hh_s8 p0 look=off TimetableLookup(bin=2h,days=all,hl=168h)           587/744
  hh_s8 p0 look=off MostFrequentLocation(hl=24h)                       430/744
  hh_s8 p0 look=off MostFrequentLocation(hl=72h)                       427/744
  hh_s8 p0 look=off MostFrequentLocation(hl=168h)                      403/744
[9/10] ../results/regime_search/sick10_partial/classical/hh_s8_t03.jsonl
  hh_s9 p0 look=off PerpetuaStar(lognormal,K<=3,pm=0.01,a0=0.01/h,g=0.99) 395/744
  hh_s9 p0 look=off TimetableLookup(bin=2h,days=all,hl=24h)            551/744
  hh_s9 p0 look=off TimetableLookup(bin=2h,days=all,hl=72h)            558/744
  hh_s9 p0 look=off TimetableLookup(bin=2h,days=all,hl=168h)           561/744
  hh_s9 p0 look=off MostFrequentLocation(hl=24h)                       395/744
  hh_s9 p0 look=off MostFrequentLocation(hl=72h)                       408/744
  hh_s9 p0 look=off MostFrequentLocation(hl=168h)                      406/744
[10/10] ../results/regime_search/sick10_partial/classical/hh_s9_t03.jsonl
