10 bank jobs, beliefs ('last_observation', 'most_frequent', 'timetable', 'periodic_persistence', 'perpetua_star')
  hh_s10 p0 look=off LastObservation                                    247/597
  hh_s14 p0 look=off LastObservation                                    328/664
  hh_s11 p0 look=off LastObservation                                    340/674
  hh_s12 p0 look=off LastObservation                                    339/719
  hh_s15 p0 look=off LastObservation                                    363/744
  hh_s16 p0 look=off LastObservation                                    323/744
  hh_s10 p0 look=off MostFrequentLocation                               297/597
  hh_s13 p0 look=off LastObservation                                    355/679
  hh_s17 p0 look=off LastObservation                                    363/738
  hh_s11 p0 look=off MostFrequentLocation                               304/674
  hh_s14 p0 look=off MostFrequentLocation                               322/664
  hh_s10 p0 look=off TimetableLookup(bin=2h,days=all)                   470/597
  hh_s15 p0 look=off MostFrequentLocation                               364/744
  hh_s16 p0 look=off MostFrequentLocation                               345/744
  hh_s13 p0 look=off MostFrequentLocation                               373/679
  hh_s12 p0 look=off MostFrequentLocation                               268/719
  hh_s17 p0 look=off MostFrequentLocation                               403/738
  hh_s11 p0 look=off TimetableLookup(bin=2h,days=all)                   510/674
  hh_s10 p0 look=off PeriodicPersistence(min_dep=2,bin=1h,hl=24h)       385/597
  hh_s13 p0 look=off TimetableLookup(bin=2h,days=all)                   530/679
  hh_s15 p0 look=off TimetableLookup(bin=2h,days=all)                   522/744
  hh_s14 p0 look=off TimetableLookup(bin=2h,days=all)                   490/664
  hh_s16 p0 look=off TimetableLookup(bin=2h,days=all)                   518/744
  hh_s17 p0 look=off TimetableLookup(bin=2h,days=all)                   552/738
  hh_s11 p0 look=off PeriodicPersistence(min_dep=2,bin=1h,hl=24h)       453/674
  hh_s12 p0 look=off TimetableLookup(bin=2h,days=all)                   497/719
  hh_s13 p0 look=off PeriodicPersistence(min_dep=2,bin=1h,hl=24h)       468/679
  hh_s15 p0 look=off PeriodicPersistence(min_dep=2,bin=1h,hl=24h)       434/744
  hh_s16 p0 look=off PeriodicPersistence(min_dep=2,bin=1h,hl=24h)       410/744
  hh_s14 p0 look=off PeriodicPersistence(min_dep=2,bin=1h,hl=24h)       416/664
  hh_s17 p0 look=off PeriodicPersistence(min_dep=2,bin=1h,hl=24h)       468/738
  hh_s12 p0 look=off PeriodicPersistence(min_dep=2,bin=1h,hl=24h)       438/719
  hh_s13 p0 look=off PerpetuaStar(lognormal,K<=3,pm=0.01,a0=0.01/h,g=0.99) 461/679
  hh_s13 p0 look=off TimetableLookup(bin=2h,days=all,hl=72h)            545/679
  hh_s13 p0 look=off MostFrequentLocation(hl=72h)                       411/679
  hh_s13 p0 look=off TimetableLookup(bin=2h,days=all,hl=24h)            550/679
  hh_s13 p0 look=off MostFrequentLocation(hl=24h)                       420/679
[1/10] ../results/regime_search/sick10_all_s10_19/classical/hh_s13_t03.jsonl
  hh_s18 p0 look=off LastObservation                                    428/744
  hh_s18 p0 look=off MostFrequentLocation                               444/744
  hh_s18 p0 look=off TimetableLookup(bin=2h,days=all)                   525/744
  hh_s18 p0 look=off PeriodicPersistence(min_dep=2,bin=1h,hl=24h)       521/744
  hh_s10 p0 look=off PerpetuaStar(lognormal,K<=3,pm=0.01,a0=0.01/h,g=0.99) 418/597
  hh_s10 p0 look=off TimetableLookup(bin=2h,days=all,hl=72h)            480/597
  hh_s10 p0 look=off MostFrequentLocation(hl=72h)                       354/597
  hh_s10 p0 look=off TimetableLookup(bin=2h,days=all,hl=24h)            473/597
  hh_s10 p0 look=off MostFrequentLocation(hl=24h)                       362/597
[2/10] ../results/regime_search/sick10_all_s10_19/classical/hh_s10_t03.jsonl
  hh_s19 p0 look=off LastObservation                                    402/744
  hh_s19 p0 look=off MostFrequentLocation                               383/744
  hh_s19 p0 look=off TimetableLookup(bin=2h,days=all)                   539/744
  hh_s19 p0 look=off PeriodicPersistence(min_dep=2,bin=1h,hl=24h)       494/744
  hh_s12 p0 look=off PerpetuaStar(lognormal,K<=3,pm=0.01,a0=0.01/h,g=0.99) 438/719
  hh_s12 p0 look=off TimetableLookup(bin=2h,days=all,hl=72h)            525/719
  hh_s12 p0 look=off MostFrequentLocation(hl=72h)                       351/719
  hh_s12 p0 look=off TimetableLookup(bin=2h,days=all,hl=24h)            514/719
  hh_s17 p0 look=off PerpetuaStar(lognormal,K<=3,pm=0.01,a0=0.01/h,g=0.99) 473/738
  hh_s12 p0 look=off MostFrequentLocation(hl=24h)                       372/719
[3/10] ../results/regime_search/sick10_all_s10_19/classical/hh_s12_t03.jsonl
  hh_s17 p0 look=off TimetableLookup(bin=2h,days=all,hl=72h)            560/738
  hh_s17 p0 look=off MostFrequentLocation(hl=72h)                       456/738
  hh_s17 p0 look=off TimetableLookup(bin=2h,days=all,hl=24h)            559/738
  hh_s17 p0 look=off MostFrequentLocation(hl=24h)                       464/738
[4/10] ../results/regime_search/sick10_all_s10_19/classical/hh_s17_t03.jsonl
  hh_s14 p0 look=off PerpetuaStar(lognormal,K<=3,pm=0.01,a0=0.01/h,g=0.99) 438/664
  hh_s14 p0 look=off TimetableLookup(bin=2h,days=all,hl=72h)            509/664
  hh_s14 p0 look=off MostFrequentLocation(hl=72h)                       387/664
  hh_s14 p0 look=off TimetableLookup(bin=2h,days=all,hl=24h)            518/664
  hh_s14 p0 look=off MostFrequentLocation(hl=24h)                       396/664
[5/10] ../results/regime_search/sick10_all_s10_19/classical/hh_s14_t03.jsonl
  hh_s15 p0 look=off PerpetuaStar(lognormal,K<=3,pm=0.01,a0=0.01/h,g=0.99) 417/744
  hh_s15 p0 look=off TimetableLookup(bin=2h,days=all,hl=72h)            526/744
  hh_s15 p0 look=off MostFrequentLocation(hl=72h)                       418/744
  hh_s15 p0 look=off TimetableLookup(bin=2h,days=all,hl=24h)            534/744
  hh_s15 p0 look=off MostFrequentLocation(hl=24h)                       438/744
[6/10] ../results/regime_search/sick10_all_s10_19/classical/hh_s15_t03.jsonl
  hh_s11 p0 look=off PerpetuaStar(lognormal,K<=3,pm=0.01,a0=0.01/h,g=0.99) 421/674
  hh_s11 p0 look=off TimetableLookup(bin=2h,days=all,hl=72h)            537/674
  hh_s11 p0 look=off MostFrequentLocation(hl=72h)                       366/674
  hh_s11 p0 look=off TimetableLookup(bin=2h,days=all,hl=24h)            546/674
  hh_s11 p0 look=off MostFrequentLocation(hl=24h)                       379/674
[7/10] ../results/regime_search/sick10_all_s10_19/classical/hh_s11_t03.jsonl
  hh_s16 p0 look=off PerpetuaStar(lognormal,K<=3,pm=0.01,a0=0.01/h,g=0.99) 391/744
  hh_s16 p0 look=off TimetableLookup(bin=2h,days=all,hl=72h)            522/744
  hh_s16 p0 look=off MostFrequentLocation(hl=72h)                       412/744
  hh_s16 p0 look=off TimetableLookup(bin=2h,days=all,hl=24h)            529/744
  hh_s16 p0 look=off MostFrequentLocation(hl=24h)                       424/744
[8/10] ../results/regime_search/sick10_all_s10_19/classical/hh_s16_t03.jsonl
  hh_s18 p0 look=off PerpetuaStar(lognormal,K<=3,pm=0.01,a0=0.01/h,g=0.99) 494/744
  hh_s18 p0 look=off TimetableLookup(bin=2h,days=all,hl=72h)            556/744
  hh_s18 p0 look=off MostFrequentLocation(hl=72h)                       494/744
  hh_s18 p0 look=off TimetableLookup(bin=2h,days=all,hl=24h)            577/744
  hh_s18 p0 look=off MostFrequentLocation(hl=24h)                       510/744
[9/10] ../results/regime_search/sick10_all_s10_19/classical/hh_s18_t03.jsonl
  hh_s19 p0 look=off PerpetuaStar(lognormal,K<=3,pm=0.01,a0=0.01/h,g=0.99) 496/744
  hh_s19 p0 look=off TimetableLookup(bin=2h,days=all,hl=72h)            567/744
  hh_s19 p0 look=off MostFrequentLocation(hl=72h)                       454/744
  hh_s19 p0 look=off TimetableLookup(bin=2h,days=all,hl=24h)            579/744
  hh_s19 p0 look=off MostFrequentLocation(hl=24h)                       494/744
[10/10] ../results/regime_search/sick10_all_s10_19/classical/hh_s19_t03.jsonl
