10 bank jobs, beliefs ('last_observation', 'most_frequent', 'timetable', 'periodic_persistence', 'perpetua_star')
  hh_s1 p0 look=off LastObservation                                    275/693
  hh_s0 p0 look=off LastObservation                                    402/744
  hh_s2 p0 look=off LastObservation                                    428/744
  hh_s3 p0 look=off LastObservation                                    384/744
  hh_s1 p0 look=off MostFrequentLocation                               246/693
  hh_s0 p0 look=off MostFrequentLocation                               412/744
  hh_s2 p0 look=off MostFrequentLocation                               394/744
  hh_s3 p0 look=off MostFrequentLocation                               360/744
  hh_s1 p0 look=off TimetableLookup(bin=2h,days=all)                   447/693
  hh_s0 p0 look=off TimetableLookup(bin=2h,days=all)                   538/744
  hh_s2 p0 look=off TimetableLookup(bin=2h,days=all)                   543/744
  hh_s1 p0 look=off PeriodicPersistence(min_dep=2,bin=1h,hl=24h)       367/693
  hh_s3 p0 look=off TimetableLookup(bin=2h,days=all)                   502/744
  hh_s0 p0 look=off PeriodicPersistence(min_dep=2,bin=1h,hl=24h)       488/744
  hh_s2 p0 look=off PeriodicPersistence(min_dep=2,bin=1h,hl=24h)       521/744
  hh_s3 p0 look=off PeriodicPersistence(min_dep=2,bin=1h,hl=24h)       478/744
  hh_s0 p0 look=off PerpetuaStar(lognormal,K<=3,pm=0.01,a0=0.01/h,g=0.99) 465/744
  hh_s0 p0 look=off TimetableLookup(bin=2h,days=all,hl=24h)            560/744
  hh_s0 p0 look=off TimetableLookup(bin=2h,days=all,hl=72h)            538/744
  hh_s0 p0 look=off TimetableLookup(bin=2h,days=all,hl=168h)           538/744
  hh_s0 p0 look=off MostFrequentLocation(hl=24h)                       504/744
  hh_s0 p0 look=off MostFrequentLocation(hl=72h)                       476/744
  hh_s0 p0 look=off MostFrequentLocation(hl=168h)                      445/744
[1/10] ../results/regime_search/sick10_all_hl/classical/hh_s0_t03.jsonl
  hh_s4 p0 look=off LastObservation                                    281/695
  hh_s4 p0 look=off MostFrequentLocation                               318/695
  hh_s4 p0 look=off TimetableLookup(bin=2h,days=all)                   488/695
  hh_s4 p0 look=off PeriodicPersistence(min_dep=2,bin=1h,hl=24h)       413/695
  hh_s1 p0 look=off PerpetuaStar(lognormal,K<=3,pm=0.01,a0=0.01/h,g=0.99) 338/693
  hh_s1 p0 look=off TimetableLookup(bin=2h,days=all,hl=24h)            467/693
  hh_s1 p0 look=off TimetableLookup(bin=2h,days=all,hl=72h)            458/693
  hh_s1 p0 look=off TimetableLookup(bin=2h,days=all,hl=168h)           454/693
  hh_s1 p0 look=off MostFrequentLocation(hl=24h)                       365/693
  hh_s1 p0 look=off MostFrequentLocation(hl=72h)                       343/693
  hh_s1 p0 look=off MostFrequentLocation(hl=168h)                      306/693
[2/10] ../results/regime_search/sick10_all_hl/classical/hh_s1_t03.jsonl
  hh_s5 p0 look=off LastObservation                                    275/656
  hh_s5 p0 look=off MostFrequentLocation                               280/656
  hh_s5 p0 look=off TimetableLookup(bin=2h,days=all)                   476/656
  hh_s5 p0 look=off PeriodicPersistence(min_dep=2,bin=1h,hl=24h)       393/656
  hh_s2 p0 look=off PerpetuaStar(lognormal,K<=3,pm=0.01,a0=0.01/h,g=0.99) 505/744
  hh_s2 p0 look=off TimetableLookup(bin=2h,days=all,hl=24h)            596/744
  hh_s2 p0 look=off TimetableLookup(bin=2h,days=all,hl=72h)            571/744
  hh_s2 p0 look=off TimetableLookup(bin=2h,days=all,hl=168h)           552/744
  hh_s2 p0 look=off MostFrequentLocation(hl=24h)                       484/744
  hh_s2 p0 look=off MostFrequentLocation(hl=72h)                       439/744
  hh_s2 p0 look=off MostFrequentLocation(hl=168h)                      413/744
[3/10] ../results/regime_search/sick10_all_hl/classical/hh_s2_t03.jsonl
  hh_s6 p0 look=off LastObservation                                    300/690
  hh_s6 p0 look=off MostFrequentLocation                               365/690
  hh_s6 p0 look=off TimetableLookup(bin=2h,days=all)                   479/690
  hh_s6 p0 look=off PeriodicPersistence(min_dep=2,bin=1h,hl=24h)       423/690
  hh_s3 p0 look=off PerpetuaStar(lognormal,K<=3,pm=0.01,a0=0.01/h,g=0.99) 445/744
  hh_s3 p0 look=off TimetableLookup(bin=2h,days=all,hl=24h)            535/744
  hh_s3 p0 look=off TimetableLookup(bin=2h,days=all,hl=72h)            524/744
  hh_s3 p0 look=off TimetableLookup(bin=2h,days=all,hl=168h)           514/744
  hh_s3 p0 look=off MostFrequentLocation(hl=24h)                       478/744
  hh_s3 p0 look=off MostFrequentLocation(hl=72h)                       445/744
  hh_s3 p0 look=off MostFrequentLocation(hl=168h)                      403/744
[4/10] ../results/regime_search/sick10_all_hl/classical/hh_s3_t03.jsonl
  hh_s7 p0 look=off LastObservation                                    411/744
  hh_s7 p0 look=off MostFrequentLocation                               388/744
  hh_s7 p0 look=off TimetableLookup(bin=2h,days=all)                   535/744
  hh_s7 p0 look=off PeriodicPersistence(min_dep=2,bin=1h,hl=24h)       485/744
  hh_s5 p0 look=off PerpetuaStar(lognormal,K<=3,pm=0.01,a0=0.01/h,g=0.99) 354/656
  hh_s5 p0 look=off TimetableLookup(bin=2h,days=all,hl=24h)            481/656
  hh_s5 p0 look=off TimetableLookup(bin=2h,days=all,hl=72h)            487/656
  hh_s5 p0 look=off TimetableLookup(bin=2h,days=all,hl=168h)           487/656
  hh_s5 p0 look=off MostFrequentLocation(hl=24h)                       357/656
  hh_s5 p0 look=off MostFrequentLocation(hl=72h)                       337/656
  hh_s5 p0 look=off MostFrequentLocation(hl=168h)                      320/656
[5/10] ../results/regime_search/sick10_all_hl/classical/hh_s5_t03.jsonl
  hh_s8 p0 look=off LastObservation                                    342/744
  hh_s8 p0 look=off MostFrequentLocation                               338/744
  hh_s8 p0 look=off TimetableLookup(bin=2h,days=all)                   552/744
  hh_s8 p0 look=off PeriodicPersistence(min_dep=2,bin=1h,hl=24h)       456/744
  hh_s4 p0 look=off PerpetuaStar(lognormal,K<=3,pm=0.01,a0=0.01/h,g=0.99) 419/695
  hh_s4 p0 look=off TimetableLookup(bin=2h,days=all,hl=24h)            501/695
  hh_s4 p0 look=off TimetableLookup(bin=2h,days=all,hl=72h)            498/695
  hh_s4 p0 look=off TimetableLookup(bin=2h,days=all,hl=168h)           497/695
  hh_s4 p0 look=off MostFrequentLocation(hl=24h)                       390/695
  hh_s4 p0 look=off MostFrequentLocation(hl=72h)                       371/695
  hh_s4 p0 look=off MostFrequentLocation(hl=168h)                      354/695
[6/10] ../results/regime_search/sick10_all_hl/classical/hh_s4_t03.jsonl
  hh_s9 p0 look=off LastObservation                                    306/744
  hh_s9 p0 look=off MostFrequentLocation                               307/744
  hh_s9 p0 look=off TimetableLookup(bin=2h,days=all)                   515/744
  hh_s9 p0 look=off PeriodicPersistence(min_dep=2,bin=1h,hl=24h)       375/744
  hh_s6 p0 look=off PerpetuaStar(lognormal,K<=3,pm=0.01,a0=0.01/h,g=0.99) 424/690
  hh_s6 p0 look=off TimetableLookup(bin=2h,days=all,hl=24h)            498/690
  hh_s6 p0 look=off TimetableLookup(bin=2h,days=all,hl=72h)            491/690
  hh_s6 p0 look=off TimetableLookup(bin=2h,days=all,hl=168h)           497/690
  hh_s6 p0 look=off MostFrequentLocation(hl=24h)                       433/690
  hh_s6 p0 look=off MostFrequentLocation(hl=72h)                       426/690
  hh_s6 p0 look=off MostFrequentLocation(hl=168h)                      402/690
[7/10] ../results/regime_search/sick10_all_hl/classical/hh_s6_t03.jsonl
  hh_s7 p0 look=off PerpetuaStar(lognormal,K<=3,pm=0.01,a0=0.01/h,g=0.99) 466/744
  hh_s7 p0 look=off TimetableLookup(bin=2h,days=all,hl=24h)            586/744
  hh_s7 p0 look=off TimetableLookup(bin=2h,days=all,hl=72h)            559/744
  hh_s7 p0 look=off TimetableLookup(bin=2h,days=all,hl=168h)           540/744
  hh_s7 p0 look=off MostFrequentLocation(hl=24h)                       504/744
  hh_s7 p0 look=off MostFrequentLocation(hl=72h)                       463/744
  hh_s7 p0 look=off MostFrequentLocation(hl=168h)                      416/744
[8/10] ../results/regime_search/sick10_all_hl/classical/hh_s7_t03.jsonl
  hh_s8 p0 look=off PerpetuaStar(lognormal,K<=3,pm=0.01,a0=0.01/h,g=0.99) 450/744
  hh_s8 p0 look=off TimetableLookup(bin=2h,days=all,hl=24h)            570/744
  hh_s8 p0 look=off TimetableLookup(bin=2h,days=all,hl=72h)            567/744
  hh_s8 p0 look=off TimetableLookup(bin=2h,days=all,hl=168h)           567/744
  hh_s8 p0 look=off MostFrequentLocation(hl=24h)                       426/744
  hh_s8 p0 look=off MostFrequentLocation(hl=72h)                       413/744
  hh_s8 p0 look=off MostFrequentLocation(hl=168h)                      377/744
[9/10] ../results/regime_search/sick10_all_hl/classical/hh_s8_t03.jsonl
  hh_s9 p0 look=off PerpetuaStar(lognormal,K<=3,pm=0.01,a0=0.01/h,g=0.99) 353/744
  hh_s9 p0 look=off TimetableLookup(bin=2h,days=all,hl=24h)            531/744
  hh_s9 p0 look=off TimetableLookup(bin=2h,days=all,hl=72h)            522/744
  hh_s9 p0 look=off TimetableLookup(bin=2h,days=all,hl=168h)           513/744
  hh_s9 p0 look=off MostFrequentLocation(hl=24h)                       395/744
  hh_s9 p0 look=off MostFrequentLocation(hl=72h)                       379/744
  hh_s9 p0 look=off MostFrequentLocation(hl=168h)                      346/744
[10/10] ../results/regime_search/sick10_all_hl/classical/hh_s9_t03.jsonl
