10 bank jobs, beliefs ('last_observation', 'most_frequent', 'timetable', 'periodic_persistence', 'perpetua_star')
  hh_s0 p0 look=off LastObservation                                    753/1488
  hh_s2 p0 look=off LastObservation                                    782/1488
  hh_s1 p0 look=off LastObservation                                    548/1488
  hh_s4 p0 look=off LastObservation                                    539/1488
  hh_s3 p0 look=off LastObservation                                    706/1488
  hh_s0 p0 look=off MostFrequentLocation                               927/1488
  hh_s2 p0 look=off MostFrequentLocation                               874/1488
  hh_s1 p0 look=off MostFrequentLocation                               802/1488
  hh_s4 p0 look=off MostFrequentLocation                               892/1488
  hh_s3 p0 look=off MostFrequentLocation                               906/1488
  hh_s0 p0 look=off TimetableLookup(bin=2h,days=all)                   1152/1488
  hh_s1 p0 look=off TimetableLookup(bin=2h,days=all)                   1010/1488
  hh_s2 p0 look=off TimetableLookup(bin=2h,days=all)                   1232/1488
  hh_s4 p0 look=off TimetableLookup(bin=2h,days=all)                   1046/1488
  hh_s3 p0 look=off TimetableLookup(bin=2h,days=all)                   1073/1488
  hh_s0 p0 look=off PeriodicPersistence(min_dep=2,bin=1h,hl=24h)       928/1488
  hh_s1 p0 look=off PeriodicPersistence(min_dep=2,bin=1h,hl=24h)       738/1488
  hh_s2 p0 look=off PeriodicPersistence(min_dep=2,bin=1h,hl=24h)       1115/1488
  hh_s4 p0 look=off PeriodicPersistence(min_dep=2,bin=1h,hl=24h)       731/1488
  hh_s3 p0 look=off PeriodicPersistence(min_dep=2,bin=1h,hl=24h)       909/1488
  hh_s1 p0 look=off PerpetuaStar(lognormal,K<=3,pm=0.01,a0=0.01/h,g=0.99) 774/1488
  hh_s1 p0 look=off TimetableLookup(bin=2h,days=all,hl=72h)            1015/1488
  hh_s1 p0 look=off MostFrequentLocation(hl=72h)                       790/1488
[1/10] ../results/regime_search/vacation/classical/hh_s1_t03.jsonl
  hh_s5 p0 look=off LastObservation                                    547/1488
  hh_s5 p0 look=off MostFrequentLocation                               847/1488
  hh_s5 p0 look=off TimetableLookup(bin=2h,days=all)                   1167/1488
  hh_s5 p0 look=off PeriodicPersistence(min_dep=2,bin=1h,hl=24h)       845/1488
  hh_s0 p0 look=off PerpetuaStar(lognormal,K<=3,pm=0.01,a0=0.01/h,g=0.99) 928/1488
  hh_s0 p0 look=off TimetableLookup(bin=2h,days=all,hl=72h)            1160/1488
  hh_s0 p0 look=off MostFrequentLocation(hl=72h)                       934/1488
[2/10] ../results/regime_search/vacation/classical/hh_s0_t03.jsonl
  hh_s6 p0 look=off LastObservation                                    646/1488
  hh_s6 p0 look=off MostFrequentLocation                               957/1488
  hh_s6 p0 look=off TimetableLookup(bin=2h,days=all)                   1154/1488
  hh_s6 p0 look=off PeriodicPersistence(min_dep=2,bin=1h,hl=24h)       897/1488
  hh_s2 p0 look=off PerpetuaStar(lognormal,K<=3,pm=0.01,a0=0.01/h,g=0.99) 1015/1488
  hh_s2 p0 look=off TimetableLookup(bin=2h,days=all,hl=72h)            1251/1488
  hh_s2 p0 look=off MostFrequentLocation(hl=72h)                       888/1488
[3/10] ../results/regime_search/vacation/classical/hh_s2_t03.jsonl
  hh_s7 p0 look=off LastObservation                                    633/1488
  hh_s7 p0 look=off MostFrequentLocation                               831/1488
  hh_s7 p0 look=off TimetableLookup(bin=2h,days=all)                   1203/1488
  hh_s7 p0 look=off PeriodicPersistence(min_dep=2,bin=1h,hl=24h)       921/1488
  hh_s3 p0 look=off PerpetuaStar(lognormal,K<=3,pm=0.01,a0=0.01/h,g=0.99) 878/1488
  hh_s3 p0 look=off TimetableLookup(bin=2h,days=all,hl=72h)            1086/1488
  hh_s3 p0 look=off MostFrequentLocation(hl=72h)                       923/1488
[4/10] ../results/regime_search/vacation/classical/hh_s3_t03.jsonl
  hh_s8 p0 look=off LastObservation                                    661/1488
  hh_s8 p0 look=off MostFrequentLocation                               937/1488
  hh_s8 p0 look=off TimetableLookup(bin=2h,days=all)                   1202/1488
  hh_s8 p0 look=off PeriodicPersistence(min_dep=2,bin=1h,hl=24h)       971/1488
  hh_s4 p0 look=off PerpetuaStar(lognormal,K<=3,pm=0.01,a0=0.01/h,g=0.99) 760/1488
  hh_s4 p0 look=off TimetableLookup(bin=2h,days=all,hl=72h)            1033/1488
  hh_s4 p0 look=off MostFrequentLocation(hl=72h)                       823/1488
[5/10] ../results/regime_search/vacation/classical/hh_s4_t03.jsonl
  hh_s9 p0 look=off LastObservation                                    601/1488
  hh_s9 p0 look=off MostFrequentLocation                               817/1488
  hh_s9 p0 look=off TimetableLookup(bin=2h,days=all)                   1130/1488
  hh_s9 p0 look=off PeriodicPersistence(min_dep=2,bin=1h,hl=24h)       824/1488
  hh_s6 p0 look=off PerpetuaStar(lognormal,K<=3,pm=0.01,a0=0.01/h,g=0.99) 888/1488
  hh_s6 p0 look=off TimetableLookup(bin=2h,days=all,hl=72h)            1146/1488
  hh_s6 p0 look=off MostFrequentLocation(hl=72h)                       960/1488
[6/10] ../results/regime_search/vacation/classical/hh_s6_t03.jsonl
  hh_s5 p0 look=off PerpetuaStar(lognormal,K<=3,pm=0.01,a0=0.01/h,g=0.99) 849/1488
  hh_s5 p0 look=off TimetableLookup(bin=2h,days=all,hl=72h)            1180/1488
  hh_s5 p0 look=off MostFrequentLocation(hl=72h)                       837/1488
[7/10] ../results/regime_search/vacation/classical/hh_s5_t03.jsonl
  hh_s8 p0 look=off PerpetuaStar(lognormal,K<=3,pm=0.01,a0=0.01/h,g=0.99) 976/1488
  hh_s8 p0 look=off TimetableLookup(bin=2h,days=all,hl=72h)            1207/1488
  hh_s8 p0 look=off MostFrequentLocation(hl=72h)                       935/1488
[8/10] ../results/regime_search/vacation/classical/hh_s8_t03.jsonl
  hh_s7 p0 look=off PerpetuaStar(lognormal,K<=3,pm=0.01,a0=0.01/h,g=0.99) 909/1488
  hh_s7 p0 look=off TimetableLookup(bin=2h,days=all,hl=72h)            1214/1488
  hh_s7 p0 look=off MostFrequentLocation(hl=72h)                       856/1488
[9/10] ../results/regime_search/vacation/classical/hh_s7_t03.jsonl
  hh_s9 p0 look=off PerpetuaStar(lognormal,K<=3,pm=0.01,a0=0.01/h,g=0.99) 850/1488
  hh_s9 p0 look=off TimetableLookup(bin=2h,days=all,hl=72h)            1125/1488
  hh_s9 p0 look=off MostFrequentLocation(hl=72h)                       818/1488
[10/10] ../results/regime_search/vacation/classical/hh_s9_t03.jsonl
