hh_s10 none 222/448
hh_s10 none 244/448
hh_s10 ocp 244/448 coverage 0.913 mean set 12.8
hh_s10 ocp 244/448 coverage 0.915 mean set 12.4
hh_s10 martingale 244/448 fires 0 on days [] shift=[4, 5]
hh_s10 bma 238/448 final weights {'6.0': 0.0073, '12.0': 0.008, '24.0': 0.0101, '48.0': 0.0227, '96.0': 0.0584, 'None': 0.8935}
hh_s11 none 211/448
hh_s11 none 216/448
hh_s11 ocp 216/448 coverage 0.904 mean set 14.0
hh_s11 ocp 216/448 coverage 0.904 mean set 13.9
hh_s11 martingale 216/448 fires 0 on days [] shift=[3, 4, 5, 7]
hh_s11 bma 221/448 final weights {'6.0': 0.1324, '12.0': 0.1559, '24.0': 0.1139, '48.0': 0.1044, '96.0': 0.182, 'None': 0.3114}
hh_s12 none 226/448
hh_s12 none 232/448
hh_s12 ocp 232/448 coverage 0.908 mean set 8.7
hh_s12 ocp 232/448 coverage 0.908 mean set 9.1
hh_s12 martingale 232/448 fires 0 on days [] shift=[4, 5, 7]
hh_s12 bma 224/448 final weights {'6.0': 0.0055, '12.0': 0.0095, '24.0': 0.0253, '48.0': 0.0698, '96.0': 0.1571, 'None': 0.7328}
hh_s13 none 220/448
hh_s13 none 238/448
hh_s13 ocp 238/448 coverage 0.915 mean set 10.1
hh_s13 ocp 238/448 coverage 0.920 mean set 8.8
hh_s13 martingale 238/448 fires 0 on days [] shift=[1, 2, 4, 5]
hh_s13 bma 225/448 final weights {'6.0': 0.0068, '12.0': 0.0078, '24.0': 0.0117, '48.0': 0.0237, '96.0': 0.0501, 'None': 0.8999}
hh_s14 none 194/448
hh_s14 none 218/448
hh_s14 ocp 218/448 coverage 0.913 mean set 14.9
hh_s14 ocp 218/448 coverage 0.917 mean set 14.0
hh_s14 martingale 218/448 fires 0 on days [] shift=[2, 3, 4, 5, 6]
hh_s14 bma 203/448 final weights {'6.0': 0.0054, '12.0': 0.0097, '24.0': 0.025, '48.0': 0.0597, '96.0': 0.124, 'None': 0.7761}
hh_s15 none 192/448
hh_s15 none 201/448
hh_s15 ocp 201/448 coverage 0.911 mean set 14.3
hh_s15 ocp 201/448 coverage 0.915 mean set 14.3
hh_s15 martingale 201/448 fires 0 on days [] shift=[1, 2, 3, 4, 5]
hh_s15 bma 203/448 final weights {'6.0': 0.0144, '12.0': 0.0227, '24.0': 0.0336, '48.0': 0.0558, '96.0': 0.0909, 'None': 0.7826}
hh_s16 none 244/448
hh_s16 none 253/448
hh_s16 ocp 253/448 coverage 0.911 mean set 18.4
hh_s16 ocp 253/448 coverage 0.911 mean set 14.1
hh_s16 martingale 253/448 fires 0 on days [] shift=[4, 5, 6]
hh_s16 bma 246/448 final weights {'6.0': 0.0074, '12.0': 0.0075, '24.0': 0.0132, '48.0': 0.0822, '96.0': 0.2617, 'None': 0.628}
hh_s17 none 176/448
hh_s17 none 188/448
hh_s17 ocp 188/448 coverage 0.911 mean set 12.0
hh_s17 ocp 188/448 coverage 0.920 mean set 13.6
hh_s17 martingale 188/448 fires 0 on days [] shift=[2, 4, 5, 6, 7]
hh_s17 bma 182/448 final weights {'6.0': 0.062, '12.0': 0.0759, '24.0': 0.1001, '48.0': 0.1028, '96.0': 0.1392, 'None': 0.52}
hh_s18 none 243/448
hh_s18 none 253/448
hh_s18 ocp 253/448 coverage 0.913 mean set 10.8
hh_s18 ocp 253/448 coverage 0.917 mean set 11.8
hh_s18 martingale 253/448 fires 0 on days [] shift=[4, 5]
hh_s18 bma 245/448 final weights {'6.0': 0.0053, '12.0': 0.0078, '24.0': 0.0098, '48.0': 0.0176, '96.0': 0.0627, 'None': 0.8968}
hh_s19 none 215/448
hh_s19 none 226/448
hh_s19 ocp 226/448 coverage 0.908 mean set 14.6
hh_s19 ocp 226/448 coverage 0.908 mean set 12.2
hh_s19 martingale 226/448 fires 0 on days [] shift=[2, 3, 4, 5]
hh_s19 bma 216/448 final weights {'6.0': 0.004, '12.0': 0.0052, '24.0': 0.0071, '48.0': 0.0145, '96.0': 0.0453, 'None': 0.9239}
hh_s20 none 234/448
hh_s20 none 246/448
hh_s20 ocp 246/448 coverage 0.908 mean set 10.6
hh_s20 ocp 246/448 coverage 0.911 mean set 11.1
hh_s20 martingale 246/448 fires 0 on days [] shift=[1, 3, 4, 5]
hh_s20 bma 239/448 final weights {'6.0': 0.0086, '12.0': 0.0123, '24.0': 0.0164, '48.0': 0.0235, '96.0': 0.0576, 'None': 0.8814}
hh_s21 none 244/448
hh_s21 none 254/448
hh_s21 ocp 254/448 coverage 0.911 mean set 14.6
hh_s21 ocp 254/448 coverage 0.915 mean set 14.0
hh_s21 martingale 254/448 fires 0 on days [] shift=[4, 5]
hh_s21 bma 249/448 final weights {'6.0': 0.0061, '12.0': 0.0097, '24.0': 0.0161, '48.0': 0.027, '96.0': 0.0514, 'None': 0.8898}
hh_s22 none 212/448
hh_s22 none 219/448
hh_s22 ocp 219/448 coverage 0.920 mean set 17.5
hh_s22 ocp 219/448 coverage 0.924 mean set 15.3
hh_s22 martingale 219/448 fires 0 on days [] shift=[3, 4, 5]
hh_s22 bma 217/448 final weights {'6.0': 0.0036, '12.0': 0.0039, '24.0': 0.0069, '48.0': 0.0292, '96.0': 0.0811, 'None': 0.8752}
hh_s23 none 206/448
hh_s23 none 231/448
hh_s23 ocp 231/448 coverage 0.917 mean set 15.5
hh_s23 ocp 231/448 coverage 0.922 mean set 14.5
hh_s23 martingale 231/448 fires 0 on days [] shift=[4, 5, 6, 7]
hh_s23 bma 218/448 final weights {'6.0': 0.0043, '12.0': 0.0084, '24.0': 0.0205, '48.0': 0.0455, '96.0': 0.1132, 'None': 0.808}
hh_s24 none 234/448
hh_s24 none 252/448
hh_s24 ocp 252/448 coverage 0.911 mean set 10.1
hh_s24 ocp 252/448 coverage 0.911 mean set 11.3
hh_s24 martingale 252/448 fires 0 on days [] shift=[1, 2, 4, 5, 6]
hh_s24 bma 247/448 final weights {'6.0': 0.0055, '12.0': 0.014, '24.0': 0.0332, '48.0': 0.0718, '96.0': 0.1365, 'None': 0.739}
hh_s25 none 237/448
hh_s25 none 237/448
hh_s25 ocp 237/448 coverage 0.902 mean set 11.8
hh_s25 ocp 237/448 coverage 0.902 mean set 9.7
hh_s25 martingale 237/448 fires 0 on days [] shift=[1, 4, 5]
hh_s25 bma 238/448 final weights {'6.0': 0.2673, '12.0': 0.1999, '24.0': 0.1198, '48.0': 0.107, '96.0': 0.1292, 'None': 0.1768}
hh_s26 none 218/448
hh_s26 none 223/448
hh_s26 ocp 223/448 coverage 0.904 mean set 18.7
hh_s26 ocp 223/448 coverage 0.906 mean set 18.2
hh_s26 martingale 223/448 fires 0 on days [] shift=[2, 3, 4, 5, 6]
hh_s26 bma 218/448 final weights {'6.0': 0.0076, '12.0': 0.0073, '24.0': 0.0072, '48.0': 0.0097, '96.0': 0.0633, 'None': 0.9049}
hh_s27 none 245/448
hh_s27 none 262/448
hh_s27 ocp 262/448 coverage 0.911 mean set 10.4
hh_s27 ocp 262/448 coverage 0.913 mean set 10.1
hh_s27 martingale 262/448 fires 0 on days [] shift=[4, 5]
hh_s27 bma 250/448 final weights {'6.0': 0.0192, '12.0': 0.017, '24.0': 0.0157, '48.0': 0.0195, '96.0': 0.035, 'None': 0.8936}
hh_s28 none 229/448
hh_s28 none 234/448
hh_s28 ocp 234/448 coverage 0.906 mean set 10.0
hh_s28 ocp 234/448 coverage 0.906 mean set 10.0
hh_s28 martingale 234/448 fires 0 on days [] shift=[2, 4, 5, 7]
hh_s28 bma 226/448 final weights {'6.0': 0.0104, '12.0': 0.0135, '24.0': 0.027, '48.0': 0.0522, '96.0': 0.1104, 'None': 0.7867}
hh_s29 none 231/448
hh_s29 none 245/448
hh_s29 ocp 245/448 coverage 0.902 mean set 16.9
hh_s29 ocp 245/448 coverage 0.902 mean set 17.4
hh_s29 martingale 245/448 fires 0 on days [] shift=[4, 5, 7]
hh_s29 bma 235/448 final weights {'6.0': 0.119, '12.0': 0.1275, '24.0': 0.2023, '48.0': 0.2459, '96.0': 0.1732, 'None': 0.1321}
