  LastObservation+NeverSense                                   10/24  looks   0  budget   0.0
  LastObservation+SequentialSearch                             10/24  looks   6  budget  24.0
  LastObservation+VoIThresholdSense(lambda=0.02)               11/24  looks   7  budget  19.0
  LastObservation+VoIThresholdSense(lambda=0.05)               10/24  looks   4  budget   4.0
  LastObservation+VoIThresholdSense(lambda=0.1)                10/24  looks   4  budget   4.0
  LastObservation+VoIBudgetPriceSense(gamma=0.5,lambda0=0.05)  10/24  looks   8  budget  20.0
  LastObservation+VoIBudgetPriceSense(gamma=1,lambda0=0.05)    10/24  looks   8  budget  20.0
  MostFrequentLocation+NeverSense                              10/24  looks   0  budget   0.0
  MostFrequentLocation+SequentialSearch                        15/24  looks  14  budget  47.0
  MostFrequentLocation+VoIThresholdSense(lambda=0.02)          15/24  looks  14  budget  32.0
  MostFrequentLocation+VoIThresholdSense(lambda=0.05)          12/24  looks   7  budget   7.0
  MostFrequentLocation+VoIThresholdSense(lambda=0.1)           12/24  looks   6  budget   6.0
  MostFrequentLocation+VoIBudgetPriceSense(gamma=0.5,lambda0=0.05) 15/24  looks  16  budget  40.0
  MostFrequentLocation+VoIBudgetPriceSense(gamma=1,lambda0=0.05) 14/24  looks  16  budget  40.0
  TimetableLookup(bin=1h,days=all)+NeverSense                  10/24  looks   0  budget   0.0
  TimetableLookup(bin=1h,days=all)+SequentialSearch            14/24  looks  14  budget  47.0
  TimetableLookup(bin=1h,days=all)+VoIThresholdSense(lambda=0.02) 13/24  looks  15  budget  33.0
  TimetableLookup(bin=1h,days=all)+VoIThresholdSense(lambda=0.05) 10/24  looks   5  budget   5.0
  TimetableLookup(bin=1h,days=all)+VoIThresholdSense(lambda=0.1) 10/24  looks   5  budget   5.0
  TimetableLookup(bin=1h,days=all)+VoIBudgetPriceSense(gamma=0.5,lambda0=0.05) 13/24  looks  16  budget  40.0
  TimetableLookup(bin=1h,days=all)+VoIBudgetPriceSense(gamma=1,lambda0=0.05) 13/24  looks  16  budget  40.0
  Markov1(a=1,cut=24h,hl=24h)+NeverSense                       10/24  looks   0  budget   0.0
  Markov1(a=1,cut=24h,hl=24h)+SequentialSearch                 12/24  looks  13  budget  46.0
  Markov1(a=1,cut=24h,hl=24h)+VoIThresholdSense(lambda=0.02)   16/24  looks  16  budget  31.0
  Markov1(a=1,cut=24h,hl=24h)+VoIThresholdSense(lambda=0.05)   10/24  looks   5  budget   5.0
  Markov1(a=1,cut=24h,hl=24h)+VoIThresholdSense(lambda=0.1)    10/24  looks   4  budget   4.0
  Markov1(a=1,cut=24h,hl=24h)+VoIBudgetPriceSense(gamma=0.5,lambda0=0.05) 10/24  looks  16  budget  40.0
  Markov1(a=1,cut=24h,hl=24h)+VoIBudgetPriceSense(gamma=1,lambda0=0.05) 16/24  looks  17  budget  41.0
  PeriodicPersistence(min_dep=2,bin=1h,hl=24h)+NeverSense      10/24  looks   0  budget   0.0
  PeriodicPersistence(min_dep=2,bin=1h,hl=24h)+SequentialSearch 13/24  looks  14  budget  47.0
  PeriodicPersistence(min_dep=2,bin=1h,hl=24h)+VoIThresholdSense(lambda=0.02) 15/24  looks  12  budget  27.0
  PeriodicPersistence(min_dep=2,bin=1h,hl=24h)+VoIThresholdSense(lambda=0.05) 12/24  looks   6  budget   6.0
  PeriodicPersistence(min_dep=2,bin=1h,hl=24h)+VoIThresholdSense(lambda=0.1) 10/24  looks   4  budget   4.0
  PeriodicPersistence(min_dep=2,bin=1h,hl=24h)+VoIBudgetPriceSense(gamma=0.5,lambda0=0.05) 13/24  looks  15  budget  39.0
  PeriodicPersistence(min_dep=2,bin=1h,hl=24h)+VoIBudgetPriceSense(gamma=1,lambda0=0.05) 13/24  looks  15  budget  39.0
  SmoothedRecency(hl=6h,freq=24h)+NeverSense                   10/24  looks   0  budget   0.0
  SmoothedRecency(hl=6h,freq=24h)+SequentialSearch             14/24  looks  13  budget  46.0
  SmoothedRecency(hl=6h,freq=24h)+VoIThresholdSense(lambda=0.02) 15/24  looks  15  budget  33.0
  SmoothedRecency(hl=6h,freq=24h)+VoIThresholdSense(lambda=0.05) 12/24  looks   6  budget   6.0
  SmoothedRecency(hl=6h,freq=24h)+VoIThresholdSense(lambda=0.1) 12/24  looks   6  budget   6.0
  SmoothedRecency(hl=6h,freq=24h)+VoIBudgetPriceSense(gamma=0.5,lambda0=0.05) 15/24  looks  20  budget  44.0
  SmoothedRecency(hl=6h,freq=24h)+VoIBudgetPriceSense(gamma=1,lambda0=0.05) 15/24  looks  21  budget  45.0
  HierarchyBackoff(po=5,pc=5,hl=24h)+NeverSense                10/24  looks   0  budget   0.0
  HierarchyBackoff(po=5,pc=5,hl=24h)+SequentialSearch          14/24  looks  14  budget  47.0
  HierarchyBackoff(po=5,pc=5,hl=24h)+VoIThresholdSense(lambda=0.02) 14/24  looks  19  budget  34.0
  HierarchyBackoff(po=5,pc=5,hl=24h)+VoIThresholdSense(lambda=0.05) 13/24  looks  12  budget  12.0
  HierarchyBackoff(po=5,pc=5,hl=24h)+VoIThresholdSense(lambda=0.1) 12/24  looks   7  budget   7.0
  HierarchyBackoff(po=5,pc=5,hl=24h)+VoIBudgetPriceSense(gamma=0.5,lambda0=0.05) 14/24  looks  20  budget  44.0
  HierarchyBackoff(po=5,pc=5,hl=24h)+VoIBudgetPriceSense(gamma=1,lambda0=0.05) 14/24  looks  20  budget  44.0
  DaytypeMixture(K=3,bin=2h,hl=24h)+NeverSense                 10/24  looks   0  budget   0.0
  DaytypeMixture(K=3,bin=2h,hl=24h)+SequentialSearch           13/24  looks   9  budget  30.0
  DaytypeMixture(K=3,bin=2h,hl=24h)+VoIThresholdSense(lambda=0.02) 13/24  looks  10  budget  25.0
  DaytypeMixture(K=3,bin=2h,hl=24h)+VoIThresholdSense(lambda=0.05) 12/24  looks   6  budget   6.0
  DaytypeMixture(K=3,bin=2h,hl=24h)+VoIThresholdSense(lambda=0.1) 12/24  looks   6  budget   6.0
  DaytypeMixture(K=3,bin=2h,hl=24h)+VoIBudgetPriceSense(gamma=0.5,lambda0=0.05) 13/24  looks  11  budget  26.0
  DaytypeMixture(K=3,bin=2h,hl=24h)+VoIBudgetPriceSense(gamma=1,lambda0=0.05) 13/24  looks  11  budget  26.0
  Perpetua(lognormal,K<=3,pm=0.01,steps=10)+NeverSense         10/24  looks   0  budget   0.0
  Perpetua(lognormal,K<=3,pm=0.01,steps=10)+SequentialSearch   13/24  looks  26  budget  30.0
  Perpetua(lognormal,K<=3,pm=0.01,steps=10)+VoIThresholdSense(lambda=0.02) 14/24  looks  23  budget  33.0
  Perpetua(lognormal,K<=3,pm=0.01,steps=10)+VoIThresholdSense(lambda=0.05) 12/24  looks  27  budget  10.0
  Perpetua(lognormal,K<=3,pm=0.01,steps=10)+VoIThresholdSense(lambda=0.1) 12/24  looks  14  budget   8.0
  Perpetua(lognormal,K<=3,pm=0.01,steps=10)+VoIBudgetPriceSense(gamma=0.5,lambda0=0.05) 12/24  looks  21  budget  15.0
  Perpetua(lognormal,K<=3,pm=0.01,steps=10)+VoIBudgetPriceSense(gamma=1,lambda0=0.05) 12/24  looks  21  budget  15.0
  PerpetuaStar(lognormal,K<=3,pm=0.01,a0=0.01/h,g=0.99)+NeverSense 10/24  looks   0  budget   0.0
  PerpetuaStar(lognormal,K<=3,pm=0.01,a0=0.01/h,g=0.99)+SequentialSearch 13/24  looks  26  budget  30.0
  PerpetuaStar(lognormal,K<=3,pm=0.01,a0=0.01/h,g=0.99)+VoIThresholdSense(lambda=0.02) 14/24  looks  23  budget  33.0
  PerpetuaStar(lognormal,K<=3,pm=0.01,a0=0.01/h,g=0.99)+VoIThresholdSense(lambda=0.05) 12/24  looks  27  budget  10.0
  PerpetuaStar(lognormal,K<=3,pm=0.01,a0=0.01/h,g=0.99)+VoIThresholdSense(lambda=0.1) 12/24  looks  14  budget   8.0
  PerpetuaStar(lognormal,K<=3,pm=0.01,a0=0.01/h,g=0.99)+VoIBudgetPriceSense(gamma=0.5,lambda0=0.05) 12/24  looks  21  budget  15.0
  PerpetuaStar(lognormal,K<=3,pm=0.01,a0=0.01/h,g=0.99)+VoIBudgetPriceSense(gamma=1,lambda0=0.05) 12/24  looks  21  budget  15.0
# situation_sim baselines · hh_s6

70 agents (belief x policy), 24 questions, room-level looks (1 + 3 travel), budget 12/day, walkthrough Wed 18:00.

| agent | right | acc | looks | budget | forced | Thu | Fri | Sat | Sun | spot | on_person | out |
|---|---|---|---|---|---|---|---|---|---|---|---|---|
| Markov1(a=1,cut=24h,hl=24h)+VoIThresholdSense(lambda=0.02) | 16/24 | 67% | 16 | 31.0 | 2 | 1/6 | 4/6 | 6/6 | 5/6 | 16/16 | 0/2 | 0/6 |
| Markov1(a=1,cut=24h,hl=24h)+VoIBudgetPriceSense(gamma=1,lambda0=0.05) | 16/24 | 67% | 17 | 41.0 | 16 | 2/6 | 3/6 | 6/6 | 5/6 | 14/16 | 1/2 | 1/6 |
| PeriodicPersistence(min_dep=2,bin=1h,hl=24h)+VoIThresholdSense(lambda=0.02) | 15/24 | 62% | 12 | 27.0 | 2 | 1/6 | 4/6 | 5/6 | 5/6 | 15/16 | 0/2 | 0/6 |
| MostFrequentLocation+SequentialSearch | 15/24 | 62% | 14 | 47.0 | 3 | 1/6 | 4/6 | 4/6 | 6/6 | 13/16 | 1/2 | 1/6 |
| MostFrequentLocation+VoIThresholdSense(lambda=0.02) | 15/24 | 62% | 14 | 32.0 | 2 | 1/6 | 4/6 | 5/6 | 5/6 | 15/16 | 0/2 | 0/6 |
| SmoothedRecency(hl=6h,freq=24h)+VoIThresholdSense(lambda=0.02) | 15/24 | 62% | 15 | 33.0 | 2 | 1/6 | 4/6 | 5/6 | 5/6 | 15/16 | 0/2 | 0/6 |
| MostFrequentLocation+VoIBudgetPriceSense(gamma=0.5,lambda0=0.05) | 15/24 | 62% | 16 | 40.0 | 16 | 2/6 | 4/6 | 5/6 | 4/6 | 14/16 | 0/2 | 1/6 |
| SmoothedRecency(hl=6h,freq=24h)+VoIBudgetPriceSense(gamma=0.5,lambda0=0.05) | 15/24 | 62% | 20 | 44.0 | 15 | 2/6 | 4/6 | 5/6 | 4/6 | 14/16 | 0/2 | 1/6 |
| SmoothedRecency(hl=6h,freq=24h)+VoIBudgetPriceSense(gamma=1,lambda0=0.05) | 15/24 | 62% | 21 | 45.0 | 15 | 1/6 | 4/6 | 5/6 | 5/6 | 14/16 | 1/2 | 0/6 |
| SmoothedRecency(hl=6h,freq=24h)+SequentialSearch | 14/24 | 58% | 13 | 46.0 | 3 | 1/6 | 4/6 | 4/6 | 5/6 | 12/16 | 1/2 | 1/6 |
| HierarchyBackoff(po=5,pc=5,hl=24h)+SequentialSearch | 14/24 | 58% | 14 | 47.0 | 4 | 1/6 | 4/6 | 4/6 | 5/6 | 14/16 | 0/2 | 0/6 |
| TimetableLookup(bin=1h,days=all)+SequentialSearch | 14/24 | 58% | 14 | 47.0 | 3 | 0/6 | 4/6 | 4/6 | 6/6 | 13/16 | 1/2 | 0/6 |
| MostFrequentLocation+VoIBudgetPriceSense(gamma=1,lambda0=0.05) | 14/24 | 58% | 16 | 40.0 | 16 | 1/6 | 4/6 | 5/6 | 4/6 | 14/16 | 0/2 | 0/6 |
| HierarchyBackoff(po=5,pc=5,hl=24h)+VoIThresholdSense(lambda=0.02) | 14/24 | 58% | 19 | 34.0 | 1 | 1/6 | 4/6 | 5/6 | 4/6 | 14/16 | 0/2 | 0/6 |
| HierarchyBackoff(po=5,pc=5,hl=24h)+VoIBudgetPriceSense(gamma=0.5,lambda0=0.05) | 14/24 | 58% | 20 | 44.0 | 15 | 1/6 | 4/6 | 5/6 | 4/6 | 14/16 | 0/2 | 0/6 |
| HierarchyBackoff(po=5,pc=5,hl=24h)+VoIBudgetPriceSense(gamma=1,lambda0=0.05) | 14/24 | 58% | 20 | 44.0 | 15 | 1/6 | 4/6 | 5/6 | 4/6 | 14/16 | 0/2 | 0/6 |
| Perpetua(lognormal,K<=3,pm=0.01,steps=10)+VoIThresholdSense(lambda=0.02) | 14/24 | 58% | 23 | 33.0 | 2 | 0/6 | 4/6 | 5/6 | 5/6 | 14/16 | 0/2 | 0/6 |
| PerpetuaStar(lognormal,K<=3,pm=0.01,a0=0.01/h,g=0.99)+VoIThresholdSense(lambda=0.02) | 14/24 | 58% | 23 | 33.0 | 2 | 0/6 | 4/6 | 5/6 | 5/6 | 14/16 | 0/2 | 0/6 |
| DaytypeMixture(K=3,bin=2h,hl=24h)+SequentialSearch | 13/24 | 54% | 9 | 30.0 | 0 | 0/6 | 4/6 | 4/6 | 5/6 | 13/16 | 0/2 | 0/6 |
| DaytypeMixture(K=3,bin=2h,hl=24h)+VoIThresholdSense(lambda=0.02) | 13/24 | 54% | 10 | 25.0 | 2 | 0/6 | 4/6 | 5/6 | 4/6 | 13/16 | 0/2 | 0/6 |
| DaytypeMixture(K=3,bin=2h,hl=24h)+VoIBudgetPriceSense(gamma=0.5,lambda0=0.05) | 13/24 | 54% | 11 | 26.0 | 5 | 0/6 | 4/6 | 4/6 | 5/6 | 13/16 | 0/2 | 0/6 |
| DaytypeMixture(K=3,bin=2h,hl=24h)+VoIBudgetPriceSense(gamma=1,lambda0=0.05) | 13/24 | 54% | 11 | 26.0 | 5 | 0/6 | 4/6 | 4/6 | 5/6 | 13/16 | 0/2 | 0/6 |
| HierarchyBackoff(po=5,pc=5,hl=24h)+VoIThresholdSense(lambda=0.05) | 13/24 | 54% | 12 | 12.0 | 0 | 1/6 | 4/6 | 4/6 | 4/6 | 13/16 | 0/2 | 0/6 |
| PeriodicPersistence(min_dep=2,bin=1h,hl=24h)+SequentialSearch | 13/24 | 54% | 14 | 47.0 | 3 | 1/6 | 4/6 | 4/6 | 4/6 | 12/16 | 0/2 | 1/6 |
| PeriodicPersistence(min_dep=2,bin=1h,hl=24h)+VoIBudgetPriceSense(gamma=0.5,lambda0=0.05) | 13/24 | 54% | 15 | 39.0 | 18 | 1/6 | 4/6 | 4/6 | 4/6 | 13/16 | 0/2 | 0/6 |
| PeriodicPersistence(min_dep=2,bin=1h,hl=24h)+VoIBudgetPriceSense(gamma=1,lambda0=0.05) | 13/24 | 54% | 15 | 39.0 | 18 | 1/6 | 4/6 | 4/6 | 4/6 | 13/16 | 0/2 | 0/6 |
| TimetableLookup(bin=1h,days=all)+VoIThresholdSense(lambda=0.02) | 13/24 | 54% | 15 | 33.0 | 2 | 1/6 | 3/6 | 4/6 | 5/6 | 13/16 | 0/2 | 0/6 |
| TimetableLookup(bin=1h,days=all)+VoIBudgetPriceSense(gamma=0.5,lambda0=0.05) | 13/24 | 54% | 16 | 40.0 | 16 | 1/6 | 3/6 | 5/6 | 4/6 | 13/16 | 0/2 | 0/6 |
| TimetableLookup(bin=1h,days=all)+VoIBudgetPriceSense(gamma=1,lambda0=0.05) | 13/24 | 54% | 16 | 40.0 | 16 | 1/6 | 3/6 | 5/6 | 4/6 | 13/16 | 0/2 | 0/6 |
| Perpetua(lognormal,K<=3,pm=0.01,steps=10)+SequentialSearch | 13/24 | 54% | 26 | 30.0 | 0 | 0/6 | 4/6 | 4/6 | 5/6 | 13/16 | 0/2 | 0/6 |
| PerpetuaStar(lognormal,K<=3,pm=0.01,a0=0.01/h,g=0.99)+SequentialSearch | 13/24 | 54% | 26 | 30.0 | 0 | 0/6 | 4/6 | 4/6 | 5/6 | 13/16 | 0/2 | 0/6 |
| DaytypeMixture(K=3,bin=2h,hl=24h)+VoIThresholdSense(lambda=0.05) | 12/24 | 50% | 6 | 6.0 | 0 | 0/6 | 4/6 | 4/6 | 4/6 | 12/16 | 0/2 | 0/6 |
| DaytypeMixture(K=3,bin=2h,hl=24h)+VoIThresholdSense(lambda=0.1) | 12/24 | 50% | 6 | 6.0 | 0 | 0/6 | 4/6 | 4/6 | 4/6 | 12/16 | 0/2 | 0/6 |
| MostFrequentLocation+VoIThresholdSense(lambda=0.1) | 12/24 | 50% | 6 | 6.0 | 0 | 0/6 | 4/6 | 4/6 | 4/6 | 12/16 | 0/2 | 0/6 |
| PeriodicPersistence(min_dep=2,bin=1h,hl=24h)+VoIThresholdSense(lambda=0.05) | 12/24 | 50% | 6 | 6.0 | 0 | 0/6 | 4/6 | 4/6 | 4/6 | 12/16 | 0/2 | 0/6 |
| SmoothedRecency(hl=6h,freq=24h)+VoIThresholdSense(lambda=0.05) | 12/24 | 50% | 6 | 6.0 | 0 | 0/6 | 4/6 | 4/6 | 4/6 | 12/16 | 0/2 | 0/6 |
| SmoothedRecency(hl=6h,freq=24h)+VoIThresholdSense(lambda=0.1) | 12/24 | 50% | 6 | 6.0 | 0 | 0/6 | 4/6 | 4/6 | 4/6 | 12/16 | 0/2 | 0/6 |
| HierarchyBackoff(po=5,pc=5,hl=24h)+VoIThresholdSense(lambda=0.1) | 12/24 | 50% | 7 | 7.0 | 0 | 0/6 | 4/6 | 4/6 | 4/6 | 12/16 | 0/2 | 0/6 |
| MostFrequentLocation+VoIThresholdSense(lambda=0.05) | 12/24 | 50% | 7 | 7.0 | 0 | 0/6 | 4/6 | 4/6 | 4/6 | 12/16 | 0/2 | 0/6 |
| Markov1(a=1,cut=24h,hl=24h)+SequentialSearch | 12/24 | 50% | 13 | 46.0 | 5 | 0/6 | 4/6 | 4/6 | 4/6 | 12/16 | 0/2 | 0/6 |
| Perpetua(lognormal,K<=3,pm=0.01,steps=10)+VoIThresholdSense(lambda=0.1) | 12/24 | 50% | 14 | 8.0 | 0 | 0/6 | 4/6 | 4/6 | 4/6 | 12/16 | 0/2 | 0/6 |
| PerpetuaStar(lognormal,K<=3,pm=0.01,a0=0.01/h,g=0.99)+VoIThresholdSense(lambda=0.1) | 12/24 | 50% | 14 | 8.0 | 0 | 0/6 | 4/6 | 4/6 | 4/6 | 12/16 | 0/2 | 0/6 |
| Perpetua(lognormal,K<=3,pm=0.01,steps=10)+VoIBudgetPriceSense(gamma=0.5,lambda0=0.05) | 12/24 | 50% | 21 | 15.0 | 1 | 0/6 | 3/6 | 4/6 | 5/6 | 12/16 | 0/2 | 0/6 |
| Perpetua(lognormal,K<=3,pm=0.01,steps=10)+VoIBudgetPriceSense(gamma=1,lambda0=0.05) | 12/24 | 50% | 21 | 15.0 | 1 | 0/6 | 3/6 | 4/6 | 5/6 | 12/16 | 0/2 | 0/6 |
| PerpetuaStar(lognormal,K<=3,pm=0.01,a0=0.01/h,g=0.99)+VoIBudgetPriceSense(gamma=0.5,lambda0=0.05) | 12/24 | 50% | 21 | 15.0 | 1 | 0/6 | 3/6 | 4/6 | 5/6 | 12/16 | 0/2 | 0/6 |
| PerpetuaStar(lognormal,K<=3,pm=0.01,a0=0.01/h,g=0.99)+VoIBudgetPriceSense(gamma=1,lambda0=0.05) | 12/24 | 50% | 21 | 15.0 | 1 | 0/6 | 3/6 | 4/6 | 5/6 | 12/16 | 0/2 | 0/6 |
| Perpetua(lognormal,K<=3,pm=0.01,steps=10)+VoIThresholdSense(lambda=0.05) | 12/24 | 50% | 27 | 10.0 | 0 | 0/6 | 4/6 | 4/6 | 4/6 | 12/16 | 0/2 | 0/6 |
| PerpetuaStar(lognormal,K<=3,pm=0.01,a0=0.01/h,g=0.99)+VoIThresholdSense(lambda=0.05) | 12/24 | 50% | 27 | 10.0 | 0 | 0/6 | 4/6 | 4/6 | 4/6 | 12/16 | 0/2 | 0/6 |
| LastObservation+VoIThresholdSense(lambda=0.02) | 11/24 | 46% | 7 | 19.0 | 2 | 0/6 | 4/6 | 3/6 | 4/6 | 11/16 | 0/2 | 0/6 |
| DaytypeMixture(K=3,bin=2h,hl=24h)+NeverSense | 10/24 | 42% | 0 | 0.0 | 0 | 0/6 | 3/6 | 3/6 | 4/6 | 10/16 | 0/2 | 0/6 |
| HierarchyBackoff(po=5,pc=5,hl=24h)+NeverSense | 10/24 | 42% | 0 | 0.0 | 0 | 0/6 | 3/6 | 3/6 | 4/6 | 10/16 | 0/2 | 0/6 |
| LastObservation+NeverSense | 10/24 | 42% | 0 | 0.0 | 0 | 0/6 | 3/6 | 3/6 | 4/6 | 10/16 | 0/2 | 0/6 |
| Markov1(a=1,cut=24h,hl=24h)+NeverSense | 10/24 | 42% | 0 | 0.0 | 0 | 0/6 | 3/6 | 3/6 | 4/6 | 10/16 | 0/2 | 0/6 |
| MostFrequentLocation+NeverSense | 10/24 | 42% | 0 | 0.0 | 0 | 0/6 | 3/6 | 3/6 | 4/6 | 10/16 | 0/2 | 0/6 |
| PeriodicPersistence(min_dep=2,bin=1h,hl=24h)+NeverSense | 10/24 | 42% | 0 | 0.0 | 0 | 0/6 | 3/6 | 3/6 | 4/6 | 10/16 | 0/2 | 0/6 |
| Perpetua(lognormal,K<=3,pm=0.01,steps=10)+NeverSense | 10/24 | 42% | 0 | 0.0 | 0 | 0/6 | 3/6 | 3/6 | 4/6 | 10/16 | 0/2 | 0/6 |
| PerpetuaStar(lognormal,K<=3,pm=0.01,a0=0.01/h,g=0.99)+NeverSense | 10/24 | 42% | 0 | 0.0 | 0 | 0/6 | 3/6 | 3/6 | 4/6 | 10/16 | 0/2 | 0/6 |
| SmoothedRecency(hl=6h,freq=24h)+NeverSense | 10/24 | 42% | 0 | 0.0 | 0 | 0/6 | 3/6 | 3/6 | 4/6 | 10/16 | 0/2 | 0/6 |
| TimetableLookup(bin=1h,days=all)+NeverSense | 10/24 | 42% | 0 | 0.0 | 0 | 0/6 | 3/6 | 3/6 | 4/6 | 10/16 | 0/2 | 0/6 |
| LastObservation+VoIThresholdSense(lambda=0.05) | 10/24 | 42% | 4 | 4.0 | 0 | 0/6 | 4/6 | 2/6 | 4/6 | 10/16 | 0/2 | 0/6 |
| LastObservation+VoIThresholdSense(lambda=0.1) | 10/24 | 42% | 4 | 4.0 | 0 | 0/6 | 4/6 | 2/6 | 4/6 | 10/16 | 0/2 | 0/6 |
| Markov1(a=1,cut=24h,hl=24h)+VoIThresholdSense(lambda=0.1) | 10/24 | 42% | 4 | 4.0 | 0 | 0/6 | 4/6 | 2/6 | 4/6 | 10/16 | 0/2 | 0/6 |
| PeriodicPersistence(min_dep=2,bin=1h,hl=24h)+VoIThresholdSense(lambda=0.1) | 10/24 | 42% | 4 | 4.0 | 0 | 0/6 | 4/6 | 2/6 | 4/6 | 10/16 | 0/2 | 0/6 |
| Markov1(a=1,cut=24h,hl=24h)+VoIThresholdSense(lambda=0.05) | 10/24 | 42% | 5 | 5.0 | 0 | 0/6 | 4/6 | 3/6 | 3/6 | 10/16 | 0/2 | 0/6 |
| TimetableLookup(bin=1h,days=all)+VoIThresholdSense(lambda=0.05) | 10/24 | 42% | 5 | 5.0 | 0 | 0/6 | 3/6 | 3/6 | 4/6 | 10/16 | 0/2 | 0/6 |
| TimetableLookup(bin=1h,days=all)+VoIThresholdSense(lambda=0.1) | 10/24 | 42% | 5 | 5.0 | 0 | 0/6 | 3/6 | 3/6 | 4/6 | 10/16 | 0/2 | 0/6 |
| LastObservation+SequentialSearch | 10/24 | 42% | 6 | 24.0 | 0 | 0/6 | 4/6 | 2/6 | 4/6 | 10/16 | 0/2 | 0/6 |
| LastObservation+VoIBudgetPriceSense(gamma=0.5,lambda0=0.05) | 10/24 | 42% | 8 | 20.0 | 5 | 0/6 | 4/6 | 2/6 | 4/6 | 10/16 | 0/2 | 0/6 |
| LastObservation+VoIBudgetPriceSense(gamma=1,lambda0=0.05) | 10/24 | 42% | 8 | 20.0 | 5 | 0/6 | 4/6 | 2/6 | 4/6 | 10/16 | 0/2 | 0/6 |
| Markov1(a=1,cut=24h,hl=24h)+VoIBudgetPriceSense(gamma=0.5,lambda0=0.05) | 10/24 | 42% | 16 | 40.0 | 20 | 1/6 | 3/6 | 2/6 | 4/6 | 10/16 | 0/2 | 0/6 |

## Question difficulty (agents that got it right)

| q | object | truth | solved by |
|---|---|---|---|
| q01 | charger_omar | OUT_OF_HOUSE | 1/70 |
| q02 | bowl_omar | sink_k1 | 20/70 |
| q03 | phone_omar | OUT_OF_HOUSE | 5/70 |
| q04 | keys_leo | OUT_OF_HOUSE | 0/70 |
| q05 | shoes_omar | OUT_OF_HOUSE | 0/70 |
| q06 | phone_leo | ON_PERSON | 0/70 |
| q07 | kitchen_knife_shared | drawer_k_k1 | 70/70 |
| q08 | jacket_leo | OUT_OF_HOUSE | 0/70 |
| q09 | phone_leo | OUT_OF_HOUSE | 0/70 |
| q10 | water_bottle_omar | dish_rack_k1 | 51/70 |
| q11 | snack_bowl_shared | cupboard_k1 | 68/70 |
| q12 | razor_omar | bathroom_shelf_ba1 | 70/70 |
| q13 | shoes_omar | shoe_rack_e1 | 69/70 |
| q14 | mug_leo | kitchen_table_k1 | 62/70 |
| q15 | charger_omar | desk_b1 | 11/70 |
| q16 | umbrella_omar | entry_floor_e1 | 70/70 |
| q17 | spatula_shared | counter_k1 | 10/70 |
| q18 | shopping_bag_shared | counter_k1 | 47/70 |
| q19 | keys_omar | entry_table_e1 | 70/70 |
| q20 | phone_omar | ON_PERSON | 5/70 |
| q21 | spatula_shared | drawer_k_k1 | 70/70 |
| q22 | vitamins_omar | counter_k1 | 54/70 |
| q23 | towel_leo | towel_rack_ba1 | 70/70 |
| q24 | dog_leash_shared | entry_floor_e1 | 34/70 |

