  LastObservation+NeverSense                                   14/24  looks   0  budget   0.0
  LastObservation+SequentialSearch                             14/24  looks   7  budget  28.0
  LastObservation+VoIThresholdSense(lambda=0.02)               14/24  looks   8  budget  23.0
  LastObservation+VoIThresholdSense(lambda=0.05)               13/24  looks   5  budget   8.0
  LastObservation+VoIThresholdSense(lambda=0.1)                13/24  looks   3  budget   3.0
  LastObservation+VoIBudgetPriceSense(gamma=0.5,lambda0=0.05)  14/24  looks   8  budget  23.0
  LastObservation+VoIBudgetPriceSense(gamma=1,lambda0=0.05)    14/24  looks   8  budget  23.0
  MostFrequentLocation+NeverSense                              14/24  looks   0  budget   0.0
  MostFrequentLocation+SequentialSearch                        17/24  looks  12  budget  42.0
  MostFrequentLocation+VoIThresholdSense(lambda=0.02)          15/24  looks   8  budget  23.0
  MostFrequentLocation+VoIThresholdSense(lambda=0.05)          15/24  looks   7  budget  13.0
  MostFrequentLocation+VoIThresholdSense(lambda=0.1)           13/24  looks   3  budget   3.0
  MostFrequentLocation+VoIBudgetPriceSense(gamma=0.5,lambda0=0.05) 16/24  looks  19  budget  43.0
  MostFrequentLocation+VoIBudgetPriceSense(gamma=1,lambda0=0.05) 16/24  looks  19  budget  43.0
  TimetableLookup(bin=1h,days=all)+NeverSense                  14/24  looks   0  budget   0.0
  TimetableLookup(bin=1h,days=all)+SequentialSearch            17/24  looks  12  budget  42.0
  TimetableLookup(bin=1h,days=all)+VoIThresholdSense(lambda=0.02) 15/24  looks   8  budget  23.0
  TimetableLookup(bin=1h,days=all)+VoIThresholdSense(lambda=0.05) 15/24  looks   7  budget  13.0
  TimetableLookup(bin=1h,days=all)+VoIThresholdSense(lambda=0.1) 13/24  looks   3  budget   3.0
  TimetableLookup(bin=1h,days=all)+VoIBudgetPriceSense(gamma=0.5,lambda0=0.05) 15/24  looks  19  budget  43.0
  TimetableLookup(bin=1h,days=all)+VoIBudgetPriceSense(gamma=1,lambda0=0.05) 16/24  looks  19  budget  43.0
  Markov1(a=1,cut=24h,hl=24h)+NeverSense                       14/24  looks   0  budget   0.0
  Markov1(a=1,cut=24h,hl=24h)+SequentialSearch                 15/24  looks  12  budget  45.0
  Markov1(a=1,cut=24h,hl=24h)+VoIThresholdSense(lambda=0.02)   15/24  looks  16  budget  28.0
  Markov1(a=1,cut=24h,hl=24h)+VoIThresholdSense(lambda=0.05)   13/24  looks   5  budget   8.0
  Markov1(a=1,cut=24h,hl=24h)+VoIThresholdSense(lambda=0.1)    12/24  looks   3  budget   3.0
  Markov1(a=1,cut=24h,hl=24h)+VoIBudgetPriceSense(gamma=0.5,lambda0=0.05) 16/24  looks  17  budget  41.0
  Markov1(a=1,cut=24h,hl=24h)+VoIBudgetPriceSense(gamma=1,lambda0=0.05) 15/24  looks  17  budget  41.0
  PeriodicPersistence(min_dep=2,bin=1h,hl=24h)+NeverSense      14/24  looks   0  budget   0.0
  PeriodicPersistence(min_dep=2,bin=1h,hl=24h)+SequentialSearch 16/24  looks  12  budget  42.0
  PeriodicPersistence(min_dep=2,bin=1h,hl=24h)+VoIThresholdSense(lambda=0.02) 15/24  looks  11  budget  23.0
  PeriodicPersistence(min_dep=2,bin=1h,hl=24h)+VoIThresholdSense(lambda=0.05) 13/24  looks   5  budget   8.0
  PeriodicPersistence(min_dep=2,bin=1h,hl=24h)+VoIThresholdSense(lambda=0.1) 13/24  looks   3  budget   3.0
  PeriodicPersistence(min_dep=2,bin=1h,hl=24h)+VoIBudgetPriceSense(gamma=0.5,lambda0=0.05) 16/24  looks  17  budget  41.0
  PeriodicPersistence(min_dep=2,bin=1h,hl=24h)+VoIBudgetPriceSense(gamma=1,lambda0=0.05) 16/24  looks  17  budget  41.0
  SmoothedRecency(hl=6h,freq=24h)+NeverSense                   14/24  looks   0  budget   0.0
  SmoothedRecency(hl=6h,freq=24h)+SequentialSearch             16/24  looks  12  budget  45.0
  SmoothedRecency(hl=6h,freq=24h)+VoIThresholdSense(lambda=0.02) 15/24  looks  11  budget  26.0
  SmoothedRecency(hl=6h,freq=24h)+VoIThresholdSense(lambda=0.05) 14/24  looks   6  budget   9.0
  SmoothedRecency(hl=6h,freq=24h)+VoIThresholdSense(lambda=0.1) 13/24  looks   4  budget   4.0
  SmoothedRecency(hl=6h,freq=24h)+VoIBudgetPriceSense(gamma=0.5,lambda0=0.05) 16/24  looks  20  budget  44.0
  SmoothedRecency(hl=6h,freq=24h)+VoIBudgetPriceSense(gamma=1,lambda0=0.05) 16/24  looks  20  budget  44.0
  HierarchyBackoff(po=5,pc=5,hl=24h)+NeverSense                14/24  looks   0  budget   0.0
  HierarchyBackoff(po=5,pc=5,hl=24h)+SequentialSearch          17/24  looks  12  budget  42.0
  HierarchyBackoff(po=5,pc=5,hl=24h)+VoIThresholdSense(lambda=0.02) 17/24  looks  14  budget  32.0
  HierarchyBackoff(po=5,pc=5,hl=24h)+VoIThresholdSense(lambda=0.05) 17/24  looks  12  budget  21.0
  HierarchyBackoff(po=5,pc=5,hl=24h)+VoIThresholdSense(lambda=0.1) 13/24  looks   3  budget   3.0
  HierarchyBackoff(po=5,pc=5,hl=24h)+VoIBudgetPriceSense(gamma=0.5,lambda0=0.05) 17/24  looks  19  budget  43.0
  HierarchyBackoff(po=5,pc=5,hl=24h)+VoIBudgetPriceSense(gamma=1,lambda0=0.05) 17/24  looks  19  budget  43.0
  DaytypeMixture(K=3,bin=2h,hl=24h)+NeverSense                 14/24  looks   0  budget   0.0
  DaytypeMixture(K=3,bin=2h,hl=24h)+SequentialSearch           14/24  looks   7  budget  28.0
  DaytypeMixture(K=3,bin=2h,hl=24h)+VoIThresholdSense(lambda=0.02) 15/24  looks   8  budget  23.0
  DaytypeMixture(K=3,bin=2h,hl=24h)+VoIThresholdSense(lambda=0.05) 14/24  looks   6  budget  12.0
  DaytypeMixture(K=3,bin=2h,hl=24h)+VoIThresholdSense(lambda=0.1) 13/24  looks   3  budget   3.0
  DaytypeMixture(K=3,bin=2h,hl=24h)+VoIBudgetPriceSense(gamma=0.5,lambda0=0.05) 14/24  looks   8  budget  23.0
  DaytypeMixture(K=3,bin=2h,hl=24h)+VoIBudgetPriceSense(gamma=1,lambda0=0.05) 14/24  looks   8  budget  23.0
  Perpetua(lognormal,K<=3,pm=0.01,steps=10)+NeverSense         14/24  looks   0  budget   0.0
  Perpetua(lognormal,K<=3,pm=0.01,steps=10)+SequentialSearch   16/24  looks  14  budget  28.0
  Perpetua(lognormal,K<=3,pm=0.01,steps=10)+VoIThresholdSense(lambda=0.02) 15/24  looks  36  budget  26.0
  Perpetua(lognormal,K<=3,pm=0.01,steps=10)+VoIThresholdSense(lambda=0.05) 13/24  looks  27  budget   7.0
  Perpetua(lognormal,K<=3,pm=0.01,steps=10)+VoIThresholdSense(lambda=0.1) 13/24  looks  15  budget   6.0
  Perpetua(lognormal,K<=3,pm=0.01,steps=10)+VoIBudgetPriceSense(gamma=0.5,lambda0=0.05) 15/24  looks  28  budget  24.0
  Perpetua(lognormal,K<=3,pm=0.01,steps=10)+VoIBudgetPriceSense(gamma=1,lambda0=0.05) 15/24  looks  28  budget  24.0
  PerpetuaStar(lognormal,K<=3,pm=0.01,a0=0.01/h,g=0.99)+NeverSense 14/24  looks   0  budget   0.0
  PerpetuaStar(lognormal,K<=3,pm=0.01,a0=0.01/h,g=0.99)+SequentialSearch 16/24  looks  14  budget  28.0
  PerpetuaStar(lognormal,K<=3,pm=0.01,a0=0.01/h,g=0.99)+VoIThresholdSense(lambda=0.02) 15/24  looks  36  budget  26.0
  PerpetuaStar(lognormal,K<=3,pm=0.01,a0=0.01/h,g=0.99)+VoIThresholdSense(lambda=0.05) 13/24  looks  27  budget   7.0
  PerpetuaStar(lognormal,K<=3,pm=0.01,a0=0.01/h,g=0.99)+VoIThresholdSense(lambda=0.1) 13/24  looks  15  budget   6.0
  PerpetuaStar(lognormal,K<=3,pm=0.01,a0=0.01/h,g=0.99)+VoIBudgetPriceSense(gamma=0.5,lambda0=0.05) 15/24  looks  28  budget  24.0
  PerpetuaStar(lognormal,K<=3,pm=0.01,a0=0.01/h,g=0.99)+VoIBudgetPriceSense(gamma=1,lambda0=0.05) 15/24  looks  28  budget  24.0
# situation_sim baselines · hh_s9

70 agents (belief x policy), 24 questions, room-level looks (1 + 3 travel), budget 12/day, walkthrough Wed 18:00.

| agent | right | acc | looks | budget | forced | Thu | Fri | Sat | Sun | spot | on_person | out |
|---|---|---|---|---|---|---|---|---|---|---|---|---|
| HierarchyBackoff(po=5,pc=5,hl=24h)+SequentialSearch | 17/24 | 71% | 12 | 42.0 | 7 | 6/6 | 3/6 | 4/6 | 4/6 | 17/21 | 0/2 | 0/1 |
| HierarchyBackoff(po=5,pc=5,hl=24h)+VoIThresholdSense(lambda=0.05) | 17/24 | 71% | 12 | 21.0 | 0 | 5/6 | 4/6 | 5/6 | 3/6 | 17/21 | 0/2 | 0/1 |
| MostFrequentLocation+SequentialSearch | 17/24 | 71% | 12 | 42.0 | 8 | 6/6 | 3/6 | 4/6 | 4/6 | 17/21 | 0/2 | 0/1 |
| TimetableLookup(bin=1h,days=all)+SequentialSearch | 17/24 | 71% | 12 | 42.0 | 8 | 6/6 | 3/6 | 4/6 | 4/6 | 17/21 | 0/2 | 0/1 |
| HierarchyBackoff(po=5,pc=5,hl=24h)+VoIThresholdSense(lambda=0.02) | 17/24 | 71% | 14 | 32.0 | 6 | 6/6 | 3/6 | 4/6 | 4/6 | 17/21 | 0/2 | 0/1 |
| HierarchyBackoff(po=5,pc=5,hl=24h)+VoIBudgetPriceSense(gamma=0.5,lambda0=0.05) | 17/24 | 71% | 19 | 43.0 | 13 | 6/6 | 3/6 | 4/6 | 4/6 | 17/21 | 0/2 | 0/1 |
| HierarchyBackoff(po=5,pc=5,hl=24h)+VoIBudgetPriceSense(gamma=1,lambda0=0.05) | 17/24 | 71% | 19 | 43.0 | 13 | 6/6 | 3/6 | 4/6 | 4/6 | 17/21 | 0/2 | 0/1 |
| PeriodicPersistence(min_dep=2,bin=1h,hl=24h)+SequentialSearch | 16/24 | 67% | 12 | 42.0 | 8 | 6/6 | 3/6 | 4/6 | 3/6 | 16/21 | 0/2 | 0/1 |
| SmoothedRecency(hl=6h,freq=24h)+SequentialSearch | 16/24 | 67% | 12 | 45.0 | 5 | 6/6 | 3/6 | 4/6 | 3/6 | 16/21 | 0/2 | 0/1 |
| Perpetua(lognormal,K<=3,pm=0.01,steps=10)+SequentialSearch | 16/24 | 67% | 14 | 28.0 | 0 | 4/6 | 3/6 | 5/6 | 4/6 | 16/21 | 0/2 | 0/1 |
| PerpetuaStar(lognormal,K<=3,pm=0.01,a0=0.01/h,g=0.99)+SequentialSearch | 16/24 | 67% | 14 | 28.0 | 0 | 4/6 | 3/6 | 5/6 | 4/6 | 16/21 | 0/2 | 0/1 |
| Markov1(a=1,cut=24h,hl=24h)+VoIBudgetPriceSense(gamma=0.5,lambda0=0.05) | 16/24 | 67% | 17 | 41.0 | 13 | 5/6 | 3/6 | 4/6 | 4/6 | 15/21 | 1/2 | 0/1 |
| PeriodicPersistence(min_dep=2,bin=1h,hl=24h)+VoIBudgetPriceSense(gamma=0.5,lambda0=0.05) | 16/24 | 67% | 17 | 41.0 | 12 | 5/6 | 3/6 | 4/6 | 4/6 | 16/21 | 0/2 | 0/1 |
| PeriodicPersistence(min_dep=2,bin=1h,hl=24h)+VoIBudgetPriceSense(gamma=1,lambda0=0.05) | 16/24 | 67% | 17 | 41.0 | 12 | 5/6 | 3/6 | 4/6 | 4/6 | 16/21 | 0/2 | 0/1 |
| MostFrequentLocation+VoIBudgetPriceSense(gamma=0.5,lambda0=0.05) | 16/24 | 67% | 19 | 43.0 | 12 | 5/6 | 3/6 | 4/6 | 4/6 | 16/21 | 0/2 | 0/1 |
| MostFrequentLocation+VoIBudgetPriceSense(gamma=1,lambda0=0.05) | 16/24 | 67% | 19 | 43.0 | 12 | 5/6 | 3/6 | 4/6 | 4/6 | 16/21 | 0/2 | 0/1 |
| TimetableLookup(bin=1h,days=all)+VoIBudgetPriceSense(gamma=1,lambda0=0.05) | 16/24 | 67% | 19 | 43.0 | 12 | 6/6 | 3/6 | 4/6 | 3/6 | 16/21 | 0/2 | 0/1 |
| SmoothedRecency(hl=6h,freq=24h)+VoIBudgetPriceSense(gamma=0.5,lambda0=0.05) | 16/24 | 67% | 20 | 44.0 | 12 | 5/6 | 3/6 | 4/6 | 4/6 | 16/21 | 0/2 | 0/1 |
| SmoothedRecency(hl=6h,freq=24h)+VoIBudgetPriceSense(gamma=1,lambda0=0.05) | 16/24 | 67% | 20 | 44.0 | 12 | 5/6 | 3/6 | 4/6 | 4/6 | 16/21 | 0/2 | 0/1 |
| MostFrequentLocation+VoIThresholdSense(lambda=0.05) | 15/24 | 62% | 7 | 13.0 | 0 | 4/6 | 3/6 | 5/6 | 3/6 | 15/21 | 0/2 | 0/1 |
| TimetableLookup(bin=1h,days=all)+VoIThresholdSense(lambda=0.05) | 15/24 | 62% | 7 | 13.0 | 0 | 4/6 | 3/6 | 5/6 | 3/6 | 15/21 | 0/2 | 0/1 |
| DaytypeMixture(K=3,bin=2h,hl=24h)+VoIThresholdSense(lambda=0.02) | 15/24 | 62% | 8 | 23.0 | 1 | 4/6 | 3/6 | 4/6 | 4/6 | 15/21 | 0/2 | 0/1 |
| MostFrequentLocation+VoIThresholdSense(lambda=0.02) | 15/24 | 62% | 8 | 23.0 | 2 | 4/6 | 3/6 | 4/6 | 4/6 | 15/21 | 0/2 | 0/1 |
| TimetableLookup(bin=1h,days=all)+VoIThresholdSense(lambda=0.02) | 15/24 | 62% | 8 | 23.0 | 2 | 4/6 | 3/6 | 4/6 | 4/6 | 15/21 | 0/2 | 0/1 |
| PeriodicPersistence(min_dep=2,bin=1h,hl=24h)+VoIThresholdSense(lambda=0.02) | 15/24 | 62% | 11 | 23.0 | 1 | 4/6 | 4/6 | 4/6 | 3/6 | 15/21 | 0/2 | 0/1 |
| SmoothedRecency(hl=6h,freq=24h)+VoIThresholdSense(lambda=0.02) | 15/24 | 62% | 11 | 26.0 | 1 | 4/6 | 3/6 | 5/6 | 3/6 | 15/21 | 0/2 | 0/1 |
| Markov1(a=1,cut=24h,hl=24h)+SequentialSearch | 15/24 | 62% | 12 | 45.0 | 5 | 4/6 | 4/6 | 4/6 | 3/6 | 15/21 | 0/2 | 0/1 |
| Markov1(a=1,cut=24h,hl=24h)+VoIThresholdSense(lambda=0.02) | 15/24 | 62% | 16 | 28.0 | 0 | 4/6 | 4/6 | 4/6 | 3/6 | 15/21 | 0/2 | 0/1 |
| Markov1(a=1,cut=24h,hl=24h)+VoIBudgetPriceSense(gamma=1,lambda0=0.05) | 15/24 | 62% | 17 | 41.0 | 14 | 5/6 | 3/6 | 4/6 | 3/6 | 15/21 | 0/2 | 0/1 |
| TimetableLookup(bin=1h,days=all)+VoIBudgetPriceSense(gamma=0.5,lambda0=0.05) | 15/24 | 62% | 19 | 43.0 | 12 | 5/6 | 3/6 | 4/6 | 3/6 | 15/21 | 0/2 | 0/1 |
| Perpetua(lognormal,K<=3,pm=0.01,steps=10)+VoIBudgetPriceSense(gamma=0.5,lambda0=0.05) | 15/24 | 62% | 28 | 24.0 | 2 | 4/6 | 3/6 | 5/6 | 3/6 | 15/21 | 0/2 | 0/1 |
| Perpetua(lognormal,K<=3,pm=0.01,steps=10)+VoIBudgetPriceSense(gamma=1,lambda0=0.05) | 15/24 | 62% | 28 | 24.0 | 2 | 4/6 | 3/6 | 5/6 | 3/6 | 15/21 | 0/2 | 0/1 |
| PerpetuaStar(lognormal,K<=3,pm=0.01,a0=0.01/h,g=0.99)+VoIBudgetPriceSense(gamma=0.5,lambda0=0.05) | 15/24 | 62% | 28 | 24.0 | 2 | 4/6 | 3/6 | 5/6 | 3/6 | 15/21 | 0/2 | 0/1 |
| PerpetuaStar(lognormal,K<=3,pm=0.01,a0=0.01/h,g=0.99)+VoIBudgetPriceSense(gamma=1,lambda0=0.05) | 15/24 | 62% | 28 | 24.0 | 2 | 4/6 | 3/6 | 5/6 | 3/6 | 15/21 | 0/2 | 0/1 |
| Perpetua(lognormal,K<=3,pm=0.01,steps=10)+VoIThresholdSense(lambda=0.02) | 15/24 | 62% | 36 | 26.0 | 0 | 4/6 | 3/6 | 5/6 | 3/6 | 15/21 | 0/2 | 0/1 |
| PerpetuaStar(lognormal,K<=3,pm=0.01,a0=0.01/h,g=0.99)+VoIThresholdSense(lambda=0.02) | 15/24 | 62% | 36 | 26.0 | 0 | 4/6 | 3/6 | 5/6 | 3/6 | 15/21 | 0/2 | 0/1 |
| DaytypeMixture(K=3,bin=2h,hl=24h)+NeverSense | 14/24 | 58% | 0 | 0.0 | 0 | 4/6 | 3/6 | 5/6 | 2/6 | 14/21 | 0/2 | 0/1 |
| HierarchyBackoff(po=5,pc=5,hl=24h)+NeverSense | 14/24 | 58% | 0 | 0.0 | 0 | 4/6 | 3/6 | 5/6 | 2/6 | 14/21 | 0/2 | 0/1 |
| LastObservation+NeverSense | 14/24 | 58% | 0 | 0.0 | 0 | 4/6 | 3/6 | 5/6 | 2/6 | 14/21 | 0/2 | 0/1 |
| Markov1(a=1,cut=24h,hl=24h)+NeverSense | 14/24 | 58% | 0 | 0.0 | 0 | 4/6 | 3/6 | 5/6 | 2/6 | 14/21 | 0/2 | 0/1 |
| MostFrequentLocation+NeverSense | 14/24 | 58% | 0 | 0.0 | 0 | 4/6 | 3/6 | 5/6 | 2/6 | 14/21 | 0/2 | 0/1 |
| PeriodicPersistence(min_dep=2,bin=1h,hl=24h)+NeverSense | 14/24 | 58% | 0 | 0.0 | 0 | 4/6 | 3/6 | 5/6 | 2/6 | 14/21 | 0/2 | 0/1 |
| Perpetua(lognormal,K<=3,pm=0.01,steps=10)+NeverSense | 14/24 | 58% | 0 | 0.0 | 0 | 4/6 | 3/6 | 5/6 | 2/6 | 14/21 | 0/2 | 0/1 |
| PerpetuaStar(lognormal,K<=3,pm=0.01,a0=0.01/h,g=0.99)+NeverSense | 14/24 | 58% | 0 | 0.0 | 0 | 4/6 | 3/6 | 5/6 | 2/6 | 14/21 | 0/2 | 0/1 |
| SmoothedRecency(hl=6h,freq=24h)+NeverSense | 14/24 | 58% | 0 | 0.0 | 0 | 4/6 | 3/6 | 5/6 | 2/6 | 14/21 | 0/2 | 0/1 |
| TimetableLookup(bin=1h,days=all)+NeverSense | 14/24 | 58% | 0 | 0.0 | 0 | 4/6 | 3/6 | 5/6 | 2/6 | 14/21 | 0/2 | 0/1 |
| DaytypeMixture(K=3,bin=2h,hl=24h)+VoIThresholdSense(lambda=0.05) | 14/24 | 58% | 6 | 12.0 | 0 | 4/6 | 3/6 | 4/6 | 3/6 | 14/21 | 0/2 | 0/1 |
| SmoothedRecency(hl=6h,freq=24h)+VoIThresholdSense(lambda=0.05) | 14/24 | 58% | 6 | 9.0 | 0 | 4/6 | 3/6 | 5/6 | 2/6 | 14/21 | 0/2 | 0/1 |
| DaytypeMixture(K=3,bin=2h,hl=24h)+SequentialSearch | 14/24 | 58% | 7 | 28.0 | 0 | 4/6 | 3/6 | 4/6 | 3/6 | 14/21 | 0/2 | 0/1 |
| LastObservation+SequentialSearch | 14/24 | 58% | 7 | 28.0 | 0 | 4/6 | 3/6 | 4/6 | 3/6 | 14/21 | 0/2 | 0/1 |
| DaytypeMixture(K=3,bin=2h,hl=24h)+VoIBudgetPriceSense(gamma=0.5,lambda0=0.05) | 14/24 | 58% | 8 | 23.0 | 3 | 4/6 | 3/6 | 4/6 | 3/6 | 14/21 | 0/2 | 0/1 |
| DaytypeMixture(K=3,bin=2h,hl=24h)+VoIBudgetPriceSense(gamma=1,lambda0=0.05) | 14/24 | 58% | 8 | 23.0 | 3 | 4/6 | 3/6 | 4/6 | 3/6 | 14/21 | 0/2 | 0/1 |
| LastObservation+VoIBudgetPriceSense(gamma=0.5,lambda0=0.05) | 14/24 | 58% | 8 | 23.0 | 2 | 4/6 | 3/6 | 4/6 | 3/6 | 14/21 | 0/2 | 0/1 |
| LastObservation+VoIBudgetPriceSense(gamma=1,lambda0=0.05) | 14/24 | 58% | 8 | 23.0 | 2 | 4/6 | 3/6 | 4/6 | 3/6 | 14/21 | 0/2 | 0/1 |
| LastObservation+VoIThresholdSense(lambda=0.02) | 14/24 | 58% | 8 | 23.0 | 2 | 4/6 | 3/6 | 4/6 | 3/6 | 14/21 | 0/2 | 0/1 |
| DaytypeMixture(K=3,bin=2h,hl=24h)+VoIThresholdSense(lambda=0.1) | 13/24 | 54% | 3 | 3.0 | 0 | 4/6 | 3/6 | 4/6 | 2/6 | 13/21 | 0/2 | 0/1 |
| HierarchyBackoff(po=5,pc=5,hl=24h)+VoIThresholdSense(lambda=0.1) | 13/24 | 54% | 3 | 3.0 | 0 | 4/6 | 3/6 | 4/6 | 2/6 | 13/21 | 0/2 | 0/1 |
| LastObservation+VoIThresholdSense(lambda=0.1) | 13/24 | 54% | 3 | 3.0 | 0 | 4/6 | 3/6 | 4/6 | 2/6 | 13/21 | 0/2 | 0/1 |
| MostFrequentLocation+VoIThresholdSense(lambda=0.1) | 13/24 | 54% | 3 | 3.0 | 0 | 4/6 | 3/6 | 4/6 | 2/6 | 13/21 | 0/2 | 0/1 |
| PeriodicPersistence(min_dep=2,bin=1h,hl=24h)+VoIThresholdSense(lambda=0.1) | 13/24 | 54% | 3 | 3.0 | 0 | 4/6 | 3/6 | 4/6 | 2/6 | 13/21 | 0/2 | 0/1 |
| TimetableLookup(bin=1h,days=all)+VoIThresholdSense(lambda=0.1) | 13/24 | 54% | 3 | 3.0 | 0 | 4/6 | 3/6 | 4/6 | 2/6 | 13/21 | 0/2 | 0/1 |
| SmoothedRecency(hl=6h,freq=24h)+VoIThresholdSense(lambda=0.1) | 13/24 | 54% | 4 | 4.0 | 0 | 4/6 | 3/6 | 4/6 | 2/6 | 13/21 | 0/2 | 0/1 |
| LastObservation+VoIThresholdSense(lambda=0.05) | 13/24 | 54% | 5 | 8.0 | 0 | 4/6 | 3/6 | 4/6 | 2/6 | 13/21 | 0/2 | 0/1 |
| Markov1(a=1,cut=24h,hl=24h)+VoIThresholdSense(lambda=0.05) | 13/24 | 54% | 5 | 8.0 | 0 | 4/6 | 3/6 | 4/6 | 2/6 | 13/21 | 0/2 | 0/1 |
| PeriodicPersistence(min_dep=2,bin=1h,hl=24h)+VoIThresholdSense(lambda=0.05) | 13/24 | 54% | 5 | 8.0 | 0 | 4/6 | 3/6 | 4/6 | 2/6 | 13/21 | 0/2 | 0/1 |
| Perpetua(lognormal,K<=3,pm=0.01,steps=10)+VoIThresholdSense(lambda=0.1) | 13/24 | 54% | 15 | 6.0 | 0 | 4/6 | 3/6 | 4/6 | 2/6 | 13/21 | 0/2 | 0/1 |
| PerpetuaStar(lognormal,K<=3,pm=0.01,a0=0.01/h,g=0.99)+VoIThresholdSense(lambda=0.1) | 13/24 | 54% | 15 | 6.0 | 0 | 4/6 | 3/6 | 4/6 | 2/6 | 13/21 | 0/2 | 0/1 |
| Perpetua(lognormal,K<=3,pm=0.01,steps=10)+VoIThresholdSense(lambda=0.05) | 13/24 | 54% | 27 | 7.0 | 0 | 4/6 | 3/6 | 4/6 | 2/6 | 13/21 | 0/2 | 0/1 |
| PerpetuaStar(lognormal,K<=3,pm=0.01,a0=0.01/h,g=0.99)+VoIThresholdSense(lambda=0.05) | 13/24 | 54% | 27 | 7.0 | 0 | 4/6 | 3/6 | 4/6 | 2/6 | 13/21 | 0/2 | 0/1 |
| Markov1(a=1,cut=24h,hl=24h)+VoIThresholdSense(lambda=0.1) | 12/24 | 50% | 3 | 3.0 | 0 | 4/6 | 3/6 | 4/6 | 1/6 | 12/21 | 0/2 | 0/1 |

## Question difficulty (agents that got it right)

| q | object | truth | solved by |
|---|---|---|---|
| q01 | headphones_ines | desk_b1 | 70/70 |
| q02 | sunglasses_ines | entry_table_e1 | 70/70 |
| q03 | shoes_ines | shoe_rack_e1 | 17/70 |
| q04 | razor_hana | sink_ba_ba1 | 70/70 |
| q05 | glasses_yuki | nightstand_b1 | 11/70 |
| q06 | tablet_yuki | nightstand_b1 | 70/70 |
| q07 | kitchen_knife_shared | drawer_k_k1 | 70/70 |
| q08 | keys_ines | OUT_OF_HOUSE | 0/70 |
| q09 | plate_ines | kitchen_table_k1 | 4/70 |
| q10 | remote_shared | coffee_table_l1 | 1/70 |
| q11 | shoes_yuki | entry_floor_e1 | 69/70 |
| q12 | razor_hana | sink_ba_ba1 | 70/70 |
| q13 | phone_hana | nightstand_b2 | 0/70 |
| q14 | keys_ines | entry_table_e1 | 70/70 |
| q15 | sunglasses_yuki | entry_table_e1 | 70/70 |
| q16 | shoes_yuki | entry_floor_e1 | 66/70 |
| q17 | towel_hana | towel_rack_ba1 | 70/70 |
| q18 | glass_yuki | cupboard_k1 | 27/70 |
| q19 | sunglasses_hana | entry_table_e1 | 70/70 |
| q20 | phone_yuki | nightstand_b1 | 35/70 |
| q21 | phone_ines | ON_PERSON | 1/70 |
| q22 | jacket_hana | shoe_rack_e1 | 38/70 |
| q23 | phone_hana | ON_PERSON | 0/70 |
| q24 | plate_ines | cupboard_k1 | 57/70 |

