  MostFrequentLocation+Reserve(1)[SequentialSearch]            15/24  looks  15  budget  45.0
  MostFrequentLocation+Reserve(1)[VoIThresholdSense(lambda=0.01)] 15/24  looks  14  budget  35.0
  MostFrequentLocation+Reserve(1)[VoIThresholdSense(lambda=0.02)] 13/24  looks  11  budget  11.0
  MostFrequentLocation+Reserve(1)[VoIBudgetPriceSense(gamma=0.5,lambda0=0.05)] 13/24  looks  16  budget  40.0
  TimetableLookup(bin=1h,days=all)+Reserve(1)[SequentialSearch] 15/24  looks  15  budget  42.0
  TimetableLookup(bin=1h,days=all)+Reserve(1)[VoIThresholdSense(lambda=0.01)] 12/24  looks  12  budget  24.0
  TimetableLookup(bin=1h,days=all)+Reserve(1)[VoIThresholdSense(lambda=0.02)] 13/24  looks  10  budget  10.0
  TimetableLookup(bin=1h,days=all)+Reserve(1)[VoIBudgetPriceSense(gamma=0.5,lambda0=0.05)] 13/24  looks  16  budget  40.0
  Markov1(a=1,cut=24h,hl=24h)+Reserve(1)[SequentialSearch]     15/24  looks  13  budget  43.0
  Markov1(a=1,cut=24h,hl=24h)+Reserve(1)[VoIThresholdSense(lambda=0.01)]  9/24  looks  12  budget  24.0
  Markov1(a=1,cut=24h,hl=24h)+Reserve(1)[VoIThresholdSense(lambda=0.02)] 12/24  looks  14  budget  14.0
  Markov1(a=1,cut=24h,hl=24h)+Reserve(1)[VoIBudgetPriceSense(gamma=0.5,lambda0=0.05)] 11/24  looks  16  budget  40.0
  SmoothedRecency(hl=6h,freq=24h)+Reserve(1)[SequentialSearch] 15/24  looks  14  budget  44.0
  SmoothedRecency(hl=6h,freq=24h)+Reserve(1)[VoIThresholdSense(lambda=0.01)] 14/24  looks  14  budget  32.0
  SmoothedRecency(hl=6h,freq=24h)+Reserve(1)[VoIThresholdSense(lambda=0.02)] 13/24  looks   9  budget   9.0
  SmoothedRecency(hl=6h,freq=24h)+Reserve(1)[VoIBudgetPriceSense(gamma=0.5,lambda0=0.05)] 13/24  looks  18  budget  42.0
  HierarchyBackoff(po=5,pc=5,hl=24h)+Reserve(1)[SequentialSearch] 15/24  looks  13  budget  40.0
  HierarchyBackoff(po=5,pc=5,hl=24h)+Reserve(1)[VoIThresholdSense(lambda=0.01)] 13/24  looks  18  budget  42.0
  HierarchyBackoff(po=5,pc=5,hl=24h)+Reserve(1)[VoIThresholdSense(lambda=0.02)] 11/24  looks  18  budget  42.0
  HierarchyBackoff(po=5,pc=5,hl=24h)+Reserve(1)[VoIBudgetPriceSense(gamma=0.5,lambda0=0.05)] 13/24  looks  21  budget  45.0
# situation_sim baselines · hh_s11

20 agents (belief x policy), 24 questions, room-level looks (1 + 3 travel), budget 12/day, walkthrough Wed 18:00.

| agent | right | acc | looks | budget | forced | Thu | Fri | Sat | Sun | spot | on_person | out |
|---|---|---|---|---|---|---|---|---|---|---|---|---|
| HierarchyBackoff(po=5,pc=5,hl=24h)+Reserve(1)[SequentialSearch] | 15/24 | 62% | 13 | 40.0 | 0 | 5/6 | 3/6 | 4/6 | 3/6 | 15/20 | 0/3 | 0/1 |
| Markov1(a=1,cut=24h,hl=24h)+Reserve(1)[SequentialSearch] | 15/24 | 62% | 13 | 43.0 | 0 | 5/6 | 3/6 | 4/6 | 3/6 | 15/20 | 0/3 | 0/1 |
| MostFrequentLocation+Reserve(1)[VoIThresholdSense(lambda=0.01)] | 15/24 | 62% | 14 | 35.0 | 0 | 6/6 | 2/6 | 3/6 | 4/6 | 15/20 | 0/3 | 0/1 |
| SmoothedRecency(hl=6h,freq=24h)+Reserve(1)[SequentialSearch] | 15/24 | 62% | 14 | 44.0 | 0 | 5/6 | 3/6 | 4/6 | 3/6 | 15/20 | 0/3 | 0/1 |
| MostFrequentLocation+Reserve(1)[SequentialSearch] | 15/24 | 62% | 15 | 45.0 | 0 | 5/6 | 3/6 | 4/6 | 3/6 | 15/20 | 0/3 | 0/1 |
| TimetableLookup(bin=1h,days=all)+Reserve(1)[SequentialSearch] | 15/24 | 62% | 15 | 42.0 | 0 | 5/6 | 3/6 | 4/6 | 3/6 | 15/20 | 0/3 | 0/1 |
| SmoothedRecency(hl=6h,freq=24h)+Reserve(1)[VoIThresholdSense(lambda=0.01)] | 14/24 | 58% | 14 | 32.0 | 0 | 5/6 | 2/6 | 3/6 | 4/6 | 14/20 | 0/3 | 0/1 |
| SmoothedRecency(hl=6h,freq=24h)+Reserve(1)[VoIThresholdSense(lambda=0.02)] | 13/24 | 54% | 9 | 9.0 | 0 | 4/6 | 2/6 | 3/6 | 4/6 | 13/20 | 0/3 | 0/1 |
| TimetableLookup(bin=1h,days=all)+Reserve(1)[VoIThresholdSense(lambda=0.02)] | 13/24 | 54% | 10 | 10.0 | 0 | 4/6 | 2/6 | 3/6 | 4/6 | 13/20 | 0/3 | 0/1 |
| MostFrequentLocation+Reserve(1)[VoIThresholdSense(lambda=0.02)] | 13/24 | 54% | 11 | 11.0 | 0 | 4/6 | 2/6 | 3/6 | 4/6 | 13/20 | 0/3 | 0/1 |
| MostFrequentLocation+Reserve(1)[VoIBudgetPriceSense(gamma=0.5,lambda0=0.05)] | 13/24 | 54% | 16 | 40.0 | 0 | 5/6 | 2/6 | 3/6 | 3/6 | 13/20 | 0/3 | 0/1 |
| TimetableLookup(bin=1h,days=all)+Reserve(1)[VoIBudgetPriceSense(gamma=0.5,lambda0=0.05)] | 13/24 | 54% | 16 | 40.0 | 0 | 5/6 | 2/6 | 3/6 | 3/6 | 13/20 | 0/3 | 0/1 |
| HierarchyBackoff(po=5,pc=5,hl=24h)+Reserve(1)[VoIThresholdSense(lambda=0.01)] | 13/24 | 54% | 18 | 42.0 | 0 | 4/6 | 2/6 | 3/6 | 4/6 | 13/20 | 0/3 | 0/1 |
| SmoothedRecency(hl=6h,freq=24h)+Reserve(1)[VoIBudgetPriceSense(gamma=0.5,lambda0=0.05)] | 13/24 | 54% | 18 | 42.0 | 0 | 5/6 | 2/6 | 3/6 | 3/6 | 13/20 | 0/3 | 0/1 |
| HierarchyBackoff(po=5,pc=5,hl=24h)+Reserve(1)[VoIBudgetPriceSense(gamma=0.5,lambda0=0.05)] | 13/24 | 54% | 21 | 45.0 | 0 | 5/6 | 2/6 | 3/6 | 3/6 | 13/20 | 0/3 | 0/1 |
| TimetableLookup(bin=1h,days=all)+Reserve(1)[VoIThresholdSense(lambda=0.01)] | 12/24 | 50% | 12 | 24.0 | 0 | 5/6 | 2/6 | 2/6 | 3/6 | 12/20 | 0/3 | 0/1 |
| Markov1(a=1,cut=24h,hl=24h)+Reserve(1)[VoIThresholdSense(lambda=0.02)] | 12/24 | 50% | 14 | 14.0 | 0 | 3/6 | 2/6 | 3/6 | 4/6 | 12/20 | 0/3 | 0/1 |
| Markov1(a=1,cut=24h,hl=24h)+Reserve(1)[VoIBudgetPriceSense(gamma=0.5,lambda0=0.05)] | 11/24 | 46% | 16 | 40.0 | 0 | 3/6 | 1/6 | 4/6 | 3/6 | 11/20 | 0/3 | 0/1 |
| HierarchyBackoff(po=5,pc=5,hl=24h)+Reserve(1)[VoIThresholdSense(lambda=0.02)] | 11/24 | 46% | 18 | 42.0 | 0 | 4/6 | 2/6 | 2/6 | 3/6 | 11/20 | 0/3 | 0/1 |
| Markov1(a=1,cut=24h,hl=24h)+Reserve(1)[VoIThresholdSense(lambda=0.01)] | 9/24 | 38% | 12 | 24.0 | 0 | 4/6 | 1/6 | 1/6 | 3/6 | 9/20 | 0/3 | 0/1 |

## Question difficulty (agents that got it right)

| q | object | truth | solved by |
|---|---|---|---|
| q01 | snack_bowl_shared | coffee_table_l1 | 2/20 |
| q02 | vacuum_cleaner_shared | storage_floor_s1 | 20/20 |
| q03 | shoes_hana | entry_floor_e1 | 13/20 |
| q04 | wallet_priya | entry_table_e1 | 20/20 |
| q05 | glass_hana | sink_k1 | 16/20 |
| q06 | dog_food_bag_shared | pantry_shelf_k1 | 20/20 |
| q07 | phone_hana | ON_PERSON | 0/20 |
| q08 | recipe_book_shared | pantry_shelf_k1 | 9/20 |
| q09 | bowl_hana | cupboard_k1 | 17/20 |
| q10 | book_priya | bed_b2 | 4/20 |
| q11 | pen_hana | OUT_OF_HOUSE | 0/20 |
| q12 | jacket_priya | entry_hook_e1 | 13/20 |
| q13 | toiletry_bag_hana | bathroom_shelf_ba1 | 10/20 |
| q14 | phone_priya | ON_PERSON | 0/20 |
| q15 | glass_hana | nightstand_b1 | 1/20 |
| q16 | bowl_hana | cupboard_k1 | 20/20 |
| q17 | spatula_shared | drawer_k_k1 | 17/20 |
| q18 | shoes_hana | shoe_rack_e1 | 14/20 |
| q19 | phone_hana | ON_PERSON | 0/20 |
| q20 | blanket_shared | bed_b1 | 0/20 |
| q21 | serving_dish_shared | cupboard_k1 | 15/20 |
| q22 | pot_shared | cupboard_k1 | 18/20 |
| q23 | wallet_priya | entry_table_e1 | 20/20 |
| q24 | skincare_priya | bathroom_shelf_ba1 | 14/20 |

