  MostFrequentLocation+Reserve(1)[SequentialSearch]            18/24  looks  17  budget  41.0
  MostFrequentLocation+Reserve(1)[VoIThresholdSense(lambda=0.01)] 17/24  looks  16  budget  25.0
  MostFrequentLocation+Reserve(1)[VoIThresholdSense(lambda=0.02)] 15/24  looks  15  budget  18.0
  MostFrequentLocation+Reserve(1)[VoIBudgetPriceSense(gamma=0.5,lambda0=0.05)] 18/24  looks  22  budget  43.0
  TimetableLookup(bin=1h,days=all)+Reserve(1)[SequentialSearch] 18/24  looks  17  budget  41.0
  TimetableLookup(bin=1h,days=all)+Reserve(1)[VoIThresholdSense(lambda=0.01)] 17/24  looks  16  budget  25.0
  TimetableLookup(bin=1h,days=all)+Reserve(1)[VoIThresholdSense(lambda=0.02)] 14/24  looks  17  budget  20.0
  TimetableLookup(bin=1h,days=all)+Reserve(1)[VoIBudgetPriceSense(gamma=0.5,lambda0=0.05)] 18/24  looks  22  budget  43.0
  Markov1(a=1,cut=24h,hl=24h)+Reserve(1)[SequentialSearch]     11/24  looks  13  budget  40.0
  Markov1(a=1,cut=24h,hl=24h)+Reserve(1)[VoIThresholdSense(lambda=0.01)] 17/24  looks  17  budget  26.0
  Markov1(a=1,cut=24h,hl=24h)+Reserve(1)[VoIThresholdSense(lambda=0.02)] 18/24  looks  21  budget  24.0
  Markov1(a=1,cut=24h,hl=24h)+Reserve(1)[VoIBudgetPriceSense(gamma=0.5,lambda0=0.05)] 16/24  looks  21  budget  42.0
  SmoothedRecency(hl=6h,freq=24h)+Reserve(1)[SequentialSearch] 18/24  looks  16  budget  40.0
  SmoothedRecency(hl=6h,freq=24h)+Reserve(1)[VoIThresholdSense(lambda=0.01)] 17/24  looks  14  budget  23.0
  SmoothedRecency(hl=6h,freq=24h)+Reserve(1)[VoIThresholdSense(lambda=0.02)] 14/24  looks  14  budget  29.0
  SmoothedRecency(hl=6h,freq=24h)+Reserve(1)[VoIBudgetPriceSense(gamma=0.5,lambda0=0.05)] 17/24  looks  22  budget  40.0
  HierarchyBackoff(po=5,pc=5,hl=24h)+Reserve(1)[SequentialSearch] 17/24  looks  17  budget  41.0
  HierarchyBackoff(po=5,pc=5,hl=24h)+Reserve(1)[VoIThresholdSense(lambda=0.01)] 17/24  looks  16  budget  25.0
  HierarchyBackoff(po=5,pc=5,hl=24h)+Reserve(1)[VoIThresholdSense(lambda=0.02)] 16/24  looks  16  budget  19.0
  HierarchyBackoff(po=5,pc=5,hl=24h)+Reserve(1)[VoIBudgetPriceSense(gamma=0.5,lambda0=0.05)] 17/24  looks  24  budget  39.0
# situation_sim baselines · hh_s7

20 agents (belief x policy), 24 questions, room-level looks (1 + 3 travel), budget 12/day, walkthrough Wed 18:00.

| agent | right | acc | looks | budget | forced | Thu | Fri | Sat | Sun | spot | on_person | out |
|---|---|---|---|---|---|---|---|---|---|---|---|---|
| SmoothedRecency(hl=6h,freq=24h)+Reserve(1)[SequentialSearch] | 18/24 | 75% | 16 | 40.0 | 0 | 3/6 | 5/6 | 5/6 | 5/6 | 18/20 | 0/1 | 0/3 |
| MostFrequentLocation+Reserve(1)[SequentialSearch] | 18/24 | 75% | 17 | 41.0 | 0 | 3/6 | 5/6 | 5/6 | 5/6 | 18/20 | 0/1 | 0/3 |
| TimetableLookup(bin=1h,days=all)+Reserve(1)[SequentialSearch] | 18/24 | 75% | 17 | 41.0 | 0 | 3/6 | 5/6 | 5/6 | 5/6 | 18/20 | 0/1 | 0/3 |
| Markov1(a=1,cut=24h,hl=24h)+Reserve(1)[VoIThresholdSense(lambda=0.02)] | 18/24 | 75% | 21 | 24.0 | 0 | 3/6 | 5/6 | 5/6 | 5/6 | 18/20 | 0/1 | 0/3 |
| MostFrequentLocation+Reserve(1)[VoIBudgetPriceSense(gamma=0.5,lambda0=0.05)] | 18/24 | 75% | 22 | 43.0 | 0 | 4/6 | 5/6 | 5/6 | 4/6 | 18/20 | 0/1 | 0/3 |
| TimetableLookup(bin=1h,days=all)+Reserve(1)[VoIBudgetPriceSense(gamma=0.5,lambda0=0.05)] | 18/24 | 75% | 22 | 43.0 | 0 | 4/6 | 5/6 | 5/6 | 4/6 | 18/20 | 0/1 | 0/3 |
| SmoothedRecency(hl=6h,freq=24h)+Reserve(1)[VoIThresholdSense(lambda=0.01)] | 17/24 | 71% | 14 | 23.0 | 0 | 3/6 | 5/6 | 5/6 | 4/6 | 17/20 | 0/1 | 0/3 |
| HierarchyBackoff(po=5,pc=5,hl=24h)+Reserve(1)[VoIThresholdSense(lambda=0.01)] | 17/24 | 71% | 16 | 25.0 | 0 | 3/6 | 5/6 | 5/6 | 4/6 | 17/20 | 0/1 | 0/3 |
| MostFrequentLocation+Reserve(1)[VoIThresholdSense(lambda=0.01)] | 17/24 | 71% | 16 | 25.0 | 0 | 3/6 | 5/6 | 5/6 | 4/6 | 17/20 | 0/1 | 0/3 |
| TimetableLookup(bin=1h,days=all)+Reserve(1)[VoIThresholdSense(lambda=0.01)] | 17/24 | 71% | 16 | 25.0 | 0 | 3/6 | 5/6 | 5/6 | 4/6 | 17/20 | 0/1 | 0/3 |
| HierarchyBackoff(po=5,pc=5,hl=24h)+Reserve(1)[SequentialSearch] | 17/24 | 71% | 17 | 41.0 | 0 | 3/6 | 5/6 | 5/6 | 4/6 | 17/20 | 0/1 | 0/3 |
| Markov1(a=1,cut=24h,hl=24h)+Reserve(1)[VoIThresholdSense(lambda=0.01)] | 17/24 | 71% | 17 | 26.0 | 0 | 3/6 | 5/6 | 5/6 | 4/6 | 17/20 | 0/1 | 0/3 |
| SmoothedRecency(hl=6h,freq=24h)+Reserve(1)[VoIBudgetPriceSense(gamma=0.5,lambda0=0.05)] | 17/24 | 71% | 22 | 40.0 | 0 | 3/6 | 5/6 | 5/6 | 4/6 | 17/20 | 0/1 | 0/3 |
| HierarchyBackoff(po=5,pc=5,hl=24h)+Reserve(1)[VoIBudgetPriceSense(gamma=0.5,lambda0=0.05)] | 17/24 | 71% | 24 | 39.0 | 0 | 3/6 | 5/6 | 5/6 | 4/6 | 17/20 | 0/1 | 0/3 |
| HierarchyBackoff(po=5,pc=5,hl=24h)+Reserve(1)[VoIThresholdSense(lambda=0.02)] | 16/24 | 67% | 16 | 19.0 | 0 | 2/6 | 5/6 | 5/6 | 4/6 | 16/20 | 0/1 | 0/3 |
| Markov1(a=1,cut=24h,hl=24h)+Reserve(1)[VoIBudgetPriceSense(gamma=0.5,lambda0=0.05)] | 16/24 | 67% | 21 | 42.0 | 0 | 4/6 | 5/6 | 3/6 | 4/6 | 16/20 | 0/1 | 0/3 |
| MostFrequentLocation+Reserve(1)[VoIThresholdSense(lambda=0.02)] | 15/24 | 62% | 15 | 18.0 | 0 | 2/6 | 4/6 | 5/6 | 4/6 | 15/20 | 0/1 | 0/3 |
| SmoothedRecency(hl=6h,freq=24h)+Reserve(1)[VoIThresholdSense(lambda=0.02)] | 14/24 | 58% | 14 | 29.0 | 0 | 3/6 | 4/6 | 3/6 | 4/6 | 14/20 | 0/1 | 0/3 |
| TimetableLookup(bin=1h,days=all)+Reserve(1)[VoIThresholdSense(lambda=0.02)] | 14/24 | 58% | 17 | 20.0 | 0 | 2/6 | 4/6 | 5/6 | 3/6 | 14/20 | 0/1 | 0/3 |
| Markov1(a=1,cut=24h,hl=24h)+Reserve(1)[SequentialSearch] | 11/24 | 46% | 13 | 40.0 | 0 | 2/6 | 4/6 | 3/6 | 2/6 | 11/20 | 0/1 | 0/3 |

## Question difficulty (agents that got it right)

| q | object | truth | solved by |
|---|---|---|---|
| q01 | jacket_hana | entry_hook_e1 | 20/20 |
| q02 | mug_hana | kitchen_table_k1 | 19/20 |
| q03 | plate_hana | sink_k1 | 12/20 |
| q04 | phone_hana | OUT_OF_HOUSE | 0/20 |
| q05 | pen_dana | desk_o1 | 0/20 |
| q06 | hat_dana | shoe_rack_e1 | 8/20 |
| q07 | cutting_board_shared | sink_k1 | 17/20 |
| q08 | plate_dana | dish_rack_k1 | 20/20 |
| q09 | umbrella_hana | entry_floor_e1 | 20/20 |
| q10 | water_bottle_dana | dish_rack_k1 | 19/20 |
| q11 | jacket_hana | OUT_OF_HOUSE | 0/20 |
| q12 | umbrella_hana | entry_floor_e1 | 20/20 |
| q13 | jacket_hana | entry_hook_e1 | 20/20 |
| q14 | recipe_book_shared | counter_k1 | 20/20 |
| q15 | shoes_hana | shoe_rack_e1 | 20/20 |
| q16 | glass_dana | counter_k1 | 17/20 |
| q17 | mug_hana | cupboard_k1 | 17/20 |
| q18 | wallet_hana | OUT_OF_HOUSE | 0/20 |
| q19 | glass_dana | counter_k1 | 19/20 |
| q20 | serving_dish_shared | cupboard_k1 | 19/20 |
| q21 | kitchen_knife_shared | drawer_k_k1 | 19/20 |
| q22 | phone_hana | ON_PERSON | 0/20 |
| q23 | water_bottle_dana | sink_k1 | 4/20 |
| q24 | keys_hana | entry_table_e1 | 20/20 |

