  MostFrequentLocation+Reserve(1)[SequentialSearch]            13/24  looks  14  budget  44.0
  MostFrequentLocation+Reserve(1)[VoIThresholdSense(lambda=0.01)] 12/24  looks  16  budget  40.0
  MostFrequentLocation+Reserve(1)[VoIThresholdSense(lambda=0.02)] 12/24  looks  11  budget  29.0
  MostFrequentLocation+Reserve(1)[VoIBudgetPriceSense(gamma=0.5,lambda0=0.05)] 13/24  looks  16  budget  40.0
  TimetableLookup(bin=1h,days=all)+Reserve(1)[SequentialSearch] 13/24  looks  14  budget  44.0
  TimetableLookup(bin=1h,days=all)+Reserve(1)[VoIThresholdSense(lambda=0.01)] 11/24  looks  16  budget  40.0
  TimetableLookup(bin=1h,days=all)+Reserve(1)[VoIThresholdSense(lambda=0.02)] 12/24  looks  12  budget  30.0
  TimetableLookup(bin=1h,days=all)+Reserve(1)[VoIBudgetPriceSense(gamma=0.5,lambda0=0.05)] 12/24  looks  16  budget  40.0
  Markov1(a=1,cut=24h,hl=24h)+Reserve(1)[SequentialSearch]     11/24  looks  15  budget  48.0
  Markov1(a=1,cut=24h,hl=24h)+Reserve(1)[VoIThresholdSense(lambda=0.01)] 11/24  looks  15  budget  39.0
  Markov1(a=1,cut=24h,hl=24h)+Reserve(1)[VoIThresholdSense(lambda=0.02)] 10/24  looks  12  budget  27.0
  Markov1(a=1,cut=24h,hl=24h)+Reserve(1)[VoIBudgetPriceSense(gamma=0.5,lambda0=0.05)] 12/24  looks  13  budget  37.0
  SmoothedRecency(hl=6h,freq=24h)+Reserve(1)[SequentialSearch] 13/24  looks  13  budget  43.0
  SmoothedRecency(hl=6h,freq=24h)+Reserve(1)[VoIThresholdSense(lambda=0.01)] 11/24  looks  15  budget  33.0
  SmoothedRecency(hl=6h,freq=24h)+Reserve(1)[VoIThresholdSense(lambda=0.02)] 11/24  looks  12  budget  27.0
  SmoothedRecency(hl=6h,freq=24h)+Reserve(1)[VoIBudgetPriceSense(gamma=0.5,lambda0=0.05)] 13/24  looks  20  budget  44.0
  HierarchyBackoff(po=5,pc=5,hl=24h)+Reserve(1)[SequentialSearch] 13/24  looks  13  budget  43.0
  HierarchyBackoff(po=5,pc=5,hl=24h)+Reserve(1)[VoIThresholdSense(lambda=0.01)] 13/24  looks  16  budget  37.0
  HierarchyBackoff(po=5,pc=5,hl=24h)+Reserve(1)[VoIThresholdSense(lambda=0.02)] 14/24  looks  17  budget  32.0
  HierarchyBackoff(po=5,pc=5,hl=24h)+Reserve(1)[VoIBudgetPriceSense(gamma=0.5,lambda0=0.05)] 13/24  looks  18  budget  42.0
# situation_sim baselines · hh_s8

20 agents (belief x policy), 24 questions, room-level looks (1 + 3 travel), budget 12/day, walkthrough Wed 18:00.

| agent | right | acc | looks | budget | forced | Thu | Fri | Sat | Sun | spot | on_person | out |
|---|---|---|---|---|---|---|---|---|---|---|---|---|
| HierarchyBackoff(po=5,pc=5,hl=24h)+Reserve(1)[VoIThresholdSense(lambda=0.02)] | 14/24 | 58% | 17 | 32.0 | 0 | 3/6 | 3/6 | 4/6 | 4/6 | 14/19 | 0/3 | 0/2 |
| HierarchyBackoff(po=5,pc=5,hl=24h)+Reserve(1)[SequentialSearch] | 13/24 | 54% | 13 | 43.0 | 0 | 2/6 | 2/6 | 4/6 | 5/6 | 13/19 | 0/3 | 0/2 |
| SmoothedRecency(hl=6h,freq=24h)+Reserve(1)[SequentialSearch] | 13/24 | 54% | 13 | 43.0 | 0 | 2/6 | 2/6 | 4/6 | 5/6 | 13/19 | 0/3 | 0/2 |
| MostFrequentLocation+Reserve(1)[SequentialSearch] | 13/24 | 54% | 14 | 44.0 | 0 | 2/6 | 2/6 | 4/6 | 5/6 | 13/19 | 0/3 | 0/2 |
| TimetableLookup(bin=1h,days=all)+Reserve(1)[SequentialSearch] | 13/24 | 54% | 14 | 44.0 | 0 | 2/6 | 2/6 | 4/6 | 5/6 | 13/19 | 0/3 | 0/2 |
| HierarchyBackoff(po=5,pc=5,hl=24h)+Reserve(1)[VoIThresholdSense(lambda=0.01)] | 13/24 | 54% | 16 | 37.0 | 0 | 2/6 | 2/6 | 4/6 | 5/6 | 13/19 | 0/3 | 0/2 |
| MostFrequentLocation+Reserve(1)[VoIBudgetPriceSense(gamma=0.5,lambda0=0.05)] | 13/24 | 54% | 16 | 40.0 | 0 | 2/6 | 2/6 | 4/6 | 5/6 | 13/19 | 0/3 | 0/2 |
| HierarchyBackoff(po=5,pc=5,hl=24h)+Reserve(1)[VoIBudgetPriceSense(gamma=0.5,lambda0=0.05)] | 13/24 | 54% | 18 | 42.0 | 0 | 2/6 | 2/6 | 4/6 | 5/6 | 13/19 | 0/3 | 0/2 |
| SmoothedRecency(hl=6h,freq=24h)+Reserve(1)[VoIBudgetPriceSense(gamma=0.5,lambda0=0.05)] | 13/24 | 54% | 20 | 44.0 | 0 | 2/6 | 2/6 | 4/6 | 5/6 | 13/19 | 0/3 | 0/2 |
| MostFrequentLocation+Reserve(1)[VoIThresholdSense(lambda=0.02)] | 12/24 | 50% | 11 | 29.0 | 0 | 2/6 | 2/6 | 3/6 | 5/6 | 12/19 | 0/3 | 0/2 |
| TimetableLookup(bin=1h,days=all)+Reserve(1)[VoIThresholdSense(lambda=0.02)] | 12/24 | 50% | 12 | 30.0 | 0 | 2/6 | 2/6 | 3/6 | 5/6 | 12/19 | 0/3 | 0/2 |
| Markov1(a=1,cut=24h,hl=24h)+Reserve(1)[VoIBudgetPriceSense(gamma=0.5,lambda0=0.05)] | 12/24 | 50% | 13 | 37.0 | 0 | 2/6 | 2/6 | 4/6 | 4/6 | 12/19 | 0/3 | 0/2 |
| MostFrequentLocation+Reserve(1)[VoIThresholdSense(lambda=0.01)] | 12/24 | 50% | 16 | 40.0 | 0 | 2/6 | 1/6 | 4/6 | 5/6 | 12/19 | 0/3 | 0/2 |
| TimetableLookup(bin=1h,days=all)+Reserve(1)[VoIBudgetPriceSense(gamma=0.5,lambda0=0.05)] | 12/24 | 50% | 16 | 40.0 | 0 | 2/6 | 2/6 | 4/6 | 4/6 | 12/19 | 0/3 | 0/2 |
| SmoothedRecency(hl=6h,freq=24h)+Reserve(1)[VoIThresholdSense(lambda=0.02)] | 11/24 | 46% | 12 | 27.0 | 0 | 2/6 | 2/6 | 3/6 | 4/6 | 11/19 | 0/3 | 0/2 |
| Markov1(a=1,cut=24h,hl=24h)+Reserve(1)[SequentialSearch] | 11/24 | 46% | 15 | 48.0 | 0 | 2/6 | 2/6 | 4/6 | 3/6 | 11/19 | 0/3 | 0/2 |
| Markov1(a=1,cut=24h,hl=24h)+Reserve(1)[VoIThresholdSense(lambda=0.01)] | 11/24 | 46% | 15 | 39.0 | 0 | 2/6 | 2/6 | 3/6 | 4/6 | 11/19 | 0/3 | 0/2 |
| SmoothedRecency(hl=6h,freq=24h)+Reserve(1)[VoIThresholdSense(lambda=0.01)] | 11/24 | 46% | 15 | 33.0 | 0 | 2/6 | 1/6 | 4/6 | 4/6 | 11/19 | 0/3 | 0/2 |
| TimetableLookup(bin=1h,days=all)+Reserve(1)[VoIThresholdSense(lambda=0.01)] | 11/24 | 46% | 16 | 40.0 | 0 | 2/6 | 1/6 | 4/6 | 4/6 | 11/19 | 0/3 | 0/2 |
| Markov1(a=1,cut=24h,hl=24h)+Reserve(1)[VoIThresholdSense(lambda=0.02)] | 10/24 | 42% | 12 | 27.0 | 0 | 2/6 | 1/6 | 3/6 | 4/6 | 10/19 | 0/3 | 0/2 |

## Question difficulty (agents that got it right)

| q | object | truth | solved by |
|---|---|---|---|
| q01 | pen_felix | OUT_OF_HOUSE | 0/20 |
| q02 | jacket_aisha | entry_hook_e1 | 20/20 |
| q03 | towel_felix | towel_rack_ba1 | 20/20 |
| q04 | phone_aisha | ON_PERSON | 0/20 |
| q05 | hat_aisha | OUT_OF_HOUSE | 0/20 |
| q06 | glass_aisha | cupboard_k1 | 1/20 |
| q07 | vacuum_cleaner_shared | storage_floor_s1 | 20/20 |
| q08 | phone_aisha | ON_PERSON | 0/20 |
| q09 | skincare_felix | bathroom_shelf_ba1 | 12/20 |
| q10 | glass_aisha | couch_l1 | 0/20 |
| q11 | kitchen_knife_shared | counter_k1 | 4/20 |
| q12 | tablet_felix | bedroom_floor_b1 | 1/20 |
| q13 | phone_aisha | nightstand_b1 | 1/20 |
| q14 | bowl_aisha | cupboard_k1 | 20/20 |
| q15 | towel_felix | towel_rack_ba1 | 20/20 |
| q16 | hat_aisha | entry_hook_e1 | 20/20 |
| q17 | vacuum_cleaner_shared | floor_l_l1 | 0/20 |
| q18 | skincare_felix | sink_ba_ba1 | 14/20 |
| q19 | keys_felix | entry_table_e1 | 20/20 |
| q20 | phone_aisha | ON_PERSON | 0/20 |
| q21 | glass_felix | pantry_shelf_k1 | 17/20 |
| q22 | mug_felix | sink_k1 | 13/20 |
| q23 | shopping_bag_shared | pantry_shelf_k1 | 20/20 |
| q24 | keys_aisha | entry_table_e1 | 20/20 |

