[holiday_to_work none_mf] hh_s0 none base=mostfreq hl=None 1079/1728
[holiday_to_work none_tt] hh_s0 none base=timetable hl=None 1245/1728
[holiday_to_work none_tt72] hh_s0 none base=timetable hl=72.0 1268/1728
[holiday_to_work ocp_tt] hh_s0 ocp base=timetable hl=None 1245/1728 coverage 0.917 mean set 4.3
[holiday_to_work ocp_tt_norel] hh_s0 ocp base=timetable hl=None 1245/1728 coverage 0.921 mean set 4.1
[holiday_to_work mon_tt] hh_s0 martingale base=timetable hl=None 1245/1728 fires 0 on days [] shift=[1, 2, 3, 4, 5, 6, 7, 8, 9, 10, 11, 12, 13]
[holiday_to_work mon_tt72] hh_s0 martingale base=timetable hl=72.0 1268/1728 fires 0 on days [] shift=[1, 2, 3, 4, 5, 6, 7, 8, 9, 10, 11, 12, 13]
[holiday_to_work mart_tt] hh_s0 martingale base=timetable hl=None 1245/1728 fires 0 on days [] shift=[1, 2, 3, 4, 5, 6, 7, 8, 9, 10, 11, 12, 13]
[holiday_to_work mart_tt72] hh_s0 martingale base=timetable hl=72.0 1268/1728 fires 0 on days [] shift=[1, 2, 3, 4, 5, 6, 7, 8, 9, 10, 11, 12, 13]
[holiday_to_work bma_tt] hh_s0 bma base=timetable hl=None 1265/1728 final weights {'24.0': 0.0063, '72.0': 0.0241, '168.0': 0.0717, 'None': 0.898}
[holiday_to_work none_mf] hh_s1 none base=mostfreq hl=None 1060/1728
[holiday_to_work none_tt] hh_s1 none base=timetable hl=None 1308/1728
[holiday_to_work none_tt72] hh_s1 none base=timetable hl=72.0 1317/1728
[holiday_to_work ocp_tt] hh_s1 ocp base=timetable hl=None 1308/1728 coverage 0.904 mean set 3.7
[holiday_to_work ocp_tt_norel] hh_s1 ocp base=timetable hl=None 1308/1728 coverage 0.906 mean set 3.4
[holiday_to_work mon_tt] hh_s1 martingale base=timetable hl=None 1308/1728 fires 0 on days [] shift=[1, 2, 3, 4, 5, 6, 7, 8, 9, 10, 11, 12, 13]
[holiday_to_work mon_tt72] hh_s1 martingale base=timetable hl=72.0 1317/1728 fires 0 on days [] shift=[1, 2, 3, 4, 5, 6, 7, 8, 9, 10, 11, 12, 13]
[holiday_to_work mart_tt] hh_s1 martingale base=timetable hl=None 1308/1728 fires 0 on days [] shift=[1, 2, 3, 4, 5, 6, 7, 8, 9, 10, 11, 12, 13]
[holiday_to_work mart_tt72] hh_s1 martingale base=timetable hl=72.0 1317/1728 fires 0 on days [] shift=[1, 2, 3, 4, 5, 6, 7, 8, 9, 10, 11, 12, 13]
[holiday_to_work bma_tt] hh_s1 bma base=timetable hl=None 1311/1728 final weights {'24.0': 0.026, '72.0': 0.0401, '168.0': 0.1539, 'None': 0.78}
[holiday_to_work none_mf] hh_s2 none base=mostfreq hl=None 977/1728
[holiday_to_work none_tt] hh_s2 none base=timetable hl=None 1319/1728
[holiday_to_work none_tt72] hh_s2 none base=timetable hl=72.0 1324/1728
[holiday_to_work ocp_tt] hh_s2 ocp base=timetable hl=None 1319/1728 coverage 0.921 mean set 4.1
[holiday_to_work ocp_tt_norel] hh_s2 ocp base=timetable hl=None 1319/1728 coverage 0.923 mean set 4.5
[holiday_to_work mon_tt] hh_s2 martingale base=timetable hl=None 1319/1728 fires 0 on days [] shift=[1, 2, 3, 4, 5, 6, 7, 8, 9, 10, 11, 12, 13]
[holiday_to_work mon_tt72] hh_s2 martingale base=timetable hl=72.0 1324/1728 fires 0 on days [] shift=[1, 2, 3, 4, 5, 6, 7, 8, 9, 10, 11, 12, 13]
[holiday_to_work mart_tt] hh_s2 martingale base=timetable hl=None 1319/1728 fires 0 on days [] shift=[1, 2, 3, 4, 5, 6, 7, 8, 9, 10, 11, 12, 13]
[holiday_to_work mart_tt72] hh_s2 martingale base=timetable hl=72.0 1324/1728 fires 0 on days [] shift=[1, 2, 3, 4, 5, 6, 7, 8, 9, 10, 11, 12, 13]
[holiday_to_work bma_tt] hh_s2 bma base=timetable hl=None 1339/1728 final weights {'24.0': 0.0078, '72.0': 0.0101, '168.0': 0.0204, 'None': 0.9617}
[holiday_to_work none_mf] hh_s3 none base=mostfreq hl=None 1100/1728
[holiday_to_work none_tt] hh_s3 none base=timetable hl=None 1286/1728
[holiday_to_work none_tt72] hh_s3 none base=timetable hl=72.0 1320/1728
[holiday_to_work ocp_tt] hh_s3 ocp base=timetable hl=None 1286/1728 coverage 0.906 mean set 6.9
[holiday_to_work ocp_tt_norel] hh_s3 ocp base=timetable hl=None 1286/1728 coverage 0.907 mean set 6.5
[holiday_to_work mon_tt] hh_s3 martingale base=timetable hl=None 1286/1728 fires 1 on days [27] shift=[1, 2, 3, 4, 5, 6, 7, 8, 9, 10, 11, 12, 13]
[holiday_to_work mon_tt72] hh_s3 martingale base=timetable hl=72.0 1320/1728 fires 0 on days [] shift=[1, 2, 3, 4, 5, 6, 7, 8, 9, 10, 11, 12, 13]
[holiday_to_work mart_tt] hh_s3 martingale base=timetable hl=None 1285/1728 fires 1 on days [27] shift=[1, 2, 3, 4, 5, 6, 7, 8, 9, 10, 11, 12, 13]
[holiday_to_work mart_tt72] hh_s3 martingale base=timetable hl=72.0 1320/1728 fires 0 on days [] shift=[1, 2, 3, 4, 5, 6, 7, 8, 9, 10, 11, 12, 13]
[holiday_to_work bma_tt] hh_s3 bma base=timetable hl=None 1306/1728 final weights {'24.0': 0.0101, '72.0': 0.0103, '168.0': 0.0217, 'None': 0.9579}
[holiday_to_work none_mf] hh_s4 none base=mostfreq hl=None 1019/1728
[holiday_to_work none_tt] hh_s4 none base=timetable hl=None 1237/1728
[holiday_to_work none_tt72] hh_s4 none base=timetable hl=72.0 1248/1728
[holiday_to_work ocp_tt] hh_s4 ocp base=timetable hl=None 1237/1728 coverage 0.915 mean set 7.1
[holiday_to_work ocp_tt_norel] hh_s4 ocp base=timetable hl=None 1237/1728 coverage 0.918 mean set 6.3
[holiday_to_work mon_tt] hh_s4 martingale base=timetable hl=None 1237/1728 fires 0 on days [] shift=[1, 2, 3, 4, 5, 6, 7, 8, 9, 10, 11, 12, 13]
[holiday_to_work mon_tt72] hh_s4 martingale base=timetable hl=72.0 1248/1728 fires 0 on days [] shift=[1, 2, 3, 4, 5, 6, 7, 8, 9, 10, 11, 12, 13]
[holiday_to_work mart_tt] hh_s4 martingale base=timetable hl=None 1237/1728 fires 0 on days [] shift=[1, 2, 3, 4, 5, 6, 7, 8, 9, 10, 11, 12, 13]
[holiday_to_work mart_tt72] hh_s4 martingale base=timetable hl=72.0 1248/1728 fires 0 on days [] shift=[1, 2, 3, 4, 5, 6, 7, 8, 9, 10, 11, 12, 13]
[holiday_to_work bma_tt] hh_s4 bma base=timetable hl=None 1256/1728 final weights {'24.0': 0.068, '72.0': 0.071, '168.0': 0.0997, 'None': 0.7613}
[holiday_to_work none_mf] hh_s5 none base=mostfreq hl=None 832/1728
[holiday_to_work none_tt] hh_s5 none base=timetable hl=None 1201/1728
[holiday_to_work none_tt72] hh_s5 none base=timetable hl=72.0 1223/1728
[holiday_to_work ocp_tt] hh_s5 ocp base=timetable hl=None 1201/1728 coverage 0.921 mean set 4.4
[holiday_to_work ocp_tt_norel] hh_s5 ocp base=timetable hl=None 1201/1728 coverage 0.924 mean set 3.7
[holiday_to_work mon_tt] hh_s5 martingale base=timetable hl=None 1201/1728 fires 0 on days [] shift=[1, 2, 3, 4, 5, 6, 7, 8, 9, 10, 11, 12, 13]
[holiday_to_work mon_tt72] hh_s5 martingale base=timetable hl=72.0 1223/1728 fires 0 on days [] shift=[1, 2, 3, 4, 5, 6, 7, 8, 9, 10, 11, 12, 13]
[holiday_to_work mart_tt] hh_s5 martingale base=timetable hl=None 1201/1728 fires 0 on days [] shift=[1, 2, 3, 4, 5, 6, 7, 8, 9, 10, 11, 12, 13]
[holiday_to_work mart_tt72] hh_s5 martingale base=timetable hl=72.0 1223/1728 fires 0 on days [] shift=[1, 2, 3, 4, 5, 6, 7, 8, 9, 10, 11, 12, 13]
[holiday_to_work bma_tt] hh_s5 bma base=timetable hl=None 1219/1728 final weights {'24.0': 0.0088, '72.0': 0.0166, '168.0': 0.0394, 'None': 0.9352}
[holiday_to_work none_mf] hh_s6 none base=mostfreq hl=None 1006/1728
[holiday_to_work none_tt] hh_s6 none base=timetable hl=None 1227/1728
[holiday_to_work none_tt72] hh_s6 none base=timetable hl=72.0 1221/1728
[holiday_to_work ocp_tt] hh_s6 ocp base=timetable hl=None 1227/1728 coverage 0.911 mean set 3.7
[holiday_to_work ocp_tt_norel] hh_s6 ocp base=timetable hl=None 1227/1728 coverage 0.916 mean set 3.3
[holiday_to_work mon_tt] hh_s6 martingale base=timetable hl=None 1227/1728 fires 1 on days [18] shift=[1, 2, 3, 4, 5, 6, 7, 8, 9, 10, 11, 12, 13]
[holiday_to_work mon_tt72] hh_s6 martingale base=timetable hl=72.0 1221/1728 fires 1 on days [18] shift=[1, 2, 3, 4, 5, 6, 7, 8, 9, 10, 11, 12, 13]
[holiday_to_work mart_tt] hh_s6 martingale base=timetable hl=None 1216/1728 fires 1 on days [18] shift=[1, 2, 3, 4, 5, 6, 7, 8, 9, 10, 11, 12, 13]
[holiday_to_work mart_tt72] hh_s6 martingale base=timetable hl=72.0 1218/1728 fires 1 on days [18] shift=[1, 2, 3, 4, 5, 6, 7, 8, 9, 10, 11, 12, 13]
[holiday_to_work bma_tt] hh_s6 bma base=timetable hl=None 1251/1728 final weights {'24.0': 0.0124, '72.0': 0.0179, '168.0': 0.07, 'None': 0.8997}
[holiday_to_work none_mf] hh_s7 none base=mostfreq hl=None 997/1728
[holiday_to_work none_tt] hh_s7 none base=timetable hl=None 1390/1728
[holiday_to_work none_tt72] hh_s7 none base=timetable hl=72.0 1398/1728
[holiday_to_work ocp_tt] hh_s7 ocp base=timetable hl=None 1390/1728 coverage 0.913 mean set 3.7
[holiday_to_work ocp_tt_norel] hh_s7 ocp base=timetable hl=None 1390/1728 coverage 0.916 mean set 4.0
[holiday_to_work mon_tt] hh_s7 martingale base=timetable hl=None 1390/1728 fires 1 on days [4] shift=[1, 2, 3, 4, 5, 6, 7, 8, 9, 10, 11, 12, 13]
[holiday_to_work mon_tt72] hh_s7 martingale base=timetable hl=72.0 1398/1728 fires 0 on days [] shift=[1, 2, 3, 4, 5, 6, 7, 8, 9, 10, 11, 12, 13]
[holiday_to_work mart_tt] hh_s7 martingale base=timetable hl=None 1399/1728 fires 1 on days [4] shift=[1, 2, 3, 4, 5, 6, 7, 8, 9, 10, 11, 12, 13]
[holiday_to_work mart_tt72] hh_s7 martingale base=timetable hl=72.0 1398/1728 fires 0 on days [] shift=[1, 2, 3, 4, 5, 6, 7, 8, 9, 10, 11, 12, 13]
[holiday_to_work bma_tt] hh_s7 bma base=timetable hl=None 1396/1728 final weights {'24.0': 0.0075, '72.0': 0.0131, '168.0': 0.0535, 'None': 0.9259}
[holiday_to_work none_mf] hh_s8 none base=mostfreq hl=None 909/1728
[holiday_to_work none_tt] hh_s8 none base=timetable hl=None 1224/1728
[holiday_to_work none_tt72] hh_s8 none base=timetable hl=72.0 1246/1728
[holiday_to_work ocp_tt] hh_s8 ocp base=timetable hl=None 1224/1728 coverage 0.912 mean set 4.1
[holiday_to_work ocp_tt_norel] hh_s8 ocp base=timetable hl=None 1224/1728 coverage 0.917 mean set 3.9
[holiday_to_work mon_tt] hh_s8 martingale base=timetable hl=None 1224/1728 fires 0 on days [] shift=[1, 2, 3, 4, 5, 6, 7, 8, 9, 10, 11, 12, 13]
[holiday_to_work mon_tt72] hh_s8 martingale base=timetable hl=72.0 1246/1728 fires 0 on days [] shift=[1, 2, 3, 4, 5, 6, 7, 8, 9, 10, 11, 12, 13]
[holiday_to_work mart_tt] hh_s8 martingale base=timetable hl=None 1224/1728 fires 0 on days [] shift=[1, 2, 3, 4, 5, 6, 7, 8, 9, 10, 11, 12, 13]
[holiday_to_work mart_tt72] hh_s8 martingale base=timetable hl=72.0 1246/1728 fires 0 on days [] shift=[1, 2, 3, 4, 5, 6, 7, 8, 9, 10, 11, 12, 13]
[holiday_to_work bma_tt] hh_s8 bma base=timetable hl=None 1256/1728 final weights {'24.0': 0.0068, '72.0': 0.0176, '168.0': 0.076, 'None': 0.8996}
[holiday_to_work none_mf] hh_s9 none base=mostfreq hl=None 898/1728
[holiday_to_work none_tt] hh_s9 none base=timetable hl=None 1261/1728
[holiday_to_work none_tt72] hh_s9 none base=timetable hl=72.0 1272/1728
[holiday_to_work ocp_tt] hh_s9 ocp base=timetable hl=None 1261/1728 coverage 0.913 mean set 5.9
[holiday_to_work ocp_tt_norel] hh_s9 ocp base=timetable hl=None 1261/1728 coverage 0.916 mean set 5.3
[holiday_to_work mon_tt] hh_s9 martingale base=timetable hl=None 1261/1728 fires 0 on days [] shift=[1, 2, 3, 4, 5, 6, 7, 8, 9, 10, 11, 12, 13]
[holiday_to_work mon_tt72] hh_s9 martingale base=timetable hl=72.0 1272/1728 fires 0 on days [] shift=[1, 2, 3, 4, 5, 6, 7, 8, 9, 10, 11, 12, 13]
[holiday_to_work mart_tt] hh_s9 martingale base=timetable hl=None 1261/1728 fires 0 on days [] shift=[1, 2, 3, 4, 5, 6, 7, 8, 9, 10, 11, 12, 13]
[holiday_to_work mart_tt72] hh_s9 martingale base=timetable hl=72.0 1272/1728 fires 0 on days [] shift=[1, 2, 3, 4, 5, 6, 7, 8, 9, 10, 11, 12, 13]
[holiday_to_work bma_tt] hh_s9 bma base=timetable hl=None 1281/1728 final weights {'24.0': 0.0124, '72.0': 0.02, '168.0': 0.0549, 'None': 0.9127}
[holiday_to_work nexcp_tt] hh_s0 nexcp base=timetable hl=None 1245/1728 coverage 0.922 mean set 5.5
[holiday_to_work nexcp_tt72] hh_s0 nexcp base=timetable hl=None 1245/1728 coverage 0.926 mean set 5.5
[holiday_to_work nexcp_tt_unw] hh_s0 nexcp base=timetable hl=None 1245/1728 coverage 0.947 mean set 7.0
[holiday_to_work nexcp_tt] hh_s1 nexcp base=timetable hl=None 1308/1728 coverage 0.918 mean set 5.5
[holiday_to_work nexcp_tt72] hh_s1 nexcp base=timetable hl=None 1308/1728 coverage 0.921 mean set 5.3
[holiday_to_work nexcp_tt_unw] hh_s1 nexcp base=timetable hl=None 1308/1728 coverage 0.943 mean set 6.5
[holiday_to_work nexcp_tt] hh_s2 nexcp base=timetable hl=None 1319/1728 coverage 0.920 mean set 5.7
[holiday_to_work nexcp_tt72] hh_s2 nexcp base=timetable hl=None 1319/1728 coverage 0.929 mean set 6.1
[holiday_to_work nexcp_tt_unw] hh_s2 nexcp base=timetable hl=None 1319/1728 coverage 0.947 mean set 7.3
[holiday_to_work nexcp_tt] hh_s3 nexcp base=timetable hl=None 1286/1728 coverage 0.923 mean set 8.5
[holiday_to_work nexcp_tt72] hh_s3 nexcp base=timetable hl=None 1286/1728 coverage 0.920 mean set 8.3
[holiday_to_work nexcp_tt_unw] hh_s3 nexcp base=timetable hl=None 1286/1728 coverage 0.933 mean set 9.6
[holiday_to_work nexcp_tt] hh_s4 nexcp base=timetable hl=None 1237/1728 coverage 0.924 mean set 9.3
[holiday_to_work nexcp_tt72] hh_s4 nexcp base=timetable hl=None 1237/1728 coverage 0.924 mean set 8.4
[holiday_to_work nexcp_tt_unw] hh_s4 nexcp base=timetable hl=None 1237/1728 coverage 0.941 mean set 9.5
[holiday_to_work nexcp_tt] hh_s5 nexcp base=timetable hl=None 1201/1728 coverage 0.931 mean set 4.7
[holiday_to_work nexcp_tt72] hh_s5 nexcp base=timetable hl=None 1201/1728 coverage 0.931 mean set 4.9
[holiday_to_work nexcp_tt_unw] hh_s5 nexcp base=timetable hl=None 1201/1728 coverage 0.952 mean set 5.9
[holiday_to_work nexcp_tt] hh_s6 nexcp base=timetable hl=None 1227/1728 coverage 0.924 mean set 5.2
[holiday_to_work nexcp_tt72] hh_s6 nexcp base=timetable hl=None 1227/1728 coverage 0.928 mean set 4.7
[holiday_to_work nexcp_tt_unw] hh_s6 nexcp base=timetable hl=None 1227/1728 coverage 0.938 mean set 5.5
[holiday_to_work nexcp_tt] hh_s7 nexcp base=timetable hl=None 1390/1728 coverage 0.917 mean set 4.9
[holiday_to_work nexcp_tt72] hh_s7 nexcp base=timetable hl=None 1390/1728 coverage 0.924 mean set 4.7
[holiday_to_work nexcp_tt_unw] hh_s7 nexcp base=timetable hl=None 1390/1728 coverage 0.945 mean set 5.9
[holiday_to_work nexcp_tt] hh_s8 nexcp base=timetable hl=None 1224/1728 coverage 0.914 mean set 5.1
[holiday_to_work nexcp_tt72] hh_s8 nexcp base=timetable hl=None 1224/1728 coverage 0.920 mean set 5.2
[holiday_to_work nexcp_tt_unw] hh_s8 nexcp base=timetable hl=None 1224/1728 coverage 0.943 mean set 5.9
[holiday_to_work nexcp_tt] hh_s9 nexcp base=timetable hl=None 1261/1728 coverage 0.913 mean set 7.1
[holiday_to_work nexcp_tt72] hh_s9 nexcp base=timetable hl=None 1261/1728 coverage 0.919 mean set 7.0
[holiday_to_work nexcp_tt_unw] hh_s9 nexcp base=timetable hl=None 1261/1728 coverage 0.933 mean set 8.9
