[sick10_owner none_mf] hh_s0 none base=mostfreq hl=None 308/496
[sick10_owner none_tt] hh_s0 none base=timetable hl=None 342/496
[sick10_owner none_tt72] hh_s0 none base=timetable hl=72.0 362/496
[sick10_owner none_tt24] hh_s0 none base=timetable hl=24.0 380/496
[sick10_owner mon_tt24] hh_s0 martingale base=timetable hl=24.0 380/496 fires 1 on days [25] shift=[14, 15, 16, 17, 18, 19, 20, 21, 22, 23]
[sick10_owner ocp_tt] hh_s0 ocp base=timetable hl=None 342/496 coverage 0.911 mean set 6.7
[sick10_owner ocp_tt_norel] hh_s0 ocp base=timetable hl=None 342/496 coverage 0.913 mean set 6.5
[sick10_owner mon_tt] hh_s0 martingale base=timetable hl=None 342/496 fires 1 on days [14] shift=[14, 15, 16, 17, 18, 19, 20, 21, 22, 23]
[sick10_owner mon_tt72] hh_s0 martingale base=timetable hl=72.0 362/496 fires 1 on days [15] shift=[14, 15, 16, 17, 18, 19, 20, 21, 22, 23]
[sick10_owner mart_tt] hh_s0 martingale base=timetable hl=None 348/496 fires 1 on days [14] shift=[14, 15, 16, 17, 18, 19, 20, 21, 22, 23]
[sick10_owner mart_tt72] hh_s0 martingale base=timetable hl=72.0 381/496 fires 2 on days [15, 24] shift=[14, 15, 16, 17, 18, 19, 20, 21, 22, 23]
[sick10_owner bma_tt] hh_s0 bma base=timetable hl=None 353/496 final weights {'24.0': 0.0637, '72.0': 0.085, '168.0': 0.0961, 'None': 0.7552}
[sick10_owner nexcp_tt] hh_s0 nexcp base=timetable hl=None 342/496 coverage 0.944 mean set 13.6
[sick10_owner nexcp_tt72] hh_s0 nexcp base=timetable hl=None 342/496 coverage 0.931 mean set 11.5
[sick10_owner nexcp_tt_unw] hh_s0 nexcp base=timetable hl=None 342/496 coverage 0.913 mean set 8.4
[sick10_owner none_mf] hh_s1 none base=mostfreq hl=None 155/379
[sick10_owner none_tt] hh_s1 none base=timetable hl=None 280/379
[sick10_owner none_tt72] hh_s1 none base=timetable hl=72.0 293/379
[sick10_owner none_tt24] hh_s1 none base=timetable hl=24.0 286/379
[sick10_owner mon_tt24] hh_s1 martingale base=timetable hl=24.0 286/379 fires 0 on days [] shift=[14, 15, 16, 17, 18, 19, 20, 21, 22, 23]
[sick10_owner ocp_tt] hh_s1 ocp base=timetable hl=None 280/379 coverage 0.929 mean set 7.7
[sick10_owner ocp_tt_norel] hh_s1 ocp base=timetable hl=None 280/379 coverage 0.929 mean set 9.1
[sick10_owner mon_tt] hh_s1 martingale base=timetable hl=None 280/379 fires 1 on days [14] shift=[14, 15, 16, 17, 18, 19, 20, 21, 22, 23]
[sick10_owner mon_tt72] hh_s1 martingale base=timetable hl=72.0 293/379 fires 0 on days [] shift=[14, 15, 16, 17, 18, 19, 20, 21, 22, 23]
[sick10_owner mart_tt] hh_s1 martingale base=timetable hl=None 290/379 fires 1 on days [14] shift=[14, 15, 16, 17, 18, 19, 20, 21, 22, 23]
[sick10_owner mart_tt72] hh_s1 martingale base=timetable hl=72.0 293/379 fires 0 on days [] shift=[14, 15, 16, 17, 18, 19, 20, 21, 22, 23]
[sick10_owner bma_tt] hh_s1 bma base=timetable hl=None 290/379 final weights {'24.0': 0.0078, '72.0': 0.0169, '168.0': 0.0638, 'None': 0.9115}
[sick10_owner nexcp_tt] hh_s1 nexcp base=timetable hl=None 280/379 coverage 0.950 mean set 15.7
[sick10_owner nexcp_tt72] hh_s1 nexcp base=timetable hl=None 280/379 coverage 0.939 mean set 12.0
[sick10_owner nexcp_tt_unw] hh_s1 nexcp base=timetable hl=None 280/379 coverage 0.947 mean set 11.8
[sick10_owner none_mf] hh_s2 none base=mostfreq hl=None 257/496
[sick10_owner none_tt] hh_s2 none base=timetable hl=None 336/496
[sick10_owner none_tt72] hh_s2 none base=timetable hl=72.0 365/496
[sick10_owner none_tt24] hh_s2 none base=timetable hl=24.0 386/496
[sick10_owner mon_tt24] hh_s2 martingale base=timetable hl=24.0 386/496 fires 0 on days [] shift=[14, 15, 16, 17, 18, 19, 20, 21, 22, 23]
[sick10_owner ocp_tt] hh_s2 ocp base=timetable hl=None 336/496 coverage 0.925 mean set 4.0
[sick10_owner ocp_tt_norel] hh_s2 ocp base=timetable hl=None 336/496 coverage 0.925 mean set 3.9
[sick10_owner mon_tt] hh_s2 martingale base=timetable hl=None 336/496 fires 1 on days [14] shift=[14, 15, 16, 17, 18, 19, 20, 21, 22, 23]
[sick10_owner mon_tt72] hh_s2 martingale base=timetable hl=72.0 365/496 fires 1 on days [14] shift=[14, 15, 16, 17, 18, 19, 20, 21, 22, 23]
[sick10_owner mart_tt] hh_s2 martingale base=timetable hl=None 345/496 fires 1 on days [14] shift=[14, 15, 16, 17, 18, 19, 20, 21, 22, 23]
[sick10_owner mart_tt72] hh_s2 martingale base=timetable hl=72.0 383/496 fires 2 on days [14, 24] shift=[14, 15, 16, 17, 18, 19, 20, 21, 22, 23]
[sick10_owner bma_tt] hh_s2 bma base=timetable hl=None 359/496 final weights {'24.0': 0.0278, '72.0': 0.0526, '168.0': 0.0614, 'None': 0.8583}
[sick10_owner nexcp_tt] hh_s2 nexcp base=timetable hl=None 336/496 coverage 0.950 mean set 10.2
[sick10_owner nexcp_tt72] hh_s2 nexcp base=timetable hl=None 336/496 coverage 0.933 mean set 8.3
[sick10_owner nexcp_tt_unw] hh_s2 nexcp base=timetable hl=None 336/496 coverage 0.931 mean set 5.1
[sick10_owner none_mf] hh_s3 none base=mostfreq hl=None 133/305
[sick10_owner none_tt] hh_s3 none base=timetable hl=None 204/305
[sick10_owner none_tt72] hh_s3 none base=timetable hl=72.0 220/305
[sick10_owner none_tt24] hh_s3 none base=timetable hl=24.0 217/305
[sick10_owner mon_tt24] hh_s3 martingale base=timetable hl=24.0 217/305 fires 0 on days [] shift=[14, 15, 16, 17, 18, 19, 20, 21, 22, 23]
[sick10_owner ocp_tt] hh_s3 ocp base=timetable hl=None 204/305 coverage 0.934 mean set 10.2
[sick10_owner ocp_tt_norel] hh_s3 ocp base=timetable hl=None 204/305 coverage 0.938 mean set 9.8
[sick10_owner mon_tt] hh_s3 martingale base=timetable hl=None 204/305 fires 1 on days [14] shift=[14, 15, 16, 17, 18, 19, 20, 21, 22, 23]
[sick10_owner mon_tt72] hh_s3 martingale base=timetable hl=72.0 220/305 fires 1 on days [14] shift=[14, 15, 16, 17, 18, 19, 20, 21, 22, 23]
[sick10_owner mart_tt] hh_s3 martingale base=timetable hl=None 222/305 fires 1 on days [14] shift=[14, 15, 16, 17, 18, 19, 20, 21, 22, 23]
[sick10_owner mart_tt72] hh_s3 martingale base=timetable hl=72.0 225/305 fires 1 on days [14] shift=[14, 15, 16, 17, 18, 19, 20, 21, 22, 23]
[sick10_owner bma_tt] hh_s3 bma base=timetable hl=None 210/305 final weights {'24.0': 0.0067, '72.0': 0.0167, '168.0': 0.0518, 'None': 0.9248}
[sick10_owner nexcp_tt] hh_s3 nexcp base=timetable hl=None 204/305 coverage 0.974 mean set 26.0
[sick10_owner nexcp_tt72] hh_s3 nexcp base=timetable hl=None 204/305 coverage 0.961 mean set 15.7
[sick10_owner nexcp_tt_unw] hh_s3 nexcp base=timetable hl=None 204/305 coverage 0.941 mean set 13.3
[sick10_owner none_mf] hh_s4 none base=mostfreq hl=None 174/325
[sick10_owner none_tt] hh_s4 none base=timetable hl=None 237/325
[sick10_owner none_tt72] hh_s4 none base=timetable hl=72.0 242/325
[sick10_owner none_tt24] hh_s4 none base=timetable hl=24.0 243/325
[sick10_owner mon_tt24] hh_s4 martingale base=timetable hl=24.0 243/325 fires 0 on days [] shift=[14, 15, 16, 17, 18, 19, 20, 21, 22, 23]
[sick10_owner ocp_tt] hh_s4 ocp base=timetable hl=None 237/325 coverage 0.945 mean set 10.3
[sick10_owner ocp_tt_norel] hh_s4 ocp base=timetable hl=None 237/325 coverage 0.942 mean set 11.0
[sick10_owner mon_tt] hh_s4 martingale base=timetable hl=None 237/325 fires 0 on days [] shift=[14, 15, 16, 17, 18, 19, 20, 21, 22, 23]
[sick10_owner mon_tt72] hh_s4 martingale base=timetable hl=72.0 242/325 fires 0 on days [] shift=[14, 15, 16, 17, 18, 19, 20, 21, 22, 23]
[sick10_owner mart_tt] hh_s4 martingale base=timetable hl=None 237/325 fires 0 on days [] shift=[14, 15, 16, 17, 18, 19, 20, 21, 22, 23]
[sick10_owner mart_tt72] hh_s4 martingale base=timetable hl=72.0 242/325 fires 0 on days [] shift=[14, 15, 16, 17, 18, 19, 20, 21, 22, 23]
[sick10_owner bma_tt] hh_s4 bma base=timetable hl=None 236/325 final weights {'24.0': 0.0058, '72.0': 0.0058, '168.0': 0.0084, 'None': 0.98}
[sick10_owner nexcp_tt] hh_s4 nexcp base=timetable hl=None 237/325 coverage 0.954 mean set 17.9
[sick10_owner nexcp_tt72] hh_s4 nexcp base=timetable hl=None 237/325 coverage 0.935 mean set 13.4
[sick10_owner nexcp_tt_unw] hh_s4 nexcp base=timetable hl=None 237/325 coverage 0.954 mean set 12.0
[sick10_owner none_mf] hh_s5 none base=mostfreq hl=None 154/287
[sick10_owner none_tt] hh_s5 none base=timetable hl=None 226/287
[sick10_owner none_tt72] hh_s5 none base=timetable hl=72.0 227/287
[sick10_owner none_tt24] hh_s5 none base=timetable hl=24.0 226/287
[sick10_owner mon_tt24] hh_s5 martingale base=timetable hl=24.0 226/287 fires 0 on days [] shift=[14, 15, 16, 17, 18, 19, 20, 21, 22, 23]
[sick10_owner ocp_tt] hh_s5 ocp base=timetable hl=None 226/287 coverage 0.944 mean set 6.1
[sick10_owner ocp_tt_norel] hh_s5 ocp base=timetable hl=None 226/287 coverage 0.941 mean set 6.6
[sick10_owner mon_tt] hh_s5 martingale base=timetable hl=None 226/287 fires 0 on days [] shift=[14, 15, 16, 17, 18, 19, 20, 21, 22, 23]
[sick10_owner mon_tt72] hh_s5 martingale base=timetable hl=72.0 227/287 fires 0 on days [] shift=[14, 15, 16, 17, 18, 19, 20, 21, 22, 23]
[sick10_owner mart_tt] hh_s5 martingale base=timetable hl=None 226/287 fires 0 on days [] shift=[14, 15, 16, 17, 18, 19, 20, 21, 22, 23]
[sick10_owner mart_tt72] hh_s5 martingale base=timetable hl=72.0 227/287 fires 0 on days [] shift=[14, 15, 16, 17, 18, 19, 20, 21, 22, 23]
[sick10_owner bma_tt] hh_s5 bma base=timetable hl=None 229/287 final weights {'24.0': 0.0186, '72.0': 0.0994, '168.0': 0.29, 'None': 0.592}
[sick10_owner nexcp_tt] hh_s5 nexcp base=timetable hl=None 226/287 coverage 0.972 mean set 15.9
[sick10_owner nexcp_tt72] hh_s5 nexcp base=timetable hl=None 226/287 coverage 0.948 mean set 9.1
[sick10_owner nexcp_tt_unw] hh_s5 nexcp base=timetable hl=None 226/287 coverage 0.965 mean set 9.8
[sick10_owner none_mf] hh_s6 none base=mostfreq hl=None 252/458
[sick10_owner none_tt] hh_s6 none base=timetable hl=None 328/458
[sick10_owner none_tt72] hh_s6 none base=timetable hl=72.0 333/458
[sick10_owner none_tt24] hh_s6 none base=timetable hl=24.0 330/458
[sick10_owner mon_tt24] hh_s6 martingale base=timetable hl=24.0 330/458 fires 0 on days [] shift=[14, 15, 16, 17, 18, 19, 20, 21, 22, 23]
[sick10_owner ocp_tt] hh_s6 ocp base=timetable hl=None 328/458 coverage 0.924 mean set 7.0
[sick10_owner ocp_tt_norel] hh_s6 ocp base=timetable hl=None 328/458 coverage 0.930 mean set 7.5
[sick10_owner mon_tt] hh_s6 martingale base=timetable hl=None 328/458 fires 0 on days [] shift=[14, 15, 16, 17, 18, 19, 20, 21, 22, 23]
[sick10_owner mon_tt72] hh_s6 martingale base=timetable hl=72.0 333/458 fires 0 on days [] shift=[14, 15, 16, 17, 18, 19, 20, 21, 22, 23]
[sick10_owner mart_tt] hh_s6 martingale base=timetable hl=None 328/458 fires 0 on days [] shift=[14, 15, 16, 17, 18, 19, 20, 21, 22, 23]
[sick10_owner mart_tt72] hh_s6 martingale base=timetable hl=72.0 333/458 fires 0 on days [] shift=[14, 15, 16, 17, 18, 19, 20, 21, 22, 23]
[sick10_owner bma_tt] hh_s6 bma base=timetable hl=None 337/458 final weights {'24.0': 0.0141, '72.0': 0.0381, '168.0': 0.0785, 'None': 0.8693}
[sick10_owner nexcp_tt] hh_s6 nexcp base=timetable hl=None 328/458 coverage 0.941 mean set 10.3
[sick10_owner nexcp_tt72] hh_s6 nexcp base=timetable hl=None 328/458 coverage 0.934 mean set 9.6
[sick10_owner nexcp_tt_unw] hh_s6 nexcp base=timetable hl=None 328/458 coverage 0.952 mean set 9.9
[sick10_owner none_mf] hh_s7 none base=mostfreq hl=None 273/496
[sick10_owner none_tt] hh_s7 none base=timetable hl=None 341/496
[sick10_owner none_tt72] hh_s7 none base=timetable hl=72.0 370/496
[sick10_owner none_tt24] hh_s7 none base=timetable hl=24.0 393/496
[sick10_owner mon_tt24] hh_s7 martingale base=timetable hl=24.0 393/496 fires 3 on days [5, 14, 24] shift=[14, 15, 16, 17, 18, 19, 20, 21, 22, 23]
[sick10_owner ocp_tt] hh_s7 ocp base=timetable hl=None 341/496 coverage 0.905 mean set 4.1
[sick10_owner ocp_tt_norel] hh_s7 ocp base=timetable hl=None 341/496 coverage 0.905 mean set 4.4
[sick10_owner mon_tt] hh_s7 martingale base=timetable hl=None 341/496 fires 2 on days [5, 14] shift=[14, 15, 16, 17, 18, 19, 20, 21, 22, 23]
[sick10_owner mon_tt72] hh_s7 martingale base=timetable hl=72.0 370/496 fires 2 on days [5, 14] shift=[14, 15, 16, 17, 18, 19, 20, 21, 22, 23]
[sick10_owner mart_tt] hh_s7 martingale base=timetable hl=None 387/496 fires 3 on days [5, 14, 24] shift=[14, 15, 16, 17, 18, 19, 20, 21, 22, 23]
[sick10_owner mart_tt72] hh_s7 martingale base=timetable hl=72.0 392/496 fires 3 on days [5, 14, 24] shift=[14, 15, 16, 17, 18, 19, 20, 21, 22, 23]
[sick10_owner bma_tt] hh_s7 bma base=timetable hl=None 377/496 final weights {'24.0': 0.0079, '72.0': 0.0167, '168.0': 0.0295, 'None': 0.9459}
[sick10_owner nexcp_tt] hh_s7 nexcp base=timetable hl=None 341/496 coverage 0.938 mean set 12.7
[sick10_owner nexcp_tt72] hh_s7 nexcp base=timetable hl=None 341/496 coverage 0.929 mean set 9.5
[sick10_owner nexcp_tt_unw] hh_s7 nexcp base=timetable hl=None 341/496 coverage 0.925 mean set 7.6
[sick10_owner none_mf] hh_s8 none base=mostfreq hl=None 242/473
[sick10_owner none_tt] hh_s8 none base=timetable hl=None 339/473
[sick10_owner none_tt72] hh_s8 none base=timetable hl=72.0 352/473
[sick10_owner none_tt24] hh_s8 none base=timetable hl=24.0 356/473
[sick10_owner mon_tt24] hh_s8 martingale base=timetable hl=24.0 356/473 fires 0 on days [] shift=[14, 15, 16, 17, 18, 19, 20, 21, 22, 23]
[sick10_owner ocp_tt] hh_s8 ocp base=timetable hl=None 339/473 coverage 0.926 mean set 5.9
[sick10_owner ocp_tt_norel] hh_s8 ocp base=timetable hl=None 339/473 coverage 0.930 mean set 5.2
[sick10_owner mon_tt] hh_s8 martingale base=timetable hl=None 339/473 fires 1 on days [14] shift=[14, 15, 16, 17, 18, 19, 20, 21, 22, 23]
[sick10_owner mon_tt72] hh_s8 martingale base=timetable hl=72.0 352/473 fires 1 on days [14] shift=[14, 15, 16, 17, 18, 19, 20, 21, 22, 23]
[sick10_owner mart_tt] hh_s8 martingale base=timetable hl=None 346/473 fires 1 on days [14] shift=[14, 15, 16, 17, 18, 19, 20, 21, 22, 23]
[sick10_owner mart_tt72] hh_s8 martingale base=timetable hl=72.0 351/473 fires 1 on days [14] shift=[14, 15, 16, 17, 18, 19, 20, 21, 22, 23]
[sick10_owner bma_tt] hh_s8 bma base=timetable hl=None 346/473 final weights {'24.0': 0.0138, '72.0': 0.0309, '168.0': 0.1308, 'None': 0.8246}
[sick10_owner nexcp_tt] hh_s8 nexcp base=timetable hl=None 339/473 coverage 0.939 mean set 11.3
[sick10_owner nexcp_tt72] hh_s8 nexcp base=timetable hl=None 339/473 coverage 0.937 mean set 8.9
[sick10_owner nexcp_tt_unw] hh_s8 nexcp base=timetable hl=None 339/473 coverage 0.949 mean set 8.8
[sick10_owner none_mf] hh_s9 none base=mostfreq hl=None 221/415
[sick10_owner none_tt] hh_s9 none base=timetable hl=None 323/415
[sick10_owner none_tt72] hh_s9 none base=timetable hl=72.0 331/415
[sick10_owner none_tt24] hh_s9 none base=timetable hl=24.0 332/415
[sick10_owner mon_tt24] hh_s9 martingale base=timetable hl=24.0 332/415 fires 0 on days [] shift=[14, 15, 16, 17, 18, 19, 20, 21, 22, 23]
[sick10_owner ocp_tt] hh_s9 ocp base=timetable hl=None 323/415 coverage 0.925 mean set 6.6
[sick10_owner ocp_tt_norel] hh_s9 ocp base=timetable hl=None 323/415 coverage 0.925 mean set 5.0
[sick10_owner mon_tt] hh_s9 martingale base=timetable hl=None 323/415 fires 0 on days [] shift=[14, 15, 16, 17, 18, 19, 20, 21, 22, 23]
[sick10_owner mon_tt72] hh_s9 martingale base=timetable hl=72.0 331/415 fires 0 on days [] shift=[14, 15, 16, 17, 18, 19, 20, 21, 22, 23]
[sick10_owner mart_tt] hh_s9 martingale base=timetable hl=None 323/415 fires 0 on days [] shift=[14, 15, 16, 17, 18, 19, 20, 21, 22, 23]
[sick10_owner mart_tt72] hh_s9 martingale base=timetable hl=72.0 331/415 fires 0 on days [] shift=[14, 15, 16, 17, 18, 19, 20, 21, 22, 23]
[sick10_owner bma_tt] hh_s9 bma base=timetable hl=None 328/415 final weights {'24.0': 0.0165, '72.0': 0.0647, '168.0': 0.1792, 'None': 0.7396}
[sick10_owner nexcp_tt] hh_s9 nexcp base=timetable hl=None 323/415 coverage 0.933 mean set 14.1
[sick10_owner nexcp_tt72] hh_s9 nexcp base=timetable hl=None 323/415 coverage 0.930 mean set 9.7
[sick10_owner nexcp_tt_unw] hh_s9 nexcp base=timetable hl=None 323/415 coverage 0.937 mean set 8.2
[sick10_owner monw_tt] hh_s0 martingale base=timetable hl=None 342/496 fires 1 on days [14] shift=[14, 15, 16, 17, 18, 19, 20, 21, 22, 23]
[sick10_owner monw_tt72] hh_s0 martingale base=timetable hl=72.0 362/496 fires 2 on days [15, 24] shift=[14, 15, 16, 17, 18, 19, 20, 21, 22, 23]
[sick10_owner monw_tt24] hh_s0 martingale base=timetable hl=24.0 380/496 fires 1 on days [24] shift=[14, 15, 16, 17, 18, 19, 20, 21, 22, 23]
[sick10_owner martw_tt72] hh_s0 martingale base=timetable hl=72.0 382/496 fires 2 on days [15, 24] shift=[14, 15, 16, 17, 18, 19, 20, 21, 22, 23]
[sick10_owner monw_tt] hh_s1 martingale base=timetable hl=None 280/379 fires 0 on days [] shift=[14, 15, 16, 17, 18, 19, 20, 21, 22, 23]
[sick10_owner monw_tt72] hh_s1 martingale base=timetable hl=72.0 293/379 fires 0 on days [] shift=[14, 15, 16, 17, 18, 19, 20, 21, 22, 23]
[sick10_owner monw_tt24] hh_s1 martingale base=timetable hl=24.0 286/379 fires 0 on days [] shift=[14, 15, 16, 17, 18, 19, 20, 21, 22, 23]
[sick10_owner martw_tt72] hh_s1 martingale base=timetable hl=72.0 293/379 fires 0 on days [] shift=[14, 15, 16, 17, 18, 19, 20, 21, 22, 23]
[sick10_owner monw_tt] hh_s2 martingale base=timetable hl=None 336/496 fires 1 on days [14] shift=[14, 15, 16, 17, 18, 19, 20, 21, 22, 23]
[sick10_owner monw_tt72] hh_s2 martingale base=timetable hl=72.0 365/496 fires 1 on days [14] shift=[14, 15, 16, 17, 18, 19, 20, 21, 22, 23]
[sick10_owner monw_tt24] hh_s2 martingale base=timetable hl=24.0 386/496 fires 1 on days [24] shift=[14, 15, 16, 17, 18, 19, 20, 21, 22, 23]
[sick10_owner martw_tt72] hh_s2 martingale base=timetable hl=72.0 381/496 fires 2 on days [14, 24] shift=[14, 15, 16, 17, 18, 19, 20, 21, 22, 23]
[sick10_owner monw_tt] hh_s3 martingale base=timetable hl=None 204/305 fires 1 on days [14] shift=[14, 15, 16, 17, 18, 19, 20, 21, 22, 23]
[sick10_owner monw_tt72] hh_s3 martingale base=timetable hl=72.0 220/305 fires 1 on days [14] shift=[14, 15, 16, 17, 18, 19, 20, 21, 22, 23]
[sick10_owner monw_tt24] hh_s3 martingale base=timetable hl=24.0 217/305 fires 0 on days [] shift=[14, 15, 16, 17, 18, 19, 20, 21, 22, 23]
[sick10_owner martw_tt72] hh_s3 martingale base=timetable hl=72.0 225/305 fires 1 on days [14] shift=[14, 15, 16, 17, 18, 19, 20, 21, 22, 23]
[sick10_owner monw_tt] hh_s4 martingale base=timetable hl=None 237/325 fires 0 on days [] shift=[14, 15, 16, 17, 18, 19, 20, 21, 22, 23]
[sick10_owner monw_tt72] hh_s4 martingale base=timetable hl=72.0 242/325 fires 0 on days [] shift=[14, 15, 16, 17, 18, 19, 20, 21, 22, 23]
[sick10_owner monw_tt24] hh_s4 martingale base=timetable hl=24.0 243/325 fires 0 on days [] shift=[14, 15, 16, 17, 18, 19, 20, 21, 22, 23]
[sick10_owner martw_tt72] hh_s4 martingale base=timetable hl=72.0 242/325 fires 0 on days [] shift=[14, 15, 16, 17, 18, 19, 20, 21, 22, 23]
[sick10_owner monw_tt] hh_s5 martingale base=timetable hl=None 226/287 fires 0 on days [] shift=[14, 15, 16, 17, 18, 19, 20, 21, 22, 23]
[sick10_owner monw_tt72] hh_s5 martingale base=timetable hl=72.0 227/287 fires 0 on days [] shift=[14, 15, 16, 17, 18, 19, 20, 21, 22, 23]
[sick10_owner monw_tt24] hh_s5 martingale base=timetable hl=24.0 226/287 fires 0 on days [] shift=[14, 15, 16, 17, 18, 19, 20, 21, 22, 23]
[sick10_owner martw_tt72] hh_s5 martingale base=timetable hl=72.0 227/287 fires 0 on days [] shift=[14, 15, 16, 17, 18, 19, 20, 21, 22, 23]
[sick10_owner monw_tt] hh_s6 martingale base=timetable hl=None 328/458 fires 0 on days [] shift=[14, 15, 16, 17, 18, 19, 20, 21, 22, 23]
[sick10_owner monw_tt72] hh_s6 martingale base=timetable hl=72.0 333/458 fires 0 on days [] shift=[14, 15, 16, 17, 18, 19, 20, 21, 22, 23]
[sick10_owner monw_tt24] hh_s6 martingale base=timetable hl=24.0 330/458 fires 0 on days [] shift=[14, 15, 16, 17, 18, 19, 20, 21, 22, 23]
[sick10_owner martw_tt72] hh_s6 martingale base=timetable hl=72.0 333/458 fires 0 on days [] shift=[14, 15, 16, 17, 18, 19, 20, 21, 22, 23]
[sick10_owner monw_tt] hh_s7 martingale base=timetable hl=None 341/496 fires 2 on days [5, 14] shift=[14, 15, 16, 17, 18, 19, 20, 21, 22, 23]
[sick10_owner monw_tt72] hh_s7 martingale base=timetable hl=72.0 370/496 fires 3 on days [5, 14, 24] shift=[14, 15, 16, 17, 18, 19, 20, 21, 22, 23]
[sick10_owner monw_tt24] hh_s7 martingale base=timetable hl=24.0 393/496 fires 2 on days [5, 24] shift=[14, 15, 16, 17, 18, 19, 20, 21, 22, 23]
[sick10_owner martw_tt72] hh_s7 martingale base=timetable hl=72.0 392/496 fires 3 on days [5, 14, 24] shift=[14, 15, 16, 17, 18, 19, 20, 21, 22, 23]
[sick10_owner monw_tt] hh_s8 martingale base=timetable hl=None 339/473 fires 1 on days [14] shift=[14, 15, 16, 17, 18, 19, 20, 21, 22, 23]
[sick10_owner monw_tt72] hh_s8 martingale base=timetable hl=72.0 352/473 fires 1 on days [14] shift=[14, 15, 16, 17, 18, 19, 20, 21, 22, 23]
[sick10_owner monw_tt24] hh_s8 martingale base=timetable hl=24.0 356/473 fires 0 on days [] shift=[14, 15, 16, 17, 18, 19, 20, 21, 22, 23]
[sick10_owner martw_tt72] hh_s8 martingale base=timetable hl=72.0 351/473 fires 1 on days [14] shift=[14, 15, 16, 17, 18, 19, 20, 21, 22, 23]
[sick10_owner monw_tt] hh_s9 martingale base=timetable hl=None 323/415 fires 0 on days [] shift=[14, 15, 16, 17, 18, 19, 20, 21, 22, 23]
[sick10_owner monw_tt72] hh_s9 martingale base=timetable hl=72.0 331/415 fires 0 on days [] shift=[14, 15, 16, 17, 18, 19, 20, 21, 22, 23]
[sick10_owner monw_tt24] hh_s9 martingale base=timetable hl=24.0 332/415 fires 0 on days [] shift=[14, 15, 16, 17, 18, 19, 20, 21, 22, 23]
[sick10_owner martw_tt72] hh_s9 martingale base=timetable hl=72.0 331/415 fires 0 on days [] shift=[14, 15, 16, 17, 18, 19, 20, 21, 22, 23]
[sick10_owner bma_tt] hh_s0 bma base=timetable hl=None 353/496 final weights {'24.0': 0.0637, '72.0': 0.085, '168.0': 0.0961, 'None': 0.7552}
[sick10_owner bma_obj] hh_s0 bma base=timetable hl=None 367/496 final weights {'24.0': 0.043, '72.0': 0.0444, '168.0': 0.051, 'None': 0.8615}
[sick10_owner bma_tt] hh_s1 bma base=timetable hl=None 290/379 final weights {'24.0': 0.0078, '72.0': 0.0169, '168.0': 0.0638, 'None': 0.9115}
[sick10_owner bma_obj] hh_s1 bma base=timetable hl=None 285/379 final weights {'24.0': 0.0078, '72.0': 0.012, '168.0': 0.0236, 'None': 0.9566}
[sick10_owner bma_tt] hh_s2 bma base=timetable hl=None 359/496 final weights {'24.0': 0.0278, '72.0': 0.0526, '168.0': 0.0614, 'None': 0.8583}
[sick10_owner bma_obj] hh_s2 bma base=timetable hl=None 377/496 final weights {'24.0': 0.0099, '72.0': 0.0145, '168.0': 0.0206, 'None': 0.9549}
[sick10_owner bma_tt] hh_s3 bma base=timetable hl=None 210/305 final weights {'24.0': 0.0067, '72.0': 0.0167, '168.0': 0.0518, 'None': 0.9248}
[sick10_owner bma_obj] hh_s3 bma base=timetable hl=None 212/305 final weights {'24.0': 0.0076, '72.0': 0.015, '168.0': 0.0253, 'None': 0.9522}
[sick10_owner bma_tt] hh_s4 bma base=timetable hl=None 236/325 final weights {'24.0': 0.0058, '72.0': 0.0058, '168.0': 0.0084, 'None': 0.98}
[sick10_owner bma_obj] hh_s4 bma base=timetable hl=None 238/325 final weights {'24.0': 0.0087, '72.0': 0.0285, '168.0': 0.0836, 'None': 0.8792}
[sick10_owner bma_tt] hh_s5 bma base=timetable hl=None 229/287 final weights {'24.0': 0.0186, '72.0': 0.0994, '168.0': 0.29, 'None': 0.592}
[sick10_owner bma_obj] hh_s5 bma base=timetable hl=None 231/287 final weights {'24.0': 0.0081, '72.0': 0.015, '168.0': 0.0533, 'None': 0.9235}
[sick10_owner bma_tt] hh_s6 bma base=timetable hl=None 337/458 final weights {'24.0': 0.0141, '72.0': 0.0381, '168.0': 0.0785, 'None': 0.8693}
[sick10_owner bma_obj] hh_s6 bma base=timetable hl=None 334/458 final weights {'24.0': 0.0145, '72.0': 0.0221, '168.0': 0.0597, 'None': 0.9037}
[sick10_owner bma_tt] hh_s7 bma base=timetable hl=None 377/496 final weights {'24.0': 0.0079, '72.0': 0.0167, '168.0': 0.0295, 'None': 0.9459}
[sick10_owner bma_obj] hh_s7 bma base=timetable hl=None 379/496 final weights {'24.0': 0.0232, '72.0': 0.0816, '168.0': 0.0684, 'None': 0.8267}
[sick10_owner bma_tt] hh_s8 bma base=timetable hl=None 346/473 final weights {'24.0': 0.0138, '72.0': 0.0309, '168.0': 0.1308, 'None': 0.8246}
[sick10_owner bma_obj] hh_s8 bma base=timetable hl=None 347/473 final weights {'24.0': 0.0118, '72.0': 0.0464, '168.0': 0.1173, 'None': 0.8246}
[sick10_owner bma_tt] hh_s9 bma base=timetable hl=None 328/415 final weights {'24.0': 0.0165, '72.0': 0.0647, '168.0': 0.1792, 'None': 0.7396}
[sick10_owner bma_obj] hh_s9 bma base=timetable hl=None 335/415 final weights {'24.0': 0.0187, '72.0': 0.0247, '168.0': 0.0464, 'None': 0.9103}
[sick10_owner ocp_tt72] hh_s0 ocp base=timetable hl=72.0 362/496 coverage 0.907 mean set 6.0
[sick10_owner ocp_tt72] hh_s1 ocp base=timetable hl=72.0 293/379 coverage 0.913 mean set 6.8
[sick10_owner ocp_tt72] hh_s2 ocp base=timetable hl=72.0 365/496 coverage 0.909 mean set 4.6
[sick10_owner ocp_tt72] hh_s3 ocp base=timetable hl=72.0 220/305 coverage 0.915 mean set 10.3
[sick10_owner ocp_tt72] hh_s4 ocp base=timetable hl=72.0 242/325 coverage 0.935 mean set 9.1
[sick10_owner ocp_tt72] hh_s5 ocp base=timetable hl=72.0 227/287 coverage 0.930 mean set 5.9
[sick10_owner ocp_tt72] hh_s6 ocp base=timetable hl=72.0 333/458 coverage 0.917 mean set 7.7
[sick10_owner ocp_tt72] hh_s7 ocp base=timetable hl=72.0 370/496 coverage 0.903 mean set 5.9
[sick10_owner ocp_tt72] hh_s8 ocp base=timetable hl=72.0 352/473 coverage 0.918 mean set 5.2
[sick10_owner ocp_tt72] hh_s9 ocp base=timetable hl=72.0 331/415 coverage 0.916 mean set 7.2
