[sick2x_owner none_tt] hh_s0 none base=timetable hl=None 470/656
[sick2x_owner none_tt72] hh_s0 none base=timetable hl=72.0 471/656
[sick2x_owner none_lastseen] hh_s0 none base=lastseen hl=None 394/656
[sick2x_owner none_mf72] hh_s0 none base=mostfreq hl=72.0 437/656
[sick2x_owner mart_tt72] hh_s0 martingale base=timetable hl=72.0 472/656 fires 1 on days [15] shift=[14, 15, 16, 17, 18, 19, 20, 28, 29, 30, 31, 32, 33, 34]
[sick2x_owner mart_tt] hh_s0 martingale base=timetable hl=None 458/656 fires 1 on days [14] shift=[14, 15, 16, 17, 18, 19, 20, 28, 29, 30, 31, 32, 33, 34]
[sick2x_owner bma_tt] hh_s0 bma base=timetable hl=None 474/656 final weights {'24.0': 0.0189, '72.0': 0.0282, '168.0': 0.0403, 'None': 0.9126}
[sick2x_owner bma_obj] hh_s0 bma base=timetable hl=None 479/656 final weights {'24.0': 0.0076, '72.0': 0.0143, '168.0': 0.0292, 'None': 0.9489}
[sick2x_owner ocp_tt] hh_s0 ocp base=timetable hl=None 470/656 coverage 0.928 mean set 5.5
[sick2x_owner nexcp_tt] hh_s0 nexcp base=timetable hl=None 470/656 coverage 0.953 mean set 10.0
[sick2x_owner none_tt] hh_s1 none base=timetable hl=None 370/488
[sick2x_owner none_tt72] hh_s1 none base=timetable hl=72.0 392/488
[sick2x_owner none_lastseen] hh_s1 none base=lastseen hl=None 212/488
[sick2x_owner none_mf72] hh_s1 none base=mostfreq hl=72.0 252/488
[sick2x_owner mart_tt72] hh_s1 martingale base=timetable hl=72.0 392/488 fires 0 on days [] shift=[14, 15, 16, 17, 18, 19, 20, 28, 29, 30, 31, 32, 33, 34]
[sick2x_owner mart_tt] hh_s1 martingale base=timetable hl=None 387/488 fires 1 on days [14] shift=[14, 15, 16, 17, 18, 19, 20, 28, 29, 30, 31, 32, 33, 34]
[sick2x_owner bma_tt] hh_s1 bma base=timetable hl=None 382/488 final weights {'24.0': 0.0076, '72.0': 0.0153, '168.0': 0.0454, 'None': 0.9317}
[sick2x_owner bma_obj] hh_s1 bma base=timetable hl=None 378/488 final weights {'24.0': 0.0083, '72.0': 0.0312, '168.0': 0.0859, 'None': 0.8745}
[sick2x_owner ocp_tt] hh_s1 ocp base=timetable hl=None 370/488 coverage 0.943 mean set 6.3
[sick2x_owner nexcp_tt] hh_s1 nexcp base=timetable hl=None 370/488 coverage 0.955 mean set 12.0
[sick2x_owner none_tt] hh_s2 none base=timetable hl=None 455/654
[sick2x_owner none_tt72] hh_s2 none base=timetable hl=72.0 469/654
[sick2x_owner none_lastseen] hh_s2 none base=lastseen hl=None 393/654
[sick2x_owner none_mf72] hh_s2 none base=mostfreq hl=72.0 385/654
[sick2x_owner mart_tt72] hh_s2 martingale base=timetable hl=72.0 487/654 fires 1 on days [14] shift=[14, 15, 16, 17, 18, 19, 20, 28, 29, 30, 31, 32, 33, 34]
[sick2x_owner mart_tt] hh_s2 martingale base=timetable hl=None 456/654 fires 1 on days [14] shift=[14, 15, 16, 17, 18, 19, 20, 28, 29, 30, 31, 32, 33, 34]
[sick2x_owner bma_tt] hh_s2 bma base=timetable hl=None 472/654 final weights {'24.0': 0.0059, '72.0': 0.0078, '168.0': 0.0103, 'None': 0.9759}
[sick2x_owner bma_obj] hh_s2 bma base=timetable hl=None 482/654 final weights {'24.0': 0.0076, '72.0': 0.02, '168.0': 0.0444, 'None': 0.928}
[sick2x_owner ocp_tt] hh_s2 ocp base=timetable hl=None 455/654 coverage 0.920 mean set 3.5
[sick2x_owner nexcp_tt] hh_s2 nexcp base=timetable hl=None 455/654 coverage 0.942 mean set 9.5
