[sick_all none_mf] hh_s0 none base=mostfreq hl=None 973/1728
[sick_all none_tt] hh_s0 none base=timetable hl=None 1211/1728
[sick_all none_tt72] hh_s0 none base=timetable hl=72.0 1229/1728
[sick_all ocp_tt] hh_s0 ocp base=timetable hl=None 1211/1728 coverage 0.912 mean set 3.7
[sick_all ocp_tt_norel] hh_s0 ocp base=timetable hl=None 1211/1728 coverage 0.914 mean set 3.6
[sick_all mon_tt] hh_s0 martingale base=timetable hl=None 1211/1728 fires 1 on days [16] shift=[14, 15, 16, 17, 18]
[sick_all mon_tt72] hh_s0 martingale base=timetable hl=72.0 1229/1728 fires 0 on days [] shift=[14, 15, 16, 17, 18]
[sick_all mart_tt] hh_s0 martingale base=timetable hl=None 1194/1728 fires 1 on days [16] shift=[14, 15, 16, 17, 18]
[sick_all mart_tt72] hh_s0 martingale base=timetable hl=72.0 1229/1728 fires 0 on days [] shift=[14, 15, 16, 17, 18]
[sick_all bma_tt] hh_s0 bma base=timetable hl=None 1225/1728 final weights {'24.0': 0.0189, '72.0': 0.0333, '168.0': 0.0687, 'None': 0.879}
[sick_all none_mf] hh_s1 none base=mostfreq hl=None 866/1728
[sick_all none_tt] hh_s1 none base=timetable hl=None 1131/1728
[sick_all none_tt72] hh_s1 none base=timetable hl=72.0 1170/1728
[sick_all ocp_tt] hh_s1 ocp base=timetable hl=None 1131/1728 coverage 0.905 mean set 6.6
[sick_all ocp_tt_norel] hh_s1 ocp base=timetable hl=None 1131/1728 coverage 0.907 mean set 5.8
[sick_all mon_tt] hh_s1 martingale base=timetable hl=None 1131/1728 fires 1 on days [14] shift=[14, 15, 16, 17, 18]
[sick_all mon_tt72] hh_s1 martingale base=timetable hl=72.0 1170/1728 fires 0 on days [] shift=[14, 15, 16, 17, 18]
[sick_all mart_tt] hh_s1 martingale base=timetable hl=None 1151/1728 fires 1 on days [14] shift=[14, 15, 16, 17, 18]
[sick_all mart_tt72] hh_s1 martingale base=timetable hl=72.0 1170/1728 fires 0 on days [] shift=[14, 15, 16, 17, 18]
[sick_all bma_tt] hh_s1 bma base=timetable hl=None 1154/1728 final weights {'24.0': 0.1626, '72.0': 0.0895, '168.0': 0.0483, 'None': 0.6996}
[sick_all none_mf] hh_s2 none base=mostfreq hl=None 911/1728
[sick_all none_tt] hh_s2 none base=timetable hl=None 1261/1728
[sick_all none_tt72] hh_s2 none base=timetable hl=72.0 1282/1728
[sick_all ocp_tt] hh_s2 ocp base=timetable hl=None 1261/1728 coverage 0.927 mean set 4.4
[sick_all ocp_tt_norel] hh_s2 ocp base=timetable hl=None 1261/1728 coverage 0.927 mean set 4.3
[sick_all mon_tt] hh_s2 martingale base=timetable hl=None 1261/1728 fires 1 on days [14] shift=[14, 15, 16, 17, 18]
[sick_all mon_tt72] hh_s2 martingale base=timetable hl=72.0 1282/1728 fires 1 on days [14] shift=[14, 15, 16, 17, 18]
[sick_all mart_tt] hh_s2 martingale base=timetable hl=None 1250/1728 fires 1 on days [14] shift=[14, 15, 16, 17, 18]
[sick_all mart_tt72] hh_s2 martingale base=timetable hl=72.0 1285/1728 fires 1 on days [14] shift=[14, 15, 16, 17, 18]
[sick_all bma_tt] hh_s2 bma base=timetable hl=None 1282/1728 final weights {'24.0': 0.0112, '72.0': 0.0145, '168.0': 0.0255, 'None': 0.9488}
[sick_all none_mf] hh_s3 none base=mostfreq hl=None 1007/1728
[sick_all none_tt] hh_s3 none base=timetable hl=None 1238/1728
[sick_all none_tt72] hh_s3 none base=timetable hl=72.0 1241/1728
[sick_all ocp_tt] hh_s3 ocp base=timetable hl=None 1238/1728 coverage 0.906 mean set 5.4
[sick_all ocp_tt_norel] hh_s3 ocp base=timetable hl=None 1238/1728 coverage 0.909 mean set 5.5
[sick_all mon_tt] hh_s3 martingale base=timetable hl=None 1238/1728 fires 2 on days [5, 14] shift=[14, 15, 16, 17, 18]
[sick_all mon_tt72] hh_s3 martingale base=timetable hl=72.0 1241/1728 fires 1 on days [14] shift=[14, 15, 16, 17, 18]
[sick_all mart_tt] hh_s3 martingale base=timetable hl=None 1236/1728 fires 2 on days [5, 14] shift=[14, 15, 16, 17, 18]
[sick_all mart_tt72] hh_s3 martingale base=timetable hl=72.0 1240/1728 fires 1 on days [14] shift=[14, 15, 16, 17, 18]
[sick_all bma_tt] hh_s3 bma base=timetable hl=None 1265/1728 final weights {'24.0': 0.3177, '72.0': 0.3296, '168.0': 0.2017, 'None': 0.151}
[sick_all none_mf] hh_s4 none base=mostfreq hl=None 910/1728
[sick_all none_tt] hh_s4 none base=timetable hl=None 1219/1728
[sick_all none_tt72] hh_s4 none base=timetable hl=72.0 1230/1728
[sick_all ocp_tt] hh_s4 ocp base=timetable hl=None 1219/1728 coverage 0.909 mean set 8.3
[sick_all ocp_tt_norel] hh_s4 ocp base=timetable hl=None 1219/1728 coverage 0.909 mean set 8.1
[sick_all mon_tt] hh_s4 martingale base=timetable hl=None 1219/1728 fires 1 on days [14] shift=[14, 15, 16, 17, 18]
[sick_all mon_tt72] hh_s4 martingale base=timetable hl=72.0 1230/1728 fires 1 on days [14] shift=[14, 15, 16, 17, 18]
[sick_all mart_tt] hh_s4 martingale base=timetable hl=None 1214/1728 fires 1 on days [14] shift=[14, 15, 16, 17, 18]
[sick_all mart_tt72] hh_s4 martingale base=timetable hl=72.0 1214/1728 fires 1 on days [14] shift=[14, 15, 16, 17, 18]
[sick_all bma_tt] hh_s4 bma base=timetable hl=None 1229/1728 final weights {'24.0': 0.0088, '72.0': 0.0196, '168.0': 0.1321, 'None': 0.8395}
[sick_all none_mf] hh_s5 none base=mostfreq hl=None 822/1728
[sick_all none_tt] hh_s5 none base=timetable hl=None 1153/1728
[sick_all none_tt72] hh_s5 none base=timetable hl=72.0 1152/1728
[sick_all ocp_tt] hh_s5 ocp base=timetable hl=None 1153/1728 coverage 0.920 mean set 4.3
[sick_all ocp_tt_norel] hh_s5 ocp base=timetable hl=None 1153/1728 coverage 0.921 mean set 4.0
[sick_all mon_tt] hh_s5 martingale base=timetable hl=None 1153/1728 fires 0 on days [] shift=[14, 15, 16, 17, 18]
[sick_all mon_tt72] hh_s5 martingale base=timetable hl=72.0 1152/1728 fires 0 on days [] shift=[14, 15, 16, 17, 18]
[sick_all mart_tt] hh_s5 martingale base=timetable hl=None 1153/1728 fires 0 on days [] shift=[14, 15, 16, 17, 18]
[sick_all mart_tt72] hh_s5 martingale base=timetable hl=72.0 1152/1728 fires 0 on days [] shift=[14, 15, 16, 17, 18]
[sick_all bma_tt] hh_s5 bma base=timetable hl=None 1169/1728 final weights {'24.0': 0.0245, '72.0': 0.0355, '168.0': 0.0383, 'None': 0.9017}
[sick_all none_mf] hh_s6 none base=mostfreq hl=None 897/1728
[sick_all none_tt] hh_s6 none base=timetable hl=None 1091/1728
[sick_all none_tt72] hh_s6 none base=timetable hl=72.0 1129/1728
[sick_all ocp_tt] hh_s6 ocp base=timetable hl=None 1091/1728 coverage 0.905 mean set 5.0
[sick_all ocp_tt_norel] hh_s6 ocp base=timetable hl=None 1091/1728 coverage 0.906 mean set 5.0
[sick_all mon_tt] hh_s6 martingale base=timetable hl=None 1091/1728 fires 1 on days [14] shift=[14, 15, 16, 17, 18]
[sick_all mon_tt72] hh_s6 martingale base=timetable hl=72.0 1129/1728 fires 1 on days [14] shift=[14, 15, 16, 17, 18]
[sick_all mart_tt] hh_s6 martingale base=timetable hl=None 1101/1728 fires 1 on days [14] shift=[14, 15, 16, 17, 18]
[sick_all mart_tt72] hh_s6 martingale base=timetable hl=72.0 1120/1728 fires 1 on days [14] shift=[14, 15, 16, 17, 18]
[sick_all bma_tt] hh_s6 bma base=timetable hl=None 1140/1728 final weights {'24.0': 0.0171, '72.0': 0.0301, '168.0': 0.1846, 'None': 0.7683}
[sick_all none_mf] hh_s7 none base=mostfreq hl=None 942/1728
[sick_all none_tt] hh_s7 none base=timetable hl=None 1301/1728
[sick_all none_tt72] hh_s7 none base=timetable hl=72.0 1304/1728
[sick_all ocp_tt] hh_s7 ocp base=timetable hl=None 1301/1728 coverage 0.905 mean set 4.5
[sick_all ocp_tt_norel] hh_s7 ocp base=timetable hl=None 1301/1728 coverage 0.906 mean set 4.5
[sick_all mon_tt] hh_s7 martingale base=timetable hl=None 1301/1728 fires 2 on days [5, 14] shift=[14, 15, 16, 17, 18]
[sick_all mon_tt72] hh_s7 martingale base=timetable hl=72.0 1304/1728 fires 2 on days [5, 14] shift=[14, 15, 16, 17, 18]
[sick_all mart_tt] hh_s7 martingale base=timetable hl=None 1283/1728 fires 2 on days [5, 14] shift=[14, 15, 16, 17, 18]
[sick_all mart_tt72] hh_s7 martingale base=timetable hl=72.0 1277/1728 fires 2 on days [5, 14] shift=[14, 15, 16, 17, 18]
[sick_all bma_tt] hh_s7 bma base=timetable hl=None 1313/1728 final weights {'24.0': 0.0056, '72.0': 0.0107, '168.0': 0.0264, 'None': 0.9572}
[sick_all none_mf] hh_s8 none base=mostfreq hl=None 874/1728
[sick_all none_tt] hh_s8 none base=timetable hl=None 1157/1728
[sick_all none_tt72] hh_s8 none base=timetable hl=72.0 1198/1728
[sick_all ocp_tt] hh_s8 ocp base=timetable hl=None 1157/1728 coverage 0.909 mean set 3.8
[sick_all ocp_tt_norel] hh_s8 ocp base=timetable hl=None 1157/1728 coverage 0.910 mean set 4.0
[sick_all mon_tt] hh_s8 martingale base=timetable hl=None 1157/1728 fires 1 on days [14] shift=[14, 15, 16, 17, 18]
[sick_all mon_tt72] hh_s8 martingale base=timetable hl=72.0 1198/1728 fires 0 on days [] shift=[14, 15, 16, 17, 18]
[sick_all mart_tt] hh_s8 martingale base=timetable hl=None 1185/1728 fires 1 on days [14] shift=[14, 15, 16, 17, 18]
[sick_all mart_tt72] hh_s8 martingale base=timetable hl=72.0 1198/1728 fires 0 on days [] shift=[14, 15, 16, 17, 18]
[sick_all bma_tt] hh_s8 bma base=timetable hl=None 1200/1728 final weights {'24.0': 0.0106, '72.0': 0.0149, '168.0': 0.0468, 'None': 0.9278}
[sick_all none_mf] hh_s9 none base=mostfreq hl=None 857/1728
[sick_all none_tt] hh_s9 none base=timetable hl=None 1237/1728
[sick_all none_tt72] hh_s9 none base=timetable hl=72.0 1246/1728
[sick_all ocp_tt] hh_s9 ocp base=timetable hl=None 1237/1728 coverage 0.908 mean set 6.3
[sick_all ocp_tt_norel] hh_s9 ocp base=timetable hl=None 1237/1728 coverage 0.909 mean set 5.8
[sick_all mon_tt] hh_s9 martingale base=timetable hl=None 1237/1728 fires 1 on days [14] shift=[14, 15, 16, 17, 18]
[sick_all mon_tt72] hh_s9 martingale base=timetable hl=72.0 1246/1728 fires 1 on days [14] shift=[14, 15, 16, 17, 18]
[sick_all mart_tt] hh_s9 martingale base=timetable hl=None 1242/1728 fires 1 on days [14] shift=[14, 15, 16, 17, 18]
[sick_all mart_tt72] hh_s9 martingale base=timetable hl=72.0 1248/1728 fires 1 on days [14] shift=[14, 15, 16, 17, 18]
[sick_all bma_tt] hh_s9 bma base=timetable hl=None 1240/1728 final weights {'24.0': 0.0084, '72.0': 0.0098, '168.0': 0.0152, 'None': 0.9667}
[sick_all nexcp_tt] hh_s0 nexcp base=timetable hl=None 1211/1728 coverage 0.927 mean set 6.2
[sick_all nexcp_tt72] hh_s0 nexcp base=timetable hl=None 1211/1728 coverage 0.930 mean set 5.7
[sick_all nexcp_tt_unw] hh_s0 nexcp base=timetable hl=None 1211/1728 coverage 0.932 mean set 6.1
[sick_all nexcp_tt] hh_s1 nexcp base=timetable hl=None 1131/1728 coverage 0.917 mean set 9.3
[sick_all nexcp_tt72] hh_s1 nexcp base=timetable hl=None 1131/1728 coverage 0.922 mean set 9.2
[sick_all nexcp_tt_unw] hh_s1 nexcp base=timetable hl=None 1131/1728 coverage 0.927 mean set 10.7
[sick_all nexcp_tt] hh_s2 nexcp base=timetable hl=None 1261/1728 coverage 0.932 mean set 6.5
[sick_all nexcp_tt72] hh_s2 nexcp base=timetable hl=None 1261/1728 coverage 0.935 mean set 6.2
[sick_all nexcp_tt_unw] hh_s2 nexcp base=timetable hl=None 1261/1728 coverage 0.952 mean set 6.8
[sick_all nexcp_tt] hh_s3 nexcp base=timetable hl=None 1238/1728 coverage 0.921 mean set 8.2
[sick_all nexcp_tt72] hh_s3 nexcp base=timetable hl=None 1238/1728 coverage 0.921 mean set 6.8
[sick_all nexcp_tt_unw] hh_s3 nexcp base=timetable hl=None 1238/1728 coverage 0.933 mean set 8.0
[sick_all nexcp_tt] hh_s4 nexcp base=timetable hl=None 1219/1728 coverage 0.915 mean set 11.4
[sick_all nexcp_tt72] hh_s4 nexcp base=timetable hl=None 1219/1728 coverage 0.916 mean set 10.2
[sick_all nexcp_tt_unw] hh_s4 nexcp base=timetable hl=None 1219/1728 coverage 0.932 mean set 11.0
[sick_all nexcp_tt] hh_s5 nexcp base=timetable hl=None 1153/1728 coverage 0.924 mean set 4.8
[sick_all nexcp_tt72] hh_s5 nexcp base=timetable hl=None 1153/1728 coverage 0.928 mean set 5.0
[sick_all nexcp_tt_unw] hh_s5 nexcp base=timetable hl=None 1153/1728 coverage 0.955 mean set 6.5
[sick_all nexcp_tt] hh_s6 nexcp base=timetable hl=None 1091/1728 coverage 0.924 mean set 6.7
[sick_all nexcp_tt72] hh_s6 nexcp base=timetable hl=None 1091/1728 coverage 0.925 mean set 6.2
[sick_all nexcp_tt_unw] hh_s6 nexcp base=timetable hl=None 1091/1728 coverage 0.939 mean set 6.8
[sick_all nexcp_tt] hh_s7 nexcp base=timetable hl=None 1301/1728 coverage 0.916 mean set 6.9
[sick_all nexcp_tt72] hh_s7 nexcp base=timetable hl=None 1301/1728 coverage 0.917 mean set 6.5
[sick_all nexcp_tt_unw] hh_s7 nexcp base=timetable hl=None 1301/1728 coverage 0.926 mean set 6.1
[sick_all nexcp_tt] hh_s8 nexcp base=timetable hl=None 1157/1728 coverage 0.916 mean set 5.8
[sick_all nexcp_tt72] hh_s8 nexcp base=timetable hl=None 1157/1728 coverage 0.920 mean set 5.5
[sick_all nexcp_tt_unw] hh_s8 nexcp base=timetable hl=None 1157/1728 coverage 0.938 mean set 6.5
[sick_all nexcp_tt] hh_s9 nexcp base=timetable hl=None 1237/1728 coverage 0.910 mean set 8.4
[sick_all nexcp_tt72] hh_s9 nexcp base=timetable hl=None 1237/1728 coverage 0.921 mean set 9.0
[sick_all nexcp_tt_unw] hh_s9 nexcp base=timetable hl=None 1237/1728 coverage 0.936 mean set 10.3
