[sick_spell none_mf] hh_s0 none base=mostfreq hl=None 988/1728
[sick_spell none_tt] hh_s0 none base=timetable hl=None 1238/1728
[sick_spell none_tt72] hh_s0 none base=timetable hl=72.0 1233/1728
[sick_spell ocp_tt] hh_s0 ocp base=timetable hl=None 1238/1728 coverage 0.910 mean set 3.6
[sick_spell ocp_tt_norel] hh_s0 ocp base=timetable hl=None 1238/1728 coverage 0.909 mean set 3.5
[sick_spell mon_tt] hh_s0 martingale base=timetable hl=None 1238/1728 fires 1 on days [14] shift=[14, 15, 16, 17, 18]
[sick_spell mon_tt72] hh_s0 martingale base=timetable hl=72.0 1233/1728 fires 1 on days [14] shift=[14, 15, 16, 17, 18]
[sick_spell mart_tt] hh_s0 martingale base=timetable hl=None 1223/1728 fires 1 on days [14] shift=[14, 15, 16, 17, 18]
[sick_spell mart_tt72] hh_s0 martingale base=timetable hl=72.0 1235/1728 fires 1 on days [14] shift=[14, 15, 16, 17, 18]
[sick_spell bma_tt] hh_s0 bma base=timetable hl=None 1248/1728 final weights {'24.0': 0.0057, '72.0': 0.0106, '168.0': 0.0286, 'None': 0.9551}
[sick_spell none_mf] hh_s1 none base=mostfreq hl=None 931/1728
[sick_spell none_tt] hh_s1 none base=timetable hl=None 1158/1728
[sick_spell none_tt72] hh_s1 none base=timetable hl=72.0 1181/1728
[sick_spell ocp_tt] hh_s1 ocp base=timetable hl=None 1158/1728 coverage 0.905 mean set 6.4
[sick_spell ocp_tt_norel] hh_s1 ocp base=timetable hl=None 1158/1728 coverage 0.907 mean set 5.8
[sick_spell mon_tt] hh_s1 martingale base=timetable hl=None 1158/1728 fires 1 on days [14] shift=[14, 15, 16, 17, 18]
[sick_spell mon_tt72] hh_s1 martingale base=timetable hl=72.0 1181/1728 fires 1 on days [14] shift=[14, 15, 16, 17, 18]
[sick_spell mart_tt] hh_s1 martingale base=timetable hl=None 1166/1728 fires 1 on days [14] shift=[14, 15, 16, 17, 18]
[sick_spell mart_tt72] hh_s1 martingale base=timetable hl=72.0 1173/1728 fires 1 on days [14] shift=[14, 15, 16, 17, 18]
[sick_spell bma_tt] hh_s1 bma base=timetable hl=None 1173/1728 final weights {'24.0': 0.0187, '72.0': 0.0542, '168.0': 0.0875, 'None': 0.8397}
[sick_spell none_mf] hh_s2 none base=mostfreq hl=None 952/1728
[sick_spell none_tt] hh_s2 none base=timetable hl=None 1295/1728
[sick_spell none_tt72] hh_s2 none base=timetable hl=72.0 1304/1728
[sick_spell ocp_tt] hh_s2 ocp base=timetable hl=None 1295/1728 coverage 0.929 mean set 4.2
[sick_spell ocp_tt_norel] hh_s2 ocp base=timetable hl=None 1295/1728 coverage 0.929 mean set 4.0
[sick_spell mon_tt] hh_s2 martingale base=timetable hl=None 1295/1728 fires 0 on days [] shift=[14, 15, 16, 17, 18]
[sick_spell mon_tt72] hh_s2 martingale base=timetable hl=72.0 1304/1728 fires 0 on days [] shift=[14, 15, 16, 17, 18]
[sick_spell mart_tt] hh_s2 martingale base=timetable hl=None 1295/1728 fires 0 on days [] shift=[14, 15, 16, 17, 18]
[sick_spell mart_tt72] hh_s2 martingale base=timetable hl=72.0 1304/1728 fires 0 on days [] shift=[14, 15, 16, 17, 18]
[sick_spell bma_tt] hh_s2 bma base=timetable hl=None 1304/1728 final weights {'24.0': 0.0059, '72.0': 0.0116, '168.0': 0.0263, 'None': 0.9562}
[sick_spell none_mf] hh_s3 none base=mostfreq hl=None 1095/1728
[sick_spell none_tt] hh_s3 none base=timetable hl=None 1315/1728
[sick_spell none_tt72] hh_s3 none base=timetable hl=72.0 1311/1728
[sick_spell ocp_tt] hh_s3 ocp base=timetable hl=None 1315/1728 coverage 0.917 mean set 4.5
[sick_spell ocp_tt_norel] hh_s3 ocp base=timetable hl=None 1315/1728 coverage 0.922 mean set 4.2
[sick_spell mon_tt] hh_s3 martingale base=timetable hl=None 1315/1728 fires 1 on days [5] shift=[14, 15, 16, 17, 18]
[sick_spell mon_tt72] hh_s3 martingale base=timetable hl=72.0 1311/1728 fires 0 on days [] shift=[14, 15, 16, 17, 18]
[sick_spell mart_tt] hh_s3 martingale base=timetable hl=None 1314/1728 fires 1 on days [5] shift=[14, 15, 16, 17, 18]
[sick_spell mart_tt72] hh_s3 martingale base=timetable hl=72.0 1311/1728 fires 0 on days [] shift=[14, 15, 16, 17, 18]
[sick_spell bma_tt] hh_s3 bma base=timetable hl=None 1332/1728 final weights {'24.0': 0.0395, '72.0': 0.0508, '168.0': 0.0696, 'None': 0.8401}
[sick_spell none_mf] hh_s4 none base=mostfreq hl=None 950/1728
[sick_spell none_tt] hh_s4 none base=timetable hl=None 1234/1728
[sick_spell none_tt72] hh_s4 none base=timetable hl=72.0 1242/1728
[sick_spell ocp_tt] hh_s4 ocp base=timetable hl=None 1234/1728 coverage 0.908 mean set 7.0
[sick_spell ocp_tt_norel] hh_s4 ocp base=timetable hl=None 1234/1728 coverage 0.909 mean set 6.7
[sick_spell mon_tt] hh_s4 martingale base=timetable hl=None 1234/1728 fires 0 on days [] shift=[14, 15, 16, 17, 18]
[sick_spell mon_tt72] hh_s4 martingale base=timetable hl=72.0 1242/1728 fires 0 on days [] shift=[14, 15, 16, 17, 18]
[sick_spell mart_tt] hh_s4 martingale base=timetable hl=None 1234/1728 fires 0 on days [] shift=[14, 15, 16, 17, 18]
[sick_spell mart_tt72] hh_s4 martingale base=timetable hl=72.0 1242/1728 fires 0 on days [] shift=[14, 15, 16, 17, 18]
[sick_spell bma_tt] hh_s4 bma base=timetable hl=None 1245/1728 final weights {'24.0': 0.0233, '72.0': 0.0655, '168.0': 0.1418, 'None': 0.7693}
[sick_spell none_mf] hh_s5 none base=mostfreq hl=None 801/1728
[sick_spell none_tt] hh_s5 none base=timetable hl=None 1142/1728
[sick_spell none_tt72] hh_s5 none base=timetable hl=72.0 1141/1728
[sick_spell ocp_tt] hh_s5 ocp base=timetable hl=None 1142/1728 coverage 0.916 mean set 4.4
[sick_spell ocp_tt_norel] hh_s5 ocp base=timetable hl=None 1142/1728 coverage 0.916 mean set 4.0
[sick_spell mon_tt] hh_s5 martingale base=timetable hl=None 1142/1728 fires 0 on days [] shift=[14, 15, 16, 17, 18]
[sick_spell mon_tt72] hh_s5 martingale base=timetable hl=72.0 1141/1728 fires 2 on days [16, 20] shift=[14, 15, 16, 17, 18]
[sick_spell mart_tt] hh_s5 martingale base=timetable hl=None 1142/1728 fires 0 on days [] shift=[14, 15, 16, 17, 18]
[sick_spell mart_tt72] hh_s5 martingale base=timetable hl=72.0 1134/1728 fires 2 on days [16, 20] shift=[14, 15, 16, 17, 18]
[sick_spell bma_tt] hh_s5 bma base=timetable hl=None 1166/1728 final weights {'24.0': 0.0179, '72.0': 0.0187, '168.0': 0.0289, 'None': 0.9345}
[sick_spell none_mf] hh_s6 none base=mostfreq hl=None 964/1728
[sick_spell none_tt] hh_s6 none base=timetable hl=None 1124/1728
[sick_spell none_tt72] hh_s6 none base=timetable hl=72.0 1152/1728
[sick_spell ocp_tt] hh_s6 ocp base=timetable hl=None 1124/1728 coverage 0.909 mean set 4.6
[sick_spell ocp_tt_norel] hh_s6 ocp base=timetable hl=None 1124/1728 coverage 0.911 mean set 4.5
[sick_spell mon_tt] hh_s6 martingale base=timetable hl=None 1124/1728 fires 0 on days [] shift=[14, 15, 16, 17, 18]
[sick_spell mon_tt72] hh_s6 martingale base=timetable hl=72.0 1152/1728 fires 0 on days [] shift=[14, 15, 16, 17, 18]
[sick_spell mart_tt] hh_s6 martingale base=timetable hl=None 1124/1728 fires 0 on days [] shift=[14, 15, 16, 17, 18]
[sick_spell mart_tt72] hh_s6 martingale base=timetable hl=72.0 1152/1728 fires 0 on days [] shift=[14, 15, 16, 17, 18]
[sick_spell bma_tt] hh_s6 bma base=timetable hl=None 1146/1728 final weights {'24.0': 0.0125, '72.0': 0.0251, '168.0': 0.1166, 'None': 0.8458}
[sick_spell none_mf] hh_s7 none base=mostfreq hl=None 998/1728
[sick_spell none_tt] hh_s7 none base=timetable hl=None 1395/1728
[sick_spell none_tt72] hh_s7 none base=timetable hl=72.0 1385/1728
[sick_spell ocp_tt] hh_s7 ocp base=timetable hl=None 1395/1728 coverage 0.912 mean set 3.5
[sick_spell ocp_tt_norel] hh_s7 ocp base=timetable hl=None 1395/1728 coverage 0.914 mean set 3.4
[sick_spell mon_tt] hh_s7 martingale base=timetable hl=None 1395/1728 fires 2 on days [5, 14] shift=[14, 15, 16, 17, 18]
[sick_spell mon_tt72] hh_s7 martingale base=timetable hl=72.0 1385/1728 fires 2 on days [5, 14] shift=[14, 15, 16, 17, 18]
[sick_spell mart_tt] hh_s7 martingale base=timetable hl=None 1380/1728 fires 2 on days [5, 14] shift=[14, 15, 16, 17, 18]
[sick_spell mart_tt72] hh_s7 martingale base=timetable hl=72.0 1374/1728 fires 2 on days [5, 14] shift=[14, 15, 16, 17, 18]
[sick_spell bma_tt] hh_s7 bma base=timetable hl=None 1398/1728 final weights {'24.0': 0.0106, '72.0': 0.0217, '168.0': 0.0496, 'None': 0.9181}
[sick_spell none_mf] hh_s8 none base=mostfreq hl=None 944/1728
[sick_spell none_tt] hh_s8 none base=timetable hl=None 1228/1728
[sick_spell none_tt72] hh_s8 none base=timetable hl=72.0 1237/1728
[sick_spell ocp_tt] hh_s8 ocp base=timetable hl=None 1228/1728 coverage 0.906 mean set 3.7
[sick_spell ocp_tt_norel] hh_s8 ocp base=timetable hl=None 1228/1728 coverage 0.906 mean set 3.9
[sick_spell mon_tt] hh_s8 martingale base=timetable hl=None 1228/1728 fires 0 on days [] shift=[14, 15, 16, 17, 18]
[sick_spell mon_tt72] hh_s8 martingale base=timetable hl=72.0 1237/1728 fires 0 on days [] shift=[14, 15, 16, 17, 18]
[sick_spell mart_tt] hh_s8 martingale base=timetable hl=None 1228/1728 fires 0 on days [] shift=[14, 15, 16, 17, 18]
[sick_spell mart_tt72] hh_s8 martingale base=timetable hl=72.0 1237/1728 fires 0 on days [] shift=[14, 15, 16, 17, 18]
[sick_spell bma_tt] hh_s8 bma base=timetable hl=None 1247/1728 final weights {'24.0': 0.0088, '72.0': 0.0161, '168.0': 0.0291, 'None': 0.9461}
[sick_spell none_mf] hh_s9 none base=mostfreq hl=None 890/1728
[sick_spell none_tt] hh_s9 none base=timetable hl=None 1265/1728
[sick_spell none_tt72] hh_s9 none base=timetable hl=72.0 1264/1728
[sick_spell ocp_tt] hh_s9 ocp base=timetable hl=None 1265/1728 coverage 0.914 mean set 5.3
[sick_spell ocp_tt_norel] hh_s9 ocp base=timetable hl=None 1265/1728 coverage 0.919 mean set 5.1
[sick_spell mon_tt] hh_s9 martingale base=timetable hl=None 1265/1728 fires 0 on days [] shift=[14, 15, 16, 17, 18]
[sick_spell mon_tt72] hh_s9 martingale base=timetable hl=72.0 1264/1728 fires 0 on days [] shift=[14, 15, 16, 17, 18]
[sick_spell mart_tt] hh_s9 martingale base=timetable hl=None 1265/1728 fires 0 on days [] shift=[14, 15, 16, 17, 18]
[sick_spell mart_tt72] hh_s9 martingale base=timetable hl=72.0 1264/1728 fires 0 on days [] shift=[14, 15, 16, 17, 18]
[sick_spell bma_tt] hh_s9 bma base=timetable hl=None 1272/1728 final weights {'24.0': 0.0058, '72.0': 0.0093, '168.0': 0.0252, 'None': 0.9597}
[sick_spell nexcp_tt] hh_s0 nexcp base=timetable hl=None 1238/1728 coverage 0.924 mean set 5.8
[sick_spell nexcp_tt72] hh_s0 nexcp base=timetable hl=None 1238/1728 coverage 0.923 mean set 5.4
[sick_spell nexcp_tt_unw] hh_s0 nexcp base=timetable hl=None 1238/1728 coverage 0.931 mean set 5.8
[sick_spell nexcp_tt] hh_s1 nexcp base=timetable hl=None 1158/1728 coverage 0.921 mean set 8.9
[sick_spell nexcp_tt72] hh_s1 nexcp base=timetable hl=None 1158/1728 coverage 0.925 mean set 9.1
[sick_spell nexcp_tt_unw] hh_s1 nexcp base=timetable hl=None 1158/1728 coverage 0.934 mean set 10.2
[sick_spell nexcp_tt] hh_s2 nexcp base=timetable hl=None 1295/1728 coverage 0.928 mean set 5.6
[sick_spell nexcp_tt72] hh_s2 nexcp base=timetable hl=None 1295/1728 coverage 0.940 mean set 5.7
[sick_spell nexcp_tt_unw] hh_s2 nexcp base=timetable hl=None 1295/1728 coverage 0.952 mean set 6.4
[sick_spell nexcp_tt] hh_s3 nexcp base=timetable hl=None 1315/1728 coverage 0.921 mean set 5.6
[sick_spell nexcp_tt72] hh_s3 nexcp base=timetable hl=None 1315/1728 coverage 0.930 mean set 5.6
[sick_spell nexcp_tt_unw] hh_s3 nexcp base=timetable hl=None 1315/1728 coverage 0.949 mean set 6.5
[sick_spell nexcp_tt] hh_s4 nexcp base=timetable hl=None 1234/1728 coverage 0.920 mean set 9.2
[sick_spell nexcp_tt72] hh_s4 nexcp base=timetable hl=None 1234/1728 coverage 0.925 mean set 8.7
[sick_spell nexcp_tt_unw] hh_s4 nexcp base=timetable hl=None 1234/1728 coverage 0.943 mean set 9.5
[sick_spell nexcp_tt] hh_s5 nexcp base=timetable hl=None 1142/1728 coverage 0.921 mean set 5.0
[sick_spell nexcp_tt72] hh_s5 nexcp base=timetable hl=None 1142/1728 coverage 0.922 mean set 5.0
[sick_spell nexcp_tt_unw] hh_s5 nexcp base=timetable hl=None 1142/1728 coverage 0.949 mean set 6.3
[sick_spell nexcp_tt] hh_s6 nexcp base=timetable hl=None 1124/1728 coverage 0.922 mean set 5.9
[sick_spell nexcp_tt72] hh_s6 nexcp base=timetable hl=None 1124/1728 coverage 0.929 mean set 5.8
[sick_spell nexcp_tt_unw] hh_s6 nexcp base=timetable hl=None 1124/1728 coverage 0.948 mean set 6.4
[sick_spell nexcp_tt] hh_s7 nexcp base=timetable hl=None 1395/1728 coverage 0.919 mean set 4.6
[sick_spell nexcp_tt72] hh_s7 nexcp base=timetable hl=None 1395/1728 coverage 0.924 mean set 4.4
[sick_spell nexcp_tt_unw] hh_s7 nexcp base=timetable hl=None 1395/1728 coverage 0.946 mean set 5.0
[sick_spell nexcp_tt] hh_s8 nexcp base=timetable hl=None 1228/1728 coverage 0.918 mean set 4.6
[sick_spell nexcp_tt72] hh_s8 nexcp base=timetable hl=None 1228/1728 coverage 0.918 mean set 5.0
[sick_spell nexcp_tt_unw] hh_s8 nexcp base=timetable hl=None 1228/1728 coverage 0.943 mean set 5.6
[sick_spell nexcp_tt] hh_s9 nexcp base=timetable hl=None 1265/1728 coverage 0.918 mean set 7.1
[sick_spell nexcp_tt72] hh_s9 nexcp base=timetable hl=None 1265/1728 coverage 0.932 mean set 8.2
[sick_spell nexcp_tt_unw] hh_s9 nexcp base=timetable hl=None 1265/1728 coverage 0.946 mean set 9.6
