[sick_owner none_mf] hh_s0 none base=mostfreq hl=None 478/864
[sick_owner none_tt] hh_s0 none base=timetable hl=None 654/864
[sick_owner none_tt72] hh_s0 none base=timetable hl=72.0 653/864
[sick_owner ocp_tt] hh_s0 ocp base=timetable hl=None 654/864 coverage 0.906 mean set 8.4
[sick_owner ocp_tt_norel] hh_s0 ocp base=timetable hl=None 654/864 coverage 0.906 mean set 7.3
[sick_owner mon_tt] hh_s0 martingale base=timetable hl=None 654/864 fires 1 on days [14] shift=[14, 15, 16, 17, 18]
[sick_owner mon_tt72] hh_s0 martingale base=timetable hl=72.0 653/864 fires 1 on days [14] shift=[14, 15, 16, 17, 18]
[sick_owner mart_tt] hh_s0 martingale base=timetable hl=None 646/864 fires 1 on days [14] shift=[14, 15, 16, 17, 18]
[sick_owner mart_tt72] hh_s0 martingale base=timetable hl=72.0 646/864 fires 1 on days [14] shift=[14, 15, 16, 17, 18]
[sick_owner bma_tt] hh_s0 bma base=timetable hl=None 656/864 final weights {'24.0': 0.0127, '72.0': 0.0217, '168.0': 0.0399, 'None': 0.9257}
[sick_owner none_mf] hh_s1 none base=mostfreq hl=None 457/864
[sick_owner none_tt] hh_s1 none base=timetable hl=None 602/864
[sick_owner none_tt72] hh_s1 none base=timetable hl=72.0 598/864
[sick_owner ocp_tt] hh_s1 ocp base=timetable hl=None 602/864 coverage 0.910 mean set 5.6
[sick_owner ocp_tt_norel] hh_s1 ocp base=timetable hl=None 602/864 coverage 0.913 mean set 4.9
[sick_owner mon_tt] hh_s1 martingale base=timetable hl=None 602/864 fires 2 on days [14, 17] shift=[14, 15, 16, 17, 18]
[sick_owner mon_tt72] hh_s1 martingale base=timetable hl=72.0 598/864 fires 0 on days [] shift=[14, 15, 16, 17, 18]
[sick_owner mart_tt] hh_s1 martingale base=timetable hl=None 581/864 fires 2 on days [14, 17] shift=[14, 15, 16, 17, 18]
[sick_owner mart_tt72] hh_s1 martingale base=timetable hl=72.0 598/864 fires 0 on days [] shift=[14, 15, 16, 17, 18]
[sick_owner bma_tt] hh_s1 bma base=timetable hl=None 593/864 final weights {'24.0': 0.0188, '72.0': 0.0196, '168.0': 0.0473, 'None': 0.9144}
[sick_owner none_mf] hh_s2 none base=mostfreq hl=None 480/864
[sick_owner none_tt] hh_s2 none base=timetable hl=None 738/864
[sick_owner none_tt72] hh_s2 none base=timetable hl=72.0 731/864
[sick_owner ocp_tt] hh_s2 ocp base=timetable hl=None 738/864 coverage 0.929 mean set 2.9
[sick_owner ocp_tt_norel] hh_s2 ocp base=timetable hl=None 738/864 coverage 0.932 mean set 3.0
[sick_owner mon_tt] hh_s2 martingale base=timetable hl=None 738/864 fires 1 on days [14] shift=[14, 15, 16, 17, 18]
[sick_owner mon_tt72] hh_s2 martingale base=timetable hl=72.0 731/864 fires 1 on days [14] shift=[14, 15, 16, 17, 18]
[sick_owner mart_tt] hh_s2 martingale base=timetable hl=None 727/864 fires 1 on days [14] shift=[14, 15, 16, 17, 18]
[sick_owner mart_tt72] hh_s2 martingale base=timetable hl=72.0 729/864 fires 1 on days [14] shift=[14, 15, 16, 17, 18]
[sick_owner bma_tt] hh_s2 bma base=timetable hl=None 739/864 final weights {'24.0': 0.0113, '72.0': 0.0186, '168.0': 0.0313, 'None': 0.9387}
[sick_owner none_mf] hh_s3 none base=mostfreq hl=None 547/864
[sick_owner none_tt] hh_s3 none base=timetable hl=None 626/864
[sick_owner none_tt72] hh_s3 none base=timetable hl=72.0 627/864
[sick_owner ocp_tt] hh_s3 ocp base=timetable hl=None 626/864 coverage 0.899 mean set 4.7
[sick_owner ocp_tt_norel] hh_s3 ocp base=timetable hl=None 626/864 coverage 0.903 mean set 5.1
[sick_owner mon_tt] hh_s3 martingale base=timetable hl=None 626/864 fires 1 on days [16] shift=[14, 15, 16, 17, 18]
[sick_owner mon_tt72] hh_s3 martingale base=timetable hl=72.0 627/864 fires 1 on days [17] shift=[14, 15, 16, 17, 18]
[sick_owner mart_tt] hh_s3 martingale base=timetable hl=None 627/864 fires 1 on days [16] shift=[14, 15, 16, 17, 18]
[sick_owner mart_tt72] hh_s3 martingale base=timetable hl=72.0 616/864 fires 1 on days [17] shift=[14, 15, 16, 17, 18]
[sick_owner bma_tt] hh_s3 bma base=timetable hl=None 626/864 final weights {'24.0': 0.0124, '72.0': 0.0239, '168.0': 0.0655, 'None': 0.8982}
[sick_owner none_mf] hh_s4 none base=mostfreq hl=None 498/864
[sick_owner none_tt] hh_s4 none base=timetable hl=None 596/864
[sick_owner none_tt72] hh_s4 none base=timetable hl=72.0 601/864
[sick_owner ocp_tt] hh_s4 ocp base=timetable hl=None 596/864 coverage 0.932 mean set 6.7
[sick_owner ocp_tt_norel] hh_s4 ocp base=timetable hl=None 596/864 coverage 0.932 mean set 7.0
[sick_owner mon_tt] hh_s4 martingale base=timetable hl=None 596/864 fires 0 on days [] shift=[14, 15, 16, 17, 18]
[sick_owner mon_tt72] hh_s4 martingale base=timetable hl=72.0 601/864 fires 0 on days [] shift=[14, 15, 16, 17, 18]
[sick_owner mart_tt] hh_s4 martingale base=timetable hl=None 596/864 fires 0 on days [] shift=[14, 15, 16, 17, 18]
[sick_owner mart_tt72] hh_s4 martingale base=timetable hl=72.0 601/864 fires 0 on days [] shift=[14, 15, 16, 17, 18]
[sick_owner bma_tt] hh_s4 bma base=timetable hl=None 612/864 final weights {'24.0': 0.033, '72.0': 0.0378, '168.0': 0.0685, 'None': 0.8608}
[sick_owner none_mf] hh_s5 none base=mostfreq hl=None 512/864
[sick_owner none_tt] hh_s5 none base=timetable hl=None 682/864
[sick_owner none_tt72] hh_s5 none base=timetable hl=72.0 684/864
[sick_owner ocp_tt] hh_s5 ocp base=timetable hl=None 682/864 coverage 0.918 mean set 3.7
[sick_owner ocp_tt_norel] hh_s5 ocp base=timetable hl=None 682/864 coverage 0.919 mean set 3.7
[sick_owner mon_tt] hh_s5 martingale base=timetable hl=None 682/864 fires 0 on days [] shift=[14, 15, 16, 17, 18]
[sick_owner mon_tt72] hh_s5 martingale base=timetable hl=72.0 684/864 fires 0 on days [] shift=[14, 15, 16, 17, 18]
[sick_owner mart_tt] hh_s5 martingale base=timetable hl=None 682/864 fires 0 on days [] shift=[14, 15, 16, 17, 18]
[sick_owner mart_tt72] hh_s5 martingale base=timetable hl=72.0 684/864 fires 0 on days [] shift=[14, 15, 16, 17, 18]
[sick_owner bma_tt] hh_s5 bma base=timetable hl=None 690/864 final weights {'24.0': 0.1943, '72.0': 0.084, '168.0': 0.0834, 'None': 0.6382}
[sick_owner none_mf] hh_s6 none base=mostfreq hl=None 458/864
[sick_owner none_tt] hh_s6 none base=timetable hl=None 595/864
[sick_owner none_tt72] hh_s6 none base=timetable hl=72.0 607/864
[sick_owner ocp_tt] hh_s6 ocp base=timetable hl=None 595/864 coverage 0.921 mean set 6.7
[sick_owner ocp_tt_norel] hh_s6 ocp base=timetable hl=None 595/864 coverage 0.928 mean set 6.1
[sick_owner mon_tt] hh_s6 martingale base=timetable hl=None 595/864 fires 0 on days [] shift=[14, 15, 16, 17, 18]
[sick_owner mon_tt72] hh_s6 martingale base=timetable hl=72.0 607/864 fires 0 on days [] shift=[14, 15, 16, 17, 18]
[sick_owner mart_tt] hh_s6 martingale base=timetable hl=None 595/864 fires 0 on days [] shift=[14, 15, 16, 17, 18]
[sick_owner mart_tt72] hh_s6 martingale base=timetable hl=72.0 607/864 fires 0 on days [] shift=[14, 15, 16, 17, 18]
[sick_owner bma_tt] hh_s6 bma base=timetable hl=None 598/864 final weights {'24.0': 0.0339, '72.0': 0.0941, '168.0': 0.1698, 'None': 0.7022}
[sick_owner none_mf] hh_s7 none base=mostfreq hl=None 469/864
[sick_owner none_tt] hh_s7 none base=timetable hl=None 658/864
[sick_owner none_tt72] hh_s7 none base=timetable hl=72.0 655/864
[sick_owner ocp_tt] hh_s7 ocp base=timetable hl=None 658/864 coverage 0.914 mean set 3.2
[sick_owner ocp_tt_norel] hh_s7 ocp base=timetable hl=None 658/864 coverage 0.914 mean set 3.3
[sick_owner mon_tt] hh_s7 martingale base=timetable hl=None 658/864 fires 1 on days [14] shift=[14, 15, 16, 17, 18]
[sick_owner mon_tt72] hh_s7 martingale base=timetable hl=72.0 655/864 fires 1 on days [14] shift=[14, 15, 16, 17, 18]
[sick_owner mart_tt] hh_s7 martingale base=timetable hl=None 644/864 fires 1 on days [14] shift=[14, 15, 16, 17, 18]
[sick_owner mart_tt72] hh_s7 martingale base=timetable hl=72.0 659/864 fires 1 on days [14] shift=[14, 15, 16, 17, 18]
[sick_owner bma_tt] hh_s7 bma base=timetable hl=None 673/864 final weights {'24.0': 0.0079, '72.0': 0.0137, '168.0': 0.032, 'None': 0.9464}
[sick_owner none_mf] hh_s8 none base=mostfreq hl=None 523/864
[sick_owner none_tt] hh_s8 none base=timetable hl=None 643/864
[sick_owner none_tt72] hh_s8 none base=timetable hl=72.0 661/864
[sick_owner ocp_tt] hh_s8 ocp base=timetable hl=None 643/864 coverage 0.916 mean set 4.7
[sick_owner ocp_tt_norel] hh_s8 ocp base=timetable hl=None 643/864 coverage 0.916 mean set 4.5
[sick_owner mon_tt] hh_s8 martingale base=timetable hl=None 643/864 fires 1 on days [17] shift=[14, 15, 16, 17, 18]
[sick_owner mon_tt72] hh_s8 martingale base=timetable hl=72.0 661/864 fires 2 on days [17, 27] shift=[14, 15, 16, 17, 18]
[sick_owner mart_tt] hh_s8 martingale base=timetable hl=None 648/864 fires 1 on days [17] shift=[14, 15, 16, 17, 18]
[sick_owner mart_tt72] hh_s8 martingale base=timetable hl=72.0 657/864 fires 2 on days [17, 27] shift=[14, 15, 16, 17, 18]
[sick_owner bma_tt] hh_s8 bma base=timetable hl=None 653/864 final weights {'24.0': 0.0089, '72.0': 0.0559, '168.0': 0.2233, 'None': 0.712}
[sick_owner none_mf] hh_s9 none base=mostfreq hl=None 476/864
[sick_owner none_tt] hh_s9 none base=timetable hl=None 696/864
[sick_owner none_tt72] hh_s9 none base=timetable hl=72.0 682/864
[sick_owner ocp_tt] hh_s9 ocp base=timetable hl=None 696/864 coverage 0.917 mean set 4.1
[sick_owner ocp_tt_norel] hh_s9 ocp base=timetable hl=None 696/864 coverage 0.921 mean set 5.1
[sick_owner mon_tt] hh_s9 martingale base=timetable hl=None 696/864 fires 0 on days [] shift=[14, 15, 16, 17, 18]
[sick_owner mon_tt72] hh_s9 martingale base=timetable hl=72.0 682/864 fires 0 on days [] shift=[14, 15, 16, 17, 18]
[sick_owner mart_tt] hh_s9 martingale base=timetable hl=None 696/864 fires 0 on days [] shift=[14, 15, 16, 17, 18]
[sick_owner mart_tt72] hh_s9 martingale base=timetable hl=72.0 682/864 fires 0 on days [] shift=[14, 15, 16, 17, 18]
[sick_owner bma_tt] hh_s9 bma base=timetable hl=None 686/864 final weights {'24.0': 0.0163, '72.0': 0.0303, '168.0': 0.0655, 'None': 0.8878}
[sick_owner nexcp_tt] hh_s0 nexcp base=timetable hl=None 654/864 coverage 0.931 mean set 12.5
[sick_owner nexcp_tt72] hh_s0 nexcp base=timetable hl=None 654/864 coverage 0.913 mean set 8.8
[sick_owner nexcp_tt_unw] hh_s0 nexcp base=timetable hl=None 654/864 coverage 0.910 mean set 6.7
[sick_owner nexcp_tt] hh_s1 nexcp base=timetable hl=None 602/864 coverage 0.936 mean set 7.0
[sick_owner nexcp_tt72] hh_s1 nexcp base=timetable hl=None 602/864 coverage 0.935 mean set 6.5
[sick_owner nexcp_tt_unw] hh_s1 nexcp base=timetable hl=None 602/864 coverage 0.950 mean set 8.3
[sick_owner nexcp_tt] hh_s2 nexcp base=timetable hl=None 738/864 coverage 0.934 mean set 7.4
[sick_owner nexcp_tt72] hh_s2 nexcp base=timetable hl=None 738/864 coverage 0.932 mean set 5.3
[sick_owner nexcp_tt_unw] hh_s2 nexcp base=timetable hl=None 738/864 coverage 0.933 mean set 4.7
[sick_owner nexcp_tt] hh_s3 nexcp base=timetable hl=None 626/864 coverage 0.948 mean set 13.0
[sick_owner nexcp_tt72] hh_s3 nexcp base=timetable hl=None 626/864 coverage 0.914 mean set 7.3
[sick_owner nexcp_tt_unw] hh_s3 nexcp base=timetable hl=None 626/864 coverage 0.918 mean set 6.6
[sick_owner nexcp_tt] hh_s4 nexcp base=timetable hl=None 596/864 coverage 0.949 mean set 10.9
[sick_owner nexcp_tt72] hh_s4 nexcp base=timetable hl=None 596/864 coverage 0.940 mean set 8.3
[sick_owner nexcp_tt_unw] hh_s4 nexcp base=timetable hl=None 596/864 coverage 0.939 mean set 7.7
[sick_owner nexcp_tt] hh_s5 nexcp base=timetable hl=None 682/864 coverage 0.939 mean set 6.3
[sick_owner nexcp_tt72] hh_s5 nexcp base=timetable hl=None 682/864 coverage 0.935 mean set 5.4
[sick_owner nexcp_tt_unw] hh_s5 nexcp base=timetable hl=None 682/864 coverage 0.957 mean set 7.6
[sick_owner nexcp_tt] hh_s6 nexcp base=timetable hl=None 595/864 coverage 0.938 mean set 8.2
[sick_owner nexcp_tt72] hh_s6 nexcp base=timetable hl=None 595/864 coverage 0.949 mean set 7.8
[sick_owner nexcp_tt_unw] hh_s6 nexcp base=timetable hl=None 595/864 coverage 0.955 mean set 8.2
[sick_owner nexcp_tt] hh_s7 nexcp base=timetable hl=None 658/864 coverage 0.934 mean set 6.6
[sick_owner nexcp_tt72] hh_s7 nexcp base=timetable hl=None 658/864 coverage 0.927 mean set 4.7
[sick_owner nexcp_tt_unw] hh_s7 nexcp base=timetable hl=None 658/864 coverage 0.933 mean set 5.0
[sick_owner nexcp_tt] hh_s8 nexcp base=timetable hl=None 643/864 coverage 0.919 mean set 5.6
[sick_owner nexcp_tt72] hh_s8 nexcp base=timetable hl=None 643/864 coverage 0.919 mean set 5.3
[sick_owner nexcp_tt_unw] hh_s8 nexcp base=timetable hl=None 643/864 coverage 0.938 mean set 5.9
[sick_owner nexcp_tt] hh_s9 nexcp base=timetable hl=None 696/864 coverage 0.934 mean set 10.3
[sick_owner nexcp_tt72] hh_s9 nexcp base=timetable hl=None 696/864 coverage 0.927 mean set 8.5
[sick_owner nexcp_tt_unw] hh_s9 nexcp base=timetable hl=None 696/864 coverage 0.939 mean set 8.0
