[sick10_all none_mf] hh_s0 none base=mostfreq hl=None 412/744
[sick10_all none_tt] hh_s0 none base=timetable hl=None 538/744
[sick10_all none_tt72] hh_s0 none base=timetable hl=72.0 538/744
[sick10_all none_tt24] hh_s0 none base=timetable hl=24.0 560/744
[sick10_all mon_tt24] hh_s0 martingale base=timetable hl=24.0 560/744 fires 2 on days [14, 24] shift=[14, 15, 16, 17, 18, 19, 20, 21, 22, 23]
[sick10_all ocp_tt] hh_s0 ocp base=timetable hl=None 538/744 coverage 0.923 mean set 7.7
[sick10_all ocp_tt_norel] hh_s0 ocp base=timetable hl=None 538/744 coverage 0.925 mean set 8.2
[sick10_all mon_tt] hh_s0 martingale base=timetable hl=None 538/744 fires 1 on days [14] shift=[14, 15, 16, 17, 18, 19, 20, 21, 22, 23]
[sick10_all mon_tt72] hh_s0 martingale base=timetable hl=72.0 538/744 fires 1 on days [14] shift=[14, 15, 16, 17, 18, 19, 20, 21, 22, 23]
[sick10_all mart_tt] hh_s0 martingale base=timetable hl=None 543/744 fires 1 on days [14] shift=[14, 15, 16, 17, 18, 19, 20, 21, 22, 23]
[sick10_all mart_tt72] hh_s0 martingale base=timetable hl=72.0 560/744 fires 2 on days [14, 24] shift=[14, 15, 16, 17, 18, 19, 20, 21, 22, 23]
[sick10_all bma_tt] hh_s0 bma base=timetable hl=None 549/744 final weights {'24.0': 0.0063, '72.0': 0.0081, '168.0': 0.0164, 'None': 0.9692}
[sick10_all nexcp_tt] hh_s0 nexcp base=timetable hl=None 538/744 coverage 0.935 mean set 11.4
[sick10_all nexcp_tt72] hh_s0 nexcp base=timetable hl=None 538/744 coverage 0.938 mean set 10.3
[sick10_all nexcp_tt_unw] hh_s0 nexcp base=timetable hl=None 538/744 coverage 0.934 mean set 8.9
[sick10_all none_mf] hh_s1 none base=mostfreq hl=None 246/693
[sick10_all none_tt] hh_s1 none base=timetable hl=None 447/693
[sick10_all none_tt72] hh_s1 none base=timetable hl=72.0 458/693
[sick10_all none_tt24] hh_s1 none base=timetable hl=24.0 467/693
[sick10_all mon_tt24] hh_s1 martingale base=timetable hl=24.0 467/693 fires 0 on days [] shift=[14, 15, 16, 17, 18, 19, 20, 21, 22, 23]
[sick10_all ocp_tt] hh_s1 ocp base=timetable hl=None 447/693 coverage 0.906 mean set 9.7
[sick10_all ocp_tt_norel] hh_s1 ocp base=timetable hl=None 447/693 coverage 0.909 mean set 8.3
[sick10_all mon_tt] hh_s1 martingale base=timetable hl=None 447/693 fires 3 on days [10, 14, 30] shift=[14, 15, 16, 17, 18, 19, 20, 21, 22, 23]
[sick10_all mon_tt72] hh_s1 martingale base=timetable hl=72.0 458/693 fires 0 on days [] shift=[14, 15, 16, 17, 18, 19, 20, 21, 22, 23]
[sick10_all mart_tt] hh_s1 martingale base=timetable hl=None 454/693 fires 2 on days [10, 30] shift=[14, 15, 16, 17, 18, 19, 20, 21, 22, 23]
[sick10_all mart_tt72] hh_s1 martingale base=timetable hl=72.0 458/693 fires 0 on days [] shift=[14, 15, 16, 17, 18, 19, 20, 21, 22, 23]
[sick10_all bma_tt] hh_s1 bma base=timetable hl=None 460/693 final weights {'24.0': 0.0063, '72.0': 0.01, '168.0': 0.0201, 'None': 0.9636}
[sick10_all nexcp_tt] hh_s1 nexcp base=timetable hl=None 447/693 coverage 0.925 mean set 15.3
[sick10_all nexcp_tt72] hh_s1 nexcp base=timetable hl=None 447/693 coverage 0.919 mean set 13.3
[sick10_all nexcp_tt_unw] hh_s1 nexcp base=timetable hl=None 447/693 coverage 0.925 mean set 13.4
[sick10_all none_mf] hh_s2 none base=mostfreq hl=None 394/744
[sick10_all none_tt] hh_s2 none base=timetable hl=None 543/744
[sick10_all none_tt72] hh_s2 none base=timetable hl=72.0 571/744
[sick10_all none_tt24] hh_s2 none base=timetable hl=24.0 596/744
[sick10_all mon_tt24] hh_s2 martingale base=timetable hl=24.0 596/744 fires 0 on days [] shift=[14, 15, 16, 17, 18, 19, 20, 21, 22, 23]
[sick10_all ocp_tt] hh_s2 ocp base=timetable hl=None 543/744 coverage 0.921 mean set 4.4
[sick10_all ocp_tt_norel] hh_s2 ocp base=timetable hl=None 543/744 coverage 0.921 mean set 4.7
[sick10_all mon_tt] hh_s2 martingale base=timetable hl=None 543/744 fires 1 on days [14] shift=[14, 15, 16, 17, 18, 19, 20, 21, 22, 23]
[sick10_all mon_tt72] hh_s2 martingale base=timetable hl=72.0 571/744 fires 1 on days [14] shift=[14, 15, 16, 17, 18, 19, 20, 21, 22, 23]
[sick10_all mart_tt] hh_s2 martingale base=timetable hl=None 546/744 fires 1 on days [14] shift=[14, 15, 16, 17, 18, 19, 20, 21, 22, 23]
[sick10_all mart_tt72] hh_s2 martingale base=timetable hl=72.0 599/744 fires 2 on days [14, 24] shift=[14, 15, 16, 17, 18, 19, 20, 21, 22, 23]
[sick10_all bma_tt] hh_s2 bma base=timetable hl=None 568/744 final weights {'24.0': 0.0053, '72.0': 0.0065, '168.0': 0.0121, 'None': 0.9761}
[sick10_all nexcp_tt] hh_s2 nexcp base=timetable hl=None 543/744 coverage 0.944 mean set 10.1
[sick10_all nexcp_tt72] hh_s2 nexcp base=timetable hl=None 543/744 coverage 0.937 mean set 9.5
[sick10_all nexcp_tt_unw] hh_s2 nexcp base=timetable hl=None 543/744 coverage 0.940 mean set 8.2
[sick10_all none_mf] hh_s3 none base=mostfreq hl=None 360/744
[sick10_all none_tt] hh_s3 none base=timetable hl=None 502/744
[sick10_all none_tt72] hh_s3 none base=timetable hl=72.0 524/744
[sick10_all none_tt24] hh_s3 none base=timetable hl=24.0 535/744
[sick10_all mon_tt24] hh_s3 martingale base=timetable hl=24.0 535/744 fires 1 on days [14] shift=[14, 15, 16, 17, 18, 19, 20, 21, 22, 23]
[sick10_all ocp_tt] hh_s3 ocp base=timetable hl=None 502/744 coverage 0.909 mean set 9.0
[sick10_all ocp_tt_norel] hh_s3 ocp base=timetable hl=None 502/744 coverage 0.910 mean set 8.5
[sick10_all mon_tt] hh_s3 martingale base=timetable hl=None 502/744 fires 1 on days [14] shift=[14, 15, 16, 17, 18, 19, 20, 21, 22, 23]
[sick10_all mon_tt72] hh_s3 martingale base=timetable hl=72.0 524/744 fires 1 on days [14] shift=[14, 15, 16, 17, 18, 19, 20, 21, 22, 23]
[sick10_all mart_tt] hh_s3 martingale base=timetable hl=None 512/744 fires 1 on days [14] shift=[14, 15, 16, 17, 18, 19, 20, 21, 22, 23]
[sick10_all mart_tt72] hh_s3 martingale base=timetable hl=72.0 543/744 fires 2 on days [14, 24] shift=[14, 15, 16, 17, 18, 19, 20, 21, 22, 23]
[sick10_all bma_tt] hh_s3 bma base=timetable hl=None 531/744 final weights {'24.0': 0.0066, '72.0': 0.0123, '168.0': 0.0274, 'None': 0.9537}
[sick10_all nexcp_tt] hh_s3 nexcp base=timetable hl=None 502/744 coverage 0.931 mean set 14.9
[sick10_all nexcp_tt72] hh_s3 nexcp base=timetable hl=None 502/744 coverage 0.923 mean set 13.4
[sick10_all nexcp_tt_unw] hh_s3 nexcp base=timetable hl=None 502/744 coverage 0.914 mean set 11.9
[sick10_all none_mf] hh_s4 none base=mostfreq hl=None 318/695
[sick10_all none_tt] hh_s4 none base=timetable hl=None 488/695
[sick10_all none_tt72] hh_s4 none base=timetable hl=72.0 498/695
[sick10_all none_tt24] hh_s4 none base=timetable hl=24.0 501/695
[sick10_all mon_tt24] hh_s4 martingale base=timetable hl=24.0 501/695 fires 0 on days [] shift=[14, 15, 16, 17, 18, 19, 20, 21, 22, 23]
[sick10_all ocp_tt] hh_s4 ocp base=timetable hl=None 488/695 coverage 0.928 mean set 10.7
[sick10_all ocp_tt_norel] hh_s4 ocp base=timetable hl=None 488/695 coverage 0.929 mean set 10.6
[sick10_all mon_tt] hh_s4 martingale base=timetable hl=None 488/695 fires 1 on days [14] shift=[14, 15, 16, 17, 18, 19, 20, 21, 22, 23]
[sick10_all mon_tt72] hh_s4 martingale base=timetable hl=72.0 498/695 fires 1 on days [14] shift=[14, 15, 16, 17, 18, 19, 20, 21, 22, 23]
[sick10_all mart_tt] hh_s4 martingale base=timetable hl=None 500/695 fires 1 on days [14] shift=[14, 15, 16, 17, 18, 19, 20, 21, 22, 23]
[sick10_all mart_tt72] hh_s4 martingale base=timetable hl=72.0 500/695 fires 1 on days [14] shift=[14, 15, 16, 17, 18, 19, 20, 21, 22, 23]
[sick10_all bma_tt] hh_s4 bma base=timetable hl=None 494/695 final weights {'24.0': 0.0056, '72.0': 0.0088, '168.0': 0.0174, 'None': 0.9682}
[sick10_all nexcp_tt] hh_s4 nexcp base=timetable hl=None 488/695 coverage 0.932 mean set 16.3
[sick10_all nexcp_tt72] hh_s4 nexcp base=timetable hl=None 488/695 coverage 0.927 mean set 13.5
[sick10_all nexcp_tt_unw] hh_s4 nexcp base=timetable hl=None 488/695 coverage 0.934 mean set 13.7
[sick10_all none_mf] hh_s5 none base=mostfreq hl=None 280/656
[sick10_all none_tt] hh_s5 none base=timetable hl=None 476/656
[sick10_all none_tt72] hh_s5 none base=timetable hl=72.0 487/656
[sick10_all none_tt24] hh_s5 none base=timetable hl=24.0 481/656
[sick10_all mon_tt24] hh_s5 martingale base=timetable hl=24.0 481/656 fires 1 on days [28] shift=[14, 15, 16, 17, 18, 19, 20, 21, 22, 23]
[sick10_all ocp_tt] hh_s5 ocp base=timetable hl=None 476/656 coverage 0.915 mean set 4.9
[sick10_all ocp_tt_norel] hh_s5 ocp base=timetable hl=None 476/656 coverage 0.918 mean set 4.5
[sick10_all mon_tt] hh_s5 martingale base=timetable hl=None 476/656 fires 2 on days [14, 28] shift=[14, 15, 16, 17, 18, 19, 20, 21, 22, 23]
[sick10_all mon_tt72] hh_s5 martingale base=timetable hl=72.0 487/656 fires 2 on days [14, 28] shift=[14, 15, 16, 17, 18, 19, 20, 21, 22, 23]
[sick10_all mart_tt] hh_s5 martingale base=timetable hl=None 494/656 fires 2 on days [14, 28] shift=[14, 15, 16, 17, 18, 19, 20, 21, 22, 23]
[sick10_all mart_tt72] hh_s5 martingale base=timetable hl=72.0 488/656 fires 3 on days [14, 26, 28] shift=[14, 15, 16, 17, 18, 19, 20, 21, 22, 23]
[sick10_all bma_tt] hh_s5 bma base=timetable hl=None 482/656 final weights {'24.0': 0.0129, '72.0': 0.1383, '168.0': 0.4531, 'None': 0.3957}
[sick10_all nexcp_tt] hh_s5 nexcp base=timetable hl=None 476/656 coverage 0.930 mean set 10.1
[sick10_all nexcp_tt72] hh_s5 nexcp base=timetable hl=None 476/656 coverage 0.925 mean set 7.4
[sick10_all nexcp_tt_unw] hh_s5 nexcp base=timetable hl=None 476/656 coverage 0.939 mean set 8.7
[sick10_all none_mf] hh_s6 none base=mostfreq hl=None 365/690
[sick10_all none_tt] hh_s6 none base=timetable hl=None 479/690
[sick10_all none_tt72] hh_s6 none base=timetable hl=72.0 491/690
[sick10_all none_tt24] hh_s6 none base=timetable hl=24.0 498/690
[sick10_all mon_tt24] hh_s6 martingale base=timetable hl=24.0 498/690 fires 0 on days [] shift=[14, 15, 16, 17, 18, 19, 20, 21, 22, 23]
[sick10_all ocp_tt] hh_s6 ocp base=timetable hl=None 479/690 coverage 0.919 mean set 7.1
[sick10_all ocp_tt_norel] hh_s6 ocp base=timetable hl=None 479/690 coverage 0.922 mean set 6.7
[sick10_all mon_tt] hh_s6 martingale base=timetable hl=None 479/690 fires 2 on days [9, 14] shift=[14, 15, 16, 17, 18, 19, 20, 21, 22, 23]
[sick10_all mon_tt72] hh_s6 martingale base=timetable hl=72.0 491/690 fires 1 on days [14] shift=[14, 15, 16, 17, 18, 19, 20, 21, 22, 23]
[sick10_all mart_tt] hh_s6 martingale base=timetable hl=None 488/690 fires 2 on days [9, 14] shift=[14, 15, 16, 17, 18, 19, 20, 21, 22, 23]
[sick10_all mart_tt72] hh_s6 martingale base=timetable hl=72.0 491/690 fires 1 on days [14] shift=[14, 15, 16, 17, 18, 19, 20, 21, 22, 23]
[sick10_all bma_tt] hh_s6 bma base=timetable hl=None 488/690 final weights {'24.0': 0.019, '72.0': 0.0732, '168.0': 0.1942, 'None': 0.7136}
[sick10_all nexcp_tt] hh_s6 nexcp base=timetable hl=None 479/690 coverage 0.930 mean set 10.1
[sick10_all nexcp_tt72] hh_s6 nexcp base=timetable hl=None 479/690 coverage 0.929 mean set 9.8
[sick10_all nexcp_tt_unw] hh_s6 nexcp base=timetable hl=None 479/690 coverage 0.941 mean set 11.7
[sick10_all none_mf] hh_s7 none base=mostfreq hl=None 388/744
[sick10_all none_tt] hh_s7 none base=timetable hl=None 535/744
[sick10_all none_tt72] hh_s7 none base=timetable hl=72.0 559/744
[sick10_all none_tt24] hh_s7 none base=timetable hl=24.0 586/744
[sick10_all mon_tt24] hh_s7 martingale base=timetable hl=24.0 586/744 fires 2 on days [14, 24] shift=[14, 15, 16, 17, 18, 19, 20, 21, 22, 23]
[sick10_all ocp_tt] hh_s7 ocp base=timetable hl=None 535/744 coverage 0.918 mean set 5.4
[sick10_all ocp_tt_norel] hh_s7 ocp base=timetable hl=None 535/744 coverage 0.919 mean set 6.1
[sick10_all mon_tt] hh_s7 martingale base=timetable hl=None 535/744 fires 1 on days [14] shift=[14, 15, 16, 17, 18, 19, 20, 21, 22, 23]
[sick10_all mon_tt72] hh_s7 martingale base=timetable hl=72.0 559/744 fires 1 on days [14] shift=[14, 15, 16, 17, 18, 19, 20, 21, 22, 23]
[sick10_all mart_tt] hh_s7 martingale base=timetable hl=None 538/744 fires 1 on days [14] shift=[14, 15, 16, 17, 18, 19, 20, 21, 22, 23]
[sick10_all mart_tt72] hh_s7 martingale base=timetable hl=72.0 583/744 fires 2 on days [14, 24] shift=[14, 15, 16, 17, 18, 19, 20, 21, 22, 23]
[sick10_all bma_tt] hh_s7 bma base=timetable hl=None 566/744 final weights {'24.0': 0.0057, '72.0': 0.0114, '168.0': 0.0251, 'None': 0.9578}
[sick10_all nexcp_tt] hh_s7 nexcp base=timetable hl=None 535/744 coverage 0.930 mean set 10.6
[sick10_all nexcp_tt72] hh_s7 nexcp base=timetable hl=None 535/744 coverage 0.931 mean set 10.1
[sick10_all nexcp_tt_unw] hh_s7 nexcp base=timetable hl=None 535/744 coverage 0.923 mean set 8.6
[sick10_all none_mf] hh_s8 none base=mostfreq hl=None 338/744
[sick10_all none_tt] hh_s8 none base=timetable hl=None 552/744
[sick10_all none_tt72] hh_s8 none base=timetable hl=72.0 567/744
[sick10_all none_tt24] hh_s8 none base=timetable hl=24.0 570/744
[sick10_all mon_tt24] hh_s8 martingale base=timetable hl=24.0 570/744 fires 0 on days [] shift=[14, 15, 16, 17, 18, 19, 20, 21, 22, 23]
[sick10_all ocp_tt] hh_s8 ocp base=timetable hl=None 552/744 coverage 0.925 mean set 6.6
[sick10_all ocp_tt_norel] hh_s8 ocp base=timetable hl=None 552/744 coverage 0.927 mean set 6.3
[sick10_all mon_tt] hh_s8 martingale base=timetable hl=None 552/744 fires 1 on days [14] shift=[14, 15, 16, 17, 18, 19, 20, 21, 22, 23]
[sick10_all mon_tt72] hh_s8 martingale base=timetable hl=72.0 567/744 fires 1 on days [14] shift=[14, 15, 16, 17, 18, 19, 20, 21, 22, 23]
[sick10_all mart_tt] hh_s8 martingale base=timetable hl=None 560/744 fires 1 on days [14] shift=[14, 15, 16, 17, 18, 19, 20, 21, 22, 23]
[sick10_all mart_tt72] hh_s8 martingale base=timetable hl=72.0 568/744 fires 1 on days [14] shift=[14, 15, 16, 17, 18, 19, 20, 21, 22, 23]
[sick10_all bma_tt] hh_s8 bma base=timetable hl=None 568/744 final weights {'24.0': 0.006, '72.0': 0.0135, '168.0': 0.0345, 'None': 0.946}
[sick10_all nexcp_tt] hh_s8 nexcp base=timetable hl=None 552/744 coverage 0.933 mean set 9.6
[sick10_all nexcp_tt72] hh_s8 nexcp base=timetable hl=None 552/744 coverage 0.930 mean set 8.5
[sick10_all nexcp_tt_unw] hh_s8 nexcp base=timetable hl=None 552/744 coverage 0.942 mean set 9.3
[sick10_all none_mf] hh_s9 none base=mostfreq hl=None 307/744
[sick10_all none_tt] hh_s9 none base=timetable hl=None 515/744
[sick10_all none_tt72] hh_s9 none base=timetable hl=72.0 522/744
[sick10_all none_tt24] hh_s9 none base=timetable hl=24.0 531/744
[sick10_all mon_tt24] hh_s9 martingale base=timetable hl=24.0 531/744 fires 0 on days [] shift=[14, 15, 16, 17, 18, 19, 20, 21, 22, 23]
[sick10_all ocp_tt] hh_s9 ocp base=timetable hl=None 515/744 coverage 0.914 mean set 12.0
[sick10_all ocp_tt_norel] hh_s9 ocp base=timetable hl=None 515/744 coverage 0.914 mean set 10.5
[sick10_all mon_tt] hh_s9 martingale base=timetable hl=None 515/744 fires 1 on days [14] shift=[14, 15, 16, 17, 18, 19, 20, 21, 22, 23]
[sick10_all mon_tt72] hh_s9 martingale base=timetable hl=72.0 522/744 fires 0 on days [] shift=[14, 15, 16, 17, 18, 19, 20, 21, 22, 23]
[sick10_all mart_tt] hh_s9 martingale base=timetable hl=None 520/744 fires 1 on days [14] shift=[14, 15, 16, 17, 18, 19, 20, 21, 22, 23]
[sick10_all mart_tt72] hh_s9 martingale base=timetable hl=72.0 522/744 fires 0 on days [] shift=[14, 15, 16, 17, 18, 19, 20, 21, 22, 23]
[sick10_all bma_tt] hh_s9 bma base=timetable hl=None 516/744 final weights {'24.0': 0.0053, '72.0': 0.0063, '168.0': 0.013, 'None': 0.9754}
[sick10_all nexcp_tt] hh_s9 nexcp base=timetable hl=None 515/744 coverage 0.931 mean set 17.4
[sick10_all nexcp_tt72] hh_s9 nexcp base=timetable hl=None 515/744 coverage 0.925 mean set 15.4
[sick10_all nexcp_tt_unw] hh_s9 nexcp base=timetable hl=None 515/744 coverage 0.927 mean set 15.2
[sick10_all monw_tt] hh_s0 martingale base=timetable hl=None 538/744 fires 1 on days [14] shift=[14, 15, 16, 17, 18, 19, 20, 21, 22, 23]
[sick10_all monw_tt72] hh_s0 martingale base=timetable hl=72.0 538/744 fires 1 on days [14] shift=[14, 15, 16, 17, 18, 19, 20, 21, 22, 23]
[sick10_all monw_tt24] hh_s0 martingale base=timetable hl=24.0 560/744 fires 2 on days [14, 24] shift=[14, 15, 16, 17, 18, 19, 20, 21, 22, 23]
[sick10_all martw_tt72] hh_s0 martingale base=timetable hl=72.0 563/744 fires 2 on days [14, 24] shift=[14, 15, 16, 17, 18, 19, 20, 21, 22, 23]
[sick10_all monw_tt] hh_s1 martingale base=timetable hl=None 447/693 fires 2 on days [14, 30] shift=[14, 15, 16, 17, 18, 19, 20, 21, 22, 23]
[sick10_all monw_tt72] hh_s1 martingale base=timetable hl=72.0 458/693 fires 1 on days [30] shift=[14, 15, 16, 17, 18, 19, 20, 21, 22, 23]
[sick10_all monw_tt24] hh_s1 martingale base=timetable hl=24.0 467/693 fires 2 on days [10, 25] shift=[14, 15, 16, 17, 18, 19, 20, 21, 22, 23]
[sick10_all martw_tt72] hh_s1 martingale base=timetable hl=72.0 458/693 fires 1 on days [30] shift=[14, 15, 16, 17, 18, 19, 20, 21, 22, 23]
[sick10_all monw_tt] hh_s2 martingale base=timetable hl=None 543/744 fires 1 on days [14] shift=[14, 15, 16, 17, 18, 19, 20, 21, 22, 23]
[sick10_all monw_tt72] hh_s2 martingale base=timetable hl=72.0 571/744 fires 2 on days [14, 24] shift=[14, 15, 16, 17, 18, 19, 20, 21, 22, 23]
[sick10_all monw_tt24] hh_s2 martingale base=timetable hl=24.0 596/744 fires 2 on days [14, 24] shift=[14, 15, 16, 17, 18, 19, 20, 21, 22, 23]
[sick10_all martw_tt72] hh_s2 martingale base=timetable hl=72.0 603/744 fires 2 on days [14, 24] shift=[14, 15, 16, 17, 18, 19, 20, 21, 22, 23]
[sick10_all monw_tt] hh_s3 martingale base=timetable hl=None 502/744 fires 1 on days [14] shift=[14, 15, 16, 17, 18, 19, 20, 21, 22, 23]
[sick10_all monw_tt72] hh_s3 martingale base=timetable hl=72.0 524/744 fires 1 on days [14] shift=[14, 15, 16, 17, 18, 19, 20, 21, 22, 23]
[sick10_all monw_tt24] hh_s3 martingale base=timetable hl=24.0 535/744 fires 2 on days [14, 24] shift=[14, 15, 16, 17, 18, 19, 20, 21, 22, 23]
[sick10_all martw_tt72] hh_s3 martingale base=timetable hl=72.0 543/744 fires 2 on days [14, 24] shift=[14, 15, 16, 17, 18, 19, 20, 21, 22, 23]
[sick10_all monw_tt] hh_s4 martingale base=timetable hl=None 488/695 fires 1 on days [14] shift=[14, 15, 16, 17, 18, 19, 20, 21, 22, 23]
[sick10_all monw_tt72] hh_s4 martingale base=timetable hl=72.0 498/695 fires 0 on days [] shift=[14, 15, 16, 17, 18, 19, 20, 21, 22, 23]
[sick10_all monw_tt24] hh_s4 martingale base=timetable hl=24.0 501/695 fires 1 on days [24] shift=[14, 15, 16, 17, 18, 19, 20, 21, 22, 23]
[sick10_all martw_tt72] hh_s4 martingale base=timetable hl=72.0 498/695 fires 0 on days [] shift=[14, 15, 16, 17, 18, 19, 20, 21, 22, 23]
[sick10_all monw_tt] hh_s5 martingale base=timetable hl=None 476/656 fires 0 on days [] shift=[14, 15, 16, 17, 18, 19, 20, 21, 22, 23]
[sick10_all monw_tt72] hh_s5 martingale base=timetable hl=72.0 487/656 fires 1 on days [28] shift=[14, 15, 16, 17, 18, 19, 20, 21, 22, 23]
[sick10_all monw_tt24] hh_s5 martingale base=timetable hl=24.0 481/656 fires 1 on days [28] shift=[14, 15, 16, 17, 18, 19, 20, 21, 22, 23]
[sick10_all martw_tt72] hh_s5 martingale base=timetable hl=72.0 480/656 fires 1 on days [28] shift=[14, 15, 16, 17, 18, 19, 20, 21, 22, 23]
[sick10_all monw_tt] hh_s6 martingale base=timetable hl=None 479/690 fires 2 on days [9, 14] shift=[14, 15, 16, 17, 18, 19, 20, 21, 22, 23]
[sick10_all monw_tt72] hh_s6 martingale base=timetable hl=72.0 491/690 fires 1 on days [14] shift=[14, 15, 16, 17, 18, 19, 20, 21, 22, 23]
[sick10_all monw_tt24] hh_s6 martingale base=timetable hl=24.0 498/690 fires 0 on days [] shift=[14, 15, 16, 17, 18, 19, 20, 21, 22, 23]
[sick10_all martw_tt72] hh_s6 martingale base=timetable hl=72.0 488/690 fires 1 on days [14] shift=[14, 15, 16, 17, 18, 19, 20, 21, 22, 23]
[sick10_all monw_tt] hh_s7 martingale base=timetable hl=None 535/744 fires 1 on days [14] shift=[14, 15, 16, 17, 18, 19, 20, 21, 22, 23]
[sick10_all monw_tt72] hh_s7 martingale base=timetable hl=72.0 559/744 fires 2 on days [14, 24] shift=[14, 15, 16, 17, 18, 19, 20, 21, 22, 23]
[sick10_all monw_tt24] hh_s7 martingale base=timetable hl=24.0 586/744 fires 2 on days [14, 24] shift=[14, 15, 16, 17, 18, 19, 20, 21, 22, 23]
[sick10_all martw_tt72] hh_s7 martingale base=timetable hl=72.0 591/744 fires 2 on days [14, 24] shift=[14, 15, 16, 17, 18, 19, 20, 21, 22, 23]
[sick10_all monw_tt] hh_s8 martingale base=timetable hl=None 552/744 fires 1 on days [14] shift=[14, 15, 16, 17, 18, 19, 20, 21, 22, 23]
[sick10_all monw_tt72] hh_s8 martingale base=timetable hl=72.0 567/744 fires 1 on days [14] shift=[14, 15, 16, 17, 18, 19, 20, 21, 22, 23]
[sick10_all monw_tt24] hh_s8 martingale base=timetable hl=24.0 570/744 fires 0 on days [] shift=[14, 15, 16, 17, 18, 19, 20, 21, 22, 23]
[sick10_all martw_tt72] hh_s8 martingale base=timetable hl=72.0 568/744 fires 1 on days [14] shift=[14, 15, 16, 17, 18, 19, 20, 21, 22, 23]
[sick10_all monw_tt] hh_s9 martingale base=timetable hl=None 515/744 fires 1 on days [14] shift=[14, 15, 16, 17, 18, 19, 20, 21, 22, 23]
[sick10_all monw_tt72] hh_s9 martingale base=timetable hl=72.0 522/744 fires 0 on days [] shift=[14, 15, 16, 17, 18, 19, 20, 21, 22, 23]
[sick10_all monw_tt24] hh_s9 martingale base=timetable hl=24.0 531/744 fires 0 on days [] shift=[14, 15, 16, 17, 18, 19, 20, 21, 22, 23]
[sick10_all martw_tt72] hh_s9 martingale base=timetable hl=72.0 522/744 fires 0 on days [] shift=[14, 15, 16, 17, 18, 19, 20, 21, 22, 23]
[sick10_all bma_tt] hh_s0 bma base=timetable hl=None 549/744 final weights {'24.0': 0.0063, '72.0': 0.0081, '168.0': 0.0164, 'None': 0.9692}
[sick10_all bma_obj] hh_s0 bma base=timetable hl=None 557/744 final weights {'24.0': 0.0121, '72.0': 0.0268, '168.0': 0.0497, 'None': 0.9114}
[sick10_all bma_tt] hh_s1 bma base=timetable hl=None 460/693 final weights {'24.0': 0.0063, '72.0': 0.01, '168.0': 0.0201, 'None': 0.9636}
[sick10_all bma_obj] hh_s1 bma base=timetable hl=None 457/693 final weights {'24.0': 0.0746, '72.0': 0.2689, '168.0': 0.2281, 'None': 0.4283}
[sick10_all bma_tt] hh_s2 bma base=timetable hl=None 568/744 final weights {'24.0': 0.0053, '72.0': 0.0065, '168.0': 0.0121, 'None': 0.9761}
[sick10_all bma_obj] hh_s2 bma base=timetable hl=None 584/744 final weights {'24.0': 0.0079, '72.0': 0.0128, '168.0': 0.0623, 'None': 0.917}
[sick10_all bma_tt] hh_s3 bma base=timetable hl=None 531/744 final weights {'24.0': 0.0066, '72.0': 0.0123, '168.0': 0.0274, 'None': 0.9537}
[sick10_all bma_obj] hh_s3 bma base=timetable hl=None 534/744 final weights {'24.0': 0.0078, '72.0': 0.0118, '168.0': 0.0204, 'None': 0.9601}
[sick10_all bma_tt] hh_s4 bma base=timetable hl=None 494/695 final weights {'24.0': 0.0056, '72.0': 0.0088, '168.0': 0.0174, 'None': 0.9682}
[sick10_all bma_obj] hh_s4 bma base=timetable hl=None 498/695 final weights {'24.0': 0.0115, '72.0': 0.0251, '168.0': 0.0421, 'None': 0.9213}
[sick10_all bma_tt] hh_s5 bma base=timetable hl=None 482/656 final weights {'24.0': 0.0129, '72.0': 0.1383, '168.0': 0.4531, 'None': 0.3957}
[sick10_all bma_obj] hh_s5 bma base=timetable hl=None 486/656 final weights {'24.0': 0.0159, '72.0': 0.0402, '168.0': 0.0565, 'None': 0.8874}
[sick10_all bma_tt] hh_s6 bma base=timetable hl=None 488/690 final weights {'24.0': 0.019, '72.0': 0.0732, '168.0': 0.1942, 'None': 0.7136}
[sick10_all bma_obj] hh_s6 bma base=timetable hl=None 493/690 final weights {'24.0': 0.0116, '72.0': 0.015, '168.0': 0.0281, 'None': 0.9453}
[sick10_all bma_tt] hh_s7 bma base=timetable hl=None 566/744 final weights {'24.0': 0.0057, '72.0': 0.0114, '168.0': 0.0251, 'None': 0.9578}
[sick10_all bma_obj] hh_s7 bma base=timetable hl=None 579/744 final weights {'24.0': 0.0086, '72.0': 0.0105, '168.0': 0.017, 'None': 0.9639}
[sick10_all bma_tt] hh_s8 bma base=timetable hl=None 568/744 final weights {'24.0': 0.006, '72.0': 0.0135, '168.0': 0.0345, 'None': 0.946}
[sick10_all bma_obj] hh_s8 bma base=timetable hl=None 570/744 final weights {'24.0': 0.0204, '72.0': 0.0751, '168.0': 0.0965, 'None': 0.8081}
[sick10_all bma_tt] hh_s9 bma base=timetable hl=None 516/744 final weights {'24.0': 0.0053, '72.0': 0.0063, '168.0': 0.013, 'None': 0.9754}
[sick10_all bma_obj] hh_s9 bma base=timetable hl=None 522/744 final weights {'24.0': 0.006, '72.0': 0.0078, '168.0': 0.0125, 'None': 0.9737}
[sick10_all ocp_tt72] hh_s0 ocp base=timetable hl=72.0 538/744 coverage 0.905 mean set 8.2
[sick10_all ocp_tt72] hh_s1 ocp base=timetable hl=72.0 458/693 coverage 0.905 mean set 10.8
[sick10_all ocp_tt72] hh_s2 ocp base=timetable hl=72.0 571/744 coverage 0.909 mean set 4.7
[sick10_all ocp_tt72] hh_s3 ocp base=timetable hl=72.0 524/744 coverage 0.906 mean set 9.9
[sick10_all ocp_tt72] hh_s4 ocp base=timetable hl=72.0 498/695 coverage 0.912 mean set 11.0
[sick10_all ocp_tt72] hh_s5 ocp base=timetable hl=72.0 487/656 coverage 0.907 mean set 5.7
[sick10_all ocp_tt72] hh_s6 ocp base=timetable hl=72.0 491/690 coverage 0.904 mean set 7.2
[sick10_all ocp_tt72] hh_s7 ocp base=timetable hl=72.0 559/744 coverage 0.911 mean set 5.6
[sick10_all ocp_tt72] hh_s8 ocp base=timetable hl=72.0 567/744 coverage 0.918 mean set 5.8
[sick10_all ocp_tt72] hh_s9 ocp base=timetable hl=72.0 522/744 coverage 0.905 mean set 11.5
