[sick2x_owner none_tt] hh_s8 none base=timetable hl=None 453/629
[sick2x_owner none_tt72] hh_s8 none base=timetable hl=72.0 459/629
[sick2x_owner none_lastseen] hh_s8 none base=lastseen hl=None 305/629
[sick2x_owner none_mf72] hh_s8 none base=mostfreq hl=72.0 339/629
[sick2x_owner mart_tt72] hh_s8 martingale base=timetable hl=72.0 459/629 fires 1 on days [14] shift=[14, 15, 16, 17, 18, 19, 20, 28, 29, 30, 31, 32, 33, 34]
[sick2x_owner mart_tt] hh_s8 martingale base=timetable hl=None 457/629 fires 1 on days [14] shift=[14, 15, 16, 17, 18, 19, 20, 28, 29, 30, 31, 32, 33, 34]
[sick2x_owner bma_tt] hh_s8 bma base=timetable hl=None 460/629 final weights {'24.0': 0.012, '72.0': 0.0591, '168.0': 0.1658, 'None': 0.7631}
[sick2x_owner bma_obj] hh_s8 bma base=timetable hl=None 462/629 final weights {'24.0': 0.0278, '72.0': 0.0497, '168.0': 0.0812, 'None': 0.8412}
[sick2x_owner ocp_tt] hh_s8 ocp base=timetable hl=None 453/629 coverage 0.930 mean set 4.9
[sick2x_owner nexcp_tt] hh_s8 nexcp base=timetable hl=None 453/629 coverage 0.932 mean set 9.4
[sick2x_owner none_tt] hh_s9 none base=timetable hl=None 422/549
[sick2x_owner none_tt72] hh_s9 none base=timetable hl=72.0 435/549
[sick2x_owner none_lastseen] hh_s9 none base=lastseen hl=None 302/549
[sick2x_owner none_mf72] hh_s9 none base=mostfreq hl=72.0 332/549
[sick2x_owner mart_tt72] hh_s9 martingale base=timetable hl=72.0 435/549 fires 0 on days [] shift=[14, 15, 16, 17, 18, 19, 20, 28, 29, 30, 31, 32, 33, 34]
[sick2x_owner mart_tt] hh_s9 martingale base=timetable hl=None 422/549 fires 0 on days [] shift=[14, 15, 16, 17, 18, 19, 20, 28, 29, 30, 31, 32, 33, 34]
[sick2x_owner bma_tt] hh_s9 bma base=timetable hl=None 426/549 final weights {'24.0': 0.0116, '72.0': 0.0471, '168.0': 0.0667, 'None': 0.8746}
[sick2x_owner bma_obj] hh_s9 bma base=timetable hl=None 434/549 final weights {'24.0': 0.0075, '72.0': 0.0121, '168.0': 0.0214, 'None': 0.959}
[sick2x_owner ocp_tt] hh_s9 ocp base=timetable hl=None 422/549 coverage 0.933 mean set 5.4
[sick2x_owner nexcp_tt] hh_s9 nexcp base=timetable hl=None 422/549 coverage 0.933 mean set 12.0
