[sick2x_owner none_tt] hh_s6 none base=timetable hl=None 443/605
[sick2x_owner none_tt72] hh_s6 none base=timetable hl=72.0 450/605
[sick2x_owner none_lastseen] hh_s6 none base=lastseen hl=None 293/605
[sick2x_owner none_mf72] hh_s6 none base=mostfreq hl=72.0 363/605
[sick2x_owner mart_tt72] hh_s6 martingale base=timetable hl=72.0 450/605 fires 0 on days [] shift=[14, 15, 16, 17, 18, 19, 20, 28, 29, 30, 31, 32, 33, 34]
[sick2x_owner mart_tt] hh_s6 martingale base=timetable hl=None 443/605 fires 0 on days [] shift=[14, 15, 16, 17, 18, 19, 20, 28, 29, 30, 31, 32, 33, 34]
[sick2x_owner bma_tt] hh_s6 bma base=timetable hl=None 453/605 final weights {'24.0': 0.0089, '72.0': 0.0113, '168.0': 0.0398, 'None': 0.9401}
[sick2x_owner bma_obj] hh_s6 bma base=timetable hl=None 452/605 final weights {'24.0': 0.0205, '72.0': 0.0198, '168.0': 0.0393, 'None': 0.9204}
[sick2x_owner ocp_tt] hh_s6 ocp base=timetable hl=None 443/605 coverage 0.931 mean set 5.7
[sick2x_owner nexcp_tt] hh_s6 nexcp base=timetable hl=None 443/605 coverage 0.937 mean set 9.4
[sick2x_owner none_tt] hh_s7 none base=timetable hl=None 459/656
[sick2x_owner none_tt72] hh_s7 none base=timetable hl=72.0 483/656
[sick2x_owner none_lastseen] hh_s7 none base=lastseen hl=None 383/656
[sick2x_owner none_mf72] hh_s7 none base=mostfreq hl=72.0 409/656
[sick2x_owner mart_tt72] hh_s7 martingale base=timetable hl=72.0 489/656 fires 3 on days [5, 14, 21] shift=[14, 15, 16, 17, 18, 19, 20, 28, 29, 30, 31, 32, 33, 34]
[sick2x_owner mart_tt] hh_s7 martingale base=timetable hl=None 456/656 fires 2 on days [5, 14] shift=[14, 15, 16, 17, 18, 19, 20, 28, 29, 30, 31, 32, 33, 34]
[sick2x_owner bma_tt] hh_s7 bma base=timetable hl=None 487/656 final weights {'24.0': 0.0058, '72.0': 0.0224, '168.0': 0.1241, 'None': 0.8477}
[sick2x_owner bma_obj] hh_s7 bma base=timetable hl=None 479/656 final weights {'24.0': 0.0157, '72.0': 0.0653, '168.0': 0.1198, 'None': 0.7993}
[sick2x_owner ocp_tt] hh_s7 ocp base=timetable hl=None 459/656 coverage 0.931 mean set 3.5
[sick2x_owner nexcp_tt] hh_s7 nexcp base=timetable hl=None 459/656 coverage 0.944 mean set 9.3
