[sick2x_owner none_tt] hh_s3 none base=timetable hl=None 289/408
[sick2x_owner none_tt72] hh_s3 none base=timetable hl=72.0 296/408
[sick2x_owner none_lastseen] hh_s3 none base=lastseen hl=None 166/408
[sick2x_owner none_mf72] hh_s3 none base=mostfreq hl=72.0 223/408
[sick2x_owner mart_tt72] hh_s3 martingale base=timetable hl=72.0 301/408 fires 1 on days [14] shift=[14, 15, 16, 17, 18, 19, 20, 28, 29, 30, 31, 32, 33, 34]
[sick2x_owner mart_tt] hh_s3 martingale base=timetable hl=None 304/408 fires 1 on days [14] shift=[14, 15, 16, 17, 18, 19, 20, 28, 29, 30, 31, 32, 33, 34]
[sick2x_owner bma_tt] hh_s3 bma base=timetable hl=None 295/408 final weights {'24.0': 0.0075, '72.0': 0.0099, '168.0': 0.0154, 'None': 0.9672}
[sick2x_owner bma_obj] hh_s3 bma base=timetable hl=None 297/408 final weights {'24.0': 0.0087, '72.0': 0.0218, '168.0': 0.0514, 'None': 0.9181}
[sick2x_owner ocp_tt] hh_s3 ocp base=timetable hl=None 289/408 coverage 0.934 mean set 8.1
[sick2x_owner nexcp_tt] hh_s3 nexcp base=timetable hl=None 289/408 coverage 0.966 mean set 22.1
[sick2x_owner none_tt] hh_s4 none base=timetable hl=None 317/429
[sick2x_owner none_tt72] hh_s4 none base=timetable hl=72.0 319/429
[sick2x_owner none_lastseen] hh_s4 none base=lastseen hl=None 223/429
[sick2x_owner none_mf72] hh_s4 none base=mostfreq hl=72.0 249/429
[sick2x_owner mart_tt72] hh_s4 martingale base=timetable hl=72.0 319/429 fires 0 on days [] shift=[14, 15, 16, 17, 18, 19, 20, 28, 29, 30, 31, 32, 33, 34]
[sick2x_owner mart_tt] hh_s4 martingale base=timetable hl=None 317/429 fires 0 on days [] shift=[14, 15, 16, 17, 18, 19, 20, 28, 29, 30, 31, 32, 33, 34]
[sick2x_owner bma_tt] hh_s4 bma base=timetable hl=None 317/429 final weights {'24.0': 0.0144, '72.0': 0.0521, '168.0': 0.099, 'None': 0.8345}
[sick2x_owner bma_obj] hh_s4 bma base=timetable hl=None 319/429 final weights {'24.0': 0.0091, '72.0': 0.0211, '168.0': 0.054, 'None': 0.9159}
[sick2x_owner ocp_tt] hh_s4 ocp base=timetable hl=None 317/429 coverage 0.935 mean set 8.3
[sick2x_owner nexcp_tt] hh_s4 nexcp base=timetable hl=None 317/429 coverage 0.949 mean set 15.9
[sick2x_owner none_tt] hh_s5 none base=timetable hl=None 317/392
[sick2x_owner none_tt72] hh_s5 none base=timetable hl=72.0 318/392
[sick2x_owner none_lastseen] hh_s5 none base=lastseen hl=None 213/392
[sick2x_owner none_mf72] hh_s5 none base=mostfreq hl=72.0 249/392
[sick2x_owner mart_tt72] hh_s5 martingale base=timetable hl=72.0 318/392 fires 0 on days [] shift=[14, 15, 16, 17, 18, 19, 20, 28, 29, 30, 31, 32, 33, 34]
[sick2x_owner mart_tt] hh_s5 martingale base=timetable hl=None 317/392 fires 0 on days [] shift=[14, 15, 16, 17, 18, 19, 20, 28, 29, 30, 31, 32, 33, 34]
[sick2x_owner bma_tt] hh_s5 bma base=timetable hl=None 319/392 final weights {'24.0': 0.0069, '72.0': 0.0737, '168.0': 0.1989, 'None': 0.7204}
[sick2x_owner bma_obj] hh_s5 bma base=timetable hl=None 321/392 final weights {'24.0': 0.0082, '72.0': 0.0262, '168.0': 0.244, 'None': 0.7217}
[sick2x_owner ocp_tt] hh_s5 ocp base=timetable hl=None 317/392 coverage 0.941 mean set 4.8
[sick2x_owner nexcp_tt] hh_s5 nexcp base=timetable hl=None 317/392 coverage 0.974 mean set 14.0
